[0.000000] (-) TimerEvent: {}
[0.000150] (-) JobUnselected: {'identifier': 'my_ugv_bringup'}
[0.000333] (-) JobUnselected: {'identifier': 'roboteq_ros2_driver'}
[0.000618] (dual_laser_merger) JobQueued: {'identifier': 'dual_laser_merger', 'dependencies': OrderedDict()}
[0.000646] (dual_laser_merger) JobStarted: {'identifier': 'dual_laser_merger'}
[0.011898] (dual_laser_merger) JobProgress: {'identifier': 'dual_laser_merger', 'progress': 'cmake'}
[0.013570] (dual_laser_merger) JobProgress: {'identifier': 'dual_laser_merger', 'progress': 'build'}
[0.014798] (dual_laser_merger) Command: {'cmd': ['/usr/bin/cmake', '--build', '/home/ugv/Desktop/OperationTouchdown/ugv_ws/build/dual_laser_merger', '--', '-j4', '-l4'], 'cwd': '/home/ugv/Desktop/OperationTouchdown/ugv_ws/build/dual_laser_merger', 'env': OrderedDict({'LESSOPEN': '| /usr/bin/lesspipe %s', 'VSCODE_CWD': '/home/ugv', 'VSCODE_ESM_ENTRYPOINT': 'vs/workbench/api/node/extensionHostProcess', 'GZ_SIM_RESOURCE_PATH': '/opt/ros/jazzy/share', 'USER': 'ugv', 'SSH_CLIENT': '100.96.142.123 56781 22', 'VSCODE_NLS_CONFIG': '{"userLocale":"en","osLocale":"en","resolvedLanguage":"en","defaultMessagesFile":"/home/ugv/.cursor-server/bin/linux-arm64/3dc559280adc5f931ade8e25c7b85393842acf30/out/nls.messages.json","locale":"en","availableLanguages":{}}', 'GZ_CONFIG_PATH': '/opt/ros/jazzy/opt/gz_sim_vendor/share/gz:/opt/ros/jazzy/opt/sdformat_vendor/share/gz:/opt/ros/jazzy/opt/gz_gui_vendor/share/gz:/opt/ros/jazzy/opt/gz_transport_vendor/share/gz:/opt/ros/jazzy/opt/gz_rendering_vendor/share/gz:/opt/ros/jazzy/opt/gz_plugin_vendor/share/gz:/opt/ros/jazzy/opt/gz_fuel_tools_vendor/share/gz:/opt/ros/jazzy/opt/gz_msgs_vendor/share/gz:/opt/ros/jazzy/opt/gz_common_vendor/share/gz', 'VSCODE_HANDLES_UNCAUGHT_ERRORS': 'true', 'XDG_SESSION_TYPE': 'tty', 'SHLVL': '1', 'LD_LIBRARY_PATH': '/home/ugv/Desktop/OperationTouchdown/ugv_ws/install/dual_laser_merger/lib:/opt/ros/jazzy/opt/gz_sim_vendor/lib:/opt/ros/jazzy/opt/gz_sensors_vendor/lib:/opt/ros/jazzy/opt/gz_physics_vendor/lib:/opt/ros/jazzy/opt/sdformat_vendor/lib:/opt/ros/jazzy/opt/rviz_ogre_vendor/lib:/opt/ros/jazzy/lib/aarch64-linux-gnu:/opt/ros/jazzy/opt/gz_gui_vendor/lib:/opt/ros/jazzy/opt/gz_transport_vendor/lib:/opt/ros/jazzy/opt/gz_rendering_vendor/lib:/opt/ros/jazzy/opt/gz_plugin_vendor/lib:/opt/ros/jazzy/opt/gz_fuel_tools_vendor/lib:/opt/ros/jazzy/opt/gz_msgs_vendor/lib:/opt/ros/jazzy/opt/gz_common_vendor/lib:/opt/ros/jazzy/opt/gz_math_vendor/lib:/opt/ros/jazzy/opt/gz_utils_vendor/lib:/opt/ros/jazzy/opt/gz_tools_vendor/lib:/opt/ros/jazzy/opt/gz_ogre_next_vendor/lib:/opt/ros/jazzy/opt/gz_dartsim_vendor/lib:/opt/ros/jazzy/opt/gz_cmake_vendor/lib:/opt/ros/jazzy/lib', 'BROWSER': '/home/ugv/.cursor-server/bin/linux-arm64/3dc559280adc5f931ade8e25c7b85393842acf30/bin/helpers/browser.sh', 'HOME': '/home/ugv', 'OLDPWD': '/home/ugv/Desktop/OperationTouchdown/ugv_ws', 'VSCODE_IPC_HOOK_CLI': '/run/user/1000/vscode-ipc-e0274524-bd88-4dff-91da-d43ef859abef.sock', 'ROS_PYTHON_VERSION': '3', 'NO_COLOR': '1', 'DBUS_SESSION_BUS_ADDRESS': 'unix:path=/run/user/1000/bus', 'DEBUGINFOD_URLS': 'https://debuginfod.ubuntu.com', 'COLCON_PREFIX_PATH': '/home/ugv/Desktop/OperationTouchdown/ugv_ws/install', 'ROS_DISTRO': 'jazzy', 'OVSX_REGISTRY_URL': 'https://open-vsx.org', 'LOGNAME': 'ugv', 'FORCE_COLOR': '0', 'VSCODE_HANDLES_SIGPIPE': 'true', 'IGN_GAZEBO_MODEL_PATH': '/opt/ros/jazzy/share', '_': '/usr/bin/colcon', 'ROS_VERSION': '2', 'CURSOR_LAYOUT': 'unifiedAgent', 'XDG_SESSION_CLASS': 'user', 'TERM': 'dumb', 'XDG_SESSION_ID': '6', 'GAZEBO_MODEL_PATH': '/opt/ros/jazzy/share', 'PATH': '/home/ugv/.cursor-server/bin/linux-arm64/3dc559280adc5f931ade8e25c7b85393842acf30:/home/ugv/.cursor-server/bin/linux-arm64/3dc559280adc5f931ade8e25c7b85393842acf30/bin/remote-cli:/opt/ros/jazzy/opt/gz_msgs_vendor/bin:/opt/ros/jazzy/opt/gz_tools_vendor/bin:/opt/ros/jazzy/opt/gz_ogre_next_vendor/bin:/opt/ros/jazzy/bin:/home/ugv/.cursor-server/bin/linux-arm64/3dc559280adc5f931ade8e25c7b85393842acf30/bin/remote-cli:/usr/local/sbin:/usr/local/bin:/usr/sbin:/usr/bin:/sbin:/bin:/usr/games:/usr/local/games:/snap/bin', 'VSCODE_AGENT_FOLDER': '/home/ugv/.cursor-server', 'XDG_RUNTIME_DIR': '/run/user/1000', 'CURSOR_AGENT': '1', 'LANG': 'en_US.UTF-8', 'LS_COLORS': '', 'AMENT_PREFIX_PATH': '/home/ugv/Desktop/OperationTouchdown/ugv_ws/install/roboteq_ros2_driver:/home/ugv/Desktop/OperationTouchdown/ugv_ws/install/my_ugv_bringup:/home/ugv/Desktop/OperationTouchdown/ugv_ws/install/dual_laser_merger:/opt/ros/jazzy', 'SHELL': '/bin/bash', 'VSCODE_SERVER_SHUTDOWN_TIMEOUT': '300', 'LESSCLOSE': '/usr/bin/lesspipe %s %s', 'IGN_GAZEBO_RESOURCE_PATH': '/opt/ros/jazzy/share', 'GAZEBO_RESOURCE_PATH': '/opt/ros/jazzy/share', 'ROS_AUTOMATIC_DISCOVERY_RANGE': 'SUBNET', 'PWD': '/home/ugv/Desktop/OperationTouchdown/ugv_ws/build/dual_laser_merger', 'LC_ALL': 'en_US.UTF-8', 'SSH_CONNECTION': '100.96.142.123 56781 100.81.31.74 22', 'XDG_DATA_DIRS': '/usr/share/gnome:/usr/local/share:/usr/share:/var/lib/snapd/desktop', 'PYTHONPATH': '/opt/ros/jazzy/lib/python3.12/site-packages', 'COLCON': '1', '_ZO_DOCTOR': '0', 'CMAKE_PREFIX_PATH': '/home/ugv/Desktop/OperationTouchdown/ugv_ws/install/roboteq_ros2_driver:/home/ugv/Desktop/OperationTouchdown/ugv_ws/install/my_ugv_bringup:/home/ugv/Desktop/OperationTouchdown/ugv_ws/install/dual_laser_merger:/opt/ros/jazzy/opt/gz_sim_vendor:/opt/ros/jazzy/opt/gz_sensors_vendor:/opt/ros/jazzy/opt/gz_physics_vendor:/opt/ros/jazzy/opt/sdformat_vendor:/opt/ros/jazzy/opt/gz_gui_vendor:/opt/ros/jazzy/opt/gz_transport_vendor:/opt/ros/jazzy/opt/gz_rendering_vendor:/opt/ros/jazzy/opt/gz_plugin_vendor:/opt/ros/jazzy/opt/gz_fuel_tools_vendor:/opt/ros/jazzy/opt/gz_msgs_vendor:/opt/ros/jazzy/opt/gz_common_vendor:/opt/ros/jazzy/opt/gz_math_vendor:/opt/ros/jazzy/opt/gz_utils_vendor:/opt/ros/jazzy/opt/gz_tools_vendor:/opt/ros/jazzy/opt/gz_ogre_next_vendor:/opt/ros/jazzy/opt/gz_dartsim_vendor:/opt/ros/jazzy/opt/gz_cmake_vendor:/opt/ros/jazzy'}), 'shell': False}
[0.099668] (-) TimerEvent: {}
[0.134421] (dual_laser_merger) StdoutLine: {'line': b'[ 50%] Built target dual_laser_merger_node\n'}
[0.174859] (dual_laser_merger) StdoutLine: {'line': b'[ 75%] Building CXX object CMakeFiles/dual_laser_merger.dir/src/dual_laser_merger.cpp.o\n'}
[0.199767] (-) TimerEvent: {}
[0.299975] (-) TimerEvent: {}
[0.400183] (-) TimerEvent: {}
[0.500418] (-) TimerEvent: {}
[0.600633] (-) TimerEvent: {}
[0.700863] (-) TimerEvent: {}
[0.801095] (-) TimerEvent: {}
[0.901312] (-) TimerEvent: {}
[1.001527] (-) TimerEvent: {}
[1.101766] (-) TimerEvent: {}
[1.202028] (-) TimerEvent: {}
[1.302271] (-) TimerEvent: {}
[1.402698] (-) TimerEvent: {}
[1.503206] (-) TimerEvent: {}
[1.603451] (-) TimerEvent: {}
[1.703725] (-) TimerEvent: {}
[1.803990] (-) TimerEvent: {}
[1.904247] (-) TimerEvent: {}
[2.004518] (-) TimerEvent: {}
[2.104770] (-) TimerEvent: {}
[2.205007] (-) TimerEvent: {}
[2.305227] (-) TimerEvent: {}
[2.405505] (-) TimerEvent: {}
[2.505768] (-) TimerEvent: {}
[2.606006] (-) TimerEvent: {}
[2.706272] (-) TimerEvent: {}
[2.806534] (-) TimerEvent: {}
[2.906925] (-) TimerEvent: {}
[3.007316] (-) TimerEvent: {}
[3.107541] (-) TimerEvent: {}
[3.207756] (-) TimerEvent: {}
[3.307976] (-) TimerEvent: {}
[3.408186] (-) TimerEvent: {}
[3.508391] (-) TimerEvent: {}
[3.608603] (-) TimerEvent: {}
[3.708824] (-) TimerEvent: {}
[3.809017] (-) TimerEvent: {}
[3.909224] (-) TimerEvent: {}
[4.009472] (-) TimerEvent: {}
[4.109712] (-) TimerEvent: {}
[4.209946] (-) TimerEvent: {}
[4.310157] (-) TimerEvent: {}
[4.410416] (-) TimerEvent: {}
[4.510682] (-) TimerEvent: {}
[4.610891] (-) TimerEvent: {}
[4.711107] (-) TimerEvent: {}
[4.811332] (-) TimerEvent: {}
[4.911553] (-) TimerEvent: {}
[5.011820] (-) TimerEvent: {}
[5.112038] (-) TimerEvent: {}
[5.212259] (-) TimerEvent: {}
[5.312485] (-) TimerEvent: {}
[5.412682] (-) TimerEvent: {}
[5.512946] (-) TimerEvent: {}
[5.613157] (-) TimerEvent: {}
[5.713381] (-) TimerEvent: {}
[5.813597] (-) TimerEvent: {}
[5.913841] (-) TimerEvent: {}
[6.014068] (-) TimerEvent: {}
[6.114307] (-) TimerEvent: {}
[6.214526] (-) TimerEvent: {}
[6.314739] (-) TimerEvent: {}
[6.415022] (-) TimerEvent: {}
[6.515287] (-) TimerEvent: {}
[6.615510] (-) TimerEvent: {}
[6.715751] (-) TimerEvent: {}
[6.815992] (-) TimerEvent: {}
[6.916211] (-) TimerEvent: {}
[7.016428] (-) TimerEvent: {}
[7.116651] (-) TimerEvent: {}
[7.216878] (-) TimerEvent: {}
[7.317100] (-) TimerEvent: {}
[7.417331] (-) TimerEvent: {}
[7.517559] (-) TimerEvent: {}
[7.617786] (-) TimerEvent: {}
[7.718019] (-) TimerEvent: {}
[7.818254] (-) TimerEvent: {}
[7.918472] (-) TimerEvent: {}
[8.018702] (-) TimerEvent: {}
[8.118953] (-) TimerEvent: {}
[8.219169] (-) TimerEvent: {}
[8.319404] (-) TimerEvent: {}
[8.419624] (-) TimerEvent: {}
[8.519912] (-) TimerEvent: {}
[8.620168] (-) TimerEvent: {}
[8.720400] (-) TimerEvent: {}
[8.820613] (-) TimerEvent: {}
[8.920845] (-) TimerEvent: {}
[9.021062] (-) TimerEvent: {}
[9.121282] (-) TimerEvent: {}
[9.221511] (-) TimerEvent: {}
[9.321736] (-) TimerEvent: {}
[9.421977] (-) TimerEvent: {}
[9.522197] (-) TimerEvent: {}
[9.622419] (-) TimerEvent: {}
[9.722638] (-) TimerEvent: {}
[9.822875] (-) TimerEvent: {}
[9.923092] (-) TimerEvent: {}
[10.023323] (-) TimerEvent: {}
[10.123551] (-) TimerEvent: {}
[10.223781] (-) TimerEvent: {}
[10.324020] (-) TimerEvent: {}
[10.424249] (-) TimerEvent: {}
[10.524489] (-) TimerEvent: {}
[10.624709] (-) TimerEvent: {}
[10.724950] (-) TimerEvent: {}
[10.825190] (-) TimerEvent: {}
[10.925434] (-) TimerEvent: {}
[11.025692] (-) TimerEvent: {}
[11.125983] (-) TimerEvent: {}
[11.226222] (-) TimerEvent: {}
[11.326452] (-) TimerEvent: {}
[11.426679] (-) TimerEvent: {}
[11.526892] (-) TimerEvent: {}
[11.627110] (-) TimerEvent: {}
[11.727341] (-) TimerEvent: {}
[11.827564] (-) TimerEvent: {}
[11.927784] (-) TimerEvent: {}
[12.028030] (-) TimerEvent: {}
[12.128266] (-) TimerEvent: {}
[12.228500] (-) TimerEvent: {}
[12.328720] (-) TimerEvent: {}
[12.428947] (-) TimerEvent: {}
[12.529174] (-) TimerEvent: {}
[12.629406] (-) TimerEvent: {}
[12.729634] (-) TimerEvent: {}
[12.829868] (-) TimerEvent: {}
[12.930105] (-) TimerEvent: {}
[13.030334] (-) TimerEvent: {}
[13.130560] (-) TimerEvent: {}
[13.230788] (-) TimerEvent: {}
[13.331042] (-) TimerEvent: {}
[13.431267] (-) TimerEvent: {}
[13.531490] (-) TimerEvent: {}
[13.631715] (-) TimerEvent: {}
[13.731968] (-) TimerEvent: {}
[13.832193] (-) TimerEvent: {}
[13.932471] (-) TimerEvent: {}
[14.032775] (-) TimerEvent: {}
[14.133050] (-) TimerEvent: {}
[14.233281] (-) TimerEvent: {}
[14.333506] (-) TimerEvent: {}
[14.433728] (-) TimerEvent: {}
[14.533981] (-) TimerEvent: {}
[14.634208] (-) TimerEvent: {}
[14.734429] (-) TimerEvent: {}
[14.834651] (-) TimerEvent: {}
[14.934871] (-) TimerEvent: {}
[15.035104] (-) TimerEvent: {}
[15.135326] (-) TimerEvent: {}
[15.235546] (-) TimerEvent: {}
[15.335878] (-) TimerEvent: {}
[15.436086] (-) TimerEvent: {}
[15.536314] (-) TimerEvent: {}
[15.636533] (-) TimerEvent: {}
[15.736787] (-) TimerEvent: {}
[15.837139] (-) TimerEvent: {}
[15.937460] (-) TimerEvent: {}
[16.037724] (-) TimerEvent: {}
[16.137964] (-) TimerEvent: {}
[16.238213] (-) TimerEvent: {}
[16.338461] (-) TimerEvent: {}
[16.438771] (-) TimerEvent: {}
[16.539018] (-) TimerEvent: {}
[16.639235] (-) TimerEvent: {}
[16.739478] (-) TimerEvent: {}
[16.839862] (-) TimerEvent: {}
[16.940114] (-) TimerEvent: {}
[17.040344] (-) TimerEvent: {}
[17.140579] (-) TimerEvent: {}
[17.240805] (-) TimerEvent: {}
[17.341034] (-) TimerEvent: {}
[17.441268] (-) TimerEvent: {}
[17.541497] (-) TimerEvent: {}
[17.641783] (-) TimerEvent: {}
[17.742049] (-) TimerEvent: {}
[17.842305] (-) TimerEvent: {}
[17.942528] (-) TimerEvent: {}
[18.042765] (-) TimerEvent: {}
[18.142997] (-) TimerEvent: {}
[18.243246] (-) TimerEvent: {}
[18.343486] (-) TimerEvent: {}
[18.443741] (-) TimerEvent: {}
[18.543980] (-) TimerEvent: {}
[18.644205] (-) TimerEvent: {}
[18.744423] (-) TimerEvent: {}
[18.844644] (-) TimerEvent: {}
[18.944907] (-) TimerEvent: {}
[19.045148] (-) TimerEvent: {}
[19.145400] (-) TimerEvent: {}
[19.245663] (-) TimerEvent: {}
[19.345953] (-) TimerEvent: {}
[19.446172] (-) TimerEvent: {}
[19.546385] (-) TimerEvent: {}
[19.646594] (-) TimerEvent: {}
[19.746844] (-) TimerEvent: {}
[19.847143] (-) TimerEvent: {}
[19.947418] (-) TimerEvent: {}
[20.047646] (-) TimerEvent: {}
[20.147877] (-) TimerEvent: {}
[20.248090] (-) TimerEvent: {}
[20.348313] (-) TimerEvent: {}
[20.448539] (-) TimerEvent: {}
[20.548755] (-) TimerEvent: {}
[20.649003] (-) TimerEvent: {}
[20.749246] (-) TimerEvent: {}
[20.849496] (-) TimerEvent: {}
[20.949710] (-) TimerEvent: {}
[21.049947] (-) TimerEvent: {}
[21.150169] (-) TimerEvent: {}
[21.250389] (-) TimerEvent: {}
[21.350586] (-) TimerEvent: {}
[21.451226] (-) TimerEvent: {}
[21.551490] (-) TimerEvent: {}
[21.651706] (-) TimerEvent: {}
[21.751936] (-) TimerEvent: {}
[21.852151] (-) TimerEvent: {}
[21.952377] (-) TimerEvent: {}
[22.052606] (-) TimerEvent: {}
[22.152830] (-) TimerEvent: {}
[22.253041] (-) TimerEvent: {}
[22.353263] (-) TimerEvent: {}
[22.453477] (-) TimerEvent: {}
[22.553693] (-) TimerEvent: {}
[22.653939] (-) TimerEvent: {}
[22.754188] (-) TimerEvent: {}
[22.854407] (-) TimerEvent: {}
[22.954626] (-) TimerEvent: {}
[23.054848] (-) TimerEvent: {}
[23.155063] (-) TimerEvent: {}
[23.255278] (-) TimerEvent: {}
[23.355491] (-) TimerEvent: {}
[23.455726] (-) TimerEvent: {}
[23.555987] (-) TimerEvent: {}
[23.656200] (-) TimerEvent: {}
[23.756415] (-) TimerEvent: {}
[23.856627] (-) TimerEvent: {}
[23.956849] (-) TimerEvent: {}
[24.057060] (-) TimerEvent: {}
[24.157268] (-) TimerEvent: {}
[24.257485] (-) TimerEvent: {}
[24.357693] (-) TimerEvent: {}
[24.457900] (-) TimerEvent: {}
[24.558111] (-) TimerEvent: {}
[24.658325] (-) TimerEvent: {}
[24.758536] (-) TimerEvent: {}
[24.858752] (-) TimerEvent: {}
[24.958981] (-) TimerEvent: {}
[25.059231] (-) TimerEvent: {}
[25.159451] (-) TimerEvent: {}
[25.259656] (-) TimerEvent: {}
[25.359864] (-) TimerEvent: {}
[25.460097] (-) TimerEvent: {}
[25.560320] (-) TimerEvent: {}
[25.660556] (-) TimerEvent: {}
[25.760764] (-) TimerEvent: {}
[25.860987] (-) TimerEvent: {}
[25.961191] (-) TimerEvent: {}
[26.061402] (-) TimerEvent: {}
[26.161630] (-) TimerEvent: {}
[26.261866] (-) TimerEvent: {}
[26.362104] (-) TimerEvent: {}
[26.462318] (-) TimerEvent: {}
[26.562538] (-) TimerEvent: {}
[26.662750] (-) TimerEvent: {}
[26.762971] (-) TimerEvent: {}
[26.863184] (-) TimerEvent: {}
[26.963395] (-) TimerEvent: {}
[27.063614] (-) TimerEvent: {}
[27.163842] (-) TimerEvent: {}
[27.264054] (-) TimerEvent: {}
[27.364276] (-) TimerEvent: {}
[27.464498] (-) TimerEvent: {}
[27.564719] (-) TimerEvent: {}
[27.664947] (-) TimerEvent: {}
[27.765153] (-) TimerEvent: {}
[27.865376] (-) TimerEvent: {}
[27.965598] (-) TimerEvent: {}
[28.065831] (-) TimerEvent: {}
[28.166061] (-) TimerEvent: {}
[28.266294] (-) TimerEvent: {}
[28.366540] (-) TimerEvent: {}
[28.466779] (-) TimerEvent: {}
[28.567219] (-) TimerEvent: {}
[28.667512] (-) TimerEvent: {}
[28.768166] (-) TimerEvent: {}
[28.868391] (-) TimerEvent: {}
[28.968619] (-) TimerEvent: {}
[29.068904] (-) TimerEvent: {}
[29.169214] (-) TimerEvent: {}
[29.269438] (-) TimerEvent: {}
[29.369693] (-) TimerEvent: {}
[29.471351] (-) TimerEvent: {}
[29.571686] (-) TimerEvent: {}
[29.672055] (-) TimerEvent: {}
[29.773360] (-) TimerEvent: {}
[29.874049] (-) TimerEvent: {}
[29.974620] (-) TimerEvent: {}
[30.075620] (-) TimerEvent: {}
[30.177728] (-) TimerEvent: {}
[30.280169] (-) TimerEvent: {}
[30.380440] (-) TimerEvent: {}
[30.480897] (-) TimerEvent: {}
[30.583120] (-) TimerEvent: {}
[30.683393] (-) TimerEvent: {}
[30.785811] (-) TimerEvent: {}
[30.887083] (-) TimerEvent: {}
[30.987420] (-) TimerEvent: {}
[31.087735] (-) TimerEvent: {}
[31.188060] (-) TimerEvent: {}
[31.288340] (-) TimerEvent: {}
[31.388606] (-) TimerEvent: {}
[31.488823] (-) TimerEvent: {}
[31.585270] (dual_laser_merger) StdoutLine: {'line': b'[100%] Linking CXX shared library libdual_laser_merger.so\n'}
[31.588904] (-) TimerEvent: {}
[31.689097] (-) TimerEvent: {}
[31.789401] (-) TimerEvent: {}
[31.890010] (-) TimerEvent: {}
[31.990984] (-) TimerEvent: {}
[32.092159] (-) TimerEvent: {}
[32.192890] (-) TimerEvent: {}
[32.293521] (-) TimerEvent: {}
[32.394380] (-) TimerEvent: {}
[32.494929] (-) TimerEvent: {}
[32.595479] (-) TimerEvent: {}
[32.696471] (-) TimerEvent: {}
[32.797162] (-) TimerEvent: {}
[32.897677] (-) TimerEvent: {}
[32.998439] (-) TimerEvent: {}
[33.099261] (-) TimerEvent: {}
[33.200107] (-) TimerEvent: {}
[33.300695] (-) TimerEvent: {}
[33.401168] (-) TimerEvent: {}
[33.501743] (-) TimerEvent: {}
[33.602461] (-) TimerEvent: {}
[33.702984] (-) TimerEvent: {}
[33.803527] (-) TimerEvent: {}
[33.904050] (-) TimerEvent: {}
[34.004672] (-) TimerEvent: {}
[34.105227] (-) TimerEvent: {}
[34.205631] (-) TimerEvent: {}
[34.306005] (-) TimerEvent: {}
[34.406422] (-) TimerEvent: {}
[34.506948] (-) TimerEvent: {}
[34.607438] (-) TimerEvent: {}
[34.708028] (-) TimerEvent: {}
[34.808522] (-) TimerEvent: {}
[34.909103] (-) TimerEvent: {}
[35.009386] (-) TimerEvent: {}
[35.109717] (-) TimerEvent: {}
[35.210088] (-) TimerEvent: {}
[35.311344] (-) TimerEvent: {}
[35.412030] (-) TimerEvent: {}
[35.512488] (-) TimerEvent: {}
[35.612723] (-) TimerEvent: {}
[35.712976] (-) TimerEvent: {}
[35.813181] (-) TimerEvent: {}
[35.913392] (-) TimerEvent: {}
[35.975765] (dual_laser_merger) StdoutLine: {'line': b'[100%] Built target dual_laser_merger\n'}
[35.998824] (dual_laser_merger) CommandEnded: {'returncode': 0}
[35.999620] (dual_laser_merger) JobProgress: {'identifier': 'dual_laser_merger', 'progress': 'install'}
[36.013498] (-) TimerEvent: {}
[36.018166] (dual_laser_merger) Command: {'cmd': ['/usr/bin/cmake', '--install', '/home/ugv/Desktop/OperationTouchdown/ugv_ws/build/dual_laser_merger'], 'cwd': '/home/ugv/Desktop/OperationTouchdown/ugv_ws/build/dual_laser_merger', 'env': OrderedDict({'LESSOPEN': '| /usr/bin/lesspipe %s', 'VSCODE_CWD': '/home/ugv', 'VSCODE_ESM_ENTRYPOINT': 'vs/workbench/api/node/extensionHostProcess', 'GZ_SIM_RESOURCE_PATH': '/opt/ros/jazzy/share', 'USER': 'ugv', 'SSH_CLIENT': '100.96.142.123 56781 22', 'VSCODE_NLS_CONFIG': '{"userLocale":"en","osLocale":"en","resolvedLanguage":"en","defaultMessagesFile":"/home/ugv/.cursor-server/bin/linux-arm64/3dc559280adc5f931ade8e25c7b85393842acf30/out/nls.messages.json","locale":"en","availableLanguages":{}}', 'GZ_CONFIG_PATH': '/opt/ros/jazzy/opt/gz_sim_vendor/share/gz:/opt/ros/jazzy/opt/sdformat_vendor/share/gz:/opt/ros/jazzy/opt/gz_gui_vendor/share/gz:/opt/ros/jazzy/opt/gz_transport_vendor/share/gz:/opt/ros/jazzy/opt/gz_rendering_vendor/share/gz:/opt/ros/jazzy/opt/gz_plugin_vendor/share/gz:/opt/ros/jazzy/opt/gz_fuel_tools_vendor/share/gz:/opt/ros/jazzy/opt/gz_msgs_vendor/share/gz:/opt/ros/jazzy/opt/gz_common_vendor/share/gz', 'VSCODE_HANDLES_UNCAUGHT_ERRORS': 'true', 'XDG_SESSION_TYPE': 'tty', 'SHLVL': '1', 'LD_LIBRARY_PATH': '/home/ugv/Desktop/OperationTouchdown/ugv_ws/install/dual_laser_merger/lib:/opt/ros/jazzy/opt/gz_sim_vendor/lib:/opt/ros/jazzy/opt/gz_sensors_vendor/lib:/opt/ros/jazzy/opt/gz_physics_vendor/lib:/opt/ros/jazzy/opt/sdformat_vendor/lib:/opt/ros/jazzy/opt/rviz_ogre_vendor/lib:/opt/ros/jazzy/lib/aarch64-linux-gnu:/opt/ros/jazzy/opt/gz_gui_vendor/lib:/opt/ros/jazzy/opt/gz_transport_vendor/lib:/opt/ros/jazzy/opt/gz_rendering_vendor/lib:/opt/ros/jazzy/opt/gz_plugin_vendor/lib:/opt/ros/jazzy/opt/gz_fuel_tools_vendor/lib:/opt/ros/jazzy/opt/gz_msgs_vendor/lib:/opt/ros/jazzy/opt/gz_common_vendor/lib:/opt/ros/jazzy/opt/gz_math_vendor/lib:/opt/ros/jazzy/opt/gz_utils_vendor/lib:/opt/ros/jazzy/opt/gz_tools_vendor/lib:/opt/ros/jazzy/opt/gz_ogre_next_vendor/lib:/opt/ros/jazzy/opt/gz_dartsim_vendor/lib:/opt/ros/jazzy/opt/gz_cmake_vendor/lib:/opt/ros/jazzy/lib', 'BROWSER': '/home/ugv/.cursor-server/bin/linux-arm64/3dc559280adc5f931ade8e25c7b85393842acf30/bin/helpers/browser.sh', 'HOME': '/home/ugv', 'OLDPWD': '/home/ugv/Desktop/OperationTouchdown/ugv_ws', 'VSCODE_IPC_HOOK_CLI': '/run/user/1000/vscode-ipc-e0274524-bd88-4dff-91da-d43ef859abef.sock', 'ROS_PYTHON_VERSION': '3', 'NO_COLOR': '1', 'DBUS_SESSION_BUS_ADDRESS': 'unix:path=/run/user/1000/bus', 'DEBUGINFOD_URLS': 'https://debuginfod.ubuntu.com', 'COLCON_PREFIX_PATH': '/home/ugv/Desktop/OperationTouchdown/ugv_ws/install', 'ROS_DISTRO': 'jazzy', 'OVSX_REGISTRY_URL': 'https://open-vsx.org', 'LOGNAME': 'ugv', 'FORCE_COLOR': '0', 'VSCODE_HANDLES_SIGPIPE': 'true', 'IGN_GAZEBO_MODEL_PATH': '/opt/ros/jazzy/share', '_': '/usr/bin/colcon', 'ROS_VERSION': '2', 'CURSOR_LAYOUT': 'unifiedAgent', 'XDG_SESSION_CLASS': 'user', 'TERM': 'dumb', 'XDG_SESSION_ID': '6', 'GAZEBO_MODEL_PATH': '/opt/ros/jazzy/share', 'PATH': '/home/ugv/.cursor-server/bin/linux-arm64/3dc559280adc5f931ade8e25c7b85393842acf30:/home/ugv/.cursor-server/bin/linux-arm64/3dc559280adc5f931ade8e25c7b85393842acf30/bin/remote-cli:/opt/ros/jazzy/opt/gz_msgs_vendor/bin:/opt/ros/jazzy/opt/gz_tools_vendor/bin:/opt/ros/jazzy/opt/gz_ogre_next_vendor/bin:/opt/ros/jazzy/bin:/home/ugv/.cursor-server/bin/linux-arm64/3dc559280adc5f931ade8e25c7b85393842acf30/bin/remote-cli:/usr/local/sbin:/usr/local/bin:/usr/sbin:/usr/bin:/sbin:/bin:/usr/games:/usr/local/games:/snap/bin', 'VSCODE_AGENT_FOLDER': '/home/ugv/.cursor-server', 'XDG_RUNTIME_DIR': '/run/user/1000', 'CURSOR_AGENT': '1', 'LANG': 'en_US.UTF-8', 'LS_COLORS': '', 'AMENT_PREFIX_PATH': '/home/ugv/Desktop/OperationTouchdown/ugv_ws/install/roboteq_ros2_driver:/home/ugv/Desktop/OperationTouchdown/ugv_ws/install/my_ugv_bringup:/home/ugv/Desktop/OperationTouchdown/ugv_ws/install/dual_laser_merger:/opt/ros/jazzy', 'SHELL': '/bin/bash', 'VSCODE_SERVER_SHUTDOWN_TIMEOUT': '300', 'LESSCLOSE': '/usr/bin/lesspipe %s %s', 'IGN_GAZEBO_RESOURCE_PATH': '/opt/ros/jazzy/share', 'GAZEBO_RESOURCE_PATH': '/opt/ros/jazzy/share', 'ROS_AUTOMATIC_DISCOVERY_RANGE': 'SUBNET', 'PWD': '/home/ugv/Desktop/OperationTouchdown/ugv_ws/build/dual_laser_merger', 'LC_ALL': 'en_US.UTF-8', 'SSH_CONNECTION': '100.96.142.123 56781 100.81.31.74 22', 'XDG_DATA_DIRS': '/usr/share/gnome:/usr/local/share:/usr/share:/var/lib/snapd/desktop', 'PYTHONPATH': '/opt/ros/jazzy/lib/python3.12/site-packages', 'COLCON': '1', '_ZO_DOCTOR': '0', 'CMAKE_PREFIX_PATH': '/home/ugv/Desktop/OperationTouchdown/ugv_ws/install/roboteq_ros2_driver:/home/ugv/Desktop/OperationTouchdown/ugv_ws/install/my_ugv_bringup:/home/ugv/Desktop/OperationTouchdown/ugv_ws/install/dual_laser_merger:/opt/ros/jazzy/opt/gz_sim_vendor:/opt/ros/jazzy/opt/gz_sensors_vendor:/opt/ros/jazzy/opt/gz_physics_vendor:/opt/ros/jazzy/opt/sdformat_vendor:/opt/ros/jazzy/opt/gz_gui_vendor:/opt/ros/jazzy/opt/gz_transport_vendor:/opt/ros/jazzy/opt/gz_rendering_vendor:/opt/ros/jazzy/opt/gz_plugin_vendor:/opt/ros/jazzy/opt/gz_fuel_tools_vendor:/opt/ros/jazzy/opt/gz_msgs_vendor:/opt/ros/jazzy/opt/gz_common_vendor:/opt/ros/jazzy/opt/gz_math_vendor:/opt/ros/jazzy/opt/gz_utils_vendor:/opt/ros/jazzy/opt/gz_tools_vendor:/opt/ros/jazzy/opt/gz_ogre_next_vendor:/opt/ros/jazzy/opt/gz_dartsim_vendor:/opt/ros/jazzy/opt/gz_cmake_vendor:/opt/ros/jazzy'}), 'shell': False}
[36.034422] (dual_laser_merger) StdoutLine: {'line': b'-- Install configuration: ""\n'}
[36.035262] (dual_laser_merger) StdoutLine: {'line': b'-- Execute custom install script\n'}
[36.035760] (dual_laser_merger) StdoutLine: {'line': b'-- Up-to-date symlink: /home/ugv/Desktop/OperationTouchdown/ugv_ws/install/dual_laser_merger/lib/dual_laser_merger/dual_laser_merger_node\n'}
[36.036658] (dual_laser_merger) StdoutLine: {'line': b'-- Up-to-date symlink: /home/ugv/Desktop/OperationTouchdown/ugv_ws/install/dual_laser_merger/include/dual_laser_merger/include/dual_laser_merger/dual_laser_merger.hpp\n'}
[36.037118] (dual_laser_merger) StdoutLine: {'line': b'-- Up-to-date symlink: /home/ugv/Desktop/OperationTouchdown/ugv_ws/install/dual_laser_merger/share/dual_laser_merger/demo_laser_merger.launch.py\n'}
[36.037577] (dual_laser_merger) StdoutLine: {'line': b'-- Up-to-date symlink: /home/ugv/Desktop/OperationTouchdown/ugv_ws/install/dual_laser_merger/share/dual_laser_merger/bag/dual_lidar/dual_lidar_0.mcap\n'}
[36.037784] (dual_laser_merger) StdoutLine: {'line': b'-- Up-to-date symlink: /home/ugv/Desktop/OperationTouchdown/ugv_ws/install/dual_laser_merger/share/dual_laser_merger/bag/dual_lidar/metadata.yaml\n'}
[36.038136] (dual_laser_merger) StdoutLine: {'line': b'-- Up-to-date symlink: /home/ugv/Desktop/OperationTouchdown/ugv_ws/install/dual_laser_merger/share/dual_laser_merger/config/rviz_config.rviz\n'}
[36.038534] (dual_laser_merger) StdoutLine: {'line': b'-- Up-to-date symlink: /home/ugv/Desktop/OperationTouchdown/ugv_ws/install/dual_laser_merger/include/dual_laser_merger/dual_laser_merger.hpp\n'}
[36.038766] (dual_laser_merger) StdoutLine: {'line': b'-- Up-to-date symlink: /home/ugv/Desktop/OperationTouchdown/ugv_ws/install/dual_laser_merger/share/dual_laser_merger/environment/library_path.sh\n'}
[36.038994] (dual_laser_merger) StdoutLine: {'line': b'-- Up-to-date symlink: /home/ugv/Desktop/OperationTouchdown/ugv_ws/install/dual_laser_merger/share/dual_laser_merger/environment/library_path.dsv\n'}
[36.039335] (dual_laser_merger) StdoutLine: {'line': b'-- Up-to-date symlink: /home/ugv/Desktop/OperationTouchdown/ugv_ws/install/dual_laser_merger/lib/libdual_laser_merger.so\n'}
[36.039683] (dual_laser_merger) StdoutLine: {'line': b'-- Up-to-date symlink: /home/ugv/Desktop/OperationTouchdown/ugv_ws/install/dual_laser_merger/share/ament_index/resource_index/package_run_dependencies/dual_laser_merger\n'}
[36.039931] (dual_laser_merger) StdoutLine: {'line': b'-- Up-to-date symlink: /home/ugv/Desktop/OperationTouchdown/ugv_ws/install/dual_laser_merger/share/ament_index/resource_index/parent_prefix_path/dual_laser_merger\n'}
[36.040153] (dual_laser_merger) StdoutLine: {'line': b'-- Up-to-date symlink: /home/ugv/Desktop/OperationTouchdown/ugv_ws/install/dual_laser_merger/share/dual_laser_merger/environment/ament_prefix_path.sh\n'}
[36.040358] (dual_laser_merger) StdoutLine: {'line': b'-- Up-to-date symlink: /home/ugv/Desktop/OperationTouchdown/ugv_ws/install/dual_laser_merger/share/dual_laser_merger/environment/ament_prefix_path.dsv\n'}
[36.040563] (dual_laser_merger) StdoutLine: {'line': b'-- Up-to-date symlink: /home/ugv/Desktop/OperationTouchdown/ugv_ws/install/dual_laser_merger/share/dual_laser_merger/environment/path.sh\n'}
[36.040767] (dual_laser_merger) StdoutLine: {'line': b'-- Up-to-date symlink: /home/ugv/Desktop/OperationTouchdown/ugv_ws/install/dual_laser_merger/share/dual_laser_merger/environment/path.dsv\n'}
[36.041081] (dual_laser_merger) StdoutLine: {'line': b'-- Up-to-date symlink: /home/ugv/Desktop/OperationTouchdown/ugv_ws/install/dual_laser_merger/share/dual_laser_merger/local_setup.bash\n'}
[36.041287] (dual_laser_merger) StdoutLine: {'line': b'-- Up-to-date symlink: /home/ugv/Desktop/OperationTouchdown/ugv_ws/install/dual_laser_merger/share/dual_laser_merger/local_setup.sh\n'}
[36.041486] (dual_laser_merger) StdoutLine: {'line': b'-- Up-to-date symlink: /home/ugv/Desktop/OperationTouchdown/ugv_ws/install/dual_laser_merger/share/dual_laser_merger/local_setup.zsh\n'}
[36.041685] (dual_laser_merger) StdoutLine: {'line': b'-- Up-to-date symlink: /home/ugv/Desktop/OperationTouchdown/ugv_ws/install/dual_laser_merger/share/dual_laser_merger/local_setup.dsv\n'}
[36.041859] (dual_laser_merger) StdoutLine: {'line': b'-- Symlinking: /home/ugv/Desktop/OperationTouchdown/ugv_ws/install/dual_laser_merger/share/dual_laser_merger/package.dsv\n'}
[36.061086] (dual_laser_merger) StdoutLine: {'line': b'-- Up-to-date symlink: /home/ugv/Desktop/OperationTouchdown/ugv_ws/install/dual_laser_merger/share/ament_index/resource_index/packages/dual_laser_merger\n'}
[36.061431] (dual_laser_merger) StdoutLine: {'line': b'-- Up-to-date symlink: /home/ugv/Desktop/OperationTouchdown/ugv_ws/install/dual_laser_merger/share/ament_index/resource_index/rclcpp_components/dual_laser_merger\n'}
[36.061608] (dual_laser_merger) StdoutLine: {'line': b'-- Up-to-date symlink: /home/ugv/Desktop/OperationTouchdown/ugv_ws/install/dual_laser_merger/share/dual_laser_merger/cmake/ament_cmake_export_dependencies-extras.cmake\n'}
[36.061890] (dual_laser_merger) StdoutLine: {'line': b'-- Up-to-date symlink: /home/ugv/Desktop/OperationTouchdown/ugv_ws/install/dual_laser_merger/share/dual_laser_merger/cmake/ament_cmake_export_include_directories-extras.cmake\n'}
[36.062111] (dual_laser_merger) StdoutLine: {'line': b'-- Up-to-date symlink: /home/ugv/Desktop/OperationTouchdown/ugv_ws/install/dual_laser_merger/share/dual_laser_merger/cmake/ament_cmake_export_libraries-extras.cmake\n'}
[36.062406] (dual_laser_merger) StdoutLine: {'line': b'-- Up-to-date symlink: /home/ugv/Desktop/OperationTouchdown/ugv_ws/install/dual_laser_merger/share/dual_laser_merger/cmake/dual_laser_mergerConfig.cmake\n'}
[36.062538] (dual_laser_merger) StdoutLine: {'line': b'-- Up-to-date symlink: /home/ugv/Desktop/OperationTouchdown/ugv_ws/install/dual_laser_merger/share/dual_laser_merger/cmake/dual_laser_mergerConfig-version.cmake\n'}
[36.062714] (dual_laser_merger) StdoutLine: {'line': b'-- Up-to-date symlink: /home/ugv/Desktop/OperationTouchdown/ugv_ws/install/dual_laser_merger/share/dual_laser_merger/package.xml\n'}
[36.065268] (dual_laser_merger) CommandEnded: {'returncode': 0}
[36.094214] (dual_laser_merger) JobEnded: {'identifier': 'dual_laser_merger', 'rc': 0}
[36.094959] (-) EventReactorShutdown: {}
