[0.040s] Invoking command in '/home/ground/ugv_ws/build/my_ugv_description': CMAKE_PREFIX_PATH=${CMAKE_PREFIX_PATH}:/home/ground/ugv_ws/install/my_ugv_bringup:/home/ground/ugv_ws/install/my_ugv_hardware:/opt/ros/jazzy DEBUGINFOD_URLS=https://debuginfod.ubuntu.com /usr/bin/cmake /home/ground/ugv_ws/src/my_ugv_description -DAMENT_CMAKE_SYMLINK_INSTALL=1 -DCMAKE_INSTALL_PREFIX=/home/ground/ugv_ws/install/my_ugv_description
[0.175s] -- The C compiler identification is GNU 13.3.0
[0.291s] -- The CXX compiler identification is GNU 13.3.0
[0.339s] -- Detecting C compiler ABI info
[0.546s] -- Detecting C compiler ABI info - done
[0.562s] -- Check for working C compiler: /usr/bin/cc - skipped
[0.562s] -- Detecting C compile features
[0.563s] -- Detecting C compile features - done
[0.578s] -- Detecting CXX compiler ABI info
[0.799s] -- Detecting CXX compiler ABI info - done
[0.825s] -- Check for working CXX compiler: /usr/bin/c++ - skipped
[0.825s] -- Detecting CXX compile features
[0.826s] -- Detecting CXX compile features - done
[0.834s] -- Found ament_cmake: 2.5.5 (/opt/ros/jazzy/share/ament_cmake/cmake)
[1.138s] -- Found Python3: /usr/bin/python3 (found version "3.12.3") found components: Interpreter 
[1.278s] -- Override CMake install command with custom implementation using symlinks instead of copying resources
[1.569s] -- Configuring done (1.5s)
[1.573s] -- Generating done (0.0s)
[1.575s] -- Build files have been written to: /home/ground/ugv_ws/build/my_ugv_description
[1.584s] Invoked command in '/home/ground/ugv_ws/build/my_ugv_description' returned '0': CMAKE_PREFIX_PATH=${CMAKE_PREFIX_PATH}:/home/ground/ugv_ws/install/my_ugv_bringup:/home/ground/ugv_ws/install/my_ugv_hardware:/opt/ros/jazzy DEBUGINFOD_URLS=https://debuginfod.ubuntu.com /usr/bin/cmake /home/ground/ugv_ws/src/my_ugv_description -DAMENT_CMAKE_SYMLINK_INSTALL=1 -DCMAKE_INSTALL_PREFIX=/home/ground/ugv_ws/install/my_ugv_description
[1.587s] Invoking command in '/home/ground/ugv_ws/build/my_ugv_description': CMAKE_PREFIX_PATH=${CMAKE_PREFIX_PATH}:/home/ground/ugv_ws/install/my_ugv_bringup:/home/ground/ugv_ws/install/my_ugv_hardware:/opt/ros/jazzy DEBUGINFOD_URLS=https://debuginfod.ubuntu.com /usr/bin/cmake --build /home/ground/ugv_ws/build/my_ugv_description -- -j4 -l4
[1.683s] Invoked command in '/home/ground/ugv_ws/build/my_ugv_description' returned '0': CMAKE_PREFIX_PATH=${CMAKE_PREFIX_PATH}:/home/ground/ugv_ws/install/my_ugv_bringup:/home/ground/ugv_ws/install/my_ugv_hardware:/opt/ros/jazzy DEBUGINFOD_URLS=https://debuginfod.ubuntu.com /usr/bin/cmake --build /home/ground/ugv_ws/build/my_ugv_description -- -j4 -l4
[1.707s] Invoking command in '/home/ground/ugv_ws/build/my_ugv_description': CMAKE_PREFIX_PATH=${CMAKE_PREFIX_PATH}:/home/ground/ugv_ws/install/my_ugv_bringup:/home/ground/ugv_ws/install/my_ugv_hardware:/opt/ros/jazzy DEBUGINFOD_URLS=https://debuginfod.ubuntu.com /usr/bin/cmake --install /home/ground/ugv_ws/build/my_ugv_description
[1.739s] -- Install configuration: ""
[1.740s] -- Execute custom install script
[1.740s] -- Symlinking: /home/ground/ugv_ws/install/my_ugv_description/share/my_ugv_description/urdf/ugv.urdf.xacro
[1.760s] -- Symlinking: /home/ground/ugv_ws/install/my_ugv_description/share/my_ugv_description/package.xml
[1.779s] -- Symlinking: /home/ground/ugv_ws/install/my_ugv_description/share/ament_index/resource_index/package_run_dependencies/my_ugv_description
[1.798s] -- Symlinking: /home/ground/ugv_ws/install/my_ugv_description/share/ament_index/resource_index/parent_prefix_path/my_ugv_description
[1.836s] -- Symlinking: /home/ground/ugv_ws/install/my_ugv_description/share/my_ugv_description/environment/ament_prefix_path.sh
[1.855s] -- Symlinking: /home/ground/ugv_ws/install/my_ugv_description/share/my_ugv_description/environment/ament_prefix_path.dsv
[1.873s] -- Symlinking: /home/ground/ugv_ws/install/my_ugv_description/share/my_ugv_description/environment/path.sh
[1.892s] -- Symlinking: /home/ground/ugv_ws/install/my_ugv_description/share/my_ugv_description/environment/path.dsv
[1.929s] -- Symlinking: /home/ground/ugv_ws/install/my_ugv_description/share/my_ugv_description/local_setup.bash
[1.952s] -- Symlinking: /home/ground/ugv_ws/install/my_ugv_description/share/my_ugv_description/local_setup.sh
[1.970s] -- Symlinking: /home/ground/ugv_ws/install/my_ugv_description/share/my_ugv_description/local_setup.zsh
[1.989s] -- Symlinking: /home/ground/ugv_ws/install/my_ugv_description/share/my_ugv_description/local_setup.dsv
[2.018s] -- Symlinking: /home/ground/ugv_ws/install/my_ugv_description/share/my_ugv_description/package.dsv
[2.045s] -- Symlinking: /home/ground/ugv_ws/install/my_ugv_description/share/ament_index/resource_index/packages/my_ugv_description
[2.064s] -- Symlinking: /home/ground/ugv_ws/install/my_ugv_description/share/my_ugv_description/cmake/my_ugv_descriptionConfig.cmake
[2.082s] -- Symlinking: /home/ground/ugv_ws/install/my_ugv_description/share/my_ugv_description/cmake/my_ugv_descriptionConfig-version.cmake
[2.101s] -- Up-to-date symlink: /home/ground/ugv_ws/install/my_ugv_description/share/my_ugv_description/package.xml
[2.107s] Invoked command in '/home/ground/ugv_ws/build/my_ugv_description' returned '0': CMAKE_PREFIX_PATH=${CMAKE_PREFIX_PATH}:/home/ground/ugv_ws/install/my_ugv_bringup:/home/ground/ugv_ws/install/my_ugv_hardware:/opt/ros/jazzy DEBUGINFOD_URLS=https://debuginfod.ubuntu.com /usr/bin/cmake --install /home/ground/ugv_ws/build/my_ugv_description
