[0.065s] Invoking command in '/home/ground/ugv_repo/OperationTouchdown/ugv_ws/build/depthai_ros_msgs': CMAKE_PREFIX_PATH=${CMAKE_PREFIX_PATH}:/opt/ros/jazzy DEBUGINFOD_URLS=https://debuginfod.ubuntu.com /usr/bin/cmake --build /home/ground/ugv_repo/OperationTouchdown/ugv_ws/build/depthai_ros_msgs -- -j4 -l4
[0.313s] [  1%] Built target depthai_ros_msgs__rosidl_generator_type_description
[0.455s] [  1%] Built target ament_cmake_python_symlink_depthai_ros_msgs
[0.593s] [ 27%] Built target depthai_ros_msgs__rosidl_generator_c
[1.756s] running egg_info
[1.852s] writing depthai_ros_msgs.egg-info/PKG-INFO
[1.853s] writing dependency_links to depthai_ros_msgs.egg-info/dependency_links.txt
[1.853s] writing top-level names to depthai_ros_msgs.egg-info/top_level.txt
[2.076s] reading manifest file 'depthai_ros_msgs.egg-info/SOURCES.txt'
[2.079s] writing manifest file 'depthai_ros_msgs.egg-info/SOURCES.txt'
[2.333s] [ 27%] Built target ament_cmake_python_build_depthai_ros_msgs_egg
[2.537s] [ 37%] Built target depthai_ros_msgs__rosidl_typesupport_introspection_c
[2.710s] [ 47%] Built target depthai_ros_msgs__rosidl_typesupport_c
[2.834s] [ 57%] Built target depthai_ros_msgs__rosidl_typesupport_fastrtps_c
[2.939s] [ 57%] Built target depthai_ros_msgs__cpp
[3.146s] [ 66%] Built target depthai_ros_msgs__rosidl_typesupport_cpp
[3.283s] [ 75%] Built target depthai_ros_msgs__rosidl_typesupport_introspection_cpp
[3.493s] [ 85%] Built target depthai_ros_msgs__rosidl_typesupport_fastrtps_cpp
[3.631s] [ 85%] Built target depthai_ros_msgs
[3.742s] [ 86%] Built target depthai_ros_msgs__py
[3.920s] [ 95%] Built target depthai_ros_msgs__rosidl_generator_py
[4.151s] [ 96%] Built target depthai_ros_msgs_s__rosidl_typesupport_fastrtps_c
[4.269s] [ 98%] Built target depthai_ros_msgs_s__rosidl_typesupport_c
[4.371s] [100%] Built target depthai_ros_msgs_s__rosidl_typesupport_introspection_c
[4.459s] Invoked command in '/home/ground/ugv_repo/OperationTouchdown/ugv_ws/build/depthai_ros_msgs' returned '0': CMAKE_PREFIX_PATH=${CMAKE_PREFIX_PATH}:/opt/ros/jazzy DEBUGINFOD_URLS=https://debuginfod.ubuntu.com /usr/bin/cmake --build /home/ground/ugv_repo/OperationTouchdown/ugv_ws/build/depthai_ros_msgs -- -j4 -l4
[4.461s] Invoking command in '/home/ground/ugv_repo/OperationTouchdown/ugv_ws/build/depthai_ros_msgs': CMAKE_PREFIX_PATH=${CMAKE_PREFIX_PATH}:/opt/ros/jazzy DEBUGINFOD_URLS=https://debuginfod.ubuntu.com /usr/bin/cmake --install /home/ground/ugv_repo/OperationTouchdown/ugv_ws/build/depthai_ros_msgs
[4.533s] -- Install configuration: ""
[4.539s] -- Execute custom install script
[4.542s] -- Up-to-date symlink: /home/ground/ugv_repo/OperationTouchdown/ugv_ws/install/depthai_ros_msgs/share/ament_index/resource_index/rosidl_interfaces/depthai_ros_msgs
[4.544s] -- Up-to-date symlink: /home/ground/ugv_repo/OperationTouchdown/ugv_ws/install/depthai_ros_msgs/share/depthai_ros_msgs/msg/AutoFocusCtrl.json
[4.545s] -- Up-to-date symlink: /home/ground/ugv_repo/OperationTouchdown/ugv_ws/install/depthai_ros_msgs/share/depthai_ros_msgs/msg/HandLandmark.json
[4.545s] -- Up-to-date symlink: /home/ground/ugv_repo/OperationTouchdown/ugv_ws/install/depthai_ros_msgs/share/depthai_ros_msgs/msg/HandLandmarkArray.json
[4.547s] -- Up-to-date symlink: /home/ground/ugv_repo/OperationTouchdown/ugv_ws/install/depthai_ros_msgs/share/depthai_ros_msgs/msg/ImuWithMagneticField.json
[4.549s] -- Up-to-date symlink: /home/ground/ugv_repo/OperationTouchdown/ugv_ws/install/depthai_ros_msgs/share/depthai_ros_msgs/msg/TrackedFeature.json
[4.558s] -- Up-to-date symlink: /home/ground/ugv_repo/OperationTouchdown/ugv_ws/install/depthai_ros_msgs/share/depthai_ros_msgs/msg/TrackedFeatures.json
[4.563s] -- Up-to-date symlink: /home/ground/ugv_repo/OperationTouchdown/ugv_ws/install/depthai_ros_msgs/share/depthai_ros_msgs/msg/SpatialDetection.json
[4.567s] -- Up-to-date symlink: /home/ground/ugv_repo/OperationTouchdown/ugv_ws/install/depthai_ros_msgs/share/depthai_ros_msgs/msg/SpatialDetectionArray.json
[4.567s] -- Up-to-date symlink: /home/ground/ugv_repo/OperationTouchdown/ugv_ws/install/depthai_ros_msgs/share/depthai_ros_msgs/msg/TrackDetection2D.json
[4.573s] -- Up-to-date symlink: /home/ground/ugv_repo/OperationTouchdown/ugv_ws/install/depthai_ros_msgs/share/depthai_ros_msgs/msg/TrackDetection2DArray.json
[4.578s] -- Up-to-date symlink: /home/ground/ugv_repo/OperationTouchdown/ugv_ws/install/depthai_ros_msgs/share/depthai_ros_msgs/srv/TriggerNamed.json
[4.581s] -- Up-to-date symlink: /home/ground/ugv_repo/OperationTouchdown/ugv_ws/install/depthai_ros_msgs/share/depthai_ros_msgs/srv/NormalizedImageCrop.json
[4.592s] -- Up-to-date symlink: /home/ground/ugv_repo/OperationTouchdown/ugv_ws/install/depthai_ros_msgs/include/depthai_ros_msgs/depthai_ros_msgs/msg/auto_focus_ctrl.h
[4.595s] -- Up-to-date symlink: /home/ground/ugv_repo/OperationTouchdown/ugv_ws/install/depthai_ros_msgs/include/depthai_ros_msgs/depthai_ros_msgs/msg/detail/auto_focus_ctrl__functions.h
[4.595s] -- Up-to-date symlink: /home/ground/ugv_repo/OperationTouchdown/ugv_ws/install/depthai_ros_msgs/include/depthai_ros_msgs/depthai_ros_msgs/msg/detail/auto_focus_ctrl__struct.h
[4.599s] -- Up-to-date symlink: /home/ground/ugv_repo/OperationTouchdown/ugv_ws/install/depthai_ros_msgs/include/depthai_ros_msgs/depthai_ros_msgs/msg/detail/auto_focus_ctrl__type_support.h
[4.603s] -- Up-to-date symlink: /home/ground/ugv_repo/OperationTouchdown/ugv_ws/install/depthai_ros_msgs/include/depthai_ros_msgs/depthai_ros_msgs/msg/detail/hand_landmark__functions.h
[4.605s] -- Up-to-date symlink: /home/ground/ugv_repo/OperationTouchdown/ugv_ws/install/depthai_ros_msgs/include/depthai_ros_msgs/depthai_ros_msgs/msg/detail/hand_landmark__struct.h
[4.608s] -- Up-to-date symlink: /home/ground/ugv_repo/OperationTouchdown/ugv_ws/install/depthai_ros_msgs/include/depthai_ros_msgs/depthai_ros_msgs/msg/detail/hand_landmark__type_support.h
[4.609s] -- Up-to-date symlink: /home/ground/ugv_repo/OperationTouchdown/ugv_ws/install/depthai_ros_msgs/include/depthai_ros_msgs/depthai_ros_msgs/msg/detail/hand_landmark_array__functions.h
[4.609s] -- Up-to-date symlink: /home/ground/ugv_repo/OperationTouchdown/ugv_ws/install/depthai_ros_msgs/include/depthai_ros_msgs/depthai_ros_msgs/msg/detail/hand_landmark_array__struct.h
[4.612s] -- Up-to-date symlink: /home/ground/ugv_repo/OperationTouchdown/ugv_ws/install/depthai_ros_msgs/include/depthai_ros_msgs/depthai_ros_msgs/msg/detail/hand_landmark_array__type_support.h
[4.612s] -- Up-to-date symlink: /home/ground/ugv_repo/OperationTouchdown/ugv_ws/install/depthai_ros_msgs/include/depthai_ros_msgs/depthai_ros_msgs/msg/detail/imu_with_magnetic_field__functions.h
[4.614s] -- Up-to-date symlink: /home/ground/ugv_repo/OperationTouchdown/ugv_ws/install/depthai_ros_msgs/include/depthai_ros_msgs/depthai_ros_msgs/msg/detail/imu_with_magnetic_field__struct.h
[4.616s] -- Up-to-date symlink: /home/ground/ugv_repo/OperationTouchdown/ugv_ws/install/depthai_ros_msgs/include/depthai_ros_msgs/depthai_ros_msgs/msg/detail/imu_with_magnetic_field__type_support.h
[4.616s] -- Up-to-date symlink: /home/ground/ugv_repo/OperationTouchdown/ugv_ws/install/depthai_ros_msgs/include/depthai_ros_msgs/depthai_ros_msgs/msg/detail/spatial_detection__functions.h
[4.617s] -- Up-to-date symlink: /home/ground/ugv_repo/OperationTouchdown/ugv_ws/install/depthai_ros_msgs/include/depthai_ros_msgs/depthai_ros_msgs/msg/detail/spatial_detection__struct.h
[4.619s] -- Up-to-date symlink: /home/ground/ugv_repo/OperationTouchdown/ugv_ws/install/depthai_ros_msgs/include/depthai_ros_msgs/depthai_ros_msgs/msg/detail/spatial_detection__type_support.h
[4.620s] -- Up-to-date symlink: /home/ground/ugv_repo/OperationTouchdown/ugv_ws/install/depthai_ros_msgs/include/depthai_ros_msgs/depthai_ros_msgs/msg/detail/spatial_detection_array__functions.h
[4.624s] -- Up-to-date symlink: /home/ground/ugv_repo/OperationTouchdown/ugv_ws/install/depthai_ros_msgs/include/depthai_ros_msgs/depthai_ros_msgs/msg/detail/spatial_detection_array__struct.h
[4.624s] -- Up-to-date symlink: /home/ground/ugv_repo/OperationTouchdown/ugv_ws/install/depthai_ros_msgs/include/depthai_ros_msgs/depthai_ros_msgs/msg/detail/spatial_detection_array__type_support.h
[4.624s] -- Up-to-date symlink: /home/ground/ugv_repo/OperationTouchdown/ugv_ws/install/depthai_ros_msgs/include/depthai_ros_msgs/depthai_ros_msgs/msg/detail/track_detection2_d__functions.h
[4.624s] -- Up-to-date symlink: /home/ground/ugv_repo/OperationTouchdown/ugv_ws/install/depthai_ros_msgs/include/depthai_ros_msgs/depthai_ros_msgs/msg/detail/track_detection2_d__struct.h
[4.624s] -- Up-to-date symlink: /home/ground/ugv_repo/OperationTouchdown/ugv_ws/install/depthai_ros_msgs/include/depthai_ros_msgs/depthai_ros_msgs/msg/detail/track_detection2_d__type_support.h
[4.624s] -- Up-to-date symlink: /home/ground/ugv_repo/OperationTouchdown/ugv_ws/install/depthai_ros_msgs/include/depthai_ros_msgs/depthai_ros_msgs/msg/detail/track_detection2_d_array__functions.h
[4.625s] -- Up-to-date symlink: /home/ground/ugv_repo/OperationTouchdown/ugv_ws/install/depthai_ros_msgs/include/depthai_ros_msgs/depthai_ros_msgs/msg/detail/track_detection2_d_array__struct.h
[4.625s] -- Up-to-date symlink: /home/ground/ugv_repo/OperationTouchdown/ugv_ws/install/depthai_ros_msgs/include/depthai_ros_msgs/depthai_ros_msgs/msg/detail/track_detection2_d_array__type_support.h
[4.632s] -- Up-to-date symlink: /home/ground/ugv_repo/OperationTouchdown/ugv_ws/install/depthai_ros_msgs/include/depthai_ros_msgs/depthai_ros_msgs/msg/detail/tracked_feature__functions.h
[4.632s] -- Up-to-date symlink: /home/ground/ugv_repo/OperationTouchdown/ugv_ws/install/depthai_ros_msgs/include/depthai_ros_msgs/depthai_ros_msgs/msg/detail/tracked_feature__struct.h
[4.638s] -- Up-to-date symlink: /home/ground/ugv_repo/OperationTouchdown/ugv_ws/install/depthai_ros_msgs/include/depthai_ros_msgs/depthai_ros_msgs/msg/detail/tracked_feature__type_support.h
[4.638s] -- Up-to-date symlink: /home/ground/ugv_repo/OperationTouchdown/ugv_ws/install/depthai_ros_msgs/include/depthai_ros_msgs/depthai_ros_msgs/msg/detail/tracked_features__functions.h
[4.646s] -- Up-to-date symlink: /home/ground/ugv_repo/OperationTouchdown/ugv_ws/install/depthai_ros_msgs/include/depthai_ros_msgs/depthai_ros_msgs/msg/detail/tracked_features__struct.h
[4.646s] -- Up-to-date symlink: /home/ground/ugv_repo/OperationTouchdown/ugv_ws/install/depthai_ros_msgs/include/depthai_ros_msgs/depthai_ros_msgs/msg/detail/tracked_features__type_support.h
[4.654s] -- Up-to-date symlink: /home/ground/ugv_repo/OperationTouchdown/ugv_ws/install/depthai_ros_msgs/include/depthai_ros_msgs/depthai_ros_msgs/msg/hand_landmark.h
[4.654s] -- Up-to-date symlink: /home/ground/ugv_repo/OperationTouchdown/ugv_ws/install/depthai_ros_msgs/include/depthai_ros_msgs/depthai_ros_msgs/msg/hand_landmark_array.h
[4.660s] -- Up-to-date symlink: /home/ground/ugv_repo/OperationTouchdown/ugv_ws/install/depthai_ros_msgs/include/depthai_ros_msgs/depthai_ros_msgs/msg/imu_with_magnetic_field.h
[4.660s] -- Up-to-date symlink: /home/ground/ugv_repo/OperationTouchdown/ugv_ws/install/depthai_ros_msgs/include/depthai_ros_msgs/depthai_ros_msgs/msg/rosidl_generator_c__visibility_control.h
[4.660s] -- Up-to-date symlink: /home/ground/ugv_repo/OperationTouchdown/ugv_ws/install/depthai_ros_msgs/include/depthai_ros_msgs/depthai_ros_msgs/msg/spatial_detection.h
[4.665s] -- Up-to-date symlink: /home/ground/ugv_repo/OperationTouchdown/ugv_ws/install/depthai_ros_msgs/include/depthai_ros_msgs/depthai_ros_msgs/msg/spatial_detection_array.h
[4.666s] -- Up-to-date symlink: /home/ground/ugv_repo/OperationTouchdown/ugv_ws/install/depthai_ros_msgs/include/depthai_ros_msgs/depthai_ros_msgs/msg/track_detection2_d.h
[4.668s] -- Up-to-date symlink: /home/ground/ugv_repo/OperationTouchdown/ugv_ws/install/depthai_ros_msgs/include/depthai_ros_msgs/depthai_ros_msgs/msg/track_detection2_d_array.h
[4.672s] -- Up-to-date symlink: /home/ground/ugv_repo/OperationTouchdown/ugv_ws/install/depthai_ros_msgs/include/depthai_ros_msgs/depthai_ros_msgs/msg/tracked_feature.h
[4.677s] -- Up-to-date symlink: /home/ground/ugv_repo/OperationTouchdown/ugv_ws/install/depthai_ros_msgs/include/depthai_ros_msgs/depthai_ros_msgs/msg/tracked_features.h
[4.682s] -- Up-to-date symlink: /home/ground/ugv_repo/OperationTouchdown/ugv_ws/install/depthai_ros_msgs/include/depthai_ros_msgs/depthai_ros_msgs/srv/detail/normalized_image_crop__functions.h
[4.685s] -- Up-to-date symlink: /home/ground/ugv_repo/OperationTouchdown/ugv_ws/install/depthai_ros_msgs/include/depthai_ros_msgs/depthai_ros_msgs/srv/detail/normalized_image_crop__struct.h
[4.689s] -- Up-to-date symlink: /home/ground/ugv_repo/OperationTouchdown/ugv_ws/install/depthai_ros_msgs/include/depthai_ros_msgs/depthai_ros_msgs/srv/detail/normalized_image_crop__type_support.h
[4.696s] -- Up-to-date symlink: /home/ground/ugv_repo/OperationTouchdown/ugv_ws/install/depthai_ros_msgs/include/depthai_ros_msgs/depthai_ros_msgs/srv/detail/trigger_named__functions.h
[4.696s] -- Up-to-date symlink: /home/ground/ugv_repo/OperationTouchdown/ugv_ws/install/depthai_ros_msgs/include/depthai_ros_msgs/depthai_ros_msgs/srv/detail/trigger_named__struct.h
[4.699s] -- Up-to-date symlink: /home/ground/ugv_repo/OperationTouchdown/ugv_ws/install/depthai_ros_msgs/include/depthai_ros_msgs/depthai_ros_msgs/srv/detail/trigger_named__type_support.h
[4.705s] -- Up-to-date symlink: /home/ground/ugv_repo/OperationTouchdown/ugv_ws/install/depthai_ros_msgs/include/depthai_ros_msgs/depthai_ros_msgs/srv/normalized_image_crop.h
[4.705s] -- Up-to-date symlink: /home/ground/ugv_repo/OperationTouchdown/ugv_ws/install/depthai_ros_msgs/include/depthai_ros_msgs/depthai_ros_msgs/srv/trigger_named.h
[4.722s] -- Up-to-date symlink: /home/ground/ugv_repo/OperationTouchdown/ugv_ws/install/depthai_ros_msgs/share/depthai_ros_msgs/environment/library_path.sh
[4.722s] -- Up-to-date symlink: /home/ground/ugv_repo/OperationTouchdown/ugv_ws/install/depthai_ros_msgs/share/depthai_ros_msgs/environment/library_path.dsv
[4.722s] -- Up-to-date symlink: /home/ground/ugv_repo/OperationTouchdown/ugv_ws/install/depthai_ros_msgs/include/depthai_ros_msgs/depthai_ros_msgs/msg/detail/auto_focus_ctrl__rosidl_typesupport_fastrtps_c.h
[4.722s] -- Up-to-date symlink: /home/ground/ugv_repo/OperationTouchdown/ugv_ws/install/depthai_ros_msgs/include/depthai_ros_msgs/depthai_ros_msgs/msg/detail/hand_landmark__rosidl_typesupport_fastrtps_c.h
[4.722s] -- Up-to-date symlink: /home/ground/ugv_repo/OperationTouchdown/ugv_ws/install/depthai_ros_msgs/include/depthai_ros_msgs/depthai_ros_msgs/msg/detail/hand_landmark_array__rosidl_typesupport_fastrtps_c.h
[4.723s] -- Up-to-date symlink: /home/ground/ugv_repo/OperationTouchdown/ugv_ws/install/depthai_ros_msgs/include/depthai_ros_msgs/depthai_ros_msgs/msg/detail/imu_with_magnetic_field__rosidl_typesupport_fastrtps_c.h
[4.723s] -- Up-to-date symlink: /home/ground/ugv_repo/OperationTouchdown/ugv_ws/install/depthai_ros_msgs/include/depthai_ros_msgs/depthai_ros_msgs/msg/detail/spatial_detection__rosidl_typesupport_fastrtps_c.h
[4.723s] -- Up-to-date symlink: /home/ground/ugv_repo/OperationTouchdown/ugv_ws/install/depthai_ros_msgs/include/depthai_ros_msgs/depthai_ros_msgs/msg/detail/spatial_detection_array__rosidl_typesupport_fastrtps_c.h
[4.723s] -- Up-to-date symlink: /home/ground/ugv_repo/OperationTouchdown/ugv_ws/install/depthai_ros_msgs/include/depthai_ros_msgs/depthai_ros_msgs/msg/detail/track_detection2_d__rosidl_typesupport_fastrtps_c.h
[4.723s] -- Up-to-date symlink: /home/ground/ugv_repo/OperationTouchdown/ugv_ws/install/depthai_ros_msgs/include/depthai_ros_msgs/depthai_ros_msgs/msg/detail/track_detection2_d_array__rosidl_typesupport_fastrtps_c.h
[4.723s] -- Up-to-date symlink: /home/ground/ugv_repo/OperationTouchdown/ugv_ws/install/depthai_ros_msgs/include/depthai_ros_msgs/depthai_ros_msgs/msg/detail/tracked_feature__rosidl_typesupport_fastrtps_c.h
[4.723s] -- Up-to-date symlink: /home/ground/ugv_repo/OperationTouchdown/ugv_ws/install/depthai_ros_msgs/include/depthai_ros_msgs/depthai_ros_msgs/msg/detail/tracked_features__rosidl_typesupport_fastrtps_c.h
[4.724s] -- Up-to-date symlink: /home/ground/ugv_repo/OperationTouchdown/ugv_ws/install/depthai_ros_msgs/include/depthai_ros_msgs/depthai_ros_msgs/msg/rosidl_typesupport_fastrtps_c__visibility_control.h
[4.724s] -- Up-to-date symlink: /home/ground/ugv_repo/OperationTouchdown/ugv_ws/install/depthai_ros_msgs/include/depthai_ros_msgs/depthai_ros_msgs/srv/detail/normalized_image_crop__rosidl_typesupport_fastrtps_c.h
[4.724s] -- Up-to-date symlink: /home/ground/ugv_repo/OperationTouchdown/ugv_ws/install/depthai_ros_msgs/include/depthai_ros_msgs/depthai_ros_msgs/srv/detail/trigger_named__rosidl_typesupport_fastrtps_c.h
[4.744s] -- Up-to-date symlink: /home/ground/ugv_repo/OperationTouchdown/ugv_ws/install/depthai_ros_msgs/include/depthai_ros_msgs/depthai_ros_msgs/msg/auto_focus_ctrl.hpp
[4.744s] -- Up-to-date symlink: /home/ground/ugv_repo/OperationTouchdown/ugv_ws/install/depthai_ros_msgs/include/depthai_ros_msgs/depthai_ros_msgs/msg/detail/auto_focus_ctrl__builder.hpp
[4.745s] -- Up-to-date symlink: /home/ground/ugv_repo/OperationTouchdown/ugv_ws/install/depthai_ros_msgs/include/depthai_ros_msgs/depthai_ros_msgs/msg/detail/auto_focus_ctrl__struct.hpp
[4.745s] -- Up-to-date symlink: /home/ground/ugv_repo/OperationTouchdown/ugv_ws/install/depthai_ros_msgs/include/depthai_ros_msgs/depthai_ros_msgs/msg/detail/auto_focus_ctrl__traits.hpp
[4.745s] -- Up-to-date symlink: /home/ground/ugv_repo/OperationTouchdown/ugv_ws/install/depthai_ros_msgs/include/depthai_ros_msgs/depthai_ros_msgs/msg/detail/auto_focus_ctrl__type_support.hpp
[4.751s] -- Up-to-date symlink: /home/ground/ugv_repo/OperationTouchdown/ugv_ws/install/depthai_ros_msgs/include/depthai_ros_msgs/depthai_ros_msgs/msg/detail/hand_landmark__builder.hpp
[4.752s] -- Up-to-date symlink: /home/ground/ugv_repo/OperationTouchdown/ugv_ws/install/depthai_ros_msgs/include/depthai_ros_msgs/depthai_ros_msgs/msg/detail/hand_landmark__struct.hpp
[4.753s] -- Up-to-date symlink: /home/ground/ugv_repo/OperationTouchdown/ugv_ws/install/depthai_ros_msgs/include/depthai_ros_msgs/depthai_ros_msgs/msg/detail/hand_landmark__traits.hpp
[4.753s] -- Up-to-date symlink: /home/ground/ugv_repo/OperationTouchdown/ugv_ws/install/depthai_ros_msgs/include/depthai_ros_msgs/depthai_ros_msgs/msg/detail/hand_landmark__type_support.hpp
[4.754s] -- Up-to-date symlink: /home/ground/ugv_repo/OperationTouchdown/ugv_ws/install/depthai_ros_msgs/include/depthai_ros_msgs/depthai_ros_msgs/msg/detail/hand_landmark_array__builder.hpp
[4.754s] -- Up-to-date symlink: /home/ground/ugv_repo/OperationTouchdown/ugv_ws/install/depthai_ros_msgs/include/depthai_ros_msgs/depthai_ros_msgs/msg/detail/hand_landmark_array__struct.hpp
[4.754s] -- Up-to-date symlink: /home/ground/ugv_repo/OperationTouchdown/ugv_ws/install/depthai_ros_msgs/include/depthai_ros_msgs/depthai_ros_msgs/msg/detail/hand_landmark_array__traits.hpp
[4.754s] -- Up-to-date symlink: /home/ground/ugv_repo/OperationTouchdown/ugv_ws/install/depthai_ros_msgs/include/depthai_ros_msgs/depthai_ros_msgs/msg/detail/hand_landmark_array__type_support.hpp
[4.756s] -- Up-to-date symlink: /home/ground/ugv_repo/OperationTouchdown/ugv_ws/install/depthai_ros_msgs/include/depthai_ros_msgs/depthai_ros_msgs/msg/detail/imu_with_magnetic_field__builder.hpp
[4.756s] -- Up-to-date symlink: /home/ground/ugv_repo/OperationTouchdown/ugv_ws/install/depthai_ros_msgs/include/depthai_ros_msgs/depthai_ros_msgs/msg/detail/imu_with_magnetic_field__struct.hpp
[4.757s] -- Up-to-date symlink: /home/ground/ugv_repo/OperationTouchdown/ugv_ws/install/depthai_ros_msgs/include/depthai_ros_msgs/depthai_ros_msgs/msg/detail/imu_with_magnetic_field__traits.hpp
[4.764s] -- Up-to-date symlink: /home/ground/ugv_repo/OperationTouchdown/ugv_ws/install/depthai_ros_msgs/include/depthai_ros_msgs/depthai_ros_msgs/msg/detail/imu_with_magnetic_field__type_support.hpp
[4.764s] -- Up-to-date symlink: /home/ground/ugv_repo/OperationTouchdown/ugv_ws/install/depthai_ros_msgs/include/depthai_ros_msgs/depthai_ros_msgs/msg/detail/spatial_detection__builder.hpp
[4.764s] -- Up-to-date symlink: /home/ground/ugv_repo/OperationTouchdown/ugv_ws/install/depthai_ros_msgs/include/depthai_ros_msgs/depthai_ros_msgs/msg/detail/spatial_detection__struct.hpp
[4.765s] -- Up-to-date symlink: /home/ground/ugv_repo/OperationTouchdown/ugv_ws/install/depthai_ros_msgs/include/depthai_ros_msgs/depthai_ros_msgs/msg/detail/spatial_detection__traits.hpp
[4.765s] -- Up-to-date symlink: /home/ground/ugv_repo/OperationTouchdown/ugv_ws/install/depthai_ros_msgs/include/depthai_ros_msgs/depthai_ros_msgs/msg/detail/spatial_detection__type_support.hpp
[4.765s] -- Up-to-date symlink: /home/ground/ugv_repo/OperationTouchdown/ugv_ws/install/depthai_ros_msgs/include/depthai_ros_msgs/depthai_ros_msgs/msg/detail/spatial_detection_array__builder.hpp
[4.765s] -- Up-to-date symlink: /home/ground/ugv_repo/OperationTouchdown/ugv_ws/install/depthai_ros_msgs/include/depthai_ros_msgs/depthai_ros_msgs/msg/detail/spatial_detection_array__struct.hpp
[4.773s] -- Up-to-date symlink: /home/ground/ugv_repo/OperationTouchdown/ugv_ws/install/depthai_ros_msgs/include/depthai_ros_msgs/depthai_ros_msgs/msg/detail/spatial_detection_array__traits.hpp
[4.774s] -- Up-to-date symlink: /home/ground/ugv_repo/OperationTouchdown/ugv_ws/install/depthai_ros_msgs/include/depthai_ros_msgs/depthai_ros_msgs/msg/detail/spatial_detection_array__type_support.hpp
[4.779s] -- Up-to-date symlink: /home/ground/ugv_repo/OperationTouchdown/ugv_ws/install/depthai_ros_msgs/include/depthai_ros_msgs/depthai_ros_msgs/msg/detail/track_detection2_d__builder.hpp
[4.792s] -- Up-to-date symlink: /home/ground/ugv_repo/OperationTouchdown/ugv_ws/install/depthai_ros_msgs/include/depthai_ros_msgs/depthai_ros_msgs/msg/detail/track_detection2_d__struct.hpp
[4.801s] -- Up-to-date symlink: /home/ground/ugv_repo/OperationTouchdown/ugv_ws/install/depthai_ros_msgs/include/depthai_ros_msgs/depthai_ros_msgs/msg/detail/track_detection2_d__traits.hpp
[4.804s] -- Up-to-date symlink: /home/ground/ugv_repo/OperationTouchdown/ugv_ws/install/depthai_ros_msgs/include/depthai_ros_msgs/depthai_ros_msgs/msg/detail/track_detection2_d__type_support.hpp
[4.807s] -- Up-to-date symlink: /home/ground/ugv_repo/OperationTouchdown/ugv_ws/install/depthai_ros_msgs/include/depthai_ros_msgs/depthai_ros_msgs/msg/detail/track_detection2_d_array__builder.hpp
[4.807s] -- Up-to-date symlink: /home/ground/ugv_repo/OperationTouchdown/ugv_ws/install/depthai_ros_msgs/include/depthai_ros_msgs/depthai_ros_msgs/msg/detail/track_detection2_d_array__struct.hpp
[4.814s] -- Up-to-date symlink: /home/ground/ugv_repo/OperationTouchdown/ugv_ws/install/depthai_ros_msgs/include/depthai_ros_msgs/depthai_ros_msgs/msg/detail/track_detection2_d_array__traits.hpp
[4.814s] -- Up-to-date symlink: /home/ground/ugv_repo/OperationTouchdown/ugv_ws/install/depthai_ros_msgs/include/depthai_ros_msgs/depthai_ros_msgs/msg/detail/track_detection2_d_array__type_support.hpp
[4.816s] -- Up-to-date symlink: /home/ground/ugv_repo/OperationTouchdown/ugv_ws/install/depthai_ros_msgs/include/depthai_ros_msgs/depthai_ros_msgs/msg/detail/tracked_feature__builder.hpp
[4.816s] -- Up-to-date symlink: /home/ground/ugv_repo/OperationTouchdown/ugv_ws/install/depthai_ros_msgs/include/depthai_ros_msgs/depthai_ros_msgs/msg/detail/tracked_feature__struct.hpp
[4.817s] -- Up-to-date symlink: /home/ground/ugv_repo/OperationTouchdown/ugv_ws/install/depthai_ros_msgs/include/depthai_ros_msgs/depthai_ros_msgs/msg/detail/tracked_feature__traits.hpp
[4.817s] -- Up-to-date symlink: /home/ground/ugv_repo/OperationTouchdown/ugv_ws/install/depthai_ros_msgs/include/depthai_ros_msgs/depthai_ros_msgs/msg/detail/tracked_feature__type_support.hpp
[4.817s] -- Up-to-date symlink: /home/ground/ugv_repo/OperationTouchdown/ugv_ws/install/depthai_ros_msgs/include/depthai_ros_msgs/depthai_ros_msgs/msg/detail/tracked_features__builder.hpp
[4.817s] -- Up-to-date symlink: /home/ground/ugv_repo/OperationTouchdown/ugv_ws/install/depthai_ros_msgs/include/depthai_ros_msgs/depthai_ros_msgs/msg/detail/tracked_features__struct.hpp
[4.817s] -- Up-to-date symlink: /home/ground/ugv_repo/OperationTouchdown/ugv_ws/install/depthai_ros_msgs/include/depthai_ros_msgs/depthai_ros_msgs/msg/detail/tracked_features__traits.hpp
[4.818s] -- Up-to-date symlink: /home/ground/ugv_repo/OperationTouchdown/ugv_ws/install/depthai_ros_msgs/include/depthai_ros_msgs/depthai_ros_msgs/msg/detail/tracked_features__type_support.hpp
[4.818s] -- Up-to-date symlink: /home/ground/ugv_repo/OperationTouchdown/ugv_ws/install/depthai_ros_msgs/include/depthai_ros_msgs/depthai_ros_msgs/msg/hand_landmark.hpp
[4.818s] -- Up-to-date symlink: /home/ground/ugv_repo/OperationTouchdown/ugv_ws/install/depthai_ros_msgs/include/depthai_ros_msgs/depthai_ros_msgs/msg/hand_landmark_array.hpp
[4.818s] -- Up-to-date symlink: /home/ground/ugv_repo/OperationTouchdown/ugv_ws/install/depthai_ros_msgs/include/depthai_ros_msgs/depthai_ros_msgs/msg/imu_with_magnetic_field.hpp
[4.818s] -- Up-to-date symlink: /home/ground/ugv_repo/OperationTouchdown/ugv_ws/install/depthai_ros_msgs/include/depthai_ros_msgs/depthai_ros_msgs/msg/rosidl_generator_cpp__visibility_control.hpp
[4.818s] -- Up-to-date symlink: /home/ground/ugv_repo/OperationTouchdown/ugv_ws/install/depthai_ros_msgs/include/depthai_ros_msgs/depthai_ros_msgs/msg/spatial_detection.hpp
[4.819s] -- Up-to-date symlink: /home/ground/ugv_repo/OperationTouchdown/ugv_ws/install/depthai_ros_msgs/include/depthai_ros_msgs/depthai_ros_msgs/msg/spatial_detection_array.hpp
[4.819s] -- Up-to-date symlink: /home/ground/ugv_repo/OperationTouchdown/ugv_ws/install/depthai_ros_msgs/include/depthai_ros_msgs/depthai_ros_msgs/msg/track_detection2_d.hpp
[4.819s] -- Up-to-date symlink: /home/ground/ugv_repo/OperationTouchdown/ugv_ws/install/depthai_ros_msgs/include/depthai_ros_msgs/depthai_ros_msgs/msg/track_detection2_d_array.hpp
[4.819s] -- Up-to-date symlink: /home/ground/ugv_repo/OperationTouchdown/ugv_ws/install/depthai_ros_msgs/include/depthai_ros_msgs/depthai_ros_msgs/msg/tracked_feature.hpp
[4.819s] -- Up-to-date symlink: /home/ground/ugv_repo/OperationTouchdown/ugv_ws/install/depthai_ros_msgs/include/depthai_ros_msgs/depthai_ros_msgs/msg/tracked_features.hpp
[4.819s] -- Up-to-date symlink: /home/ground/ugv_repo/OperationTouchdown/ugv_ws/install/depthai_ros_msgs/include/depthai_ros_msgs/depthai_ros_msgs/srv/detail/normalized_image_crop__builder.hpp
[4.819s] -- Up-to-date symlink: /home/ground/ugv_repo/OperationTouchdown/ugv_ws/install/depthai_ros_msgs/include/depthai_ros_msgs/depthai_ros_msgs/srv/detail/normalized_image_crop__struct.hpp
[4.820s] -- Up-to-date symlink: /home/ground/ugv_repo/OperationTouchdown/ugv_ws/install/depthai_ros_msgs/include/depthai_ros_msgs/depthai_ros_msgs/srv/detail/normalized_image_crop__traits.hpp
[4.820s] -- Up-to-date symlink: /home/ground/ugv_repo/OperationTouchdown/ugv_ws/install/depthai_ros_msgs/include/depthai_ros_msgs/depthai_ros_msgs/srv/detail/normalized_image_crop__type_support.hpp
[4.820s] -- Up-to-date symlink: /home/ground/ugv_repo/OperationTouchdown/ugv_ws/install/depthai_ros_msgs/include/depthai_ros_msgs/depthai_ros_msgs/srv/detail/trigger_named__builder.hpp
[4.821s] -- Up-to-date symlink: /home/ground/ugv_repo/OperationTouchdown/ugv_ws/install/depthai_ros_msgs/include/depthai_ros_msgs/depthai_ros_msgs/srv/detail/trigger_named__struct.hpp
[4.821s] -- Up-to-date symlink: /home/ground/ugv_repo/OperationTouchdown/ugv_ws/install/depthai_ros_msgs/include/depthai_ros_msgs/depthai_ros_msgs/srv/detail/trigger_named__traits.hpp
[4.822s] -- Up-to-date symlink: /home/ground/ugv_repo/OperationTouchdown/ugv_ws/install/depthai_ros_msgs/include/depthai_ros_msgs/depthai_ros_msgs/srv/detail/trigger_named__type_support.hpp
[4.822s] -- Up-to-date symlink: /home/ground/ugv_repo/OperationTouchdown/ugv_ws/install/depthai_ros_msgs/include/depthai_ros_msgs/depthai_ros_msgs/srv/normalized_image_crop.hpp
[4.823s] -- Up-to-date symlink: /home/ground/ugv_repo/OperationTouchdown/ugv_ws/install/depthai_ros_msgs/include/depthai_ros_msgs/depthai_ros_msgs/srv/trigger_named.hpp
[4.823s] -- Up-to-date symlink: /home/ground/ugv_repo/OperationTouchdown/ugv_ws/install/depthai_ros_msgs/include/depthai_ros_msgs/depthai_ros_msgs/msg/detail/auto_focus_ctrl__rosidl_typesupport_fastrtps_cpp.hpp
[4.823s] -- Up-to-date symlink: /home/ground/ugv_repo/OperationTouchdown/ugv_ws/install/depthai_ros_msgs/include/depthai_ros_msgs/depthai_ros_msgs/msg/detail/hand_landmark__rosidl_typesupport_fastrtps_cpp.hpp
[4.823s] -- Up-to-date symlink: /home/ground/ugv_repo/OperationTouchdown/ugv_ws/install/depthai_ros_msgs/include/depthai_ros_msgs/depthai_ros_msgs/msg/detail/hand_landmark_array__rosidl_typesupport_fastrtps_cpp.hpp
[4.831s] -- Up-to-date symlink: /home/ground/ugv_repo/OperationTouchdown/ugv_ws/install/depthai_ros_msgs/include/depthai_ros_msgs/depthai_ros_msgs/msg/detail/imu_with_magnetic_field__rosidl_typesupport_fastrtps_cpp.hpp
[4.832s] -- Up-to-date symlink: /home/ground/ugv_repo/OperationTouchdown/ugv_ws/install/depthai_ros_msgs/include/depthai_ros_msgs/depthai_ros_msgs/msg/detail/spatial_detection__rosidl_typesupport_fastrtps_cpp.hpp
[4.832s] -- Up-to-date symlink: /home/ground/ugv_repo/OperationTouchdown/ugv_ws/install/depthai_ros_msgs/include/depthai_ros_msgs/depthai_ros_msgs/msg/detail/spatial_detection_array__rosidl_typesupport_fastrtps_cpp.hpp
[4.832s] -- Up-to-date symlink: /home/ground/ugv_repo/OperationTouchdown/ugv_ws/install/depthai_ros_msgs/include/depthai_ros_msgs/depthai_ros_msgs/msg/detail/track_detection2_d__rosidl_typesupport_fastrtps_cpp.hpp
[4.832s] -- Up-to-date symlink: /home/ground/ugv_repo/OperationTouchdown/ugv_ws/install/depthai_ros_msgs/include/depthai_ros_msgs/depthai_ros_msgs/msg/detail/track_detection2_d_array__rosidl_typesupport_fastrtps_cpp.hpp
[4.832s] -- Up-to-date symlink: /home/ground/ugv_repo/OperationTouchdown/ugv_ws/install/depthai_ros_msgs/include/depthai_ros_msgs/depthai_ros_msgs/msg/detail/tracked_feature__rosidl_typesupport_fastrtps_cpp.hpp
[4.832s] -- Up-to-date symlink: /home/ground/ugv_repo/OperationTouchdown/ugv_ws/install/depthai_ros_msgs/include/depthai_ros_msgs/depthai_ros_msgs/msg/detail/tracked_features__rosidl_typesupport_fastrtps_cpp.hpp
[4.832s] -- Up-to-date symlink: /home/ground/ugv_repo/OperationTouchdown/ugv_ws/install/depthai_ros_msgs/include/depthai_ros_msgs/depthai_ros_msgs/msg/rosidl_typesupport_fastrtps_cpp__visibility_control.h
[4.832s] -- Up-to-date symlink: /home/ground/ugv_repo/OperationTouchdown/ugv_ws/install/depthai_ros_msgs/include/depthai_ros_msgs/depthai_ros_msgs/srv/detail/normalized_image_crop__rosidl_typesupport_fastrtps_cpp.hpp
[4.832s] -- Up-to-date symlink: /home/ground/ugv_repo/OperationTouchdown/ugv_ws/install/depthai_ros_msgs/include/depthai_ros_msgs/depthai_ros_msgs/srv/detail/trigger_named__rosidl_typesupport_fastrtps_cpp.hpp
[4.836s] -- Up-to-date symlink: /home/ground/ugv_repo/OperationTouchdown/ugv_ws/install/depthai_ros_msgs/include/depthai_ros_msgs/depthai_ros_msgs/msg/detail/auto_focus_ctrl__rosidl_typesupport_introspection_c.h
[4.837s] -- Up-to-date symlink: /home/ground/ugv_repo/OperationTouchdown/ugv_ws/install/depthai_ros_msgs/include/depthai_ros_msgs/depthai_ros_msgs/msg/detail/hand_landmark__rosidl_typesupport_introspection_c.h
[4.838s] -- Up-to-date symlink: /home/ground/ugv_repo/OperationTouchdown/ugv_ws/install/depthai_ros_msgs/include/depthai_ros_msgs/depthai_ros_msgs/msg/detail/hand_landmark_array__rosidl_typesupport_introspection_c.h
[4.839s] -- Up-to-date symlink: /home/ground/ugv_repo/OperationTouchdown/ugv_ws/install/depthai_ros_msgs/include/depthai_ros_msgs/depthai_ros_msgs/msg/detail/imu_with_magnetic_field__rosidl_typesupport_introspection_c.h
[4.839s] -- Up-to-date symlink: /home/ground/ugv_repo/OperationTouchdown/ugv_ws/install/depthai_ros_msgs/include/depthai_ros_msgs/depthai_ros_msgs/msg/detail/spatial_detection__rosidl_typesupport_introspection_c.h
[4.839s] -- Up-to-date symlink: /home/ground/ugv_repo/OperationTouchdown/ugv_ws/install/depthai_ros_msgs/include/depthai_ros_msgs/depthai_ros_msgs/msg/detail/spatial_detection_array__rosidl_typesupport_introspection_c.h
[4.839s] -- Up-to-date symlink: /home/ground/ugv_repo/OperationTouchdown/ugv_ws/install/depthai_ros_msgs/include/depthai_ros_msgs/depthai_ros_msgs/msg/detail/track_detection2_d__rosidl_typesupport_introspection_c.h
[4.842s] -- Up-to-date symlink: /home/ground/ugv_repo/OperationTouchdown/ugv_ws/install/depthai_ros_msgs/include/depthai_ros_msgs/depthai_ros_msgs/msg/detail/track_detection2_d_array__rosidl_typesupport_introspection_c.h
[4.842s] -- Up-to-date symlink: /home/ground/ugv_repo/OperationTouchdown/ugv_ws/install/depthai_ros_msgs/include/depthai_ros_msgs/depthai_ros_msgs/msg/detail/tracked_feature__rosidl_typesupport_introspection_c.h
[4.842s] -- Up-to-date symlink: /home/ground/ugv_repo/OperationTouchdown/ugv_ws/install/depthai_ros_msgs/include/depthai_ros_msgs/depthai_ros_msgs/msg/detail/tracked_features__rosidl_typesupport_introspection_c.h
[4.842s] -- Up-to-date symlink: /home/ground/ugv_repo/OperationTouchdown/ugv_ws/install/depthai_ros_msgs/include/depthai_ros_msgs/depthai_ros_msgs/msg/rosidl_typesupport_introspection_c__visibility_control.h
[4.842s] -- Up-to-date symlink: /home/ground/ugv_repo/OperationTouchdown/ugv_ws/install/depthai_ros_msgs/include/depthai_ros_msgs/depthai_ros_msgs/srv/detail/normalized_image_crop__rosidl_typesupport_introspection_c.h
[4.843s] -- Up-to-date symlink: /home/ground/ugv_repo/OperationTouchdown/ugv_ws/install/depthai_ros_msgs/include/depthai_ros_msgs/depthai_ros_msgs/srv/detail/trigger_named__rosidl_typesupport_introspection_c.h
[4.846s] -- Up-to-date symlink: /home/ground/ugv_repo/OperationTouchdown/ugv_ws/install/depthai_ros_msgs/include/depthai_ros_msgs/depthai_ros_msgs/msg/detail/auto_focus_ctrl__rosidl_typesupport_introspection_cpp.hpp
[4.846s] -- Up-to-date symlink: /home/ground/ugv_repo/OperationTouchdown/ugv_ws/install/depthai_ros_msgs/include/depthai_ros_msgs/depthai_ros_msgs/msg/detail/hand_landmark__rosidl_typesupport_introspection_cpp.hpp
[4.846s] -- Up-to-date symlink: /home/ground/ugv_repo/OperationTouchdown/ugv_ws/install/depthai_ros_msgs/include/depthai_ros_msgs/depthai_ros_msgs/msg/detail/hand_landmark_array__rosidl_typesupport_introspection_cpp.hpp
[4.846s] -- Up-to-date symlink: /home/ground/ugv_repo/OperationTouchdown/ugv_ws/install/depthai_ros_msgs/include/depthai_ros_msgs/depthai_ros_msgs/msg/detail/imu_with_magnetic_field__rosidl_typesupport_introspection_cpp.hpp
[4.846s] -- Up-to-date symlink: /home/ground/ugv_repo/OperationTouchdown/ugv_ws/install/depthai_ros_msgs/include/depthai_ros_msgs/depthai_ros_msgs/msg/detail/spatial_detection__rosidl_typesupport_introspection_cpp.hpp
[4.846s] -- Up-to-date symlink: /home/ground/ugv_repo/OperationTouchdown/ugv_ws/install/depthai_ros_msgs/include/depthai_ros_msgs/depthai_ros_msgs/msg/detail/spatial_detection_array__rosidl_typesupport_introspection_cpp.hpp
[4.846s] -- Up-to-date symlink: /home/ground/ugv_repo/OperationTouchdown/ugv_ws/install/depthai_ros_msgs/include/depthai_ros_msgs/depthai_ros_msgs/msg/detail/track_detection2_d__rosidl_typesupport_introspection_cpp.hpp
[4.846s] -- Up-to-date symlink: /home/ground/ugv_repo/OperationTouchdown/ugv_ws/install/depthai_ros_msgs/include/depthai_ros_msgs/depthai_ros_msgs/msg/detail/track_detection2_d_array__rosidl_typesupport_introspection_cpp.hpp
[4.850s] -- Up-to-date symlink: /home/ground/ugv_repo/OperationTouchdown/ugv_ws/install/depthai_ros_msgs/include/depthai_ros_msgs/depthai_ros_msgs/msg/detail/tracked_feature__rosidl_typesupport_introspection_cpp.hpp
[4.850s] -- Up-to-date symlink: /home/ground/ugv_repo/OperationTouchdown/ugv_ws/install/depthai_ros_msgs/include/depthai_ros_msgs/depthai_ros_msgs/msg/detail/tracked_features__rosidl_typesupport_introspection_cpp.hpp
[4.850s] -- Up-to-date symlink: /home/ground/ugv_repo/OperationTouchdown/ugv_ws/install/depthai_ros_msgs/include/depthai_ros_msgs/depthai_ros_msgs/srv/detail/normalized_image_crop__rosidl_typesupport_introspection_cpp.hpp
[4.850s] -- Up-to-date symlink: /home/ground/ugv_repo/OperationTouchdown/ugv_ws/install/depthai_ros_msgs/include/depthai_ros_msgs/depthai_ros_msgs/srv/detail/trigger_named__rosidl_typesupport_introspection_cpp.hpp
[4.850s] -- Up-to-date symlink: /home/ground/ugv_repo/OperationTouchdown/ugv_ws/install/depthai_ros_msgs/share/depthai_ros_msgs/environment/pythonpath.sh
[4.850s] -- Up-to-date symlink: /home/ground/ugv_repo/OperationTouchdown/ugv_ws/install/depthai_ros_msgs/share/depthai_ros_msgs/environment/pythonpath.dsv
[4.850s] -- Up-to-date symlink: /home/ground/ugv_repo/OperationTouchdown/ugv_ws/install/depthai_ros_msgs/lib/python3.12/site-packages/depthai_ros_msgs-2.12.2-py3.12.egg-info/PKG-INFO
[4.851s] -- Up-to-date symlink: /home/ground/ugv_repo/OperationTouchdown/ugv_ws/install/depthai_ros_msgs/lib/python3.12/site-packages/depthai_ros_msgs-2.12.2-py3.12.egg-info/SOURCES.txt
[4.852s] -- Up-to-date symlink: /home/ground/ugv_repo/OperationTouchdown/ugv_ws/install/depthai_ros_msgs/lib/python3.12/site-packages/depthai_ros_msgs-2.12.2-py3.12.egg-info/dependency_links.txt
[4.852s] -- Up-to-date symlink: /home/ground/ugv_repo/OperationTouchdown/ugv_ws/install/depthai_ros_msgs/lib/python3.12/site-packages/depthai_ros_msgs-2.12.2-py3.12.egg-info/top_level.txt
[4.854s] -- Up-to-date symlink: /home/ground/ugv_repo/OperationTouchdown/ugv_ws/install/depthai_ros_msgs/lib/python3.12/site-packages/depthai_ros_msgs/__init__.py
[4.857s] -- Up-to-date symlink: /home/ground/ugv_repo/OperationTouchdown/ugv_ws/install/depthai_ros_msgs/lib/python3.12/site-packages/depthai_ros_msgs/_depthai_ros_msgs_s.ep.rosidl_typesupport_c.c
[4.859s] -- Up-to-date symlink: /home/ground/ugv_repo/OperationTouchdown/ugv_ws/install/depthai_ros_msgs/lib/python3.12/site-packages/depthai_ros_msgs/_depthai_ros_msgs_s.ep.rosidl_typesupport_fastrtps_c.c
[4.859s] -- Up-to-date symlink: /home/ground/ugv_repo/OperationTouchdown/ugv_ws/install/depthai_ros_msgs/lib/python3.12/site-packages/depthai_ros_msgs/_depthai_ros_msgs_s.ep.rosidl_typesupport_introspection_c.c
[4.859s] -- Up-to-date symlink: /home/ground/ugv_repo/OperationTouchdown/ugv_ws/install/depthai_ros_msgs/lib/python3.12/site-packages/depthai_ros_msgs/depthai_ros_msgs_s__rosidl_typesupport_c.so
[4.860s] -- Up-to-date symlink: /home/ground/ugv_repo/OperationTouchdown/ugv_ws/install/depthai_ros_msgs/lib/python3.12/site-packages/depthai_ros_msgs/depthai_ros_msgs_s__rosidl_typesupport_fastrtps_c.so
[4.860s] -- Up-to-date symlink: /home/ground/ugv_repo/OperationTouchdown/ugv_ws/install/depthai_ros_msgs/lib/python3.12/site-packages/depthai_ros_msgs/depthai_ros_msgs_s__rosidl_typesupport_introspection_c.so
[4.860s] -- Up-to-date symlink: /home/ground/ugv_repo/OperationTouchdown/ugv_ws/install/depthai_ros_msgs/lib/python3.12/site-packages/depthai_ros_msgs/msg/__init__.py
[4.860s] -- Up-to-date symlink: /home/ground/ugv_repo/OperationTouchdown/ugv_ws/install/depthai_ros_msgs/lib/python3.12/site-packages/depthai_ros_msgs/msg/_auto_focus_ctrl.py
[4.860s] -- Up-to-date symlink: /home/ground/ugv_repo/OperationTouchdown/ugv_ws/install/depthai_ros_msgs/lib/python3.12/site-packages/depthai_ros_msgs/msg/_auto_focus_ctrl_s.c
[4.860s] -- Up-to-date symlink: /home/ground/ugv_repo/OperationTouchdown/ugv_ws/install/depthai_ros_msgs/lib/python3.12/site-packages/depthai_ros_msgs/msg/_hand_landmark.py
[4.860s] -- Up-to-date symlink: /home/ground/ugv_repo/OperationTouchdown/ugv_ws/install/depthai_ros_msgs/lib/python3.12/site-packages/depthai_ros_msgs/msg/_hand_landmark_array.py
[4.865s] -- Up-to-date symlink: /home/ground/ugv_repo/OperationTouchdown/ugv_ws/install/depthai_ros_msgs/lib/python3.12/site-packages/depthai_ros_msgs/msg/_hand_landmark_array_s.c
[4.865s] -- Up-to-date symlink: /home/ground/ugv_repo/OperationTouchdown/ugv_ws/install/depthai_ros_msgs/lib/python3.12/site-packages/depthai_ros_msgs/msg/_hand_landmark_s.c
[4.865s] -- Up-to-date symlink: /home/ground/ugv_repo/OperationTouchdown/ugv_ws/install/depthai_ros_msgs/lib/python3.12/site-packages/depthai_ros_msgs/msg/_imu_with_magnetic_field.py
[4.865s] -- Up-to-date symlink: /home/ground/ugv_repo/OperationTouchdown/ugv_ws/install/depthai_ros_msgs/lib/python3.12/site-packages/depthai_ros_msgs/msg/_imu_with_magnetic_field_s.c
[4.865s] -- Up-to-date symlink: /home/ground/ugv_repo/OperationTouchdown/ugv_ws/install/depthai_ros_msgs/lib/python3.12/site-packages/depthai_ros_msgs/msg/_spatial_detection.py
[4.865s] -- Up-to-date symlink: /home/ground/ugv_repo/OperationTouchdown/ugv_ws/install/depthai_ros_msgs/lib/python3.12/site-packages/depthai_ros_msgs/msg/_spatial_detection_array.py
[4.865s] -- Up-to-date symlink: /home/ground/ugv_repo/OperationTouchdown/ugv_ws/install/depthai_ros_msgs/lib/python3.12/site-packages/depthai_ros_msgs/msg/_spatial_detection_array_s.c
[4.866s] -- Up-to-date symlink: /home/ground/ugv_repo/OperationTouchdown/ugv_ws/install/depthai_ros_msgs/lib/python3.12/site-packages/depthai_ros_msgs/msg/_spatial_detection_s.c
[4.866s] -- Up-to-date symlink: /home/ground/ugv_repo/OperationTouchdown/ugv_ws/install/depthai_ros_msgs/lib/python3.12/site-packages/depthai_ros_msgs/msg/_track_detection2_d.py
[4.866s] -- Up-to-date symlink: /home/ground/ugv_repo/OperationTouchdown/ugv_ws/install/depthai_ros_msgs/lib/python3.12/site-packages/depthai_ros_msgs/msg/_track_detection2_d_array.py
[4.866s] -- Up-to-date symlink: /home/ground/ugv_repo/OperationTouchdown/ugv_ws/install/depthai_ros_msgs/lib/python3.12/site-packages/depthai_ros_msgs/msg/_track_detection2_d_array_s.c
[4.866s] -- Up-to-date symlink: /home/ground/ugv_repo/OperationTouchdown/ugv_ws/install/depthai_ros_msgs/lib/python3.12/site-packages/depthai_ros_msgs/msg/_track_detection2_d_s.c
[4.866s] -- Up-to-date symlink: /home/ground/ugv_repo/OperationTouchdown/ugv_ws/install/depthai_ros_msgs/lib/python3.12/site-packages/depthai_ros_msgs/msg/_tracked_feature.py
[4.867s] -- Up-to-date symlink: /home/ground/ugv_repo/OperationTouchdown/ugv_ws/install/depthai_ros_msgs/lib/python3.12/site-packages/depthai_ros_msgs/msg/_tracked_feature_s.c
[4.867s] -- Up-to-date symlink: /home/ground/ugv_repo/OperationTouchdown/ugv_ws/install/depthai_ros_msgs/lib/python3.12/site-packages/depthai_ros_msgs/msg/_tracked_features.py
[4.867s] -- Up-to-date symlink: /home/ground/ugv_repo/OperationTouchdown/ugv_ws/install/depthai_ros_msgs/lib/python3.12/site-packages/depthai_ros_msgs/msg/_tracked_features_s.c
[4.868s] -- Up-to-date symlink: /home/ground/ugv_repo/OperationTouchdown/ugv_ws/install/depthai_ros_msgs/lib/python3.12/site-packages/depthai_ros_msgs/srv/__init__.py
[4.868s] -- Up-to-date symlink: /home/ground/ugv_repo/OperationTouchdown/ugv_ws/install/depthai_ros_msgs/lib/python3.12/site-packages/depthai_ros_msgs/srv/_normalized_image_crop.py
[4.869s] -- Up-to-date symlink: /home/ground/ugv_repo/OperationTouchdown/ugv_ws/install/depthai_ros_msgs/lib/python3.12/site-packages/depthai_ros_msgs/srv/_normalized_image_crop_s.c
[4.869s] -- Up-to-date symlink: /home/ground/ugv_repo/OperationTouchdown/ugv_ws/install/depthai_ros_msgs/lib/python3.12/site-packages/depthai_ros_msgs/srv/_trigger_named.py
[4.870s] -- Up-to-date symlink: /home/ground/ugv_repo/OperationTouchdown/ugv_ws/install/depthai_ros_msgs/lib/python3.12/site-packages/depthai_ros_msgs/srv/_trigger_named_s.c
[4.873s] -- Up-to-date symlink: /home/ground/ugv_repo/OperationTouchdown/ugv_ws/install/depthai_ros_msgs/lib/python3.12/site-packages/depthai_ros_msgs/depthai_ros_msgs_s__rosidl_typesupport_fastrtps_c.so
[4.875s] -- Up-to-date symlink: /home/ground/ugv_repo/OperationTouchdown/ugv_ws/install/depthai_ros_msgs/lib/python3.12/site-packages/depthai_ros_msgs/depthai_ros_msgs_s__rosidl_typesupport_introspection_c.so
[4.876s] -- Up-to-date symlink: /home/ground/ugv_repo/OperationTouchdown/ugv_ws/install/depthai_ros_msgs/lib/python3.12/site-packages/depthai_ros_msgs/depthai_ros_msgs_s__rosidl_typesupport_c.so
[4.879s] -- Up-to-date symlink: /home/ground/ugv_repo/OperationTouchdown/ugv_ws/install/depthai_ros_msgs/share/depthai_ros_msgs/msg/AutoFocusCtrl.idl
[4.881s] -- Up-to-date symlink: /home/ground/ugv_repo/OperationTouchdown/ugv_ws/install/depthai_ros_msgs/share/depthai_ros_msgs/msg/HandLandmark.idl
[4.883s] -- Up-to-date symlink: /home/ground/ugv_repo/OperationTouchdown/ugv_ws/install/depthai_ros_msgs/share/depthai_ros_msgs/msg/HandLandmarkArray.idl
[4.889s] -- Up-to-date symlink: /home/ground/ugv_repo/OperationTouchdown/ugv_ws/install/depthai_ros_msgs/share/depthai_ros_msgs/msg/ImuWithMagneticField.idl
[4.889s] -- Up-to-date symlink: /home/ground/ugv_repo/OperationTouchdown/ugv_ws/install/depthai_ros_msgs/share/depthai_ros_msgs/msg/TrackedFeature.idl
[4.893s] -- Up-to-date symlink: /home/ground/ugv_repo/OperationTouchdown/ugv_ws/install/depthai_ros_msgs/share/depthai_ros_msgs/msg/TrackedFeatures.idl
[4.893s] -- Up-to-date symlink: /home/ground/ugv_repo/OperationTouchdown/ugv_ws/install/depthai_ros_msgs/share/depthai_ros_msgs/msg/SpatialDetection.idl
[4.894s] -- Up-to-date symlink: /home/ground/ugv_repo/OperationTouchdown/ugv_ws/install/depthai_ros_msgs/share/depthai_ros_msgs/msg/SpatialDetectionArray.idl
[4.895s] -- Up-to-date symlink: /home/ground/ugv_repo/OperationTouchdown/ugv_ws/install/depthai_ros_msgs/share/depthai_ros_msgs/msg/TrackDetection2D.idl
[4.896s] -- Up-to-date symlink: /home/ground/ugv_repo/OperationTouchdown/ugv_ws/install/depthai_ros_msgs/share/depthai_ros_msgs/msg/TrackDetection2DArray.idl
[4.899s] -- Up-to-date symlink: /home/ground/ugv_repo/OperationTouchdown/ugv_ws/install/depthai_ros_msgs/share/depthai_ros_msgs/srv/TriggerNamed.idl
[4.902s] -- Up-to-date symlink: /home/ground/ugv_repo/OperationTouchdown/ugv_ws/install/depthai_ros_msgs/share/depthai_ros_msgs/srv/NormalizedImageCrop.idl
[4.902s] -- Up-to-date symlink: /home/ground/ugv_repo/OperationTouchdown/ugv_ws/install/depthai_ros_msgs/share/depthai_ros_msgs/msg/AutoFocusCtrl.msg
[4.909s] -- Up-to-date symlink: /home/ground/ugv_repo/OperationTouchdown/ugv_ws/install/depthai_ros_msgs/share/depthai_ros_msgs/msg/HandLandmark.msg
[4.915s] -- Up-to-date symlink: /home/ground/ugv_repo/OperationTouchdown/ugv_ws/install/depthai_ros_msgs/share/depthai_ros_msgs/msg/HandLandmarkArray.msg
[4.915s] -- Up-to-date symlink: /home/ground/ugv_repo/OperationTouchdown/ugv_ws/install/depthai_ros_msgs/share/depthai_ros_msgs/msg/ImuWithMagneticField.msg
[4.915s] -- Up-to-date symlink: /home/ground/ugv_repo/OperationTouchdown/ugv_ws/install/depthai_ros_msgs/share/depthai_ros_msgs/msg/TrackedFeature.msg
[4.915s] -- Up-to-date symlink: /home/ground/ugv_repo/OperationTouchdown/ugv_ws/install/depthai_ros_msgs/share/depthai_ros_msgs/msg/TrackedFeatures.msg
[4.922s] -- Up-to-date symlink: /home/ground/ugv_repo/OperationTouchdown/ugv_ws/install/depthai_ros_msgs/share/depthai_ros_msgs/msg/SpatialDetection.msg
[4.927s] -- Up-to-date symlink: /home/ground/ugv_repo/OperationTouchdown/ugv_ws/install/depthai_ros_msgs/share/depthai_ros_msgs/msg/SpatialDetectionArray.msg
[4.927s] -- Up-to-date symlink: /home/ground/ugv_repo/OperationTouchdown/ugv_ws/install/depthai_ros_msgs/share/depthai_ros_msgs/msg/TrackDetection2D.msg
[4.927s] -- Up-to-date symlink: /home/ground/ugv_repo/OperationTouchdown/ugv_ws/install/depthai_ros_msgs/share/depthai_ros_msgs/msg/TrackDetection2DArray.msg
[4.928s] -- Up-to-date symlink: /home/ground/ugv_repo/OperationTouchdown/ugv_ws/install/depthai_ros_msgs/share/depthai_ros_msgs/srv/TriggerNamed.srv
[4.928s] -- Up-to-date symlink: /home/ground/ugv_repo/OperationTouchdown/ugv_ws/install/depthai_ros_msgs/share/depthai_ros_msgs/srv/NormalizedImageCrop.srv
[4.928s] -- Up-to-date symlink: /home/ground/ugv_repo/OperationTouchdown/ugv_ws/install/depthai_ros_msgs/share/ament_index/resource_index/package_run_dependencies/depthai_ros_msgs
[4.928s] -- Up-to-date symlink: /home/ground/ugv_repo/OperationTouchdown/ugv_ws/install/depthai_ros_msgs/share/ament_index/resource_index/parent_prefix_path/depthai_ros_msgs
[4.928s] -- Up-to-date symlink: /home/ground/ugv_repo/OperationTouchdown/ugv_ws/install/depthai_ros_msgs/share/depthai_ros_msgs/environment/ament_prefix_path.sh
[4.928s] -- Up-to-date symlink: /home/ground/ugv_repo/OperationTouchdown/ugv_ws/install/depthai_ros_msgs/share/depthai_ros_msgs/environment/ament_prefix_path.dsv
[4.941s] -- Up-to-date symlink: /home/ground/ugv_repo/OperationTouchdown/ugv_ws/install/depthai_ros_msgs/share/depthai_ros_msgs/environment/path.sh
[4.943s] -- Up-to-date symlink: /home/ground/ugv_repo/OperationTouchdown/ugv_ws/install/depthai_ros_msgs/share/depthai_ros_msgs/environment/path.dsv
[4.944s] -- Up-to-date symlink: /home/ground/ugv_repo/OperationTouchdown/ugv_ws/install/depthai_ros_msgs/share/depthai_ros_msgs/local_setup.bash
[4.945s] -- Up-to-date symlink: /home/ground/ugv_repo/OperationTouchdown/ugv_ws/install/depthai_ros_msgs/share/depthai_ros_msgs/local_setup.sh
[4.945s] -- Up-to-date symlink: /home/ground/ugv_repo/OperationTouchdown/ugv_ws/install/depthai_ros_msgs/share/depthai_ros_msgs/local_setup.zsh
[4.948s] -- Up-to-date symlink: /home/ground/ugv_repo/OperationTouchdown/ugv_ws/install/depthai_ros_msgs/share/depthai_ros_msgs/local_setup.dsv
[4.948s] -- Symlinking: /home/ground/ugv_repo/OperationTouchdown/ugv_ws/install/depthai_ros_msgs/share/depthai_ros_msgs/package.dsv
[4.949s] -- Up-to-date symlink: /home/ground/ugv_repo/OperationTouchdown/ugv_ws/install/depthai_ros_msgs/share/ament_index/resource_index/packages/depthai_ros_msgs
[4.950s] -- Up-to-date symlink: /home/ground/ugv_repo/OperationTouchdown/ugv_ws/install/depthai_ros_msgs/share/depthai_ros_msgs/cmake/rosidl_cmake-extras.cmake
[4.950s] -- Up-to-date symlink: /home/ground/ugv_repo/OperationTouchdown/ugv_ws/install/depthai_ros_msgs/share/depthai_ros_msgs/cmake/ament_cmake_export_dependencies-extras.cmake
[4.951s] -- Up-to-date symlink: /home/ground/ugv_repo/OperationTouchdown/ugv_ws/install/depthai_ros_msgs/share/depthai_ros_msgs/cmake/ament_cmake_export_include_directories-extras.cmake
[4.954s] -- Up-to-date symlink: /home/ground/ugv_repo/OperationTouchdown/ugv_ws/install/depthai_ros_msgs/share/depthai_ros_msgs/cmake/ament_cmake_export_libraries-extras.cmake
[4.955s] -- Up-to-date symlink: /home/ground/ugv_repo/OperationTouchdown/ugv_ws/install/depthai_ros_msgs/share/depthai_ros_msgs/cmake/ament_cmake_export_targets-extras.cmake
[4.956s] -- Up-to-date symlink: /home/ground/ugv_repo/OperationTouchdown/ugv_ws/install/depthai_ros_msgs/share/depthai_ros_msgs/cmake/rosidl_cmake_export_typesupport_targets-extras.cmake
[4.962s] -- Up-to-date symlink: /home/ground/ugv_repo/OperationTouchdown/ugv_ws/install/depthai_ros_msgs/share/depthai_ros_msgs/cmake/rosidl_cmake_export_typesupport_libraries-extras.cmake
[4.965s] -- Up-to-date symlink: /home/ground/ugv_repo/OperationTouchdown/ugv_ws/install/depthai_ros_msgs/share/depthai_ros_msgs/cmake/depthai_ros_msgsConfig.cmake
[4.969s] -- Up-to-date symlink: /home/ground/ugv_repo/OperationTouchdown/ugv_ws/install/depthai_ros_msgs/share/depthai_ros_msgs/cmake/depthai_ros_msgsConfig-version.cmake
[4.971s] -- Up-to-date symlink: /home/ground/ugv_repo/OperationTouchdown/ugv_ws/install/depthai_ros_msgs/share/depthai_ros_msgs/package.xml
[4.971s] -- Up-to-date: /home/ground/ugv_repo/OperationTouchdown/ugv_ws/install/depthai_ros_msgs/lib/libdepthai_ros_msgs__rosidl_generator_c.so
[4.971s] -- Up-to-date: /home/ground/ugv_repo/OperationTouchdown/ugv_ws/install/depthai_ros_msgs/lib/libdepthai_ros_msgs__rosidl_typesupport_fastrtps_c.so
[4.971s] -- Up-to-date: /home/ground/ugv_repo/OperationTouchdown/ugv_ws/install/depthai_ros_msgs/lib/libdepthai_ros_msgs__rosidl_typesupport_fastrtps_cpp.so
[4.971s] -- Up-to-date: /home/ground/ugv_repo/OperationTouchdown/ugv_ws/install/depthai_ros_msgs/lib/libdepthai_ros_msgs__rosidl_typesupport_introspection_c.so
[4.977s] -- Up-to-date: /home/ground/ugv_repo/OperationTouchdown/ugv_ws/install/depthai_ros_msgs/lib/libdepthai_ros_msgs__rosidl_typesupport_c.so
[4.981s] -- Up-to-date: /home/ground/ugv_repo/OperationTouchdown/ugv_ws/install/depthai_ros_msgs/lib/libdepthai_ros_msgs__rosidl_typesupport_introspection_cpp.so
[4.986s] -- Up-to-date: /home/ground/ugv_repo/OperationTouchdown/ugv_ws/install/depthai_ros_msgs/lib/libdepthai_ros_msgs__rosidl_typesupport_cpp.so
[5.042s] Listing '/home/ground/ugv_repo/OperationTouchdown/ugv_ws/install/depthai_ros_msgs/lib/python3.12/site-packages/depthai_ros_msgs'...
[5.043s] Listing '/home/ground/ugv_repo/OperationTouchdown/ugv_ws/install/depthai_ros_msgs/lib/python3.12/site-packages/depthai_ros_msgs/msg'...
[5.043s] Listing '/home/ground/ugv_repo/OperationTouchdown/ugv_ws/install/depthai_ros_msgs/lib/python3.12/site-packages/depthai_ros_msgs/srv'...
[5.068s] -- Up-to-date: /home/ground/ugv_repo/OperationTouchdown/ugv_ws/install/depthai_ros_msgs/lib/libdepthai_ros_msgs__rosidl_generator_py.so
[5.069s] -- Up-to-date: /home/ground/ugv_repo/OperationTouchdown/ugv_ws/install/depthai_ros_msgs/share/depthai_ros_msgs/cmake/export_depthai_ros_msgs__rosidl_generator_cExport.cmake
[5.069s] -- Up-to-date: /home/ground/ugv_repo/OperationTouchdown/ugv_ws/install/depthai_ros_msgs/share/depthai_ros_msgs/cmake/export_depthai_ros_msgs__rosidl_generator_cExport-noconfig.cmake
[5.069s] -- Up-to-date: /home/ground/ugv_repo/OperationTouchdown/ugv_ws/install/depthai_ros_msgs/share/depthai_ros_msgs/cmake/export_depthai_ros_msgs__rosidl_typesupport_fastrtps_cExport.cmake
[5.069s] -- Up-to-date: /home/ground/ugv_repo/OperationTouchdown/ugv_ws/install/depthai_ros_msgs/share/depthai_ros_msgs/cmake/export_depthai_ros_msgs__rosidl_typesupport_fastrtps_cExport-noconfig.cmake
[5.069s] -- Up-to-date: /home/ground/ugv_repo/OperationTouchdown/ugv_ws/install/depthai_ros_msgs/share/depthai_ros_msgs/cmake/export_depthai_ros_msgs__rosidl_generator_cppExport.cmake
[5.069s] -- Up-to-date: /home/ground/ugv_repo/OperationTouchdown/ugv_ws/install/depthai_ros_msgs/share/depthai_ros_msgs/cmake/export_depthai_ros_msgs__rosidl_typesupport_fastrtps_cppExport.cmake
[5.070s] -- Up-to-date: /home/ground/ugv_repo/OperationTouchdown/ugv_ws/install/depthai_ros_msgs/share/depthai_ros_msgs/cmake/export_depthai_ros_msgs__rosidl_typesupport_fastrtps_cppExport-noconfig.cmake
[5.072s] -- Up-to-date: /home/ground/ugv_repo/OperationTouchdown/ugv_ws/install/depthai_ros_msgs/share/depthai_ros_msgs/cmake/depthai_ros_msgs__rosidl_typesupport_introspection_cExport.cmake
[5.073s] -- Up-to-date: /home/ground/ugv_repo/OperationTouchdown/ugv_ws/install/depthai_ros_msgs/share/depthai_ros_msgs/cmake/depthai_ros_msgs__rosidl_typesupport_introspection_cExport-noconfig.cmake
[5.074s] -- Up-to-date: /home/ground/ugv_repo/OperationTouchdown/ugv_ws/install/depthai_ros_msgs/share/depthai_ros_msgs/cmake/depthai_ros_msgs__rosidl_typesupport_cExport.cmake
[5.074s] -- Up-to-date: /home/ground/ugv_repo/OperationTouchdown/ugv_ws/install/depthai_ros_msgs/share/depthai_ros_msgs/cmake/depthai_ros_msgs__rosidl_typesupport_cExport-noconfig.cmake
[5.074s] -- Up-to-date: /home/ground/ugv_repo/OperationTouchdown/ugv_ws/install/depthai_ros_msgs/share/depthai_ros_msgs/cmake/depthai_ros_msgs__rosidl_typesupport_introspection_cppExport.cmake
[5.076s] -- Up-to-date: /home/ground/ugv_repo/OperationTouchdown/ugv_ws/install/depthai_ros_msgs/share/depthai_ros_msgs/cmake/depthai_ros_msgs__rosidl_typesupport_introspection_cppExport-noconfig.cmake
[5.078s] -- Up-to-date: /home/ground/ugv_repo/OperationTouchdown/ugv_ws/install/depthai_ros_msgs/share/depthai_ros_msgs/cmake/depthai_ros_msgs__rosidl_typesupport_cppExport.cmake
[5.081s] -- Up-to-date: /home/ground/ugv_repo/OperationTouchdown/ugv_ws/install/depthai_ros_msgs/share/depthai_ros_msgs/cmake/depthai_ros_msgs__rosidl_typesupport_cppExport-noconfig.cmake
[5.083s] -- Up-to-date: /home/ground/ugv_repo/OperationTouchdown/ugv_ws/install/depthai_ros_msgs/share/depthai_ros_msgs/cmake/export_depthai_ros_msgs__rosidl_generator_pyExport.cmake
[5.088s] -- Up-to-date: /home/ground/ugv_repo/OperationTouchdown/ugv_ws/install/depthai_ros_msgs/share/depthai_ros_msgs/cmake/export_depthai_ros_msgs__rosidl_generator_pyExport-noconfig.cmake
[5.093s] Invoked command in '/home/ground/ugv_repo/OperationTouchdown/ugv_ws/build/depthai_ros_msgs' returned '0': CMAKE_PREFIX_PATH=${CMAKE_PREFIX_PATH}:/opt/ros/jazzy DEBUGINFOD_URLS=https://debuginfod.ubuntu.com /usr/bin/cmake --install /home/ground/ugv_repo/OperationTouchdown/ugv_ws/build/depthai_ros_msgs
