running egg_info
writing ../../build/my_ugv_hardware/my_ugv_hardware.egg-info/PKG-INFO
writing dependency_links to ../../build/my_ugv_hardware/my_ugv_hardware.egg-info/dependency_links.txt
writing entry points to ../../build/my_ugv_hardware/my_ugv_hardware.egg-info/entry_points.txt
writing requirements to ../../build/my_ugv_hardware/my_ugv_hardware.egg-info/requires.txt
writing top-level names to ../../build/my_ugv_hardware/my_ugv_hardware.egg-info/top_level.txt
reading manifest file '../../build/my_ugv_hardware/my_ugv_hardware.egg-info/SOURCES.txt'
writing manifest file '../../build/my_ugv_hardware/my_ugv_hardware.egg-info/SOURCES.txt'
running build
running build_py
running install
running install_lib
running install_data
running install_egg_info
removing '/home/ground/ugv_repo/OperationTouchdown/ugv_ws/install/my_ugv_hardware/lib/python3.12/site-packages/my_ugv_hardware-0.0.0-py3.12.egg-info' (and everything under it)
Copying ../../build/my_ugv_hardware/my_ugv_hardware.egg-info to /home/ground/ugv_repo/OperationTouchdown/ugv_ws/install/my_ugv_hardware/lib/python3.12/site-packages/my_ugv_hardware-0.0.0-py3.12.egg-info
running install_scripts
Installing lora_bridge script to /home/ground/ugv_repo/OperationTouchdown/ugv_ws/install/my_ugv_hardware/lib/my_ugv_hardware
Installing virtual_odom script to /home/ground/ugv_repo/OperationTouchdown/ugv_ws/install/my_ugv_hardware/lib/my_ugv_hardware
writing list of installed files to '/home/ground/ugv_repo/OperationTouchdown/ugv_ws/build/my_ugv_hardware/install.log'
