[2.893s] Invoking command in '/home/ground/ugv_repo/OperationTouchdown/ugv_ws/build/my_ugv_vision': DEBUGINFOD_URLS=https://debuginfod.ubuntu.com PYTHONPATH=/home/ground/ugv_repo/OperationTouchdown/ugv_ws/build/my_ugv_vision/prefix_override:/usr/lib/python3/dist-packages/colcon_core/task/python/colcon_distutils_commands:/home/ground/ugv_repo/OperationTouchdown/ugv_ws/install/my_ugv_vision/lib/python3.12/site-packages:${PYTHONPATH} /usr/bin/python3 -W ignore:setup.py install is deprecated -W ignore:easy_install command is deprecated setup.py develop --editable --build-directory /home/ground/ugv_repo/OperationTouchdown/ugv_ws/build/my_ugv_vision/build --no-deps symlink_data
[3.800s] running develop
[4.298s] running egg_info
[4.298s] creating my_ugv_vision.egg-info
[4.342s] writing my_ugv_vision.egg-info/PKG-INFO
[4.343s] writing dependency_links to my_ugv_vision.egg-info/dependency_links.txt
[4.345s] writing entry points to my_ugv_vision.egg-info/entry_points.txt
[4.353s] writing requirements to my_ugv_vision.egg-info/requires.txt
[4.356s] writing top-level names to my_ugv_vision.egg-info/top_level.txt
[4.361s] writing manifest file 'my_ugv_vision.egg-info/SOURCES.txt'
[4.466s] reading manifest file 'my_ugv_vision.egg-info/SOURCES.txt'
[4.468s] writing manifest file 'my_ugv_vision.egg-info/SOURCES.txt'
[4.529s] running build_ext
[4.529s] Creating /home/ground/ugv_repo/OperationTouchdown/ugv_ws/install/my_ugv_vision/lib/python3.12/site-packages/my-ugv-vision.egg-link (link to .)
[4.530s] Installing object_detector script to /home/ground/ugv_repo/OperationTouchdown/ugv_ws/install/my_ugv_vision/lib/my_ugv_vision
[4.531s] 
[4.531s] Installed /home/ground/ugv_repo/OperationTouchdown/ugv_ws/build/my_ugv_vision
[4.531s] running symlink_data
[4.531s] creating /home/ground/ugv_repo/OperationTouchdown/ugv_ws/install/my_ugv_vision/share/ament_index
[4.534s] creating /home/ground/ugv_repo/OperationTouchdown/ugv_ws/install/my_ugv_vision/share/ament_index/resource_index
[4.534s] creating /home/ground/ugv_repo/OperationTouchdown/ugv_ws/install/my_ugv_vision/share/ament_index/resource_index/packages
[4.534s] symbolically linking /home/ground/ugv_repo/OperationTouchdown/ugv_ws/build/my_ugv_vision/resource/my_ugv_vision -> /home/ground/ugv_repo/OperationTouchdown/ugv_ws/install/my_ugv_vision/share/ament_index/resource_index/packages
[4.534s] symbolically linking /home/ground/ugv_repo/OperationTouchdown/ugv_ws/build/my_ugv_vision/package.xml -> /home/ground/ugv_repo/OperationTouchdown/ugv_ws/install/my_ugv_vision/share/my_ugv_vision
[4.736s] Invoked command in '/home/ground/ugv_repo/OperationTouchdown/ugv_ws/build/my_ugv_vision' returned '0': DEBUGINFOD_URLS=https://debuginfod.ubuntu.com PYTHONPATH=/home/ground/ugv_repo/OperationTouchdown/ugv_ws/build/my_ugv_vision/prefix_override:/usr/lib/python3/dist-packages/colcon_core/task/python/colcon_distutils_commands:/home/ground/ugv_repo/OperationTouchdown/ugv_ws/install/my_ugv_vision/lib/python3.12/site-packages:${PYTHONPATH} /usr/bin/python3 -W ignore:setup.py install is deprecated -W ignore:easy_install command is deprecated setup.py develop --editable --build-directory /home/ground/ugv_repo/OperationTouchdown/ugv_ws/build/my_ugv_vision/build --no-deps symlink_data
