[0.076s] Invoking command in '/home/ugv/Desktop/OperationTouchdown/ugv_ws/build/depthai_descriptions': CMAKE_PREFIX_PATH=${CMAKE_PREFIX_PATH}:/opt/ros/jazzy DEBUGINFOD_URLS=https://debuginfod.ubuntu.com /usr/bin/cmake /home/ugv/Desktop/OperationTouchdown/ugv_ws/src/depthai-ros/depthai_descriptions -DCMAKE_INSTALL_PREFIX=/home/ugv/Desktop/OperationTouchdown/ugv_ws/install/depthai_descriptions
[0.278s] -- Found ament_cmake: 2.5.6 (/opt/ros/jazzy/share/ament_cmake/cmake)
[1.086s] -- Override CMake install command with custom implementation using symlinks instead of copying resources
[1.399s] -- Configuring done (1.2s)
[1.446s] -- Generating done (0.0s)
[1.450s] -- Build files have been written to: /home/ugv/Desktop/OperationTouchdown/ugv_ws/build/depthai_descriptions
[1.468s] Invoked command in '/home/ugv/Desktop/OperationTouchdown/ugv_ws/build/depthai_descriptions' returned '0': CMAKE_PREFIX_PATH=${CMAKE_PREFIX_PATH}:/opt/ros/jazzy DEBUGINFOD_URLS=https://debuginfod.ubuntu.com /usr/bin/cmake /home/ugv/Desktop/OperationTouchdown/ugv_ws/src/depthai-ros/depthai_descriptions -DCMAKE_INSTALL_PREFIX=/home/ugv/Desktop/OperationTouchdown/ugv_ws/install/depthai_descriptions
[1.471s] Invoking command in '/home/ugv/Desktop/OperationTouchdown/ugv_ws/build/depthai_descriptions': CMAKE_PREFIX_PATH=${CMAKE_PREFIX_PATH}:/opt/ros/jazzy DEBUGINFOD_URLS=https://debuginfod.ubuntu.com /usr/bin/cmake --build /home/ugv/Desktop/OperationTouchdown/ugv_ws/build/depthai_descriptions -- -j4 -l4
[1.571s] Invoked command in '/home/ugv/Desktop/OperationTouchdown/ugv_ws/build/depthai_descriptions' returned '0': CMAKE_PREFIX_PATH=${CMAKE_PREFIX_PATH}:/opt/ros/jazzy DEBUGINFOD_URLS=https://debuginfod.ubuntu.com /usr/bin/cmake --build /home/ugv/Desktop/OperationTouchdown/ugv_ws/build/depthai_descriptions -- -j4 -l4
[1.592s] Invoking command in '/home/ugv/Desktop/OperationTouchdown/ugv_ws/build/depthai_descriptions': CMAKE_PREFIX_PATH=${CMAKE_PREFIX_PATH}:/opt/ros/jazzy DEBUGINFOD_URLS=https://debuginfod.ubuntu.com /usr/bin/cmake --install /home/ugv/Desktop/OperationTouchdown/ugv_ws/build/depthai_descriptions
[1.611s] -- Install configuration: ""
[1.612s] -- Execute custom install script
[1.613s] -- Up-to-date symlink: /home/ugv/Desktop/OperationTouchdown/ugv_ws/install/depthai_descriptions/share/depthai_descriptions/urdf/base_descr.urdf.xacro
[1.613s] -- Up-to-date symlink: /home/ugv/Desktop/OperationTouchdown/ugv_ws/install/depthai_descriptions/share/depthai_descriptions/urdf/depthai_descr.urdf.xacro
[1.613s] -- Up-to-date symlink: /home/ugv/Desktop/OperationTouchdown/ugv_ws/install/depthai_descriptions/share/depthai_descriptions/urdf/include/base_macro.urdf.xacro
[1.614s] -- Up-to-date symlink: /home/ugv/Desktop/OperationTouchdown/ugv_ws/install/depthai_descriptions/share/depthai_descriptions/urdf/include/depthai_macro.urdf.xacro
[1.615s] -- Up-to-date symlink: /home/ugv/Desktop/OperationTouchdown/ugv_ws/install/depthai_descriptions/share/depthai_descriptions/urdf/models/OAK-1.stl
[1.615s] -- Up-to-date symlink: /home/ugv/Desktop/OperationTouchdown/ugv_ws/install/depthai_descriptions/share/depthai_descriptions/urdf/models/OAK-D-CM4-POE.stl
[1.615s] -- Up-to-date symlink: /home/ugv/Desktop/OperationTouchdown/ugv_ws/install/depthai_descriptions/share/depthai_descriptions/urdf/models/OAK-D-IOT-75.stl
[1.615s] -- Up-to-date symlink: /home/ugv/Desktop/OperationTouchdown/ugv_ws/install/depthai_descriptions/share/depthai_descriptions/urdf/models/OAK-D-LITE.stl
[1.615s] -- Up-to-date symlink: /home/ugv/Desktop/OperationTouchdown/ugv_ws/install/depthai_descriptions/share/depthai_descriptions/urdf/models/OAK-D-LR.stl
[1.615s] -- Up-to-date symlink: /home/ugv/Desktop/OperationTouchdown/ugv_ws/install/depthai_descriptions/share/depthai_descriptions/urdf/models/OAK-D-POE.stl
[1.616s] -- Up-to-date symlink: /home/ugv/Desktop/OperationTouchdown/ugv_ws/install/depthai_descriptions/share/depthai_descriptions/urdf/models/OAK-D-PRO-W.stl
[1.617s] -- Up-to-date symlink: /home/ugv/Desktop/OperationTouchdown/ugv_ws/install/depthai_descriptions/share/depthai_descriptions/urdf/models/OAK-D-PRO.stl
[1.618s] -- Up-to-date symlink: /home/ugv/Desktop/OperationTouchdown/ugv_ws/install/depthai_descriptions/share/depthai_descriptions/urdf/models/OAK-D-S2-POE.stl
[1.618s] -- Up-to-date symlink: /home/ugv/Desktop/OperationTouchdown/ugv_ws/install/depthai_descriptions/share/depthai_descriptions/urdf/models/OAK-D-S2.stl
[1.619s] -- Up-to-date symlink: /home/ugv/Desktop/OperationTouchdown/ugv_ws/install/depthai_descriptions/share/depthai_descriptions/urdf/models/OAK-D-SR-POE.stl
[1.620s] -- Up-to-date symlink: /home/ugv/Desktop/OperationTouchdown/ugv_ws/install/depthai_descriptions/share/depthai_descriptions/urdf/models/OAK-D-SR.stl
[1.620s] -- Up-to-date symlink: /home/ugv/Desktop/OperationTouchdown/ugv_ws/install/depthai_descriptions/share/depthai_descriptions/urdf/models/OAK-D.stl
[1.620s] -- Up-to-date symlink: /home/ugv/Desktop/OperationTouchdown/ugv_ws/install/depthai_descriptions/share/depthai_descriptions/urdf/models/OAK-T.stl
[1.620s] -- Up-to-date symlink: /home/ugv/Desktop/OperationTouchdown/ugv_ws/install/depthai_descriptions/share/depthai_descriptions/urdf/models/OAK4-D.stl
[1.620s] -- Up-to-date symlink: /home/ugv/Desktop/OperationTouchdown/ugv_ws/install/depthai_descriptions/share/depthai_descriptions/urdf/models/OAK4-S.stl
[1.621s] -- Up-to-date symlink: /home/ugv/Desktop/OperationTouchdown/ugv_ws/install/depthai_descriptions/share/depthai_descriptions/environment/depthai_descriptions.sh
[1.621s] -- Up-to-date symlink: /home/ugv/Desktop/OperationTouchdown/ugv_ws/install/depthai_descriptions/share/depthai_descriptions/environment/depthai_descriptions.dsv
[1.621s] -- Up-to-date symlink: /home/ugv/Desktop/OperationTouchdown/ugv_ws/install/depthai_descriptions/share/ament_index/resource_index/package_run_dependencies/depthai_descriptions
[1.622s] -- Up-to-date symlink: /home/ugv/Desktop/OperationTouchdown/ugv_ws/install/depthai_descriptions/share/ament_index/resource_index/parent_prefix_path/depthai_descriptions
[1.622s] -- Up-to-date symlink: /home/ugv/Desktop/OperationTouchdown/ugv_ws/install/depthai_descriptions/share/depthai_descriptions/environment/ament_prefix_path.sh
[1.622s] -- Up-to-date symlink: /home/ugv/Desktop/OperationTouchdown/ugv_ws/install/depthai_descriptions/share/depthai_descriptions/environment/ament_prefix_path.dsv
[1.622s] -- Up-to-date symlink: /home/ugv/Desktop/OperationTouchdown/ugv_ws/install/depthai_descriptions/share/depthai_descriptions/environment/path.sh
[1.622s] -- Up-to-date symlink: /home/ugv/Desktop/OperationTouchdown/ugv_ws/install/depthai_descriptions/share/depthai_descriptions/environment/path.dsv
[1.622s] -- Up-to-date symlink: /home/ugv/Desktop/OperationTouchdown/ugv_ws/install/depthai_descriptions/share/depthai_descriptions/local_setup.bash
[1.623s] -- Up-to-date symlink: /home/ugv/Desktop/OperationTouchdown/ugv_ws/install/depthai_descriptions/share/depthai_descriptions/local_setup.sh
[1.623s] -- Up-to-date symlink: /home/ugv/Desktop/OperationTouchdown/ugv_ws/install/depthai_descriptions/share/depthai_descriptions/local_setup.zsh
[1.623s] -- Up-to-date symlink: /home/ugv/Desktop/OperationTouchdown/ugv_ws/install/depthai_descriptions/share/depthai_descriptions/local_setup.dsv
[1.623s] -- Symlinking: /home/ugv/Desktop/OperationTouchdown/ugv_ws/install/depthai_descriptions/share/depthai_descriptions/package.dsv
[1.642s] -- Up-to-date symlink: /home/ugv/Desktop/OperationTouchdown/ugv_ws/install/depthai_descriptions/share/ament_index/resource_index/packages/depthai_descriptions
[1.642s] -- Up-to-date symlink: /home/ugv/Desktop/OperationTouchdown/ugv_ws/install/depthai_descriptions/share/depthai_descriptions/cmake/depthai_descriptionsConfig.cmake
[1.643s] -- Up-to-date symlink: /home/ugv/Desktop/OperationTouchdown/ugv_ws/install/depthai_descriptions/share/depthai_descriptions/cmake/depthai_descriptionsConfig-version.cmake
[1.643s] -- Up-to-date symlink: /home/ugv/Desktop/OperationTouchdown/ugv_ws/install/depthai_descriptions/share/depthai_descriptions/package.xml
[1.643s] -- Up-to-date: /home/ugv/Desktop/OperationTouchdown/ugv_ws/install/depthai_descriptions/share/depthai_descriptions/launch
[1.643s] -- Up-to-date: /home/ugv/Desktop/OperationTouchdown/ugv_ws/install/depthai_descriptions/share/depthai_descriptions/launch/urdf_launch.py
[1.648s] Invoked command in '/home/ugv/Desktop/OperationTouchdown/ugv_ws/build/depthai_descriptions' returned '0': CMAKE_PREFIX_PATH=${CMAKE_PREFIX_PATH}:/opt/ros/jazzy DEBUGINFOD_URLS=https://debuginfod.ubuntu.com /usr/bin/cmake --install /home/ugv/Desktop/OperationTouchdown/ugv_ws/build/depthai_descriptions
