[0.022s] Invoking command in '/home/ground/ugv_ws/build/depthai_filters': CMAKE_PREFIX_PATH=/home/ground/ugv_ws/install/depthai_ros_msgs:/home/ground/ugv_ws/install/rplidar_ros:/home/ground/ugv_ws/install/roboteq_ros2_driver:/home/ground/ugv_ws/install/my_ugv_bringup:/home/ground/ugv_ws/install/my_ugv_description:/home/ground/ugv_ws/install/depthai_filters:/home/ground/ugv_ws/install/depthai_bridge:/home/ground/ugv_ws/install/depthai_descriptions:/opt/ros/jazzy/opt/gz_sim_vendor:/opt/ros/jazzy/opt/gz_sensors_vendor:/opt/ros/jazzy/opt/gz_physics_vendor:/opt/ros/jazzy/opt/sdformat_vendor:/opt/ros/jazzy/opt/gz_gui_vendor:/opt/ros/jazzy/opt/gz_transport_vendor:/opt/ros/jazzy/opt/gz_rendering_vendor:/opt/ros/jazzy/opt/gz_plugin_vendor:/opt/ros/jazzy/opt/gz_fuel_tools_vendor:/opt/ros/jazzy/opt/gz_msgs_vendor:/opt/ros/jazzy/opt/gz_common_vendor:/opt/ros/jazzy/opt/gz_math_vendor:/opt/ros/jazzy/opt/gz_utils_vendor:/opt/ros/jazzy/opt/gz_tools_vendor:/opt/ros/jazzy/opt/gz_ogre_next_vendor:/opt/ros/jazzy/opt/gz_dartsim_vendor:/opt/ros/jazzy/opt/gz_cmake_vendor:/home/ground/ugv_ws/install/my_ugv_vision:/home/ground/ugv_ws/install/my_ugv_hardware:/opt/ros/jazzy DEBUGINFOD_URLS=https://debuginfod.ubuntu.com LD_LIBRARY_PATH=/home/ground/ugv_ws/install/depthai_ros_msgs/lib:/home/ground/ugv_ws/install/depthai_filters/lib:/home/ground/ugv_ws/install/depthai_bridge/lib:/opt/ros/jazzy/opt/gz_sim_vendor/lib:/opt/ros/jazzy/opt/gz_sensors_vendor/lib:/opt/ros/jazzy/opt/gz_physics_vendor/lib:/opt/ros/jazzy/opt/sdformat_vendor/lib:/opt/ros/jazzy/opt/rviz_ogre_vendor/lib:/opt/ros/jazzy/lib/aarch64-linux-gnu:/opt/ros/jazzy/opt/gz_gui_vendor/lib:/opt/ros/jazzy/opt/gz_transport_vendor/lib:/opt/ros/jazzy/opt/gz_rendering_vendor/lib:/opt/ros/jazzy/opt/gz_plugin_vendor/lib:/opt/ros/jazzy/opt/gz_fuel_tools_vendor/lib:/opt/ros/jazzy/opt/gz_msgs_vendor/lib:/opt/ros/jazzy/opt/gz_common_vendor/lib:/opt/ros/jazzy/opt/gz_math_vendor/lib:/opt/ros/jazzy/opt/gz_utils_vendor/lib:/opt/ros/jazzy/opt/gz_tools_vendor/lib:/opt/ros/jazzy/opt/gz_ogre_next_vendor/lib:/opt/ros/jazzy/opt/gz_dartsim_vendor/lib:/opt/ros/jazzy/opt/gz_cmake_vendor/lib:/opt/ros/jazzy/lib PYTHONPATH=/home/ground/ugv_ws/install/depthai_ros_msgs/lib/python3.12/site-packages:/home/ground/ugv_ws/build/my_ugv_vision:/home/ground/ugv_ws/install/my_ugv_vision/lib/python3.12/site-packages:/home/ground/ugv_ws/build/my_ugv_hardware:/home/ground/ugv_ws/install/my_ugv_hardware/lib/python3.12/site-packages:/opt/ros/jazzy/lib/python3.12/site-packages /usr/bin/cmake --build /home/ground/ugv_ws/build/depthai_filters -- -j4 -l4
[0.098s] -- Found ament_cmake_auto: 2.5.5 (/opt/ros/jazzy/share/ament_cmake_auto/cmake)
[0.441s] -- Override CMake install command with custom implementation using symlinks instead of copying resources
[0.667s] -- Found rosidl_generator_c: 4.6.7 (/opt/ros/jazzy/share/rosidl_generator_c/cmake)
[0.680s] -- Found rosidl_generator_cpp: 4.6.7 (/opt/ros/jazzy/share/rosidl_generator_cpp/cmake)
[0.696s] -- Using all available rosidl_typesupport_c: rosidl_typesupport_fastrtps_c;rosidl_typesupport_introspection_c
[0.714s] -- Using all available rosidl_typesupport_cpp: rosidl_typesupport_fastrtps_cpp;rosidl_typesupport_introspection_cpp
[0.858s] -- Found rmw_implementation_cmake: 7.3.3 (/opt/ros/jazzy/share/rmw_implementation_cmake/cmake)
[0.861s] -- Found rmw_fastrtps_cpp: 8.4.3 (/opt/ros/jazzy/share/rmw_fastrtps_cpp/cmake)
[0.955s] -- Using RMW implementation 'rmw_fastrtps_cpp' as default
[1.243s] -- Configuring done (1.2s)
[1.297s] -- Generating done (0.0s)
[1.310s] -- Build files have been written to: /home/ground/ugv_ws/build/depthai_filters
[1.471s] [ 11%] [32mBuilding CXX object CMakeFiles/depthai_filters.dir/src/detection2d_overlay.cpp.o[0m
[1.483s] [ 22%] [32mBuilding CXX object CMakeFiles/depthai_filters.dir/src/spatial_bb.cpp.o[0m
[35.697s] [ 33%] [32m[1mLinking CXX shared library libdepthai_filters.so[0m
[42.306s] [100%] Built target depthai_filters
[42.329s] Invoked command in '/home/ground/ugv_ws/build/depthai_filters' returned '0': CMAKE_PREFIX_PATH=/home/ground/ugv_ws/install/depthai_ros_msgs:/home/ground/ugv_ws/install/rplidar_ros:/home/ground/ugv_ws/install/roboteq_ros2_driver:/home/ground/ugv_ws/install/my_ugv_bringup:/home/ground/ugv_ws/install/my_ugv_description:/home/ground/ugv_ws/install/depthai_filters:/home/ground/ugv_ws/install/depthai_bridge:/home/ground/ugv_ws/install/depthai_descriptions:/opt/ros/jazzy/opt/gz_sim_vendor:/opt/ros/jazzy/opt/gz_sensors_vendor:/opt/ros/jazzy/opt/gz_physics_vendor:/opt/ros/jazzy/opt/sdformat_vendor:/opt/ros/jazzy/opt/gz_gui_vendor:/opt/ros/jazzy/opt/gz_transport_vendor:/opt/ros/jazzy/opt/gz_rendering_vendor:/opt/ros/jazzy/opt/gz_plugin_vendor:/opt/ros/jazzy/opt/gz_fuel_tools_vendor:/opt/ros/jazzy/opt/gz_msgs_vendor:/opt/ros/jazzy/opt/gz_common_vendor:/opt/ros/jazzy/opt/gz_math_vendor:/opt/ros/jazzy/opt/gz_utils_vendor:/opt/ros/jazzy/opt/gz_tools_vendor:/opt/ros/jazzy/opt/gz_ogre_next_vendor:/opt/ros/jazzy/opt/gz_dartsim_vendor:/opt/ros/jazzy/opt/gz_cmake_vendor:/home/ground/ugv_ws/install/my_ugv_vision:/home/ground/ugv_ws/install/my_ugv_hardware:/opt/ros/jazzy DEBUGINFOD_URLS=https://debuginfod.ubuntu.com LD_LIBRARY_PATH=/home/ground/ugv_ws/install/depthai_ros_msgs/lib:/home/ground/ugv_ws/install/depthai_filters/lib:/home/ground/ugv_ws/install/depthai_bridge/lib:/opt/ros/jazzy/opt/gz_sim_vendor/lib:/opt/ros/jazzy/opt/gz_sensors_vendor/lib:/opt/ros/jazzy/opt/gz_physics_vendor/lib:/opt/ros/jazzy/opt/sdformat_vendor/lib:/opt/ros/jazzy/opt/rviz_ogre_vendor/lib:/opt/ros/jazzy/lib/aarch64-linux-gnu:/opt/ros/jazzy/opt/gz_gui_vendor/lib:/opt/ros/jazzy/opt/gz_transport_vendor/lib:/opt/ros/jazzy/opt/gz_rendering_vendor/lib:/opt/ros/jazzy/opt/gz_plugin_vendor/lib:/opt/ros/jazzy/opt/gz_fuel_tools_vendor/lib:/opt/ros/jazzy/opt/gz_msgs_vendor/lib:/opt/ros/jazzy/opt/gz_common_vendor/lib:/opt/ros/jazzy/opt/gz_math_vendor/lib:/opt/ros/jazzy/opt/gz_utils_vendor/lib:/opt/ros/jazzy/opt/gz_tools_vendor/lib:/opt/ros/jazzy/opt/gz_ogre_next_vendor/lib:/opt/ros/jazzy/opt/gz_dartsim_vendor/lib:/opt/ros/jazzy/opt/gz_cmake_vendor/lib:/opt/ros/jazzy/lib PYTHONPATH=/home/ground/ugv_ws/install/depthai_ros_msgs/lib/python3.12/site-packages:/home/ground/ugv_ws/build/my_ugv_vision:/home/ground/ugv_ws/install/my_ugv_vision/lib/python3.12/site-packages:/home/ground/ugv_ws/build/my_ugv_hardware:/home/ground/ugv_ws/install/my_ugv_hardware/lib/python3.12/site-packages:/opt/ros/jazzy/lib/python3.12/site-packages /usr/bin/cmake --build /home/ground/ugv_ws/build/depthai_filters -- -j4 -l4
[42.331s] Invoking command in '/home/ground/ugv_ws/build/depthai_filters': CMAKE_PREFIX_PATH=/home/ground/ugv_ws/install/depthai_ros_msgs:/home/ground/ugv_ws/install/rplidar_ros:/home/ground/ugv_ws/install/roboteq_ros2_driver:/home/ground/ugv_ws/install/my_ugv_bringup:/home/ground/ugv_ws/install/my_ugv_description:/home/ground/ugv_ws/install/depthai_filters:/home/ground/ugv_ws/install/depthai_bridge:/home/ground/ugv_ws/install/depthai_descriptions:/opt/ros/jazzy/opt/gz_sim_vendor:/opt/ros/jazzy/opt/gz_sensors_vendor:/opt/ros/jazzy/opt/gz_physics_vendor:/opt/ros/jazzy/opt/sdformat_vendor:/opt/ros/jazzy/opt/gz_gui_vendor:/opt/ros/jazzy/opt/gz_transport_vendor:/opt/ros/jazzy/opt/gz_rendering_vendor:/opt/ros/jazzy/opt/gz_plugin_vendor:/opt/ros/jazzy/opt/gz_fuel_tools_vendor:/opt/ros/jazzy/opt/gz_msgs_vendor:/opt/ros/jazzy/opt/gz_common_vendor:/opt/ros/jazzy/opt/gz_math_vendor:/opt/ros/jazzy/opt/gz_utils_vendor:/opt/ros/jazzy/opt/gz_tools_vendor:/opt/ros/jazzy/opt/gz_ogre_next_vendor:/opt/ros/jazzy/opt/gz_dartsim_vendor:/opt/ros/jazzy/opt/gz_cmake_vendor:/home/ground/ugv_ws/install/my_ugv_vision:/home/ground/ugv_ws/install/my_ugv_hardware:/opt/ros/jazzy DEBUGINFOD_URLS=https://debuginfod.ubuntu.com LD_LIBRARY_PATH=/home/ground/ugv_ws/install/depthai_ros_msgs/lib:/home/ground/ugv_ws/install/depthai_filters/lib:/home/ground/ugv_ws/install/depthai_bridge/lib:/opt/ros/jazzy/opt/gz_sim_vendor/lib:/opt/ros/jazzy/opt/gz_sensors_vendor/lib:/opt/ros/jazzy/opt/gz_physics_vendor/lib:/opt/ros/jazzy/opt/sdformat_vendor/lib:/opt/ros/jazzy/opt/rviz_ogre_vendor/lib:/opt/ros/jazzy/lib/aarch64-linux-gnu:/opt/ros/jazzy/opt/gz_gui_vendor/lib:/opt/ros/jazzy/opt/gz_transport_vendor/lib:/opt/ros/jazzy/opt/gz_rendering_vendor/lib:/opt/ros/jazzy/opt/gz_plugin_vendor/lib:/opt/ros/jazzy/opt/gz_fuel_tools_vendor/lib:/opt/ros/jazzy/opt/gz_msgs_vendor/lib:/opt/ros/jazzy/opt/gz_common_vendor/lib:/opt/ros/jazzy/opt/gz_math_vendor/lib:/opt/ros/jazzy/opt/gz_utils_vendor/lib:/opt/ros/jazzy/opt/gz_tools_vendor/lib:/opt/ros/jazzy/opt/gz_ogre_next_vendor/lib:/opt/ros/jazzy/opt/gz_dartsim_vendor/lib:/opt/ros/jazzy/opt/gz_cmake_vendor/lib:/opt/ros/jazzy/lib PYTHONPATH=/home/ground/ugv_ws/install/depthai_ros_msgs/lib/python3.12/site-packages:/home/ground/ugv_ws/build/my_ugv_vision:/home/ground/ugv_ws/install/my_ugv_vision/lib/python3.12/site-packages:/home/ground/ugv_ws/build/my_ugv_hardware:/home/ground/ugv_ws/install/my_ugv_hardware/lib/python3.12/site-packages:/opt/ros/jazzy/lib/python3.12/site-packages /usr/bin/cmake --install /home/ground/ugv_ws/build/depthai_filters
[42.348s] -- Install configuration: ""
[42.349s] -- Execute custom install script
[42.351s] -- Up-to-date symlink: /home/ground/ugv_ws/install/depthai_filters/share/depthai_filters/launch/det2d_usb_cam_overlay.launch.py
[42.351s] -- Up-to-date symlink: /home/ground/ugv_ws/install/depthai_filters/share/depthai_filters/launch/example_det2d_overlay.launch.py
[42.351s] -- Up-to-date symlink: /home/ground/ugv_ws/install/depthai_filters/share/depthai_filters/launch/example_feature_3d.launch.py
[42.352s] -- Up-to-date symlink: /home/ground/ugv_ws/install/depthai_filters/share/depthai_filters/launch/example_feature_tracker.launch.py
[42.352s] -- Up-to-date symlink: /home/ground/ugv_ws/install/depthai_filters/share/depthai_filters/launch/example_seg_overlay.launch.py
[42.353s] -- Up-to-date symlink: /home/ground/ugv_ws/install/depthai_filters/share/depthai_filters/launch/example_wls_filter.launch.py
[42.353s] -- Up-to-date symlink: /home/ground/ugv_ws/install/depthai_filters/share/depthai_filters/launch/spatial_bb.launch.py
[42.353s] -- Up-to-date symlink: /home/ground/ugv_ws/install/depthai_filters/share/depthai_filters/launch/thermal_temp.launch.py
[42.354s] -- Up-to-date symlink: /home/ground/ugv_ws/install/depthai_filters/share/depthai_filters/config/detection.yaml
[42.355s] -- Up-to-date symlink: /home/ground/ugv_ws/install/depthai_filters/share/depthai_filters/config/feature_tracker.yaml
[42.355s] -- Up-to-date symlink: /home/ground/ugv_ws/install/depthai_filters/share/depthai_filters/config/spatial_bb.yaml
[42.355s] -- Up-to-date symlink: /home/ground/ugv_ws/install/depthai_filters/share/depthai_filters/config/usb_cam_overlay.yaml
[42.356s] -- Up-to-date symlink: /home/ground/ugv_ws/install/depthai_filters/share/depthai_filters/config/wls.yaml
[42.356s] -- Up-to-date symlink: /home/ground/ugv_ws/install/depthai_filters/lib/libdepthai_filters.so
[42.357s] -- Up-to-date symlink: /home/ground/ugv_ws/install/depthai_filters/include/depthai_filters/detection2d_overlay.hpp
[42.358s] -- Up-to-date symlink: /home/ground/ugv_ws/install/depthai_filters/include/depthai_filters/feature_tracker_overlay.hpp
[42.358s] -- Up-to-date symlink: /home/ground/ugv_ws/install/depthai_filters/include/depthai_filters/features_3d.hpp
[42.358s] -- Up-to-date symlink: /home/ground/ugv_ws/install/depthai_filters/include/depthai_filters/segmentation_overlay.hpp
[42.359s] -- Up-to-date symlink: /home/ground/ugv_ws/install/depthai_filters/include/depthai_filters/spatial_bb.hpp
[42.359s] -- Up-to-date symlink: /home/ground/ugv_ws/install/depthai_filters/include/depthai_filters/thermal_temp.hpp
[42.359s] -- Up-to-date symlink: /home/ground/ugv_ws/install/depthai_filters/include/depthai_filters/utils.hpp
[42.360s] -- Up-to-date symlink: /home/ground/ugv_ws/install/depthai_filters/include/depthai_filters/wls_filter.hpp
[42.360s] -- Up-to-date symlink: /home/ground/ugv_ws/install/depthai_filters/share/ament_index/resource_index/package_run_dependencies/depthai_filters
[42.360s] -- Up-to-date symlink: /home/ground/ugv_ws/install/depthai_filters/share/ament_index/resource_index/parent_prefix_path/depthai_filters
[42.361s] -- Up-to-date symlink: /home/ground/ugv_ws/install/depthai_filters/share/depthai_filters/environment/ament_prefix_path.sh
[42.361s] -- Up-to-date symlink: /home/ground/ugv_ws/install/depthai_filters/share/depthai_filters/environment/ament_prefix_path.dsv
[42.361s] -- Up-to-date symlink: /home/ground/ugv_ws/install/depthai_filters/share/depthai_filters/environment/path.sh
[42.362s] -- Up-to-date symlink: /home/ground/ugv_ws/install/depthai_filters/share/depthai_filters/environment/path.dsv
[42.362s] -- Up-to-date symlink: /home/ground/ugv_ws/install/depthai_filters/share/depthai_filters/local_setup.bash
[42.363s] -- Up-to-date symlink: /home/ground/ugv_ws/install/depthai_filters/share/depthai_filters/local_setup.sh
[42.363s] -- Up-to-date symlink: /home/ground/ugv_ws/install/depthai_filters/share/depthai_filters/local_setup.zsh
[42.363s] -- Up-to-date symlink: /home/ground/ugv_ws/install/depthai_filters/share/depthai_filters/local_setup.dsv
[42.364s] -- Symlinking: /home/ground/ugv_ws/install/depthai_filters/share/depthai_filters/package.dsv
[42.385s] -- Up-to-date symlink: /home/ground/ugv_ws/install/depthai_filters/share/ament_index/resource_index/packages/depthai_filters
[42.386s] -- Up-to-date symlink: /home/ground/ugv_ws/install/depthai_filters/share/ament_index/resource_index/rclcpp_components/depthai_filters
[42.386s] -- Up-to-date symlink: /home/ground/ugv_ws/install/depthai_filters/share/depthai_filters/cmake/ament_cmake_export_include_directories-extras.cmake
[42.387s] -- Up-to-date symlink: /home/ground/ugv_ws/install/depthai_filters/share/depthai_filters/cmake/depthai_filtersConfig.cmake
[42.387s] -- Up-to-date symlink: /home/ground/ugv_ws/install/depthai_filters/share/depthai_filters/cmake/depthai_filtersConfig-version.cmake
[42.388s] -- Up-to-date symlink: /home/ground/ugv_ws/install/depthai_filters/share/depthai_filters/package.xml
[42.391s] Invoked command in '/home/ground/ugv_ws/build/depthai_filters' returned '0': CMAKE_PREFIX_PATH=/home/ground/ugv_ws/install/depthai_ros_msgs:/home/ground/ugv_ws/install/rplidar_ros:/home/ground/ugv_ws/install/roboteq_ros2_driver:/home/ground/ugv_ws/install/my_ugv_bringup:/home/ground/ugv_ws/install/my_ugv_description:/home/ground/ugv_ws/install/depthai_filters:/home/ground/ugv_ws/install/depthai_bridge:/home/ground/ugv_ws/install/depthai_descriptions:/opt/ros/jazzy/opt/gz_sim_vendor:/opt/ros/jazzy/opt/gz_sensors_vendor:/opt/ros/jazzy/opt/gz_physics_vendor:/opt/ros/jazzy/opt/sdformat_vendor:/opt/ros/jazzy/opt/gz_gui_vendor:/opt/ros/jazzy/opt/gz_transport_vendor:/opt/ros/jazzy/opt/gz_rendering_vendor:/opt/ros/jazzy/opt/gz_plugin_vendor:/opt/ros/jazzy/opt/gz_fuel_tools_vendor:/opt/ros/jazzy/opt/gz_msgs_vendor:/opt/ros/jazzy/opt/gz_common_vendor:/opt/ros/jazzy/opt/gz_math_vendor:/opt/ros/jazzy/opt/gz_utils_vendor:/opt/ros/jazzy/opt/gz_tools_vendor:/opt/ros/jazzy/opt/gz_ogre_next_vendor:/opt/ros/jazzy/opt/gz_dartsim_vendor:/opt/ros/jazzy/opt/gz_cmake_vendor:/home/ground/ugv_ws/install/my_ugv_vision:/home/ground/ugv_ws/install/my_ugv_hardware:/opt/ros/jazzy DEBUGINFOD_URLS=https://debuginfod.ubuntu.com LD_LIBRARY_PATH=/home/ground/ugv_ws/install/depthai_ros_msgs/lib:/home/ground/ugv_ws/install/depthai_filters/lib:/home/ground/ugv_ws/install/depthai_bridge/lib:/opt/ros/jazzy/opt/gz_sim_vendor/lib:/opt/ros/jazzy/opt/gz_sensors_vendor/lib:/opt/ros/jazzy/opt/gz_physics_vendor/lib:/opt/ros/jazzy/opt/sdformat_vendor/lib:/opt/ros/jazzy/opt/rviz_ogre_vendor/lib:/opt/ros/jazzy/lib/aarch64-linux-gnu:/opt/ros/jazzy/opt/gz_gui_vendor/lib:/opt/ros/jazzy/opt/gz_transport_vendor/lib:/opt/ros/jazzy/opt/gz_rendering_vendor/lib:/opt/ros/jazzy/opt/gz_plugin_vendor/lib:/opt/ros/jazzy/opt/gz_fuel_tools_vendor/lib:/opt/ros/jazzy/opt/gz_msgs_vendor/lib:/opt/ros/jazzy/opt/gz_common_vendor/lib:/opt/ros/jazzy/opt/gz_math_vendor/lib:/opt/ros/jazzy/opt/gz_utils_vendor/lib:/opt/ros/jazzy/opt/gz_tools_vendor/lib:/opt/ros/jazzy/opt/gz_ogre_next_vendor/lib:/opt/ros/jazzy/opt/gz_dartsim_vendor/lib:/opt/ros/jazzy/opt/gz_cmake_vendor/lib:/opt/ros/jazzy/lib PYTHONPATH=/home/ground/ugv_ws/install/depthai_ros_msgs/lib/python3.12/site-packages:/home/ground/ugv_ws/build/my_ugv_vision:/home/ground/ugv_ws/install/my_ugv_vision/lib/python3.12/site-packages:/home/ground/ugv_ws/build/my_ugv_hardware:/home/ground/ugv_ws/install/my_ugv_hardware/lib/python3.12/site-packages:/opt/ros/jazzy/lib/python3.12/site-packages /usr/bin/cmake --install /home/ground/ugv_ws/build/depthai_filters
