[0.049s] Invoking command in '/home/ground/ugv_ws/build/my_ugv_description': CMAKE_PREFIX_PATH=${CMAKE_PREFIX_PATH}:/home/ground/ugv_ws/install/my_ugv_hardware:/opt/ros/jazzy DEBUGINFOD_URLS=https://debuginfod.ubuntu.com /usr/bin/cmake /home/ground/ugv_ws/src/my_ugv_description -DAMENT_CMAKE_SYMLINK_INSTALL=1 -DCMAKE_INSTALL_PREFIX=/home/ground/ugv_ws/install/my_ugv_description
[0.249s] -- The C compiler identification is GNU 13.3.0
[0.432s] -- The CXX compiler identification is GNU 13.3.0
[0.468s] -- Detecting C compiler ABI info
[0.804s] -- Detecting C compiler ABI info - done
[0.820s] -- Check for working C compiler: /usr/bin/cc - skipped
[0.821s] -- Detecting C compile features
[0.822s] -- Detecting C compile features - done
[0.841s] -- Detecting CXX compiler ABI info
[1.539s] -- Detecting CXX compiler ABI info - done
[1.563s] -- Check for working CXX compiler: /usr/bin/c++ - skipped
[1.565s] -- Detecting CXX compile features
[1.565s] -- Detecting CXX compile features - done
[1.574s] -- Found ament_cmake: 2.5.5 (/opt/ros/jazzy/share/ament_cmake/cmake)
[2.016s] -- Found Python3: /usr/bin/python3 (found version "3.12.3") found components: Interpreter 
[2.266s] -- Override CMake install command with custom implementation using symlinks instead of copying resources
[2.663s] -- Configuring done (2.6s)
[2.669s] -- Generating done (0.0s)
[2.672s] -- Build files have been written to: /home/ground/ugv_ws/build/my_ugv_description
[2.684s] Invoked command in '/home/ground/ugv_ws/build/my_ugv_description' returned '0': CMAKE_PREFIX_PATH=${CMAKE_PREFIX_PATH}:/home/ground/ugv_ws/install/my_ugv_hardware:/opt/ros/jazzy DEBUGINFOD_URLS=https://debuginfod.ubuntu.com /usr/bin/cmake /home/ground/ugv_ws/src/my_ugv_description -DAMENT_CMAKE_SYMLINK_INSTALL=1 -DCMAKE_INSTALL_PREFIX=/home/ground/ugv_ws/install/my_ugv_description
[2.687s] Invoking command in '/home/ground/ugv_ws/build/my_ugv_description': CMAKE_PREFIX_PATH=${CMAKE_PREFIX_PATH}:/home/ground/ugv_ws/install/my_ugv_hardware:/opt/ros/jazzy DEBUGINFOD_URLS=https://debuginfod.ubuntu.com /usr/bin/cmake --build /home/ground/ugv_ws/build/my_ugv_description -- -j4 -l4
[2.809s] Invoked command in '/home/ground/ugv_ws/build/my_ugv_description' returned '0': CMAKE_PREFIX_PATH=${CMAKE_PREFIX_PATH}:/home/ground/ugv_ws/install/my_ugv_hardware:/opt/ros/jazzy DEBUGINFOD_URLS=https://debuginfod.ubuntu.com /usr/bin/cmake --build /home/ground/ugv_ws/build/my_ugv_description -- -j4 -l4
[2.855s] Invoking command in '/home/ground/ugv_ws/build/my_ugv_description': CMAKE_PREFIX_PATH=${CMAKE_PREFIX_PATH}:/home/ground/ugv_ws/install/my_ugv_hardware:/opt/ros/jazzy DEBUGINFOD_URLS=https://debuginfod.ubuntu.com /usr/bin/cmake --install /home/ground/ugv_ws/build/my_ugv_description
[2.874s] -- Install configuration: ""
[2.875s] -- Execute custom install script
[2.876s] -- Symlinking: /home/ground/ugv_ws/install/my_ugv_description/share/my_ugv_description/urdf/ugv.urdf.xacro
[2.900s] -- Symlinking: /home/ground/ugv_ws/install/my_ugv_description/share/my_ugv_description/package.xml
[2.948s] -- Symlinking: /home/ground/ugv_ws/install/my_ugv_description/share/ament_index/resource_index/package_run_dependencies/my_ugv_description
[2.972s] -- Symlinking: /home/ground/ugv_ws/install/my_ugv_description/share/ament_index/resource_index/parent_prefix_path/my_ugv_description
[2.999s] -- Symlinking: /home/ground/ugv_ws/install/my_ugv_description/share/my_ugv_description/environment/ament_prefix_path.sh
[3.028s] -- Symlinking: /home/ground/ugv_ws/install/my_ugv_description/share/my_ugv_description/environment/ament_prefix_path.dsv
[3.075s] -- Symlinking: /home/ground/ugv_ws/install/my_ugv_description/share/my_ugv_description/environment/path.sh
[3.098s] -- Symlinking: /home/ground/ugv_ws/install/my_ugv_description/share/my_ugv_description/environment/path.dsv
[3.140s] -- Symlinking: /home/ground/ugv_ws/install/my_ugv_description/share/my_ugv_description/local_setup.bash
[3.162s] -- Symlinking: /home/ground/ugv_ws/install/my_ugv_description/share/my_ugv_description/local_setup.sh
[3.186s] -- Symlinking: /home/ground/ugv_ws/install/my_ugv_description/share/my_ugv_description/local_setup.zsh
[3.225s] -- Symlinking: /home/ground/ugv_ws/install/my_ugv_description/share/my_ugv_description/local_setup.dsv
[3.260s] -- Symlinking: /home/ground/ugv_ws/install/my_ugv_description/share/my_ugv_description/package.dsv
[3.281s] -- Symlinking: /home/ground/ugv_ws/install/my_ugv_description/share/ament_index/resource_index/packages/my_ugv_description
[3.317s] -- Symlinking: /home/ground/ugv_ws/install/my_ugv_description/share/my_ugv_description/cmake/my_ugv_descriptionConfig.cmake
[3.349s] -- Symlinking: /home/ground/ugv_ws/install/my_ugv_description/share/my_ugv_description/cmake/my_ugv_descriptionConfig-version.cmake
[3.374s] -- Up-to-date symlink: /home/ground/ugv_ws/install/my_ugv_description/share/my_ugv_description/package.xml
[3.378s] Invoked command in '/home/ground/ugv_ws/build/my_ugv_description' returned '0': CMAKE_PREFIX_PATH=${CMAKE_PREFIX_PATH}:/home/ground/ugv_ws/install/my_ugv_hardware:/opt/ros/jazzy DEBUGINFOD_URLS=https://debuginfod.ubuntu.com /usr/bin/cmake --install /home/ground/ugv_ws/build/my_ugv_description
