[0.000000] (-) TimerEvent: {}
[0.000163] (-) JobUnselected: {'identifier': 'depthai-ros'}
[0.000348] (-) JobUnselected: {'identifier': 'depthai_bridge'}
[0.000649] (-) JobUnselected: {'identifier': 'depthai_descriptions'}
[0.000832] (-) JobUnselected: {'identifier': 'depthai_examples'}
[0.001074] (-) JobUnselected: {'identifier': 'depthai_filters'}
[0.001212] (-) JobUnselected: {'identifier': 'depthai_ros_driver'}
[0.001243] (-) JobUnselected: {'identifier': 'depthai_ros_msgs'}
[0.001294] (-) JobUnselected: {'identifier': 'dual_laser_merger'}
[0.001317] (-) JobUnselected: {'identifier': 'my_ugv_bringup'}
[0.001337] (-) JobUnselected: {'identifier': 'my_ugv_description'}
[0.001681] (-) JobUnselected: {'identifier': 'roboteq_ros2_driver'}
[0.001710] (-) JobUnselected: {'identifier': 'rplidar_ros'}
[0.001766] (my_ugv_hardware) JobQueued: {'identifier': 'my_ugv_hardware', 'dependencies': OrderedDict()}
[0.001796] (my_ugv_hardware) JobStarted: {'identifier': 'my_ugv_hardware'}
[0.099661] (-) TimerEvent: {}
[0.199917] (-) TimerEvent: {}
[0.300128] (-) TimerEvent: {}
[0.400316] (-) TimerEvent: {}
[0.500535] (-) TimerEvent: {}
[0.600749] (-) TimerEvent: {}
[0.700942] (-) TimerEvent: {}
[0.801129] (-) TimerEvent: {}
[0.901319] (-) TimerEvent: {}
[1.001510] (-) TimerEvent: {}
[1.101754] (-) TimerEvent: {}
[1.202180] (-) TimerEvent: {}
[1.262349] (my_ugv_hardware) Command: {'cmd': ['/usr/bin/python3', '-W', 'ignore:setup.py install is deprecated', '-W', 'ignore:easy_install command is deprecated', 'setup.py', 'develop', '--uninstall', '--editable', '--build-directory', '/home/ugv/Desktop/OperationTouchdown/ugv_ws/build/my_ugv_hardware/build'], 'cwd': '/home/ugv/Desktop/OperationTouchdown/ugv_ws/build/my_ugv_hardware', 'env': {'LESSOPEN': '| /usr/bin/lesspipe %s', 'VSCODE_CWD': '/home/ugv', 'VSCODE_ESM_ENTRYPOINT': 'vs/workbench/api/node/extensionHostProcess', 'GZ_SIM_RESOURCE_PATH': '/opt/ros/jazzy/share', 'USER': 'ugv', 'SSH_CLIENT': '100.96.142.123 58621 22', 'VSCODE_NLS_CONFIG': '{"userLocale":"en","osLocale":"en","resolvedLanguage":"en","defaultMessagesFile":"/home/ugv/.cursor-server/bin/linux-arm64/aac81804b986d739acab348ed96b8bea6e83cc50/out/nls.messages.json","locale":"en","availableLanguages":{}}', 'GZ_CONFIG_PATH': '/opt/ros/jazzy/opt/gz_sim_vendor/share/gz:/opt/ros/jazzy/opt/sdformat_vendor/share/gz:/opt/ros/jazzy/opt/gz_gui_vendor/share/gz:/opt/ros/jazzy/opt/gz_transport_vendor/share/gz:/opt/ros/jazzy/opt/gz_rendering_vendor/share/gz:/opt/ros/jazzy/opt/gz_plugin_vendor/share/gz:/opt/ros/jazzy/opt/gz_fuel_tools_vendor/share/gz:/opt/ros/jazzy/opt/gz_msgs_vendor/share/gz:/opt/ros/jazzy/opt/gz_common_vendor/share/gz', 'VSCODE_HANDLES_UNCAUGHT_ERRORS': 'true', 'XDG_SESSION_TYPE': 'tty', 'SHLVL': '1', 'LD_LIBRARY_PATH': '/opt/ros/jazzy/opt/gz_sim_vendor/lib:/opt/ros/jazzy/opt/gz_sensors_vendor/lib:/opt/ros/jazzy/opt/gz_physics_vendor/lib:/opt/ros/jazzy/opt/sdformat_vendor/lib:/opt/ros/jazzy/opt/rviz_ogre_vendor/lib:/opt/ros/jazzy/lib/aarch64-linux-gnu:/opt/ros/jazzy/opt/gz_gui_vendor/lib:/opt/ros/jazzy/opt/gz_transport_vendor/lib:/opt/ros/jazzy/opt/gz_rendering_vendor/lib:/opt/ros/jazzy/opt/gz_plugin_vendor/lib:/opt/ros/jazzy/opt/gz_fuel_tools_vendor/lib:/opt/ros/jazzy/opt/gz_msgs_vendor/lib:/opt/ros/jazzy/opt/gz_common_vendor/lib:/opt/ros/jazzy/opt/gz_math_vendor/lib:/opt/ros/jazzy/opt/gz_utils_vendor/lib:/opt/ros/jazzy/opt/gz_tools_vendor/lib:/opt/ros/jazzy/opt/gz_ogre_next_vendor/lib:/opt/ros/jazzy/opt/gz_dartsim_vendor/lib:/opt/ros/jazzy/opt/gz_cmake_vendor/lib:/opt/ros/jazzy/lib', 'BROWSER': '/home/ugv/.cursor-server/bin/linux-arm64/aac81804b986d739acab348ed96b8bea6e83cc50/bin/helpers/browser.sh', 'HOME': '/home/ugv', 'OLDPWD': '/home/ugv/Desktop/OperationTouchdown/ugv_ws', 'VSCODE_IPC_HOOK_CLI': '/run/user/1000/vscode-ipc-c552065c-d05d-49d4-9687-cadc56a9625a.sock', 'ROS_PYTHON_VERSION': '3', 'NO_COLOR': '1', 'DBUS_SESSION_BUS_ADDRESS': 'unix:path=/run/user/1000/bus', 'DEBUGINFOD_URLS': 'https://debuginfod.ubuntu.com', 'ROS_DISTRO': 'jazzy', 'OVSX_REGISTRY_URL': 'https://open-vsx.org', 'LOGNAME': 'ugv', 'FORCE_COLOR': '0', 'VSCODE_HANDLES_SIGPIPE': 'true', 'IGN_GAZEBO_MODEL_PATH': '/opt/ros/jazzy/share', '_': '/usr/bin/colcon', 'ROS_VERSION': '2', 'CURSOR_LAYOUT': 'unifiedAgent', 'XDG_SESSION_CLASS': 'user', 'TERM': 'dumb', 'XDG_SESSION_ID': '4', 'GAZEBO_MODEL_PATH': '/opt/ros/jazzy/share', 'PATH': '/home/ugv/.cursor-server/bin/linux-arm64/aac81804b986d739acab348ed96b8bea6e83cc50:/home/ugv/.cursor-server/bin/linux-arm64/aac81804b986d739acab348ed96b8bea6e83cc50/bin/remote-cli:/opt/ros/jazzy/opt/gz_msgs_vendor/bin:/opt/ros/jazzy/opt/gz_tools_vendor/bin:/opt/ros/jazzy/opt/gz_ogre_next_vendor/bin:/opt/ros/jazzy/bin:/home/ugv/.cursor-server/bin/linux-arm64/aac81804b986d739acab348ed96b8bea6e83cc50/bin/remote-cli:/usr/local/sbin:/usr/local/bin:/usr/sbin:/usr/bin:/sbin:/bin:/usr/games:/usr/local/games:/snap/bin', 'VSCODE_AGENT_FOLDER': '/home/ugv/.cursor-server', 'XDG_RUNTIME_DIR': '/run/user/1000', 'CURSOR_AGENT': '1', 'LANG': 'en_US.UTF-8', 'LS_COLORS': '', 'AMENT_PREFIX_PATH': '/opt/ros/jazzy', 'SHELL': '/bin/bash', 'VSCODE_SERVER_SHUTDOWN_TIMEOUT': '300', 'LESSCLOSE': '/usr/bin/lesspipe %s %s', 'IGN_GAZEBO_RESOURCE_PATH': '/opt/ros/jazzy/share', 'GAZEBO_RESOURCE_PATH': '/opt/ros/jazzy/share', 'ROS_AUTOMATIC_DISCOVERY_RANGE': 'SUBNET', 'PWD': '/home/ugv/Desktop/OperationTouchdown/ugv_ws/build/my_ugv_hardware', 'LC_ALL': 'en_US.UTF-8', 'SSH_CONNECTION': '100.96.142.123 58621 100.81.31.74 22', 'XDG_DATA_DIRS': '/usr/share/gnome:/usr/local/share:/usr/share:/var/lib/snapd/desktop', 'PYTHONPATH': '/home/ugv/Desktop/OperationTouchdown/ugv_ws/build/my_ugv_hardware/prefix_override:/usr/lib/python3/dist-packages/colcon_core/task/python/colcon_distutils_commands:/home/ugv/Desktop/OperationTouchdown/ugv_ws/install/my_ugv_hardware/lib/python3.12/site-packages:/opt/ros/jazzy/lib/python3.12/site-packages', 'COLCON': '1', '_ZO_DOCTOR': '0', 'CMAKE_PREFIX_PATH': '/opt/ros/jazzy/opt/gz_sim_vendor:/opt/ros/jazzy/opt/gz_sensors_vendor:/opt/ros/jazzy/opt/gz_physics_vendor:/opt/ros/jazzy/opt/sdformat_vendor:/opt/ros/jazzy/opt/gz_gui_vendor:/opt/ros/jazzy/opt/gz_transport_vendor:/opt/ros/jazzy/opt/gz_rendering_vendor:/opt/ros/jazzy/opt/gz_plugin_vendor:/opt/ros/jazzy/opt/gz_fuel_tools_vendor:/opt/ros/jazzy/opt/gz_msgs_vendor:/opt/ros/jazzy/opt/gz_common_vendor:/opt/ros/jazzy/opt/gz_math_vendor:/opt/ros/jazzy/opt/gz_utils_vendor:/opt/ros/jazzy/opt/gz_tools_vendor:/opt/ros/jazzy/opt/gz_ogre_next_vendor:/opt/ros/jazzy/opt/gz_dartsim_vendor:/opt/ros/jazzy/opt/gz_cmake_vendor'}, 'shell': False}
[1.302271] (-) TimerEvent: {}
[1.402476] (-) TimerEvent: {}
[1.502684] (-) TimerEvent: {}
[1.602870] (-) TimerEvent: {}
[1.683482] (my_ugv_hardware) StdoutLine: {'line': b'running develop\n'}
[1.702947] (-) TimerEvent: {}
[1.803120] (-) TimerEvent: {}
[1.903309] (-) TimerEvent: {}
[1.967098] (my_ugv_hardware) StdoutLine: {'line': b'Removing /home/ugv/Desktop/OperationTouchdown/ugv_ws/install/my_ugv_hardware/lib/python3.12/site-packages/my-ugv-hardware.egg-link (link to .)\n'}
[2.003451] (-) TimerEvent: {}
[2.062236] (my_ugv_hardware) CommandEnded: {'returncode': 0}
[2.063752] (my_ugv_hardware) Command: {'cmd': ['/usr/bin/python3', '-W', 'ignore:setup.py install is deprecated', '-W', 'ignore:easy_install command is deprecated', 'setup.py', 'egg_info', '--egg-base', '../../build/my_ugv_hardware', 'build', '--build-base', '/home/ugv/Desktop/OperationTouchdown/ugv_ws/build/my_ugv_hardware/build', 'install', '--record', '/home/ugv/Desktop/OperationTouchdown/ugv_ws/build/my_ugv_hardware/install.log', '--install-scripts', '$base/lib/my_ugv_hardware', '--single-version-externally-managed', 'install_data', '--force'], 'cwd': '/home/ugv/Desktop/OperationTouchdown/ugv_ws/src/my_ugv_hardware', 'env': {'LESSOPEN': '| /usr/bin/lesspipe %s', 'VSCODE_CWD': '/home/ugv', 'VSCODE_ESM_ENTRYPOINT': 'vs/workbench/api/node/extensionHostProcess', 'GZ_SIM_RESOURCE_PATH': '/opt/ros/jazzy/share', 'USER': 'ugv', 'SSH_CLIENT': '100.96.142.123 58621 22', 'VSCODE_NLS_CONFIG': '{"userLocale":"en","osLocale":"en","resolvedLanguage":"en","defaultMessagesFile":"/home/ugv/.cursor-server/bin/linux-arm64/aac81804b986d739acab348ed96b8bea6e83cc50/out/nls.messages.json","locale":"en","availableLanguages":{}}', 'GZ_CONFIG_PATH': '/opt/ros/jazzy/opt/gz_sim_vendor/share/gz:/opt/ros/jazzy/opt/sdformat_vendor/share/gz:/opt/ros/jazzy/opt/gz_gui_vendor/share/gz:/opt/ros/jazzy/opt/gz_transport_vendor/share/gz:/opt/ros/jazzy/opt/gz_rendering_vendor/share/gz:/opt/ros/jazzy/opt/gz_plugin_vendor/share/gz:/opt/ros/jazzy/opt/gz_fuel_tools_vendor/share/gz:/opt/ros/jazzy/opt/gz_msgs_vendor/share/gz:/opt/ros/jazzy/opt/gz_common_vendor/share/gz', 'VSCODE_HANDLES_UNCAUGHT_ERRORS': 'true', 'XDG_SESSION_TYPE': 'tty', 'SHLVL': '1', 'LD_LIBRARY_PATH': '/opt/ros/jazzy/opt/gz_sim_vendor/lib:/opt/ros/jazzy/opt/gz_sensors_vendor/lib:/opt/ros/jazzy/opt/gz_physics_vendor/lib:/opt/ros/jazzy/opt/sdformat_vendor/lib:/opt/ros/jazzy/opt/rviz_ogre_vendor/lib:/opt/ros/jazzy/lib/aarch64-linux-gnu:/opt/ros/jazzy/opt/gz_gui_vendor/lib:/opt/ros/jazzy/opt/gz_transport_vendor/lib:/opt/ros/jazzy/opt/gz_rendering_vendor/lib:/opt/ros/jazzy/opt/gz_plugin_vendor/lib:/opt/ros/jazzy/opt/gz_fuel_tools_vendor/lib:/opt/ros/jazzy/opt/gz_msgs_vendor/lib:/opt/ros/jazzy/opt/gz_common_vendor/lib:/opt/ros/jazzy/opt/gz_math_vendor/lib:/opt/ros/jazzy/opt/gz_utils_vendor/lib:/opt/ros/jazzy/opt/gz_tools_vendor/lib:/opt/ros/jazzy/opt/gz_ogre_next_vendor/lib:/opt/ros/jazzy/opt/gz_dartsim_vendor/lib:/opt/ros/jazzy/opt/gz_cmake_vendor/lib:/opt/ros/jazzy/lib', 'BROWSER': '/home/ugv/.cursor-server/bin/linux-arm64/aac81804b986d739acab348ed96b8bea6e83cc50/bin/helpers/browser.sh', 'HOME': '/home/ugv', 'OLDPWD': '/home/ugv/Desktop/OperationTouchdown/ugv_ws', 'VSCODE_IPC_HOOK_CLI': '/run/user/1000/vscode-ipc-c552065c-d05d-49d4-9687-cadc56a9625a.sock', 'ROS_PYTHON_VERSION': '3', 'NO_COLOR': '1', 'DBUS_SESSION_BUS_ADDRESS': 'unix:path=/run/user/1000/bus', 'DEBUGINFOD_URLS': 'https://debuginfod.ubuntu.com', 'ROS_DISTRO': 'jazzy', 'OVSX_REGISTRY_URL': 'https://open-vsx.org', 'LOGNAME': 'ugv', 'FORCE_COLOR': '0', 'VSCODE_HANDLES_SIGPIPE': 'true', 'IGN_GAZEBO_MODEL_PATH': '/opt/ros/jazzy/share', '_': '/usr/bin/colcon', 'ROS_VERSION': '2', 'CURSOR_LAYOUT': 'unifiedAgent', 'XDG_SESSION_CLASS': 'user', 'TERM': 'dumb', 'XDG_SESSION_ID': '4', 'GAZEBO_MODEL_PATH': '/opt/ros/jazzy/share', 'PATH': '/home/ugv/.cursor-server/bin/linux-arm64/aac81804b986d739acab348ed96b8bea6e83cc50:/home/ugv/.cursor-server/bin/linux-arm64/aac81804b986d739acab348ed96b8bea6e83cc50/bin/remote-cli:/opt/ros/jazzy/opt/gz_msgs_vendor/bin:/opt/ros/jazzy/opt/gz_tools_vendor/bin:/opt/ros/jazzy/opt/gz_ogre_next_vendor/bin:/opt/ros/jazzy/bin:/home/ugv/.cursor-server/bin/linux-arm64/aac81804b986d739acab348ed96b8bea6e83cc50/bin/remote-cli:/usr/local/sbin:/usr/local/bin:/usr/sbin:/usr/bin:/sbin:/bin:/usr/games:/usr/local/games:/snap/bin', 'VSCODE_AGENT_FOLDER': '/home/ugv/.cursor-server', 'XDG_RUNTIME_DIR': '/run/user/1000', 'CURSOR_AGENT': '1', 'LANG': 'en_US.UTF-8', 'LS_COLORS': '', 'AMENT_PREFIX_PATH': '/opt/ros/jazzy', 'SHELL': '/bin/bash', 'VSCODE_SERVER_SHUTDOWN_TIMEOUT': '300', 'LESSCLOSE': '/usr/bin/lesspipe %s %s', 'IGN_GAZEBO_RESOURCE_PATH': '/opt/ros/jazzy/share', 'GAZEBO_RESOURCE_PATH': '/opt/ros/jazzy/share', 'ROS_AUTOMATIC_DISCOVERY_RANGE': 'SUBNET', 'PWD': '/home/ugv/Desktop/OperationTouchdown/ugv_ws/build/my_ugv_hardware', 'LC_ALL': 'en_US.UTF-8', 'SSH_CONNECTION': '100.96.142.123 58621 100.81.31.74 22', 'XDG_DATA_DIRS': '/usr/share/gnome:/usr/local/share:/usr/share:/var/lib/snapd/desktop', 'PYTHONPATH': '/home/ugv/Desktop/OperationTouchdown/ugv_ws/build/my_ugv_hardware/prefix_override:/usr/lib/python3/dist-packages/colcon_core/task/python/colcon_distutils_commands:/home/ugv/Desktop/OperationTouchdown/ugv_ws/install/my_ugv_hardware/lib/python3.12/site-packages:/opt/ros/jazzy/lib/python3.12/site-packages', 'COLCON': '1', '_ZO_DOCTOR': '0', 'CMAKE_PREFIX_PATH': '/opt/ros/jazzy/opt/gz_sim_vendor:/opt/ros/jazzy/opt/gz_sensors_vendor:/opt/ros/jazzy/opt/gz_physics_vendor:/opt/ros/jazzy/opt/sdformat_vendor:/opt/ros/jazzy/opt/gz_gui_vendor:/opt/ros/jazzy/opt/gz_transport_vendor:/opt/ros/jazzy/opt/gz_rendering_vendor:/opt/ros/jazzy/opt/gz_plugin_vendor:/opt/ros/jazzy/opt/gz_fuel_tools_vendor:/opt/ros/jazzy/opt/gz_msgs_vendor:/opt/ros/jazzy/opt/gz_common_vendor:/opt/ros/jazzy/opt/gz_math_vendor:/opt/ros/jazzy/opt/gz_utils_vendor:/opt/ros/jazzy/opt/gz_tools_vendor:/opt/ros/jazzy/opt/gz_ogre_next_vendor:/opt/ros/jazzy/opt/gz_dartsim_vendor:/opt/ros/jazzy/opt/gz_cmake_vendor'}, 'shell': False}
[2.103530] (-) TimerEvent: {}
[2.203731] (-) TimerEvent: {}
[2.245304] (my_ugv_hardware) StderrLine: {'line': b'/usr/lib/python3/dist-packages/setuptools/dist.py:744: SetuptoolsDeprecationWarning: Invalid dash-separated options\n'}
[2.245600] (my_ugv_hardware) StderrLine: {'line': b'!!\n'}
[2.245700] (my_ugv_hardware) StderrLine: {'line': b'\n'}
[2.245786] (my_ugv_hardware) StderrLine: {'line': b'        ********************************************************************************\n'}
[2.245871] (my_ugv_hardware) StderrLine: {'line': b"        Usage of dash-separated 'script-dir' will not be supported in future\n"}
[2.245961] (my_ugv_hardware) StderrLine: {'line': b"        versions. Please use the underscore name 'script_dir' instead.\n"}
[2.246065] (my_ugv_hardware) StderrLine: {'line': b'\n'}
[2.246190] (my_ugv_hardware) StderrLine: {'line': b'        This deprecation is overdue, please update your project and remove deprecated\n'}
[2.246278] (my_ugv_hardware) StderrLine: {'line': b'        calls to avoid build errors in the future.\n'}
[2.246363] (my_ugv_hardware) StderrLine: {'line': b'\n'}
[2.246445] (my_ugv_hardware) StderrLine: {'line': b'        See https://setuptools.pypa.io/en/latest/userguide/declarative_config.html for details.\n'}
[2.246526] (my_ugv_hardware) StderrLine: {'line': b'        ********************************************************************************\n'}
[2.246605] (my_ugv_hardware) StderrLine: {'line': b'\n'}
[2.246683] (my_ugv_hardware) StderrLine: {'line': b'!!\n'}
[2.246759] (my_ugv_hardware) StderrLine: {'line': b'  opt = self.warn_dash_deprecation(opt, section)\n'}
[2.303822] (-) TimerEvent: {}
[2.404012] (-) TimerEvent: {}
[2.438029] (my_ugv_hardware) StdoutLine: {'line': b'running egg_info\n'}
[2.464796] (my_ugv_hardware) StdoutLine: {'line': b'writing ../../build/my_ugv_hardware/my_ugv_hardware.egg-info/PKG-INFO\n'}
[2.465192] (my_ugv_hardware) StdoutLine: {'line': b'writing dependency_links to ../../build/my_ugv_hardware/my_ugv_hardware.egg-info/dependency_links.txt\n'}
[2.467558] (my_ugv_hardware) StdoutLine: {'line': b'writing entry points to ../../build/my_ugv_hardware/my_ugv_hardware.egg-info/entry_points.txt\n'}
[2.468213] (my_ugv_hardware) StdoutLine: {'line': b'writing requirements to ../../build/my_ugv_hardware/my_ugv_hardware.egg-info/requires.txt\n'}
[2.468915] (my_ugv_hardware) StdoutLine: {'line': b'writing top-level names to ../../build/my_ugv_hardware/my_ugv_hardware.egg-info/top_level.txt\n'}
[2.504101] (-) TimerEvent: {}
[2.524935] (my_ugv_hardware) StdoutLine: {'line': b"reading manifest file '../../build/my_ugv_hardware/my_ugv_hardware.egg-info/SOURCES.txt'\n"}
[2.526098] (my_ugv_hardware) StdoutLine: {'line': b"writing manifest file '../../build/my_ugv_hardware/my_ugv_hardware.egg-info/SOURCES.txt'\n"}
[2.526485] (my_ugv_hardware) StdoutLine: {'line': b'running build\n'}
[2.526665] (my_ugv_hardware) StdoutLine: {'line': b'running build_py\n'}
[2.527547] (my_ugv_hardware) StdoutLine: {'line': b'creating /home/ugv/Desktop/OperationTouchdown/ugv_ws/build/my_ugv_hardware/build\n'}
[2.528046] (my_ugv_hardware) StdoutLine: {'line': b'creating /home/ugv/Desktop/OperationTouchdown/ugv_ws/build/my_ugv_hardware/build/lib\n'}
[2.528355] (my_ugv_hardware) StdoutLine: {'line': b'creating /home/ugv/Desktop/OperationTouchdown/ugv_ws/build/my_ugv_hardware/build/lib/my_ugv_hardware\n'}
[2.528513] (my_ugv_hardware) StdoutLine: {'line': b'copying my_ugv_hardware/__init__.py -> /home/ugv/Desktop/OperationTouchdown/ugv_ws/build/my_ugv_hardware/build/lib/my_ugv_hardware\n'}
[2.528616] (my_ugv_hardware) StdoutLine: {'line': b'copying my_ugv_hardware/mission_controller.py -> /home/ugv/Desktop/OperationTouchdown/ugv_ws/build/my_ugv_hardware/build/lib/my_ugv_hardware\n'}
[2.528863] (my_ugv_hardware) StdoutLine: {'line': b'copying my_ugv_hardware/roboteq_bridge.py -> /home/ugv/Desktop/OperationTouchdown/ugv_ws/build/my_ugv_hardware/build/lib/my_ugv_hardware\n'}
[2.529048] (my_ugv_hardware) StdoutLine: {'line': b'copying my_ugv_hardware/kill_switch.py -> /home/ugv/Desktop/OperationTouchdown/ugv_ws/build/my_ugv_hardware/build/lib/my_ugv_hardware\n'}
[2.529185] (my_ugv_hardware) StdoutLine: {'line': b'copying my_ugv_hardware/lora_bridge.py -> /home/ugv/Desktop/OperationTouchdown/ugv_ws/build/my_ugv_hardware/build/lib/my_ugv_hardware\n'}
[2.529284] (my_ugv_hardware) StdoutLine: {'line': b'running install\n'}
[2.539378] (my_ugv_hardware) StdoutLine: {'line': b'running install_lib\n'}
[2.568291] (my_ugv_hardware) StdoutLine: {'line': b'creating /home/ugv/Desktop/OperationTouchdown/ugv_ws/install/my_ugv_hardware/lib/python3.12/site-packages/my_ugv_hardware\n'}
[2.568798] (my_ugv_hardware) StdoutLine: {'line': b'copying /home/ugv/Desktop/OperationTouchdown/ugv_ws/build/my_ugv_hardware/build/lib/my_ugv_hardware/__init__.py -> /home/ugv/Desktop/OperationTouchdown/ugv_ws/install/my_ugv_hardware/lib/python3.12/site-packages/my_ugv_hardware\n'}
[2.569057] (my_ugv_hardware) StdoutLine: {'line': b'copying /home/ugv/Desktop/OperationTouchdown/ugv_ws/build/my_ugv_hardware/build/lib/my_ugv_hardware/mission_controller.py -> /home/ugv/Desktop/OperationTouchdown/ugv_ws/install/my_ugv_hardware/lib/python3.12/site-packages/my_ugv_hardware\n'}
[2.569439] (my_ugv_hardware) StdoutLine: {'line': b'copying /home/ugv/Desktop/OperationTouchdown/ugv_ws/build/my_ugv_hardware/build/lib/my_ugv_hardware/roboteq_bridge.py -> /home/ugv/Desktop/OperationTouchdown/ugv_ws/install/my_ugv_hardware/lib/python3.12/site-packages/my_ugv_hardware\n'}
[2.569594] (my_ugv_hardware) StdoutLine: {'line': b'copying /home/ugv/Desktop/OperationTouchdown/ugv_ws/build/my_ugv_hardware/build/lib/my_ugv_hardware/kill_switch.py -> /home/ugv/Desktop/OperationTouchdown/ugv_ws/install/my_ugv_hardware/lib/python3.12/site-packages/my_ugv_hardware\n'}
[2.569711] (my_ugv_hardware) StdoutLine: {'line': b'copying /home/ugv/Desktop/OperationTouchdown/ugv_ws/build/my_ugv_hardware/build/lib/my_ugv_hardware/lora_bridge.py -> /home/ugv/Desktop/OperationTouchdown/ugv_ws/install/my_ugv_hardware/lib/python3.12/site-packages/my_ugv_hardware\n'}
[2.570443] (my_ugv_hardware) StdoutLine: {'line': b'byte-compiling /home/ugv/Desktop/OperationTouchdown/ugv_ws/install/my_ugv_hardware/lib/python3.12/site-packages/my_ugv_hardware/__init__.py to __init__.cpython-312.pyc\n'}
[2.570893] (my_ugv_hardware) StdoutLine: {'line': b'byte-compiling /home/ugv/Desktop/OperationTouchdown/ugv_ws/install/my_ugv_hardware/lib/python3.12/site-packages/my_ugv_hardware/mission_controller.py to mission_controller.cpython-312.pyc\n'}
[2.575019] (my_ugv_hardware) StdoutLine: {'line': b'byte-compiling /home/ugv/Desktop/OperationTouchdown/ugv_ws/install/my_ugv_hardware/lib/python3.12/site-packages/my_ugv_hardware/roboteq_bridge.py to roboteq_bridge.cpython-312.pyc\n'}
[2.580000] (my_ugv_hardware) StdoutLine: {'line': b'byte-compiling /home/ugv/Desktop/OperationTouchdown/ugv_ws/install/my_ugv_hardware/lib/python3.12/site-packages/my_ugv_hardware/kill_switch.py to kill_switch.cpython-312.pyc\n'}
[2.582112] (my_ugv_hardware) StdoutLine: {'line': b'byte-compiling /home/ugv/Desktop/OperationTouchdown/ugv_ws/install/my_ugv_hardware/lib/python3.12/site-packages/my_ugv_hardware/lora_bridge.py to lora_bridge.cpython-312.pyc\n'}
[2.585083] (my_ugv_hardware) StdoutLine: {'line': b'running install_data\n'}
[2.585423] (my_ugv_hardware) StdoutLine: {'line': b'copying resource/my_ugv_hardware -> /home/ugv/Desktop/OperationTouchdown/ugv_ws/install/my_ugv_hardware/share/ament_index/resource_index/packages\n'}
[2.585706] (my_ugv_hardware) StdoutLine: {'line': b'copying package.xml -> /home/ugv/Desktop/OperationTouchdown/ugv_ws/install/my_ugv_hardware/share/my_ugv_hardware\n'}
[2.586087] (my_ugv_hardware) StdoutLine: {'line': b'running install_egg_info\n'}
[2.604215] (-) TimerEvent: {}
[2.616420] (my_ugv_hardware) StdoutLine: {'line': b'Copying ../../build/my_ugv_hardware/my_ugv_hardware.egg-info to /home/ugv/Desktop/OperationTouchdown/ugv_ws/install/my_ugv_hardware/lib/python3.12/site-packages/my_ugv_hardware-0.0.0-py3.12.egg-info\n'}
[2.617884] (my_ugv_hardware) StdoutLine: {'line': b'running install_scripts\n'}
[2.704310] (-) TimerEvent: {}
[2.804493] (-) TimerEvent: {}
[2.811879] (my_ugv_hardware) StdoutLine: {'line': b'Installing kill_switch script to /home/ugv/Desktop/OperationTouchdown/ugv_ws/install/my_ugv_hardware/lib/my_ugv_hardware\n'}
[2.812210] (my_ugv_hardware) StdoutLine: {'line': b'Installing lora_bridge script to /home/ugv/Desktop/OperationTouchdown/ugv_ws/install/my_ugv_hardware/lib/my_ugv_hardware\n'}
[2.812514] (my_ugv_hardware) StdoutLine: {'line': b'Installing mission_controller script to /home/ugv/Desktop/OperationTouchdown/ugv_ws/install/my_ugv_hardware/lib/my_ugv_hardware\n'}
[2.814209] (my_ugv_hardware) StdoutLine: {'line': b'Installing motor_driver script to /home/ugv/Desktop/OperationTouchdown/ugv_ws/install/my_ugv_hardware/lib/my_ugv_hardware\n'}
[2.814337] (my_ugv_hardware) StdoutLine: {'line': b'Installing virtual_odom script to /home/ugv/Desktop/OperationTouchdown/ugv_ws/install/my_ugv_hardware/lib/my_ugv_hardware\n'}
[2.814432] (my_ugv_hardware) StdoutLine: {'line': b"writing list of installed files to '/home/ugv/Desktop/OperationTouchdown/ugv_ws/build/my_ugv_hardware/install.log'\n"}
[2.897811] (my_ugv_hardware) CommandEnded: {'returncode': 0}
[2.904562] (-) TimerEvent: {}
[2.946405] (my_ugv_hardware) JobEnded: {'identifier': 'my_ugv_hardware', 'rc': 0}
[2.951778] (-) EventReactorShutdown: {}
