[0.025s] Invoking command in '/home/ugv/Desktop/OperationTouchdown/ugv_ws/build/depthai_descriptions': CMAKE_PREFIX_PATH=${CMAKE_PREFIX_PATH}:/opt/ros/jazzy /usr/bin/cmake --build /home/ugv/Desktop/OperationTouchdown/ugv_ws/build/depthai_descriptions -- -j4 -l4
[0.119s] Invoked command in '/home/ugv/Desktop/OperationTouchdown/ugv_ws/build/depthai_descriptions' returned '0': CMAKE_PREFIX_PATH=${CMAKE_PREFIX_PATH}:/opt/ros/jazzy /usr/bin/cmake --build /home/ugv/Desktop/OperationTouchdown/ugv_ws/build/depthai_descriptions -- -j4 -l4
[0.156s] Invoking command in '/home/ugv/Desktop/OperationTouchdown/ugv_ws/build/depthai_descriptions': CMAKE_PREFIX_PATH=${CMAKE_PREFIX_PATH}:/opt/ros/jazzy /usr/bin/cmake --install /home/ugv/Desktop/OperationTouchdown/ugv_ws/build/depthai_descriptions
[0.204s] -- Install configuration: ""
[0.205s] -- Execute custom install script
[0.211s] -- Up-to-date symlink: /home/ugv/Desktop/OperationTouchdown/ugv_ws/install/depthai_descriptions/share/depthai_descriptions/urdf/base_descr.urdf.xacro
[0.214s] -- Up-to-date symlink: /home/ugv/Desktop/OperationTouchdown/ugv_ws/install/depthai_descriptions/share/depthai_descriptions/urdf/depthai_descr.urdf.xacro
[0.218s] -- Up-to-date symlink: /home/ugv/Desktop/OperationTouchdown/ugv_ws/install/depthai_descriptions/share/depthai_descriptions/urdf/include/base_macro.urdf.xacro
[0.220s] -- Up-to-date symlink: /home/ugv/Desktop/OperationTouchdown/ugv_ws/install/depthai_descriptions/share/depthai_descriptions/urdf/include/depthai_macro.urdf.xacro
[0.222s] -- Up-to-date symlink: /home/ugv/Desktop/OperationTouchdown/ugv_ws/install/depthai_descriptions/share/depthai_descriptions/urdf/models/OAK-1.stl
[0.222s] -- Up-to-date symlink: /home/ugv/Desktop/OperationTouchdown/ugv_ws/install/depthai_descriptions/share/depthai_descriptions/urdf/models/OAK-D-CM4-POE.stl
[0.225s] -- Up-to-date symlink: /home/ugv/Desktop/OperationTouchdown/ugv_ws/install/depthai_descriptions/share/depthai_descriptions/urdf/models/OAK-D-IOT-75.stl
[0.227s] -- Up-to-date symlink: /home/ugv/Desktop/OperationTouchdown/ugv_ws/install/depthai_descriptions/share/depthai_descriptions/urdf/models/OAK-D-LITE.stl
[0.237s] -- Up-to-date symlink: /home/ugv/Desktop/OperationTouchdown/ugv_ws/install/depthai_descriptions/share/depthai_descriptions/urdf/models/OAK-D-LR.stl
[0.241s] -- Up-to-date symlink: /home/ugv/Desktop/OperationTouchdown/ugv_ws/install/depthai_descriptions/share/depthai_descriptions/urdf/models/OAK-D-POE.stl
[0.243s] -- Up-to-date symlink: /home/ugv/Desktop/OperationTouchdown/ugv_ws/install/depthai_descriptions/share/depthai_descriptions/urdf/models/OAK-D-PRO-W.stl
[0.244s] -- Up-to-date symlink: /home/ugv/Desktop/OperationTouchdown/ugv_ws/install/depthai_descriptions/share/depthai_descriptions/urdf/models/OAK-D-PRO.stl
[0.247s] -- Up-to-date symlink: /home/ugv/Desktop/OperationTouchdown/ugv_ws/install/depthai_descriptions/share/depthai_descriptions/urdf/models/OAK-D-S2-POE.stl
[0.249s] -- Up-to-date symlink: /home/ugv/Desktop/OperationTouchdown/ugv_ws/install/depthai_descriptions/share/depthai_descriptions/urdf/models/OAK-D-S2.stl
[0.252s] -- Up-to-date symlink: /home/ugv/Desktop/OperationTouchdown/ugv_ws/install/depthai_descriptions/share/depthai_descriptions/urdf/models/OAK-D-SR-POE.stl
[0.254s] -- Up-to-date symlink: /home/ugv/Desktop/OperationTouchdown/ugv_ws/install/depthai_descriptions/share/depthai_descriptions/urdf/models/OAK-D-SR.stl
[0.257s] -- Up-to-date symlink: /home/ugv/Desktop/OperationTouchdown/ugv_ws/install/depthai_descriptions/share/depthai_descriptions/urdf/models/OAK-D.stl
[0.259s] -- Up-to-date symlink: /home/ugv/Desktop/OperationTouchdown/ugv_ws/install/depthai_descriptions/share/depthai_descriptions/urdf/models/OAK-T.stl
[0.260s] -- Up-to-date symlink: /home/ugv/Desktop/OperationTouchdown/ugv_ws/install/depthai_descriptions/share/depthai_descriptions/urdf/models/OAK4-D.stl
[0.261s] -- Up-to-date symlink: /home/ugv/Desktop/OperationTouchdown/ugv_ws/install/depthai_descriptions/share/depthai_descriptions/urdf/models/OAK4-S.stl
[0.262s] -- Up-to-date symlink: /home/ugv/Desktop/OperationTouchdown/ugv_ws/install/depthai_descriptions/share/depthai_descriptions/environment/depthai_descriptions.sh
[0.263s] -- Up-to-date symlink: /home/ugv/Desktop/OperationTouchdown/ugv_ws/install/depthai_descriptions/share/depthai_descriptions/environment/depthai_descriptions.dsv
[0.264s] -- Up-to-date symlink: /home/ugv/Desktop/OperationTouchdown/ugv_ws/install/depthai_descriptions/share/ament_index/resource_index/package_run_dependencies/depthai_descriptions
[0.264s] -- Up-to-date symlink: /home/ugv/Desktop/OperationTouchdown/ugv_ws/install/depthai_descriptions/share/ament_index/resource_index/parent_prefix_path/depthai_descriptions
[0.265s] -- Up-to-date symlink: /home/ugv/Desktop/OperationTouchdown/ugv_ws/install/depthai_descriptions/share/depthai_descriptions/environment/ament_prefix_path.sh
[0.266s] -- Up-to-date symlink: /home/ugv/Desktop/OperationTouchdown/ugv_ws/install/depthai_descriptions/share/depthai_descriptions/environment/ament_prefix_path.dsv
[0.266s] -- Up-to-date symlink: /home/ugv/Desktop/OperationTouchdown/ugv_ws/install/depthai_descriptions/share/depthai_descriptions/environment/path.sh
[0.267s] -- Up-to-date symlink: /home/ugv/Desktop/OperationTouchdown/ugv_ws/install/depthai_descriptions/share/depthai_descriptions/environment/path.dsv
[0.268s] -- Up-to-date symlink: /home/ugv/Desktop/OperationTouchdown/ugv_ws/install/depthai_descriptions/share/depthai_descriptions/local_setup.bash
[0.268s] -- Up-to-date symlink: /home/ugv/Desktop/OperationTouchdown/ugv_ws/install/depthai_descriptions/share/depthai_descriptions/local_setup.sh
[0.270s] -- Up-to-date symlink: /home/ugv/Desktop/OperationTouchdown/ugv_ws/install/depthai_descriptions/share/depthai_descriptions/local_setup.zsh
[0.271s] -- Up-to-date symlink: /home/ugv/Desktop/OperationTouchdown/ugv_ws/install/depthai_descriptions/share/depthai_descriptions/local_setup.dsv
[0.271s] -- Symlinking: /home/ugv/Desktop/OperationTouchdown/ugv_ws/install/depthai_descriptions/share/depthai_descriptions/package.dsv
[0.435s] -- Up-to-date symlink: /home/ugv/Desktop/OperationTouchdown/ugv_ws/install/depthai_descriptions/share/ament_index/resource_index/packages/depthai_descriptions
[0.435s] -- Up-to-date symlink: /home/ugv/Desktop/OperationTouchdown/ugv_ws/install/depthai_descriptions/share/depthai_descriptions/cmake/depthai_descriptionsConfig.cmake
[0.435s] -- Up-to-date symlink: /home/ugv/Desktop/OperationTouchdown/ugv_ws/install/depthai_descriptions/share/depthai_descriptions/cmake/depthai_descriptionsConfig-version.cmake
[0.435s] -- Up-to-date symlink: /home/ugv/Desktop/OperationTouchdown/ugv_ws/install/depthai_descriptions/share/depthai_descriptions/package.xml
[0.435s] -- Up-to-date: /home/ugv/Desktop/OperationTouchdown/ugv_ws/install/depthai_descriptions/share/depthai_descriptions/launch
[0.435s] -- Up-to-date: /home/ugv/Desktop/OperationTouchdown/ugv_ws/install/depthai_descriptions/share/depthai_descriptions/launch/urdf_launch.py
[0.443s] Invoked command in '/home/ugv/Desktop/OperationTouchdown/ugv_ws/build/depthai_descriptions' returned '0': CMAKE_PREFIX_PATH=${CMAKE_PREFIX_PATH}:/opt/ros/jazzy /usr/bin/cmake --install /home/ugv/Desktop/OperationTouchdown/ugv_ws/build/depthai_descriptions
