-- Found ament_cmake: 2.5.5 (/opt/ros/jazzy/share/ament_cmake/cmake)
-- Override CMake install command with custom implementation using symlinks instead of copying resources
-- Found urdf: 2.10.0 (/opt/ros/jazzy/share/urdf/cmake)
-- Found TinyXML2 via Config file: /usr/lib/aarch64-linux-gnu/cmake/tinyxml2
-- Found xacro: 2.1.1 (/opt/ros/jazzy/share/xacro/cmake)
-- Found ament_lint_auto: 0.17.4 (/opt/ros/jazzy/share/ament_lint_auto/cmake)
-- Added test 'lint_cmake' to check CMake code style
-- Added test 'xmllint' to check XML markup files
-- Configuring done (0.8s)
-- Generating done (0.0s)
-- Build files have been written to: /home/ground/ugv_ws/build/my_ugv_description
-- Install configuration: ""
-- Execute custom install script
-- Symlinking: /home/ground/ugv_ws/install/my_ugv_description/share//urdf/ugv.urdf.xacro
-- Symlinking: /home/ground/ugv_ws/install/my_ugv_description/share/ament_index/resource_index/package_run_dependencies/my_ugv_description
-- Symlinking: /home/ground/ugv_ws/install/my_ugv_description/share/ament_index/resource_index/parent_prefix_path/my_ugv_description
-- Symlinking: /home/ground/ugv_ws/install/my_ugv_description/share/my_ugv_description/environment/ament_prefix_path.sh
-- Symlinking: /home/ground/ugv_ws/install/my_ugv_description/share/my_ugv_description/environment/ament_prefix_path.dsv
-- Symlinking: /home/ground/ugv_ws/install/my_ugv_description/share/my_ugv_description/environment/path.sh
-- Symlinking: /home/ground/ugv_ws/install/my_ugv_description/share/my_ugv_description/environment/path.dsv
-- Symlinking: /home/ground/ugv_ws/install/my_ugv_description/share/my_ugv_description/local_setup.bash
-- Symlinking: /home/ground/ugv_ws/install/my_ugv_description/share/my_ugv_description/local_setup.sh
-- Symlinking: /home/ground/ugv_ws/install/my_ugv_description/share/my_ugv_description/local_setup.zsh
-- Symlinking: /home/ground/ugv_ws/install/my_ugv_description/share/my_ugv_description/local_setup.dsv
-- Symlinking: /home/ground/ugv_ws/install/my_ugv_description/share/my_ugv_description/package.dsv
-- Symlinking: /home/ground/ugv_ws/install/my_ugv_description/share/ament_index/resource_index/packages/my_ugv_description
-- Symlinking: /home/ground/ugv_ws/install/my_ugv_description/share/my_ugv_description/cmake/my_ugv_descriptionConfig.cmake
-- Symlinking: /home/ground/ugv_ws/install/my_ugv_description/share/my_ugv_description/cmake/my_ugv_descriptionConfig-version.cmake
-- Symlinking: /home/ground/ugv_ws/install/my_ugv_description/share/my_ugv_description/package.xml
