[3.104s] Invoking command in '/home/ugv/Desktop/OperationTouchdown/ugv_ws/build/my_ugv_hardware': DEBUGINFOD_URLS=https://debuginfod.ubuntu.com PYTHONPATH=/home/ugv/Desktop/OperationTouchdown/ugv_ws/build/my_ugv_hardware/prefix_override:/usr/lib/python3/dist-packages/colcon_core/task/python/colcon_distutils_commands:/home/ugv/Desktop/OperationTouchdown/ugv_ws/install/my_ugv_hardware/lib/python3.12/site-packages:${PYTHONPATH} /usr/bin/python3 -W ignore:setup.py install is deprecated -W ignore:easy_install command is deprecated setup.py develop --editable --build-directory /home/ugv/Desktop/OperationTouchdown/ugv_ws/build/my_ugv_hardware/build --no-deps symlink_data
[3.602s] running develop
[3.885s] running egg_info
[3.913s] writing my_ugv_hardware.egg-info/PKG-INFO
[3.913s] writing dependency_links to my_ugv_hardware.egg-info/dependency_links.txt
[3.917s] writing entry points to my_ugv_hardware.egg-info/entry_points.txt
[3.918s] writing requirements to my_ugv_hardware.egg-info/requires.txt
[3.919s] writing top-level names to my_ugv_hardware.egg-info/top_level.txt
[3.976s] reading manifest file 'my_ugv_hardware.egg-info/SOURCES.txt'
[3.977s] writing manifest file 'my_ugv_hardware.egg-info/SOURCES.txt'
[4.006s] running build_ext
[4.006s] Creating /home/ugv/Desktop/OperationTouchdown/ugv_ws/install/my_ugv_hardware/lib/python3.12/site-packages/my-ugv-hardware.egg-link (link to .)
[4.007s] Installing kill_switch script to /home/ugv/Desktop/OperationTouchdown/ugv_ws/install/my_ugv_hardware/lib/my_ugv_hardware
[4.007s] Installing lora_bridge script to /home/ugv/Desktop/OperationTouchdown/ugv_ws/install/my_ugv_hardware/lib/my_ugv_hardware
[4.007s] Installing mission_controller script to /home/ugv/Desktop/OperationTouchdown/ugv_ws/install/my_ugv_hardware/lib/my_ugv_hardware
[4.008s] Installing motor_driver script to /home/ugv/Desktop/OperationTouchdown/ugv_ws/install/my_ugv_hardware/lib/my_ugv_hardware
[4.008s] Installing virtual_odom script to /home/ugv/Desktop/OperationTouchdown/ugv_ws/install/my_ugv_hardware/lib/my_ugv_hardware
[4.008s] 
[4.008s] Installed /home/ugv/Desktop/OperationTouchdown/ugv_ws/build/my_ugv_hardware
[4.008s] running symlink_data
[4.110s] Invoked command in '/home/ugv/Desktop/OperationTouchdown/ugv_ws/build/my_ugv_hardware' returned '0': DEBUGINFOD_URLS=https://debuginfod.ubuntu.com PYTHONPATH=/home/ugv/Desktop/OperationTouchdown/ugv_ws/build/my_ugv_hardware/prefix_override:/usr/lib/python3/dist-packages/colcon_core/task/python/colcon_distutils_commands:/home/ugv/Desktop/OperationTouchdown/ugv_ws/install/my_ugv_hardware/lib/python3.12/site-packages:${PYTHONPATH} /usr/bin/python3 -W ignore:setup.py install is deprecated -W ignore:easy_install command is deprecated setup.py develop --editable --build-directory /home/ugv/Desktop/OperationTouchdown/ugv_ws/build/my_ugv_hardware/build --no-deps symlink_data
