[3.423s] Invoking command in '/home/ground/ugv_repo/OperationTouchdown/ugv_ws/build/my_ugv_hardware': DEBUGINFOD_URLS=https://debuginfod.ubuntu.com PYTHONPATH=/home/ground/ugv_repo/OperationTouchdown/ugv_ws/build/my_ugv_hardware/prefix_override:/usr/lib/python3/dist-packages/colcon_core/task/python/colcon_distutils_commands:/home/ground/ugv_repo/OperationTouchdown/ugv_ws/install/my_ugv_hardware/lib/python3.12/site-packages:${PYTHONPATH} /usr/bin/python3 -W ignore:setup.py install is deprecated -W ignore:easy_install command is deprecated setup.py develop --editable --build-directory /home/ground/ugv_repo/OperationTouchdown/ugv_ws/build/my_ugv_hardware/build --no-deps symlink_data --force
[4.234s] running develop
[4.638s] running egg_info
[4.667s] writing my_ugv_hardware.egg-info/PKG-INFO
[4.670s] writing dependency_links to my_ugv_hardware.egg-info/dependency_links.txt
[4.671s] writing entry points to my_ugv_hardware.egg-info/entry_points.txt
[4.673s] writing requirements to my_ugv_hardware.egg-info/requires.txt
[4.674s] writing top-level names to my_ugv_hardware.egg-info/top_level.txt
[4.741s] reading manifest file 'my_ugv_hardware.egg-info/SOURCES.txt'
[4.743s] writing manifest file 'my_ugv_hardware.egg-info/SOURCES.txt'
[4.785s] running build_ext
[4.785s] Creating /home/ground/ugv_repo/OperationTouchdown/ugv_ws/install/my_ugv_hardware/lib/python3.12/site-packages/my-ugv-hardware.egg-link (link to .)
[4.786s] Installing lora_bridge script to /home/ground/ugv_repo/OperationTouchdown/ugv_ws/install/my_ugv_hardware/lib/my_ugv_hardware
[4.786s] Installing virtual_odom script to /home/ground/ugv_repo/OperationTouchdown/ugv_ws/install/my_ugv_hardware/lib/my_ugv_hardware
[4.787s] 
[4.787s] Installed /home/ground/ugv_repo/OperationTouchdown/ugv_ws/build/my_ugv_hardware
[4.788s] running symlink_data
[4.788s] symbolically linking /home/ground/ugv_repo/OperationTouchdown/ugv_ws/build/my_ugv_hardware/resource/my_ugv_hardware -> /home/ground/ugv_repo/OperationTouchdown/ugv_ws/install/my_ugv_hardware/share/ament_index/resource_index/packages
[4.790s] symbolically linking /home/ground/ugv_repo/OperationTouchdown/ugv_ws/build/my_ugv_hardware/package.xml -> /home/ground/ugv_repo/OperationTouchdown/ugv_ws/install/my_ugv_hardware/share/my_ugv_hardware
[4.928s] Invoked command in '/home/ground/ugv_repo/OperationTouchdown/ugv_ws/build/my_ugv_hardware' returned '0': DEBUGINFOD_URLS=https://debuginfod.ubuntu.com PYTHONPATH=/home/ground/ugv_repo/OperationTouchdown/ugv_ws/build/my_ugv_hardware/prefix_override:/usr/lib/python3/dist-packages/colcon_core/task/python/colcon_distutils_commands:/home/ground/ugv_repo/OperationTouchdown/ugv_ws/install/my_ugv_hardware/lib/python3.12/site-packages:${PYTHONPATH} /usr/bin/python3 -W ignore:setup.py install is deprecated -W ignore:easy_install command is deprecated setup.py develop --editable --build-directory /home/ground/ugv_repo/OperationTouchdown/ugv_ws/build/my_ugv_hardware/build --no-deps symlink_data --force
