[0.072s] Invoking command in '/home/ground/ugv_ws/build/my_ugv_description': CMAKE_PREFIX_PATH=${CMAKE_PREFIX_PATH}:/opt/ros/jazzy DEBUGINFOD_URLS=https://debuginfod.ubuntu.com /usr/bin/cmake --build /home/ground/ugv_ws/build/my_ugv_description -- -j4 -l4
[0.513s] Invoked command in '/home/ground/ugv_ws/build/my_ugv_description' returned '0': CMAKE_PREFIX_PATH=${CMAKE_PREFIX_PATH}:/opt/ros/jazzy DEBUGINFOD_URLS=https://debuginfod.ubuntu.com /usr/bin/cmake --build /home/ground/ugv_ws/build/my_ugv_description -- -j4 -l4
[0.543s] Invoking command in '/home/ground/ugv_ws/build/my_ugv_description': CMAKE_PREFIX_PATH=${CMAKE_PREFIX_PATH}:/opt/ros/jazzy DEBUGINFOD_URLS=https://debuginfod.ubuntu.com /usr/bin/cmake --install /home/ground/ugv_ws/build/my_ugv_description
[0.561s] -- Install configuration: ""
[0.561s] -- Execute custom install script
[0.562s] -- Up-to-date symlink: /home/ground/ugv_ws/install/my_ugv_description/share//urdf/ugv.urdf.xacro
[0.562s] -- Up-to-date symlink: /home/ground/ugv_ws/install/my_ugv_description/share/ament_index/resource_index/package_run_dependencies/my_ugv_description
[0.562s] -- Up-to-date symlink: /home/ground/ugv_ws/install/my_ugv_description/share/ament_index/resource_index/parent_prefix_path/my_ugv_description
[0.563s] -- Up-to-date symlink: /home/ground/ugv_ws/install/my_ugv_description/share/my_ugv_description/environment/ament_prefix_path.sh
[0.563s] -- Up-to-date symlink: /home/ground/ugv_ws/install/my_ugv_description/share/my_ugv_description/environment/ament_prefix_path.dsv
[0.563s] -- Up-to-date symlink: /home/ground/ugv_ws/install/my_ugv_description/share/my_ugv_description/environment/path.sh
[0.563s] -- Up-to-date symlink: /home/ground/ugv_ws/install/my_ugv_description/share/my_ugv_description/environment/path.dsv
[0.563s] -- Up-to-date symlink: /home/ground/ugv_ws/install/my_ugv_description/share/my_ugv_description/local_setup.bash
[0.564s] -- Up-to-date symlink: /home/ground/ugv_ws/install/my_ugv_description/share/my_ugv_description/local_setup.sh
[0.564s] -- Up-to-date symlink: /home/ground/ugv_ws/install/my_ugv_description/share/my_ugv_description/local_setup.zsh
[0.564s] -- Up-to-date symlink: /home/ground/ugv_ws/install/my_ugv_description/share/my_ugv_description/local_setup.dsv
[0.564s] -- Symlinking: /home/ground/ugv_ws/install/my_ugv_description/share/my_ugv_description/package.dsv
[0.585s] -- Up-to-date symlink: /home/ground/ugv_ws/install/my_ugv_description/share/ament_index/resource_index/packages/my_ugv_description
[0.585s] -- Up-to-date symlink: /home/ground/ugv_ws/install/my_ugv_description/share/my_ugv_description/cmake/my_ugv_descriptionConfig.cmake
[0.585s] -- Up-to-date symlink: /home/ground/ugv_ws/install/my_ugv_description/share/my_ugv_description/cmake/my_ugv_descriptionConfig-version.cmake
[0.585s] -- Up-to-date symlink: /home/ground/ugv_ws/install/my_ugv_description/share/my_ugv_description/package.xml
[0.589s] Invoked command in '/home/ground/ugv_ws/build/my_ugv_description' returned '0': CMAKE_PREFIX_PATH=${CMAKE_PREFIX_PATH}:/opt/ros/jazzy DEBUGINFOD_URLS=https://debuginfod.ubuntu.com /usr/bin/cmake --install /home/ground/ugv_ws/build/my_ugv_description
