[0.000000] (-) TimerEvent: {}
[0.000151] (-) JobUnselected: {'identifier': 'depthai-ros'}
[0.000188] (-) JobUnselected: {'identifier': 'depthai_bridge'}
[0.000209] (-) JobUnselected: {'identifier': 'depthai_descriptions'}
[0.000226] (-) JobUnselected: {'identifier': 'depthai_examples'}
[0.000243] (-) JobUnselected: {'identifier': 'depthai_filters'}
[0.000259] (-) JobUnselected: {'identifier': 'depthai_ros_driver'}
[0.000275] (-) JobUnselected: {'identifier': 'depthai_ros_msgs'}
[0.000289] (-) JobUnselected: {'identifier': 'dual_laser_merger'}
[0.000302] (-) JobUnselected: {'identifier': 'my_ugv_description'}
[0.000316] (-) JobUnselected: {'identifier': 'my_ugv_hardware'}
[0.000331] (-) JobUnselected: {'identifier': 'my_ugv_vision'}
[0.000347] (-) JobUnselected: {'identifier': 'roboteq_ros2_driver'}
[0.000363] (-) JobUnselected: {'identifier': 'rplidar_ros'}
[0.000382] (my_ugv_bringup) JobQueued: {'identifier': 'my_ugv_bringup', 'dependencies': OrderedDict({'depthai_descriptions': '/home/ugv/Desktop/OperationTouchdown/ugv_ws/install/depthai_descriptions', 'depthai_ros_msgs': '/home/ugv/Desktop/OperationTouchdown/ugv_ws/install/depthai_ros_msgs', 'dual_laser_merger': '/home/ugv/Desktop/OperationTouchdown/ugv_ws/install/dual_laser_merger', 'my_ugv_description': '/home/ugv/Desktop/OperationTouchdown/ugv_ws/install/my_ugv_description', 'my_ugv_hardware': '/home/ugv/Desktop/OperationTouchdown/ugv_ws/install/my_ugv_hardware', 'my_ugv_vision': '/home/ugv/Desktop/OperationTouchdown/ugv_ws/install/my_ugv_vision', 'roboteq_ros2_driver': '/home/ugv/Desktop/OperationTouchdown/ugv_ws/install/roboteq_ros2_driver', 'rplidar_ros': '/home/ugv/Desktop/OperationTouchdown/ugv_ws/install/rplidar_ros', 'depthai_bridge': '/home/ugv/Desktop/OperationTouchdown/ugv_ws/install/depthai_bridge', 'depthai_examples': '/home/ugv/Desktop/OperationTouchdown/ugv_ws/install/depthai_examples', 'depthai_ros_driver': '/home/ugv/Desktop/OperationTouchdown/ugv_ws/install/depthai_ros_driver'})}
[0.001158] (my_ugv_bringup) JobStarted: {'identifier': 'my_ugv_bringup'}
[0.042461] (my_ugv_bringup) JobProgress: {'identifier': 'my_ugv_bringup', 'progress': 'cmake'}
[0.043561] (my_ugv_bringup) JobProgress: {'identifier': 'my_ugv_bringup', 'progress': 'build'}
[0.044828] (my_ugv_bringup) Command: {'cmd': ['/usr/bin/cmake', '--build', '/home/ugv/Desktop/OperationTouchdown/ugv_ws/build/my_ugv_bringup', '--', '-j4', '-l4'], 'cwd': '/home/ugv/Desktop/OperationTouchdown/ugv_ws/build/my_ugv_bringup', 'env': OrderedDict({'USER': 'ugv', 'SSH_CLIENT': '100.96.142.123 53036 22', 'GZ_CONFIG_PATH': '/opt/ros/jazzy/opt/gz_sim_vendor/share/gz:/opt/ros/jazzy/opt/sdformat_vendor/share/gz:/opt/ros/jazzy/opt/gz_gui_vendor/share/gz:/opt/ros/jazzy/opt/gz_transport_vendor/share/gz:/opt/ros/jazzy/opt/gz_rendering_vendor/share/gz:/opt/ros/jazzy/opt/gz_plugin_vendor/share/gz:/opt/ros/jazzy/opt/gz_fuel_tools_vendor/share/gz:/opt/ros/jazzy/opt/gz_msgs_vendor/share/gz:/opt/ros/jazzy/opt/gz_common_vendor/share/gz', 'XDG_SESSION_TYPE': 'tty', 'SHLVL': '1', 'LD_LIBRARY_PATH': '/home/ugv/Desktop/OperationTouchdown/ugv_ws/install/depthai_ros_driver/lib:/home/ugv/Desktop/OperationTouchdown/ugv_ws/install/depthai_bridge/lib:/home/ugv/Desktop/OperationTouchdown/ugv_ws/install/dual_laser_merger/lib:/home/ugv/Desktop/OperationTouchdown/ugv_ws/install/depthai_ros_msgs/lib:/opt/ros/jazzy/opt/gz_sim_vendor/lib:/opt/ros/jazzy/opt/gz_sensors_vendor/lib:/opt/ros/jazzy/opt/gz_physics_vendor/lib:/opt/ros/jazzy/opt/sdformat_vendor/lib:/opt/ros/jazzy/opt/rviz_ogre_vendor/lib:/opt/ros/jazzy/lib/aarch64-linux-gnu:/opt/ros/jazzy/opt/gz_gui_vendor/lib:/opt/ros/jazzy/opt/gz_transport_vendor/lib:/opt/ros/jazzy/opt/gz_rendering_vendor/lib:/opt/ros/jazzy/opt/gz_plugin_vendor/lib:/opt/ros/jazzy/opt/gz_fuel_tools_vendor/lib:/opt/ros/jazzy/opt/gz_msgs_vendor/lib:/opt/ros/jazzy/opt/gz_common_vendor/lib:/opt/ros/jazzy/opt/gz_math_vendor/lib:/opt/ros/jazzy/opt/gz_utils_vendor/lib:/opt/ros/jazzy/opt/gz_tools_vendor/lib:/opt/ros/jazzy/opt/gz_ogre_next_vendor/lib:/opt/ros/jazzy/opt/gz_dartsim_vendor/lib:/opt/ros/jazzy/opt/gz_cmake_vendor/lib:/opt/ros/jazzy/lib', 'HOME': '/home/ugv', 'OLDPWD': '/home/ugv', 'ROS_PYTHON_VERSION': '3', 'DBUS_SESSION_BUS_ADDRESS': 'unix:path=/run/user/1000/bus', 'ROS_DISTRO': 'jazzy', 'LOGNAME': 'ugv', '_': '/usr/bin/colcon', 'IGN_GAZEBO_MODEL_PATH': '/home/ugv/Desktop/OperationTouchdown/ugv_ws/install/depthai_descriptions', 'ROS_VERSION': '2', 'XDG_SESSION_CLASS': 'user', 'XDG_SESSION_ID': '44', 'GAZEBO_MODEL_PATH': '/home/ugv/Desktop/OperationTouchdown/ugv_ws/install/depthai_descriptions', 'PATH': '/home/ugv/Desktop/OperationTouchdown/ugv_ws/install/my_ugv_hardware/bin:/opt/ros/jazzy/opt/gz_msgs_vendor/bin:/opt/ros/jazzy/opt/gz_tools_vendor/bin:/opt/ros/jazzy/opt/gz_ogre_next_vendor/bin:/opt/ros/jazzy/bin:/usr/local/sbin:/usr/local/bin:/usr/sbin:/usr/bin:/sbin:/bin:/usr/games:/usr/local/games:/snap/bin', 'XDG_RUNTIME_DIR': '/run/user/1000', 'LANG': 'en_US.UTF-8', 'AMENT_PREFIX_PATH': '/home/ugv/Desktop/OperationTouchdown/ugv_ws/install/depthai_ros_driver:/home/ugv/Desktop/OperationTouchdown/ugv_ws/install/depthai_examples:/home/ugv/Desktop/OperationTouchdown/ugv_ws/install/depthai_bridge:/home/ugv/Desktop/OperationTouchdown/ugv_ws/install/rplidar_ros:/home/ugv/Desktop/OperationTouchdown/ugv_ws/install/roboteq_ros2_driver:/home/ugv/Desktop/OperationTouchdown/ugv_ws/install/my_ugv_vision:/home/ugv/Desktop/OperationTouchdown/ugv_ws/install/my_ugv_hardware:/home/ugv/Desktop/OperationTouchdown/ugv_ws/install/my_ugv_description:/home/ugv/Desktop/OperationTouchdown/ugv_ws/install/dual_laser_merger:/home/ugv/Desktop/OperationTouchdown/ugv_ws/install/depthai_ros_msgs:/home/ugv/Desktop/OperationTouchdown/ugv_ws/install/depthai_descriptions:/opt/ros/jazzy', 'SHELL': '/bin/bash', 'IGN_GAZEBO_RESOURCE_PATH': '/home/ugv/Desktop/OperationTouchdown/ugv_ws/install/depthai_descriptions', 'GAZEBO_RESOURCE_PATH': '/home/ugv/Desktop/OperationTouchdown/ugv_ws/install/depthai_descriptions', 'ROS_AUTOMATIC_DISCOVERY_RANGE': 'SUBNET', 'PWD': '/home/ugv/Desktop/OperationTouchdown/ugv_ws/build/my_ugv_bringup', 'LC_ALL': 'en_US.UTF-8', 'SSH_CONNECTION': '100.96.142.123 53036 100.101.246.78 22', 'PYTHONPATH': '/home/ugv/Desktop/OperationTouchdown/ugv_ws/install/depthai_ros_driver/lib/python3.12/site-packages:/home/ugv/Desktop/OperationTouchdown/ugv_ws/install/my_ugv_vision/lib/python3.12/site-packages:/home/ugv/Desktop/OperationTouchdown/ugv_ws/install/my_ugv_hardware/lib/python3.12/site-packages:/home/ugv/Desktop/OperationTouchdown/ugv_ws/install/depthai_ros_msgs/lib/python3.12/site-packages:/opt/ros/jazzy/lib/python3.12/site-packages', 'COLCON': '1', 'CMAKE_PREFIX_PATH': '/home/ugv/Desktop/OperationTouchdown/ugv_ws/install/depthai_ros_driver:/home/ugv/Desktop/OperationTouchdown/ugv_ws/install/depthai_examples:/home/ugv/Desktop/OperationTouchdown/ugv_ws/install/depthai_bridge:/home/ugv/Desktop/OperationTouchdown/ugv_ws/install/rplidar_ros:/home/ugv/Desktop/OperationTouchdown/ugv_ws/install/roboteq_ros2_driver:/home/ugv/Desktop/OperationTouchdown/ugv_ws/install/my_ugv_description:/home/ugv/Desktop/OperationTouchdown/ugv_ws/install/dual_laser_merger:/home/ugv/Desktop/OperationTouchdown/ugv_ws/install/depthai_ros_msgs:/home/ugv/Desktop/OperationTouchdown/ugv_ws/install/depthai_descriptions:/opt/ros/jazzy/opt/gz_sim_vendor:/opt/ros/jazzy/opt/gz_sensors_vendor:/opt/ros/jazzy/opt/gz_physics_vendor:/opt/ros/jazzy/opt/sdformat_vendor:/opt/ros/jazzy/opt/gz_gui_vendor:/opt/ros/jazzy/opt/gz_transport_vendor:/opt/ros/jazzy/opt/gz_rendering_vendor:/opt/ros/jazzy/opt/gz_plugin_vendor:/opt/ros/jazzy/opt/gz_fuel_tools_vendor:/opt/ros/jazzy/opt/gz_msgs_vendor:/opt/ros/jazzy/opt/gz_common_vendor:/opt/ros/jazzy/opt/gz_math_vendor:/opt/ros/jazzy/opt/gz_utils_vendor:/opt/ros/jazzy/opt/gz_tools_vendor:/opt/ros/jazzy/opt/gz_ogre_next_vendor:/opt/ros/jazzy/opt/gz_dartsim_vendor:/opt/ros/jazzy/opt/gz_cmake_vendor:/opt/ros/jazzy'}), 'shell': False}
[0.099831] (-) TimerEvent: {}
[0.181893] (my_ugv_bringup) StdoutLine: {'line': b'Built target ament_cmake_python_symlink_my_ugv_bringup_setup\n'}
[0.199892] (-) TimerEvent: {}
[0.247987] (my_ugv_bringup) StdoutLine: {'line': b'Built target ament_cmake_python_symlink_my_ugv_bringup\n'}
[0.300028] (-) TimerEvent: {}
[0.400255] (-) TimerEvent: {}
[0.500476] (-) TimerEvent: {}
[0.600674] (-) TimerEvent: {}
[0.639024] (my_ugv_bringup) StdoutLine: {'line': b'running egg_info\n'}
[0.673085] (my_ugv_bringup) StdoutLine: {'line': b'writing my_ugv_bringup.egg-info/PKG-INFO\n'}
[0.674538] (my_ugv_bringup) StdoutLine: {'line': b'writing dependency_links to my_ugv_bringup.egg-info/dependency_links.txt\n'}
[0.677769] (my_ugv_bringup) StdoutLine: {'line': b'writing top-level names to my_ugv_bringup.egg-info/top_level.txt\n'}
[0.700804] (-) TimerEvent: {}
[0.770627] (my_ugv_bringup) StdoutLine: {'line': b"reading manifest file 'my_ugv_bringup.egg-info/SOURCES.txt'\n"}
[0.771902] (my_ugv_bringup) StdoutLine: {'line': b"writing manifest file 'my_ugv_bringup.egg-info/SOURCES.txt'\n"}
[0.800955] (-) TimerEvent: {}
[0.878336] (my_ugv_bringup) StdoutLine: {'line': b'Built target ament_cmake_python_build_my_ugv_bringup_egg\n'}
[0.902879] (-) TimerEvent: {}
[0.913424] (my_ugv_bringup) CommandEnded: {'returncode': 0}
[0.914427] (my_ugv_bringup) JobProgress: {'identifier': 'my_ugv_bringup', 'progress': 'install'}
[0.934853] (my_ugv_bringup) Command: {'cmd': ['/usr/bin/cmake', '--install', '/home/ugv/Desktop/OperationTouchdown/ugv_ws/build/my_ugv_bringup'], 'cwd': '/home/ugv/Desktop/OperationTouchdown/ugv_ws/build/my_ugv_bringup', 'env': OrderedDict({'USER': 'ugv', 'SSH_CLIENT': '100.96.142.123 53036 22', 'GZ_CONFIG_PATH': '/opt/ros/jazzy/opt/gz_sim_vendor/share/gz:/opt/ros/jazzy/opt/sdformat_vendor/share/gz:/opt/ros/jazzy/opt/gz_gui_vendor/share/gz:/opt/ros/jazzy/opt/gz_transport_vendor/share/gz:/opt/ros/jazzy/opt/gz_rendering_vendor/share/gz:/opt/ros/jazzy/opt/gz_plugin_vendor/share/gz:/opt/ros/jazzy/opt/gz_fuel_tools_vendor/share/gz:/opt/ros/jazzy/opt/gz_msgs_vendor/share/gz:/opt/ros/jazzy/opt/gz_common_vendor/share/gz', 'XDG_SESSION_TYPE': 'tty', 'SHLVL': '1', 'LD_LIBRARY_PATH': '/home/ugv/Desktop/OperationTouchdown/ugv_ws/install/depthai_ros_driver/lib:/home/ugv/Desktop/OperationTouchdown/ugv_ws/install/depthai_bridge/lib:/home/ugv/Desktop/OperationTouchdown/ugv_ws/install/dual_laser_merger/lib:/home/ugv/Desktop/OperationTouchdown/ugv_ws/install/depthai_ros_msgs/lib:/opt/ros/jazzy/opt/gz_sim_vendor/lib:/opt/ros/jazzy/opt/gz_sensors_vendor/lib:/opt/ros/jazzy/opt/gz_physics_vendor/lib:/opt/ros/jazzy/opt/sdformat_vendor/lib:/opt/ros/jazzy/opt/rviz_ogre_vendor/lib:/opt/ros/jazzy/lib/aarch64-linux-gnu:/opt/ros/jazzy/opt/gz_gui_vendor/lib:/opt/ros/jazzy/opt/gz_transport_vendor/lib:/opt/ros/jazzy/opt/gz_rendering_vendor/lib:/opt/ros/jazzy/opt/gz_plugin_vendor/lib:/opt/ros/jazzy/opt/gz_fuel_tools_vendor/lib:/opt/ros/jazzy/opt/gz_msgs_vendor/lib:/opt/ros/jazzy/opt/gz_common_vendor/lib:/opt/ros/jazzy/opt/gz_math_vendor/lib:/opt/ros/jazzy/opt/gz_utils_vendor/lib:/opt/ros/jazzy/opt/gz_tools_vendor/lib:/opt/ros/jazzy/opt/gz_ogre_next_vendor/lib:/opt/ros/jazzy/opt/gz_dartsim_vendor/lib:/opt/ros/jazzy/opt/gz_cmake_vendor/lib:/opt/ros/jazzy/lib', 'HOME': '/home/ugv', 'OLDPWD': '/home/ugv', 'ROS_PYTHON_VERSION': '3', 'DBUS_SESSION_BUS_ADDRESS': 'unix:path=/run/user/1000/bus', 'ROS_DISTRO': 'jazzy', 'LOGNAME': 'ugv', '_': '/usr/bin/colcon', 'IGN_GAZEBO_MODEL_PATH': '/home/ugv/Desktop/OperationTouchdown/ugv_ws/install/depthai_descriptions', 'ROS_VERSION': '2', 'XDG_SESSION_CLASS': 'user', 'XDG_SESSION_ID': '44', 'GAZEBO_MODEL_PATH': '/home/ugv/Desktop/OperationTouchdown/ugv_ws/install/depthai_descriptions', 'PATH': '/home/ugv/Desktop/OperationTouchdown/ugv_ws/install/my_ugv_hardware/bin:/opt/ros/jazzy/opt/gz_msgs_vendor/bin:/opt/ros/jazzy/opt/gz_tools_vendor/bin:/opt/ros/jazzy/opt/gz_ogre_next_vendor/bin:/opt/ros/jazzy/bin:/usr/local/sbin:/usr/local/bin:/usr/sbin:/usr/bin:/sbin:/bin:/usr/games:/usr/local/games:/snap/bin', 'XDG_RUNTIME_DIR': '/run/user/1000', 'LANG': 'en_US.UTF-8', 'AMENT_PREFIX_PATH': '/home/ugv/Desktop/OperationTouchdown/ugv_ws/install/depthai_ros_driver:/home/ugv/Desktop/OperationTouchdown/ugv_ws/install/depthai_examples:/home/ugv/Desktop/OperationTouchdown/ugv_ws/install/depthai_bridge:/home/ugv/Desktop/OperationTouchdown/ugv_ws/install/rplidar_ros:/home/ugv/Desktop/OperationTouchdown/ugv_ws/install/roboteq_ros2_driver:/home/ugv/Desktop/OperationTouchdown/ugv_ws/install/my_ugv_vision:/home/ugv/Desktop/OperationTouchdown/ugv_ws/install/my_ugv_hardware:/home/ugv/Desktop/OperationTouchdown/ugv_ws/install/my_ugv_description:/home/ugv/Desktop/OperationTouchdown/ugv_ws/install/dual_laser_merger:/home/ugv/Desktop/OperationTouchdown/ugv_ws/install/depthai_ros_msgs:/home/ugv/Desktop/OperationTouchdown/ugv_ws/install/depthai_descriptions:/opt/ros/jazzy', 'SHELL': '/bin/bash', 'IGN_GAZEBO_RESOURCE_PATH': '/home/ugv/Desktop/OperationTouchdown/ugv_ws/install/depthai_descriptions', 'GAZEBO_RESOURCE_PATH': '/home/ugv/Desktop/OperationTouchdown/ugv_ws/install/depthai_descriptions', 'ROS_AUTOMATIC_DISCOVERY_RANGE': 'SUBNET', 'PWD': '/home/ugv/Desktop/OperationTouchdown/ugv_ws/build/my_ugv_bringup', 'LC_ALL': 'en_US.UTF-8', 'SSH_CONNECTION': '100.96.142.123 53036 100.101.246.78 22', 'PYTHONPATH': '/home/ugv/Desktop/OperationTouchdown/ugv_ws/install/depthai_ros_driver/lib/python3.12/site-packages:/home/ugv/Desktop/OperationTouchdown/ugv_ws/install/my_ugv_vision/lib/python3.12/site-packages:/home/ugv/Desktop/OperationTouchdown/ugv_ws/install/my_ugv_hardware/lib/python3.12/site-packages:/home/ugv/Desktop/OperationTouchdown/ugv_ws/install/depthai_ros_msgs/lib/python3.12/site-packages:/opt/ros/jazzy/lib/python3.12/site-packages', 'COLCON': '1', 'CMAKE_PREFIX_PATH': '/home/ugv/Desktop/OperationTouchdown/ugv_ws/install/depthai_ros_driver:/home/ugv/Desktop/OperationTouchdown/ugv_ws/install/depthai_examples:/home/ugv/Desktop/OperationTouchdown/ugv_ws/install/depthai_bridge:/home/ugv/Desktop/OperationTouchdown/ugv_ws/install/rplidar_ros:/home/ugv/Desktop/OperationTouchdown/ugv_ws/install/roboteq_ros2_driver:/home/ugv/Desktop/OperationTouchdown/ugv_ws/install/my_ugv_description:/home/ugv/Desktop/OperationTouchdown/ugv_ws/install/dual_laser_merger:/home/ugv/Desktop/OperationTouchdown/ugv_ws/install/depthai_ros_msgs:/home/ugv/Desktop/OperationTouchdown/ugv_ws/install/depthai_descriptions:/opt/ros/jazzy/opt/gz_sim_vendor:/opt/ros/jazzy/opt/gz_sensors_vendor:/opt/ros/jazzy/opt/gz_physics_vendor:/opt/ros/jazzy/opt/sdformat_vendor:/opt/ros/jazzy/opt/gz_gui_vendor:/opt/ros/jazzy/opt/gz_transport_vendor:/opt/ros/jazzy/opt/gz_rendering_vendor:/opt/ros/jazzy/opt/gz_plugin_vendor:/opt/ros/jazzy/opt/gz_fuel_tools_vendor:/opt/ros/jazzy/opt/gz_msgs_vendor:/opt/ros/jazzy/opt/gz_common_vendor:/opt/ros/jazzy/opt/gz_math_vendor:/opt/ros/jazzy/opt/gz_utils_vendor:/opt/ros/jazzy/opt/gz_tools_vendor:/opt/ros/jazzy/opt/gz_ogre_next_vendor:/opt/ros/jazzy/opt/gz_dartsim_vendor:/opt/ros/jazzy/opt/gz_cmake_vendor:/opt/ros/jazzy'}), 'shell': False}
[0.954632] (my_ugv_bringup) StdoutLine: {'line': b'-- Install configuration: ""\n'}
[0.955781] (my_ugv_bringup) StdoutLine: {'line': b'-- Execute custom install script\n'}
[0.956224] (my_ugv_bringup) StdoutLine: {'line': b'-- Up-to-date symlink: /home/ugv/Desktop/OperationTouchdown/ugv_ws/install/my_ugv_bringup/share/my_ugv_bringup/environment/pythonpath.sh\n'}
[0.956476] (my_ugv_bringup) StdoutLine: {'line': b'-- Up-to-date symlink: /home/ugv/Desktop/OperationTouchdown/ugv_ws/install/my_ugv_bringup/share/my_ugv_bringup/environment/pythonpath.dsv\n'}
[0.957088] (my_ugv_bringup) StdoutLine: {'line': b'-- Up-to-date symlink: /home/ugv/Desktop/OperationTouchdown/ugv_ws/install/my_ugv_bringup/lib/python3.12/site-packages/my_ugv_bringup-0.0.0-py3.12.egg-info/PKG-INFO\n'}
[0.957268] (my_ugv_bringup) StdoutLine: {'line': b'-- Up-to-date symlink: /home/ugv/Desktop/OperationTouchdown/ugv_ws/install/my_ugv_bringup/lib/python3.12/site-packages/my_ugv_bringup-0.0.0-py3.12.egg-info/SOURCES.txt\n'}
[0.957414] (my_ugv_bringup) StdoutLine: {'line': b'-- Up-to-date symlink: /home/ugv/Desktop/OperationTouchdown/ugv_ws/install/my_ugv_bringup/lib/python3.12/site-packages/my_ugv_bringup-0.0.0-py3.12.egg-info/dependency_links.txt\n'}
[0.957644] (my_ugv_bringup) StdoutLine: {'line': b'-- Up-to-date symlink: /home/ugv/Desktop/OperationTouchdown/ugv_ws/install/my_ugv_bringup/lib/python3.12/site-packages/my_ugv_bringup-0.0.0-py3.12.egg-info/top_level.txt\n'}
[0.958541] (my_ugv_bringup) StdoutLine: {'line': b'-- Up-to-date symlink: /home/ugv/Desktop/OperationTouchdown/ugv_ws/install/my_ugv_bringup/lib/python3.12/site-packages/my_ugv_bringup/__init__.py\n'}
[0.958907] (my_ugv_bringup) StdoutLine: {'line': b'-- Up-to-date symlink: /home/ugv/Desktop/OperationTouchdown/ugv_ws/install/my_ugv_bringup/lib/python3.12/site-packages/my_ugv_bringup/master_builder.py\n'}
[0.961224] (my_ugv_bringup) StdoutLine: {'line': b'-- Up-to-date symlink: /home/ugv/Desktop/OperationTouchdown/ugv_ws/install/my_ugv_bringup/share/my_ugv_bringup/launch/__pycache__/master.launch.cpython-312.pyc\n'}
[0.963054] (my_ugv_bringup) StdoutLine: {'line': b'-- Up-to-date symlink: /home/ugv/Desktop/OperationTouchdown/ugv_ws/install/my_ugv_bringup/share/my_ugv_bringup/launch/__pycache__/master.launch2.cpython-312.pyc\n'}
[0.963869] (my_ugv_bringup) StdoutLine: {'line': b'-- Up-to-date symlink: /home/ugv/Desktop/OperationTouchdown/ugv_ws/install/my_ugv_bringup/share/my_ugv_bringup/launch/__pycache__/navigation.launch.cpython-312.pyc\n'}
[0.963988] (my_ugv_bringup) StdoutLine: {'line': b'-- Up-to-date symlink: /home/ugv/Desktop/OperationTouchdown/ugv_ws/install/my_ugv_bringup/share/my_ugv_bringup/launch/__pycache__/slam.launch.cpython-312.pyc\n'}
[0.964093] (my_ugv_bringup) StdoutLine: {'line': b'-- Up-to-date symlink: /home/ugv/Desktop/OperationTouchdown/ugv_ws/install/my_ugv_bringup/share/my_ugv_bringup/launch/master.launch.py\n'}
[0.964304] (my_ugv_bringup) StdoutLine: {'line': b'-- Up-to-date symlink: /home/ugv/Desktop/OperationTouchdown/ugv_ws/install/my_ugv_bringup/share/my_ugv_bringup/launch/master.launch2.py\n'}
[0.964386] (my_ugv_bringup) StdoutLine: {'line': b'-- Up-to-date symlink: /home/ugv/Desktop/OperationTouchdown/ugv_ws/install/my_ugv_bringup/share/my_ugv_bringup/launch/master.launch2.py.bak\n'}
[0.964462] (my_ugv_bringup) StdoutLine: {'line': b'-- Up-to-date symlink: /home/ugv/Desktop/OperationTouchdown/ugv_ws/install/my_ugv_bringup/share/my_ugv_bringup/launch/master.launch4.py\n'}
[0.964537] (my_ugv_bringup) StdoutLine: {'line': b'-- Up-to-date symlink: /home/ugv/Desktop/OperationTouchdown/ugv_ws/install/my_ugv_bringup/share/my_ugv_bringup/launch/master_akida.launch.py\n'}
[0.964610] (my_ugv_bringup) StdoutLine: {'line': b'-- Up-to-date symlink: /home/ugv/Desktop/OperationTouchdown/ugv_ws/install/my_ugv_bringup/share/my_ugv_bringup/launch/master_nav2.launch.py\n'}
[0.964683] (my_ugv_bringup) StdoutLine: {'line': b'-- Up-to-date symlink: /home/ugv/Desktop/OperationTouchdown/ugv_ws/install/my_ugv_bringup/share/my_ugv_bringup/launch/master_nav2_akida.launch.py\n'}
[0.964755] (my_ugv_bringup) StdoutLine: {'line': b'-- Up-to-date symlink: /home/ugv/Desktop/OperationTouchdown/ugv_ws/install/my_ugv_bringup/share/my_ugv_bringup/launch/navigation.launch.py\n'}
[0.964827] (my_ugv_bringup) StdoutLine: {'line': b'-- Up-to-date symlink: /home/ugv/Desktop/OperationTouchdown/ugv_ws/install/my_ugv_bringup/share/my_ugv_bringup/launch/navigation_launch.py\n'}
[0.964901] (my_ugv_bringup) StdoutLine: {'line': b'-- Up-to-date symlink: /home/ugv/Desktop/OperationTouchdown/ugv_ws/install/my_ugv_bringup/share/my_ugv_bringup/launch/oak_camera.launch.py\n'}
[0.964986] (my_ugv_bringup) StdoutLine: {'line': b'-- Up-to-date symlink: /home/ugv/Desktop/OperationTouchdown/ugv_ws/install/my_ugv_bringup/share/my_ugv_bringup/launch/slam.launch.py\n'}
[0.965075] (my_ugv_bringup) StdoutLine: {'line': b'-- Up-to-date symlink: /home/ugv/Desktop/OperationTouchdown/ugv_ws/install/my_ugv_bringup/share/my_ugv_bringup/config/ekf.yaml\n'}
[0.965177] (my_ugv_bringup) StdoutLine: {'line': b'-- Up-to-date symlink: /home/ugv/Desktop/OperationTouchdown/ugv_ws/install/my_ugv_bringup/share/my_ugv_bringup/config/nav2_params.yaml\n'}
[0.965262] (my_ugv_bringup) StdoutLine: {'line': b'-- Up-to-date symlink: /home/ugv/Desktop/OperationTouchdown/ugv_ws/install/my_ugv_bringup/share/my_ugv_bringup/config/nav2_params.yaml.bak\n'}
[0.965353] (my_ugv_bringup) StdoutLine: {'line': b'-- Up-to-date symlink: /home/ugv/Desktop/OperationTouchdown/ugv_ws/install/my_ugv_bringup/share/my_ugv_bringup/config/oak_camera.yaml\n'}
[0.965559] (my_ugv_bringup) StdoutLine: {'line': b'-- Up-to-date symlink: /home/ugv/Desktop/OperationTouchdown/ugv_ws/install/my_ugv_bringup/share/my_ugv_bringup/config/oak_camera_rgb.yaml\n'}
[0.965660] (my_ugv_bringup) StdoutLine: {'line': b'-- Up-to-date symlink: /home/ugv/Desktop/OperationTouchdown/ugv_ws/install/my_ugv_bringup/share/my_ugv_bringup/config/slam_param.yaml\n'}
[0.965823] (my_ugv_bringup) StdoutLine: {'line': b'-- Up-to-date symlink: /home/ugv/Desktop/OperationTouchdown/ugv_ws/install/my_ugv_bringup/share/my_ugv_bringup/urdf/my_ugv.urdf.xacro\n'}
[0.965924] (my_ugv_bringup) StdoutLine: {'line': b'-- Up-to-date symlink: /home/ugv/Desktop/OperationTouchdown/ugv_ws/install/my_ugv_bringup/lib/my_ugv_bringup/cmd_vel_nav_relay.py\n'}
[0.966035] (my_ugv_bringup) StdoutLine: {'line': b'-- Up-to-date symlink: /home/ugv/Desktop/OperationTouchdown/ugv_ws/install/my_ugv_bringup/lib/my_ugv_bringup/joy_speed_estop.py\n'}
[0.966212] (my_ugv_bringup) StdoutLine: {'line': b'-- Up-to-date symlink: /home/ugv/Desktop/OperationTouchdown/ugv_ws/install/my_ugv_bringup/share/ament_index/resource_index/package_run_dependencies/my_ugv_bringup\n'}
[0.966295] (my_ugv_bringup) StdoutLine: {'line': b'-- Up-to-date symlink: /home/ugv/Desktop/OperationTouchdown/ugv_ws/install/my_ugv_bringup/share/ament_index/resource_index/parent_prefix_path/my_ugv_bringup\n'}
[0.966369] (my_ugv_bringup) StdoutLine: {'line': b'-- Up-to-date symlink: /home/ugv/Desktop/OperationTouchdown/ugv_ws/install/my_ugv_bringup/share/my_ugv_bringup/environment/ament_prefix_path.sh\n'}
[0.966533] (my_ugv_bringup) StdoutLine: {'line': b'-- Up-to-date symlink: /home/ugv/Desktop/OperationTouchdown/ugv_ws/install/my_ugv_bringup/share/my_ugv_bringup/environment/ament_prefix_path.dsv\n'}
[0.966647] (my_ugv_bringup) StdoutLine: {'line': b'-- Up-to-date symlink: /home/ugv/Desktop/OperationTouchdown/ugv_ws/install/my_ugv_bringup/share/my_ugv_bringup/environment/path.sh\n'}
[0.966804] (my_ugv_bringup) StdoutLine: {'line': b'-- Up-to-date symlink: /home/ugv/Desktop/OperationTouchdown/ugv_ws/install/my_ugv_bringup/share/my_ugv_bringup/environment/path.dsv\n'}
[0.966889] (my_ugv_bringup) StdoutLine: {'line': b'-- Up-to-date symlink: /home/ugv/Desktop/OperationTouchdown/ugv_ws/install/my_ugv_bringup/share/my_ugv_bringup/local_setup.bash\n'}
[0.967117] (my_ugv_bringup) StdoutLine: {'line': b'-- Up-to-date symlink: /home/ugv/Desktop/OperationTouchdown/ugv_ws/install/my_ugv_bringup/share/my_ugv_bringup/local_setup.sh\n'}
[0.967602] (my_ugv_bringup) StdoutLine: {'line': b'-- Up-to-date symlink: /home/ugv/Desktop/OperationTouchdown/ugv_ws/install/my_ugv_bringup/share/my_ugv_bringup/local_setup.zsh\n'}
[0.967873] (my_ugv_bringup) StdoutLine: {'line': b'-- Up-to-date symlink: /home/ugv/Desktop/OperationTouchdown/ugv_ws/install/my_ugv_bringup/share/my_ugv_bringup/local_setup.dsv\n'}
[0.968642] (my_ugv_bringup) StdoutLine: {'line': b'-- Symlinking: /home/ugv/Desktop/OperationTouchdown/ugv_ws/install/my_ugv_bringup/share/my_ugv_bringup/package.dsv\n'}
[0.992285] (my_ugv_bringup) StdoutLine: {'line': b'-- Up-to-date symlink: /home/ugv/Desktop/OperationTouchdown/ugv_ws/install/my_ugv_bringup/share/ament_index/resource_index/packages/my_ugv_bringup\n'}
[0.993864] (my_ugv_bringup) StdoutLine: {'line': b'-- Up-to-date symlink: /home/ugv/Desktop/OperationTouchdown/ugv_ws/install/my_ugv_bringup/share/my_ugv_bringup/cmake/my_ugv_bringupConfig.cmake\n'}
[0.994039] (my_ugv_bringup) StdoutLine: {'line': b'-- Up-to-date symlink: /home/ugv/Desktop/OperationTouchdown/ugv_ws/install/my_ugv_bringup/share/my_ugv_bringup/cmake/my_ugv_bringupConfig-version.cmake\n'}
[0.994132] (my_ugv_bringup) StdoutLine: {'line': b'-- Up-to-date symlink: /home/ugv/Desktop/OperationTouchdown/ugv_ws/install/my_ugv_bringup/share/my_ugv_bringup/package.xml\n'}
[1.001587] (-) TimerEvent: {}
[1.082029] (my_ugv_bringup) StdoutLine: {'line': b"Listing '/home/ugv/Desktop/OperationTouchdown/ugv_ws/install/my_ugv_bringup/lib/python3.12/site-packages/my_ugv_bringup'...\n"}
[1.087674] (my_ugv_bringup) StdoutLine: {'line': b"Compiling '/home/ugv/Desktop/OperationTouchdown/ugv_ws/install/my_ugv_bringup/lib/python3.12/site-packages/my_ugv_bringup/master_builder.py'...\n"}
[1.102080] (-) TimerEvent: {}
[1.127012] (my_ugv_bringup) CommandEnded: {'returncode': 0}
[1.159572] (my_ugv_bringup) JobEnded: {'identifier': 'my_ugv_bringup', 'rc': 0}
[1.160325] (-) EventReactorShutdown: {}
