[0.036s] Invoking command in '/home/ground/ugv_repo/OperationTouchdown/ugv_ws/build/roboteq_ros2_driver': CMAKE_PREFIX_PATH=${CMAKE_PREFIX_PATH}:/home/ground/ugv_repo/OperationTouchdown/ugv_ws/install/my_ugv_vision:/home/ground/ugv_repo/OperationTouchdown/ugv_ws/install/my_ugv_hardware:/opt/ros/jazzy DEBUGINFOD_URLS=https://debuginfod.ubuntu.com /usr/bin/cmake /home/ground/ugv_repo/OperationTouchdown/ugv_ws/src/roboteq_ros2_driver -DAMENT_CMAKE_SYMLINK_INSTALL=1 -DCMAKE_INSTALL_PREFIX=/home/ground/ugv_repo/OperationTouchdown/ugv_ws/install/roboteq_ros2_driver
[0.258s] -- The C compiler identification is GNU 13.3.0
[0.411s] -- The CXX compiler identification is GNU 13.3.0
[0.466s] -- Detecting C compiler ABI info
[0.875s] -- Detecting C compiler ABI info - done
[0.894s] -- Check for working C compiler: /usr/bin/cc - skipped
[0.897s] -- Detecting C compile features
[0.897s] -- Detecting C compile features - done
[0.954s] -- Detecting CXX compiler ABI info
[1.296s] -- Detecting CXX compiler ABI info - done
[1.333s] -- Check for working CXX compiler: /usr/bin/c++ - skipped
[1.337s] -- Detecting CXX compile features
[1.339s] -- Detecting CXX compile features - done
[1.372s] -- Found ament_cmake: 2.5.5 (/opt/ros/jazzy/share/ament_cmake/cmake)
[1.879s] -- Found Python3: /usr/bin/python3 (found version "3.12.3") found components: Interpreter 
[2.153s] -- Override CMake install command with custom implementation using symlinks instead of copying resources
[2.297s] -- Found rclcpp: 28.1.16 (/opt/ros/jazzy/share/rclcpp/cmake)
[2.418s] -- Found rosidl_generator_c: 4.6.7 (/opt/ros/jazzy/share/rosidl_generator_c/cmake)
[2.471s] -- Found rosidl_generator_cpp: 4.6.7 (/opt/ros/jazzy/share/rosidl_generator_cpp/cmake)
[2.512s] -- Using all available rosidl_typesupport_c: rosidl_typesupport_fastrtps_c;rosidl_typesupport_introspection_c
[2.576s] -- Using all available rosidl_typesupport_cpp: rosidl_typesupport_fastrtps_cpp;rosidl_typesupport_introspection_cpp
[2.789s] -- Found rmw_implementation_cmake: 7.3.3 (/opt/ros/jazzy/share/rmw_implementation_cmake/cmake)
[2.798s] -- Found rmw_fastrtps_cpp: 8.4.3 (/opt/ros/jazzy/share/rmw_fastrtps_cpp/cmake)
[3.075s] -- Found OpenSSL: /usr/lib/aarch64-linux-gnu/libcrypto.so (found version "3.0.13")  
[3.112s] -- Found FastRTPS: /opt/ros/jazzy/include (Required is at least version "2.13") 
[3.185s] -- Using RMW implementation 'rmw_fastrtps_cpp' as default
[3.392s] -- Found rclpy: 7.1.9 (/opt/ros/jazzy/share/rclpy/cmake)
[3.398s] -- Found geometry_msgs: 5.3.6 (/opt/ros/jazzy/share/geometry_msgs/cmake)
[3.489s] -- Found tf2_ros: 0.36.19 (/opt/ros/jazzy/share/tf2_ros/cmake)
[3.832s] -- Found ament_lint_auto: 0.17.4 (/opt/ros/jazzy/share/ament_lint_auto/cmake)
[4.344s] -- Added test 'cppcheck' to perform static code analysis on C / C++ code
[4.344s] -- Configured cppcheck include dirs: 
[4.348s] -- Configured cppcheck exclude dirs and/or files: 
[4.366s] -- Added test 'flake8' to check Python code syntax and style conventions
[4.366s] -- Configured 'flake8' exclude dirs and/or files: 
[4.376s] -- Added test 'lint_cmake' to check CMake code style
[4.383s] -- Added test 'pep257' to check Python code against some of the docstring style conventions in PEP 257
[4.414s] -- Added test 'uncrustify' to check C / C++ code style
[4.417s] -- Configured uncrustify additional arguments: 
[4.420s] -- Added test 'xmllint' to check XML markup files
[4.429s] -- Configuring done (4.4s)
[4.444s] -- Generating done (0.0s)
[4.456s] -- Build files have been written to: /home/ground/ugv_repo/OperationTouchdown/ugv_ws/build/roboteq_ros2_driver
[4.500s] Invoked command in '/home/ground/ugv_repo/OperationTouchdown/ugv_ws/build/roboteq_ros2_driver' returned '0': CMAKE_PREFIX_PATH=${CMAKE_PREFIX_PATH}:/home/ground/ugv_repo/OperationTouchdown/ugv_ws/install/my_ugv_vision:/home/ground/ugv_repo/OperationTouchdown/ugv_ws/install/my_ugv_hardware:/opt/ros/jazzy DEBUGINFOD_URLS=https://debuginfod.ubuntu.com /usr/bin/cmake /home/ground/ugv_repo/OperationTouchdown/ugv_ws/src/roboteq_ros2_driver -DAMENT_CMAKE_SYMLINK_INSTALL=1 -DCMAKE_INSTALL_PREFIX=/home/ground/ugv_repo/OperationTouchdown/ugv_ws/install/roboteq_ros2_driver
[4.502s] Invoking command in '/home/ground/ugv_repo/OperationTouchdown/ugv_ws/build/roboteq_ros2_driver': CMAKE_PREFIX_PATH=${CMAKE_PREFIX_PATH}:/home/ground/ugv_repo/OperationTouchdown/ugv_ws/install/my_ugv_vision:/home/ground/ugv_repo/OperationTouchdown/ugv_ws/install/my_ugv_hardware:/opt/ros/jazzy DEBUGINFOD_URLS=https://debuginfod.ubuntu.com /usr/bin/cmake --build /home/ground/ugv_repo/OperationTouchdown/ugv_ws/build/roboteq_ros2_driver -- -j4 -l4
[4.639s] Invoked command in '/home/ground/ugv_repo/OperationTouchdown/ugv_ws/build/roboteq_ros2_driver' returned '0': CMAKE_PREFIX_PATH=${CMAKE_PREFIX_PATH}:/home/ground/ugv_repo/OperationTouchdown/ugv_ws/install/my_ugv_vision:/home/ground/ugv_repo/OperationTouchdown/ugv_ws/install/my_ugv_hardware:/opt/ros/jazzy DEBUGINFOD_URLS=https://debuginfod.ubuntu.com /usr/bin/cmake --build /home/ground/ugv_repo/OperationTouchdown/ugv_ws/build/roboteq_ros2_driver -- -j4 -l4
[4.655s] Invoking command in '/home/ground/ugv_repo/OperationTouchdown/ugv_ws/build/roboteq_ros2_driver': CMAKE_PREFIX_PATH=${CMAKE_PREFIX_PATH}:/home/ground/ugv_repo/OperationTouchdown/ugv_ws/install/my_ugv_vision:/home/ground/ugv_repo/OperationTouchdown/ugv_ws/install/my_ugv_hardware:/opt/ros/jazzy DEBUGINFOD_URLS=https://debuginfod.ubuntu.com /usr/bin/cmake --install /home/ground/ugv_repo/OperationTouchdown/ugv_ws/build/roboteq_ros2_driver
[4.692s] -- Install configuration: ""
[4.692s] -- Execute custom install script
[4.693s] -- Symlinking: /home/ground/ugv_repo/OperationTouchdown/ugv_ws/install/roboteq_ros2_driver/lib/roboteq_ros2_driver/roboteq_bridge.py
[4.720s] -- Symlinking: /home/ground/ugv_repo/OperationTouchdown/ugv_ws/install/roboteq_ros2_driver/share/ament_index/resource_index/package_run_dependencies/roboteq_ros2_driver
[4.757s] -- Symlinking: /home/ground/ugv_repo/OperationTouchdown/ugv_ws/install/roboteq_ros2_driver/share/ament_index/resource_index/parent_prefix_path/roboteq_ros2_driver
[4.796s] -- Symlinking: /home/ground/ugv_repo/OperationTouchdown/ugv_ws/install/roboteq_ros2_driver/share/roboteq_ros2_driver/environment/ament_prefix_path.sh
[4.824s] -- Symlinking: /home/ground/ugv_repo/OperationTouchdown/ugv_ws/install/roboteq_ros2_driver/share/roboteq_ros2_driver/environment/ament_prefix_path.dsv
[4.855s] -- Symlinking: /home/ground/ugv_repo/OperationTouchdown/ugv_ws/install/roboteq_ros2_driver/share/roboteq_ros2_driver/environment/path.sh
[4.892s] -- Symlinking: /home/ground/ugv_repo/OperationTouchdown/ugv_ws/install/roboteq_ros2_driver/share/roboteq_ros2_driver/environment/path.dsv
[4.931s] -- Symlinking: /home/ground/ugv_repo/OperationTouchdown/ugv_ws/install/roboteq_ros2_driver/share/roboteq_ros2_driver/local_setup.bash
[5.047s] -- Symlinking: /home/ground/ugv_repo/OperationTouchdown/ugv_ws/install/roboteq_ros2_driver/share/roboteq_ros2_driver/local_setup.sh
[5.114s] -- Symlinking: /home/ground/ugv_repo/OperationTouchdown/ugv_ws/install/roboteq_ros2_driver/share/roboteq_ros2_driver/local_setup.zsh
[5.186s] -- Symlinking: /home/ground/ugv_repo/OperationTouchdown/ugv_ws/install/roboteq_ros2_driver/share/roboteq_ros2_driver/local_setup.dsv
[5.242s] -- Symlinking: /home/ground/ugv_repo/OperationTouchdown/ugv_ws/install/roboteq_ros2_driver/share/roboteq_ros2_driver/package.dsv
[5.287s] -- Symlinking: /home/ground/ugv_repo/OperationTouchdown/ugv_ws/install/roboteq_ros2_driver/share/ament_index/resource_index/packages/roboteq_ros2_driver
[5.317s] -- Symlinking: /home/ground/ugv_repo/OperationTouchdown/ugv_ws/install/roboteq_ros2_driver/share/roboteq_ros2_driver/cmake/ament_cmake_export_dependencies-extras.cmake
[5.353s] -- Symlinking: /home/ground/ugv_repo/OperationTouchdown/ugv_ws/install/roboteq_ros2_driver/share/roboteq_ros2_driver/cmake/roboteq_ros2_driverConfig.cmake
[5.403s] -- Symlinking: /home/ground/ugv_repo/OperationTouchdown/ugv_ws/install/roboteq_ros2_driver/share/roboteq_ros2_driver/cmake/roboteq_ros2_driverConfig-version.cmake
[5.461s] -- Symlinking: /home/ground/ugv_repo/OperationTouchdown/ugv_ws/install/roboteq_ros2_driver/share/roboteq_ros2_driver/package.xml
[5.540s] Invoked command in '/home/ground/ugv_repo/OperationTouchdown/ugv_ws/build/roboteq_ros2_driver' returned '0': CMAKE_PREFIX_PATH=${CMAKE_PREFIX_PATH}:/home/ground/ugv_repo/OperationTouchdown/ugv_ws/install/my_ugv_vision:/home/ground/ugv_repo/OperationTouchdown/ugv_ws/install/my_ugv_hardware:/opt/ros/jazzy DEBUGINFOD_URLS=https://debuginfod.ubuntu.com /usr/bin/cmake --install /home/ground/ugv_repo/OperationTouchdown/ugv_ws/build/roboteq_ros2_driver
