-- The C compiler identification is GNU 13.3.0
-- The CXX compiler identification is GNU 13.3.0
-- Detecting C compiler ABI info
-- Detecting C compiler ABI info - done
-- Check for working C compiler: /usr/bin/cc - skipped
-- Detecting C compile features
-- Detecting C compile features - done
-- Detecting CXX compiler ABI info
-- Detecting CXX compiler ABI info - done
-- Check for working CXX compiler: /usr/bin/c++ - skipped
-- Detecting CXX compile features
-- Detecting CXX compile features - done
-- Found ament_cmake: 2.5.6 (/opt/ros/jazzy/share/ament_cmake/cmake)
-- Found Python3: /usr/bin/python3 (found version "3.12.3") found components: Interpreter 
-- Override CMake install command with custom implementation using symlinks instead of copying resources
-- Configuring done (4.5s)
-- Generating done (0.0s)
-- Build files have been written to: /home/ugv/Desktop/OperationTouchdown/ugv_ws/build/my_ugv_bringup
-- Install configuration: ""
-- Execute custom install script
-- Symlinking: /home/ugv/Desktop/OperationTouchdown/ugv_ws/install/my_ugv_bringup/share/my_ugv_bringup/launch/master.launch.py
-- Symlinking: /home/ugv/Desktop/OperationTouchdown/ugv_ws/install/my_ugv_bringup/share/my_ugv_bringup/launch/master.launch2.py
-- Symlinking: /home/ugv/Desktop/OperationTouchdown/ugv_ws/install/my_ugv_bringup/share/my_ugv_bringup/launch/master.launch4.py
-- Symlinking: /home/ugv/Desktop/OperationTouchdown/ugv_ws/install/my_ugv_bringup/share/my_ugv_bringup/launch/navigation_launch.py
-- Symlinking: /home/ugv/Desktop/OperationTouchdown/ugv_ws/install/my_ugv_bringup/share/my_ugv_bringup/config/ekf.yaml
-- Symlinking: /home/ugv/Desktop/OperationTouchdown/ugv_ws/install/my_ugv_bringup/share/my_ugv_bringup/config/nav2_params.yaml
-- Symlinking: /home/ugv/Desktop/OperationTouchdown/ugv_ws/install/my_ugv_bringup/share/my_ugv_bringup/config/slam_param.yaml
-- Symlinking: /home/ugv/Desktop/OperationTouchdown/ugv_ws/install/my_ugv_bringup/share/my_ugv_bringup/urdf/my_ugv.urdf.xacro
-- Symlinking: /home/ugv/Desktop/OperationTouchdown/ugv_ws/install/my_ugv_bringup/share/ament_index/resource_index/package_run_dependencies/my_ugv_bringup
-- Symlinking: /home/ugv/Desktop/OperationTouchdown/ugv_ws/install/my_ugv_bringup/share/ament_index/resource_index/parent_prefix_path/my_ugv_bringup
-- Symlinking: /home/ugv/Desktop/OperationTouchdown/ugv_ws/install/my_ugv_bringup/share/my_ugv_bringup/environment/ament_prefix_path.sh
-- Symlinking: /home/ugv/Desktop/OperationTouchdown/ugv_ws/install/my_ugv_bringup/share/my_ugv_bringup/environment/ament_prefix_path.dsv
-- Symlinking: /home/ugv/Desktop/OperationTouchdown/ugv_ws/install/my_ugv_bringup/share/my_ugv_bringup/environment/path.sh
-- Symlinking: /home/ugv/Desktop/OperationTouchdown/ugv_ws/install/my_ugv_bringup/share/my_ugv_bringup/environment/path.dsv
-- Symlinking: /home/ugv/Desktop/OperationTouchdown/ugv_ws/install/my_ugv_bringup/share/my_ugv_bringup/local_setup.bash
-- Symlinking: /home/ugv/Desktop/OperationTouchdown/ugv_ws/install/my_ugv_bringup/share/my_ugv_bringup/local_setup.sh
-- Symlinking: /home/ugv/Desktop/OperationTouchdown/ugv_ws/install/my_ugv_bringup/share/my_ugv_bringup/local_setup.zsh
-- Symlinking: /home/ugv/Desktop/OperationTouchdown/ugv_ws/install/my_ugv_bringup/share/my_ugv_bringup/local_setup.dsv
-- Symlinking: /home/ugv/Desktop/OperationTouchdown/ugv_ws/install/my_ugv_bringup/share/my_ugv_bringup/package.dsv
-- Symlinking: /home/ugv/Desktop/OperationTouchdown/ugv_ws/install/my_ugv_bringup/share/ament_index/resource_index/packages/my_ugv_bringup
-- Symlinking: /home/ugv/Desktop/OperationTouchdown/ugv_ws/install/my_ugv_bringup/share/my_ugv_bringup/cmake/my_ugv_bringupConfig.cmake
-- Symlinking: /home/ugv/Desktop/OperationTouchdown/ugv_ws/install/my_ugv_bringup/share/my_ugv_bringup/cmake/my_ugv_bringupConfig-version.cmake
-- Symlinking: /home/ugv/Desktop/OperationTouchdown/ugv_ws/install/my_ugv_bringup/share/my_ugv_bringup/package.xml
