[1.592s] Invoking command in '/home/ground/ugv_ws/build/my_ugv_hardware': DEBUGINFOD_URLS=https://debuginfod.ubuntu.com PYTHONPATH=/home/ground/ugv_ws/build/my_ugv_hardware/prefix_override:/usr/lib/python3/dist-packages/colcon_core/task/python/colcon_distutils_commands:/home/ground/ugv_ws/install/my_ugv_hardware/lib/python3.12/site-packages:${PYTHONPATH} /usr/bin/python3 -W ignore:setup.py install is deprecated -W ignore:easy_install command is deprecated setup.py develop --editable --build-directory /home/ground/ugv_ws/build/my_ugv_hardware/build --no-deps symlink_data
[2.153s] running develop
[2.494s] running egg_info
[2.494s] creating my_ugv_hardware.egg-info
[2.532s] writing my_ugv_hardware.egg-info/PKG-INFO
[2.532s] writing dependency_links to my_ugv_hardware.egg-info/dependency_links.txt
[2.532s] writing entry points to my_ugv_hardware.egg-info/entry_points.txt
[2.532s] writing requirements to my_ugv_hardware.egg-info/requires.txt
[2.532s] writing top-level names to my_ugv_hardware.egg-info/top_level.txt
[2.532s] writing manifest file 'my_ugv_hardware.egg-info/SOURCES.txt'
[2.603s] reading manifest file 'my_ugv_hardware.egg-info/SOURCES.txt'
[2.605s] writing manifest file 'my_ugv_hardware.egg-info/SOURCES.txt'
[2.635s] running build_ext
[2.635s] Creating /home/ground/ugv_ws/install/my_ugv_hardware/lib/python3.12/site-packages/my-ugv-hardware.egg-link (link to .)
[2.636s] Installing motor_driver script to /home/ground/ugv_ws/install/my_ugv_hardware/lib/my_ugv_hardware
[2.636s] Installing virtual_odom script to /home/ground/ugv_ws/install/my_ugv_hardware/lib/my_ugv_hardware
[2.636s] 
[2.637s] Installed /home/ground/ugv_ws/build/my_ugv_hardware
[2.637s] running symlink_data
[2.637s] creating /home/ground/ugv_ws/install/my_ugv_hardware/share/ament_index
[2.637s] creating /home/ground/ugv_ws/install/my_ugv_hardware/share/ament_index/resource_index
[2.637s] creating /home/ground/ugv_ws/install/my_ugv_hardware/share/ament_index/resource_index/packages
[2.637s] symbolically linking /home/ground/ugv_ws/build/my_ugv_hardware/resource/my_ugv_hardware -> /home/ground/ugv_ws/install/my_ugv_hardware/share/ament_index/resource_index/packages
[2.637s] symbolically linking /home/ground/ugv_ws/build/my_ugv_hardware/package.xml -> /home/ground/ugv_ws/install/my_ugv_hardware/share/my_ugv_hardware
[2.750s] Invoked command in '/home/ground/ugv_ws/build/my_ugv_hardware' returned '0': DEBUGINFOD_URLS=https://debuginfod.ubuntu.com PYTHONPATH=/home/ground/ugv_ws/build/my_ugv_hardware/prefix_override:/usr/lib/python3/dist-packages/colcon_core/task/python/colcon_distutils_commands:/home/ground/ugv_ws/install/my_ugv_hardware/lib/python3.12/site-packages:${PYTHONPATH} /usr/bin/python3 -W ignore:setup.py install is deprecated -W ignore:easy_install command is deprecated setup.py develop --editable --build-directory /home/ground/ugv_ws/build/my_ugv_hardware/build --no-deps symlink_data
