[0.043s] Invoking command in '/home/ugv/Desktop/OperationTouchdown/ugv_ws/build/rplidar_ros': CMAKE_PREFIX_PATH=${CMAKE_PREFIX_PATH}:/home/ugv/Desktop/OperationTouchdown/ugv_ws/install/my_ugv_hardware:/home/ugv/Desktop/OperationTouchdown/ugv_ws/install/my_ugv_vision:/opt/ros/jazzy DEBUGINFOD_URLS=https://debuginfod.ubuntu.com /usr/bin/cmake /home/ugv/Desktop/OperationTouchdown/ugv_ws/src/rplidar_ros -DAMENT_CMAKE_SYMLINK_INSTALL=1 -DCMAKE_INSTALL_PREFIX=/home/ugv/Desktop/OperationTouchdown/ugv_ws/install/rplidar_ros
[0.074s] -- Found ament_cmake: 2.5.6 (/opt/ros/jazzy/share/ament_cmake/cmake)
[0.515s] -- Override CMake install command with custom implementation using symlinks instead of copying resources
[0.526s] -- Found rclcpp: 28.1.18 (/opt/ros/jazzy/share/rclcpp/cmake)
[0.572s] -- Found rosidl_generator_c: 4.6.7 (/opt/ros/jazzy/share/rosidl_generator_c/cmake)
[0.581s] -- Found rosidl_generator_cpp: 4.6.7 (/opt/ros/jazzy/share/rosidl_generator_cpp/cmake)
[0.599s] -- Using all available rosidl_typesupport_c: rosidl_typesupport_fastrtps_c;rosidl_typesupport_introspection_c
[0.622s] -- Using all available rosidl_typesupport_cpp: rosidl_typesupport_fastrtps_cpp;rosidl_typesupport_introspection_cpp
[0.710s] -- Found rmw_implementation_cmake: 7.3.3 (/opt/ros/jazzy/share/rmw_implementation_cmake/cmake)
[0.713s] -- Found rmw_fastrtps_cpp: 8.4.3 (/opt/ros/jazzy/share/rmw_fastrtps_cpp/cmake)
[0.829s] -- Using RMW implementation 'rmw_fastrtps_cpp' as default
[0.933s] -- Found sensor_msgs: 5.3.7 (/opt/ros/jazzy/share/sensor_msgs/cmake)
[1.022s] -- Found std_srvs: 5.3.7 (/opt/ros/jazzy/share/std_srvs/cmake)
[1.265s] -- Configuring done (1.2s)
[1.313s] -- Generating done (0.0s)
[1.329s] -- Build files have been written to: /home/ugv/Desktop/OperationTouchdown/ugv_ws/build/rplidar_ros
[1.355s] Invoked command in '/home/ugv/Desktop/OperationTouchdown/ugv_ws/build/rplidar_ros' returned '0': CMAKE_PREFIX_PATH=${CMAKE_PREFIX_PATH}:/home/ugv/Desktop/OperationTouchdown/ugv_ws/install/my_ugv_hardware:/home/ugv/Desktop/OperationTouchdown/ugv_ws/install/my_ugv_vision:/opt/ros/jazzy DEBUGINFOD_URLS=https://debuginfod.ubuntu.com /usr/bin/cmake /home/ugv/Desktop/OperationTouchdown/ugv_ws/src/rplidar_ros -DAMENT_CMAKE_SYMLINK_INSTALL=1 -DCMAKE_INSTALL_PREFIX=/home/ugv/Desktop/OperationTouchdown/ugv_ws/install/rplidar_ros
[1.358s] Invoking command in '/home/ugv/Desktop/OperationTouchdown/ugv_ws/build/rplidar_ros': CMAKE_PREFIX_PATH=${CMAKE_PREFIX_PATH}:/home/ugv/Desktop/OperationTouchdown/ugv_ws/install/my_ugv_hardware:/home/ugv/Desktop/OperationTouchdown/ugv_ws/install/my_ugv_vision:/opt/ros/jazzy DEBUGINFOD_URLS=https://debuginfod.ubuntu.com /usr/bin/cmake --build /home/ugv/Desktop/OperationTouchdown/ugv_ws/build/rplidar_ros -- -j4 -l4
[1.544s] [ 46%] Built target rplidar_node
[1.551s] [ 53%] Built target rplidar_client
[1.561s] [100%] Built target rplidar_composition
[1.596s] Invoked command in '/home/ugv/Desktop/OperationTouchdown/ugv_ws/build/rplidar_ros' returned '0': CMAKE_PREFIX_PATH=${CMAKE_PREFIX_PATH}:/home/ugv/Desktop/OperationTouchdown/ugv_ws/install/my_ugv_hardware:/home/ugv/Desktop/OperationTouchdown/ugv_ws/install/my_ugv_vision:/opt/ros/jazzy DEBUGINFOD_URLS=https://debuginfod.ubuntu.com /usr/bin/cmake --build /home/ugv/Desktop/OperationTouchdown/ugv_ws/build/rplidar_ros -- -j4 -l4
[1.596s] Invoking command in '/home/ugv/Desktop/OperationTouchdown/ugv_ws/build/rplidar_ros': CMAKE_PREFIX_PATH=${CMAKE_PREFIX_PATH}:/home/ugv/Desktop/OperationTouchdown/ugv_ws/install/my_ugv_hardware:/home/ugv/Desktop/OperationTouchdown/ugv_ws/install/my_ugv_vision:/opt/ros/jazzy DEBUGINFOD_URLS=https://debuginfod.ubuntu.com /usr/bin/cmake --install /home/ugv/Desktop/OperationTouchdown/ugv_ws/build/rplidar_ros
[1.617s] -- Install configuration: ""
[1.618s] -- Execute custom install script
[1.619s] -- Up-to-date symlink: /home/ugv/Desktop/OperationTouchdown/ugv_ws/install/rplidar_ros/share/rplidar_ros/launch/rplidar_a1_launch.py
[1.620s] -- Up-to-date symlink: /home/ugv/Desktop/OperationTouchdown/ugv_ws/install/rplidar_ros/share/rplidar_ros/launch/rplidar_a2m12_launch.py
[1.620s] -- Up-to-date symlink: /home/ugv/Desktop/OperationTouchdown/ugv_ws/install/rplidar_ros/share/rplidar_ros/launch/rplidar_a2m7_launch.py
[1.620s] -- Up-to-date symlink: /home/ugv/Desktop/OperationTouchdown/ugv_ws/install/rplidar_ros/share/rplidar_ros/launch/rplidar_a2m8_launch.py
[1.620s] -- Up-to-date symlink: /home/ugv/Desktop/OperationTouchdown/ugv_ws/install/rplidar_ros/share/rplidar_ros/launch/rplidar_a3_launch.py
[1.622s] -- Up-to-date symlink: /home/ugv/Desktop/OperationTouchdown/ugv_ws/install/rplidar_ros/share/rplidar_ros/launch/rplidar_s1_launch.py
[1.624s] -- Up-to-date symlink: /home/ugv/Desktop/OperationTouchdown/ugv_ws/install/rplidar_ros/share/rplidar_ros/launch/rplidar_s1_tcp_launch.py
[1.625s] -- Up-to-date symlink: /home/ugv/Desktop/OperationTouchdown/ugv_ws/install/rplidar_ros/share/rplidar_ros/launch/rplidar_s2_launch.py
[1.627s] -- Up-to-date symlink: /home/ugv/Desktop/OperationTouchdown/ugv_ws/install/rplidar_ros/share/rplidar_ros/launch/rplidar_s2e_launch.py
[1.628s] -- Up-to-date symlink: /home/ugv/Desktop/OperationTouchdown/ugv_ws/install/rplidar_ros/share/rplidar_ros/launch/rplidar_s3_launch.py
[1.629s] -- Up-to-date symlink: /home/ugv/Desktop/OperationTouchdown/ugv_ws/install/rplidar_ros/share/rplidar_ros/launch/rplidar_t1_launch.py
[1.629s] -- Up-to-date symlink: /home/ugv/Desktop/OperationTouchdown/ugv_ws/install/rplidar_ros/share/rplidar_ros/launch/view_rplidar_a1_launch.py
[1.630s] -- Up-to-date symlink: /home/ugv/Desktop/OperationTouchdown/ugv_ws/install/rplidar_ros/share/rplidar_ros/launch/view_rplidar_a2m12_launch.py
[1.630s] -- Up-to-date symlink: /home/ugv/Desktop/OperationTouchdown/ugv_ws/install/rplidar_ros/share/rplidar_ros/launch/view_rplidar_a2m7_launch.py
[1.632s] -- Up-to-date symlink: /home/ugv/Desktop/OperationTouchdown/ugv_ws/install/rplidar_ros/share/rplidar_ros/launch/view_rplidar_a2m8_launch.py
[1.633s] -- Up-to-date symlink: /home/ugv/Desktop/OperationTouchdown/ugv_ws/install/rplidar_ros/share/rplidar_ros/launch/view_rplidar_a3_launch.py
[1.633s] -- Up-to-date symlink: /home/ugv/Desktop/OperationTouchdown/ugv_ws/install/rplidar_ros/share/rplidar_ros/launch/view_rplidar_s1_launch.py
[1.633s] -- Up-to-date symlink: /home/ugv/Desktop/OperationTouchdown/ugv_ws/install/rplidar_ros/share/rplidar_ros/launch/view_rplidar_s1_tcp_launch.py
[1.633s] -- Up-to-date symlink: /home/ugv/Desktop/OperationTouchdown/ugv_ws/install/rplidar_ros/share/rplidar_ros/launch/view_rplidar_s2_launch.py
[1.633s] -- Up-to-date symlink: /home/ugv/Desktop/OperationTouchdown/ugv_ws/install/rplidar_ros/share/rplidar_ros/launch/view_rplidar_s2e_launch.py
[1.633s] -- Up-to-date symlink: /home/ugv/Desktop/OperationTouchdown/ugv_ws/install/rplidar_ros/share/rplidar_ros/launch/view_rplidar_s3_launch.py
[1.633s] -- Up-to-date symlink: /home/ugv/Desktop/OperationTouchdown/ugv_ws/install/rplidar_ros/share/rplidar_ros/launch/view_rplidar_t1_launch.py
[1.633s] -- Up-to-date symlink: /home/ugv/Desktop/OperationTouchdown/ugv_ws/install/rplidar_ros/share/rplidar_ros/rviz/rplidar_ros.rviz
[1.633s] -- Up-to-date symlink: /home/ugv/Desktop/OperationTouchdown/ugv_ws/install/rplidar_ros/lib/rplidar_ros/rplidar_node
[1.633s] -- Up-to-date symlink: /home/ugv/Desktop/OperationTouchdown/ugv_ws/install/rplidar_ros/lib/rplidar_ros/rplidar_composition
[1.634s] -- Up-to-date symlink: /home/ugv/Desktop/OperationTouchdown/ugv_ws/install/rplidar_ros/lib/rplidar_ros/rplidar_client
[1.634s] -- Up-to-date symlink: /home/ugv/Desktop/OperationTouchdown/ugv_ws/install/rplidar_ros/share/ament_index/resource_index/package_run_dependencies/rplidar_ros
[1.634s] -- Up-to-date symlink: /home/ugv/Desktop/OperationTouchdown/ugv_ws/install/rplidar_ros/share/ament_index/resource_index/parent_prefix_path/rplidar_ros
[1.635s] -- Up-to-date symlink: /home/ugv/Desktop/OperationTouchdown/ugv_ws/install/rplidar_ros/share/rplidar_ros/environment/ament_prefix_path.sh
[1.635s] -- Up-to-date symlink: /home/ugv/Desktop/OperationTouchdown/ugv_ws/install/rplidar_ros/share/rplidar_ros/environment/ament_prefix_path.dsv
[1.635s] -- Up-to-date symlink: /home/ugv/Desktop/OperationTouchdown/ugv_ws/install/rplidar_ros/share/rplidar_ros/environment/path.sh
[1.636s] -- Up-to-date symlink: /home/ugv/Desktop/OperationTouchdown/ugv_ws/install/rplidar_ros/share/rplidar_ros/environment/path.dsv
[1.636s] -- Up-to-date symlink: /home/ugv/Desktop/OperationTouchdown/ugv_ws/install/rplidar_ros/share/rplidar_ros/local_setup.bash
[1.636s] -- Up-to-date symlink: /home/ugv/Desktop/OperationTouchdown/ugv_ws/install/rplidar_ros/share/rplidar_ros/local_setup.sh
[1.636s] -- Up-to-date symlink: /home/ugv/Desktop/OperationTouchdown/ugv_ws/install/rplidar_ros/share/rplidar_ros/local_setup.zsh
[1.636s] -- Up-to-date symlink: /home/ugv/Desktop/OperationTouchdown/ugv_ws/install/rplidar_ros/share/rplidar_ros/local_setup.dsv
[1.636s] -- Symlinking: /home/ugv/Desktop/OperationTouchdown/ugv_ws/install/rplidar_ros/share/rplidar_ros/package.dsv
[1.654s] -- Up-to-date symlink: /home/ugv/Desktop/OperationTouchdown/ugv_ws/install/rplidar_ros/share/ament_index/resource_index/packages/rplidar_ros
[1.654s] -- Up-to-date symlink: /home/ugv/Desktop/OperationTouchdown/ugv_ws/install/rplidar_ros/share/rplidar_ros/cmake/ament_cmake_export_dependencies-extras.cmake
[1.654s] -- Up-to-date symlink: /home/ugv/Desktop/OperationTouchdown/ugv_ws/install/rplidar_ros/share/rplidar_ros/cmake/ament_cmake_export_include_directories-extras.cmake
[1.654s] -- Up-to-date symlink: /home/ugv/Desktop/OperationTouchdown/ugv_ws/install/rplidar_ros/share/rplidar_ros/cmake/rplidar_rosConfig.cmake
[1.655s] -- Up-to-date symlink: /home/ugv/Desktop/OperationTouchdown/ugv_ws/install/rplidar_ros/share/rplidar_ros/cmake/rplidar_rosConfig-version.cmake
[1.655s] -- Up-to-date symlink: /home/ugv/Desktop/OperationTouchdown/ugv_ws/install/rplidar_ros/share/rplidar_ros/package.xml
[1.660s] Invoked command in '/home/ugv/Desktop/OperationTouchdown/ugv_ws/build/rplidar_ros' returned '0': CMAKE_PREFIX_PATH=${CMAKE_PREFIX_PATH}:/home/ugv/Desktop/OperationTouchdown/ugv_ws/install/my_ugv_hardware:/home/ugv/Desktop/OperationTouchdown/ugv_ws/install/my_ugv_vision:/opt/ros/jazzy DEBUGINFOD_URLS=https://debuginfod.ubuntu.com /usr/bin/cmake --install /home/ugv/Desktop/OperationTouchdown/ugv_ws/build/rplidar_ros
