[1.927s] Invoking command in '/home/ground/ugv_repo/OperationTouchdown/ugv_ws/build/my_ugv_vision': DEBUGINFOD_URLS=https://debuginfod.ubuntu.com PYTHONPATH=/home/ground/ugv_repo/OperationTouchdown/ugv_ws/build/my_ugv_vision/prefix_override:/usr/lib/python3/dist-packages/colcon_core/task/python/colcon_distutils_commands:/home/ground/ugv_repo/OperationTouchdown/ugv_ws/install/my_ugv_vision/lib/python3.12/site-packages:${PYTHONPATH} /usr/bin/python3 -W ignore:setup.py install is deprecated -W ignore:easy_install command is deprecated setup.py develop --editable --build-directory /home/ground/ugv_repo/OperationTouchdown/ugv_ws/build/my_ugv_vision/build --no-deps symlink_data
[2.780s] running develop
[3.213s] running egg_info
[3.214s] creating my_ugv_vision.egg-info
[3.264s] writing my_ugv_vision.egg-info/PKG-INFO
[3.267s] writing dependency_links to my_ugv_vision.egg-info/dependency_links.txt
[3.271s] writing entry points to my_ugv_vision.egg-info/entry_points.txt
[3.272s] writing requirements to my_ugv_vision.egg-info/requires.txt
[3.272s] writing top-level names to my_ugv_vision.egg-info/top_level.txt
[3.273s] writing manifest file 'my_ugv_vision.egg-info/SOURCES.txt'
[3.343s] reading manifest file 'my_ugv_vision.egg-info/SOURCES.txt'
[3.344s] writing manifest file 'my_ugv_vision.egg-info/SOURCES.txt'
[3.385s] running build_ext
[3.385s] Creating /home/ground/ugv_repo/OperationTouchdown/ugv_ws/install/my_ugv_vision/lib/python3.12/site-packages/my-ugv-vision.egg-link (link to .)
[3.387s] Installing object_detector script to /home/ground/ugv_repo/OperationTouchdown/ugv_ws/install/my_ugv_vision/lib/my_ugv_vision
[3.387s] 
[3.387s] Installed /home/ground/ugv_repo/OperationTouchdown/ugv_ws/build/my_ugv_vision
[3.388s] running symlink_data
[3.388s] creating /home/ground/ugv_repo/OperationTouchdown/ugv_ws/install/my_ugv_vision/share/ament_index
[3.388s] creating /home/ground/ugv_repo/OperationTouchdown/ugv_ws/install/my_ugv_vision/share/ament_index/resource_index
[3.391s] creating /home/ground/ugv_repo/OperationTouchdown/ugv_ws/install/my_ugv_vision/share/ament_index/resource_index/packages
[3.391s] symbolically linking /home/ground/ugv_repo/OperationTouchdown/ugv_ws/build/my_ugv_vision/resource/my_ugv_vision -> /home/ground/ugv_repo/OperationTouchdown/ugv_ws/install/my_ugv_vision/share/ament_index/resource_index/packages
[3.391s] symbolically linking /home/ground/ugv_repo/OperationTouchdown/ugv_ws/build/my_ugv_vision/package.xml -> /home/ground/ugv_repo/OperationTouchdown/ugv_ws/install/my_ugv_vision/share/my_ugv_vision
[3.525s] Invoked command in '/home/ground/ugv_repo/OperationTouchdown/ugv_ws/build/my_ugv_vision' returned '0': DEBUGINFOD_URLS=https://debuginfod.ubuntu.com PYTHONPATH=/home/ground/ugv_repo/OperationTouchdown/ugv_ws/build/my_ugv_vision/prefix_override:/usr/lib/python3/dist-packages/colcon_core/task/python/colcon_distutils_commands:/home/ground/ugv_repo/OperationTouchdown/ugv_ws/install/my_ugv_vision/lib/python3.12/site-packages:${PYTHONPATH} /usr/bin/python3 -W ignore:setup.py install is deprecated -W ignore:easy_install command is deprecated setup.py develop --editable --build-directory /home/ground/ugv_repo/OperationTouchdown/ugv_ws/build/my_ugv_vision/build --no-deps symlink_data
