[0.044s] Invoking command in '/home/ugv/Desktop/OperationTouchdown/ugv_ws/build/my_ugv_description': CMAKE_PREFIX_PATH=${CMAKE_PREFIX_PATH}:/home/ugv/Desktop/OperationTouchdown/ugv_ws/install/my_ugv_hardware:/home/ugv/Desktop/OperationTouchdown/ugv_ws/install/my_ugv_vision:/opt/ros/jazzy DEBUGINFOD_URLS=https://debuginfod.ubuntu.com /usr/bin/cmake --build /home/ugv/Desktop/OperationTouchdown/ugv_ws/build/my_ugv_description -- -j4 -l4
[0.178s] Invoked command in '/home/ugv/Desktop/OperationTouchdown/ugv_ws/build/my_ugv_description' returned '0': CMAKE_PREFIX_PATH=${CMAKE_PREFIX_PATH}:/home/ugv/Desktop/OperationTouchdown/ugv_ws/install/my_ugv_hardware:/home/ugv/Desktop/OperationTouchdown/ugv_ws/install/my_ugv_vision:/opt/ros/jazzy DEBUGINFOD_URLS=https://debuginfod.ubuntu.com /usr/bin/cmake --build /home/ugv/Desktop/OperationTouchdown/ugv_ws/build/my_ugv_description -- -j4 -l4
[0.180s] Invoking command in '/home/ugv/Desktop/OperationTouchdown/ugv_ws/build/my_ugv_description': CMAKE_PREFIX_PATH=${CMAKE_PREFIX_PATH}:/home/ugv/Desktop/OperationTouchdown/ugv_ws/install/my_ugv_hardware:/home/ugv/Desktop/OperationTouchdown/ugv_ws/install/my_ugv_vision:/opt/ros/jazzy DEBUGINFOD_URLS=https://debuginfod.ubuntu.com /usr/bin/cmake --install /home/ugv/Desktop/OperationTouchdown/ugv_ws/build/my_ugv_description
[0.242s] -- Install configuration: ""
[0.243s] -- Execute custom install script
[0.248s] -- Up-to-date symlink: /home/ugv/Desktop/OperationTouchdown/ugv_ws/install/my_ugv_description/share/my_ugv_description/urdf/ugv.urdf.xacro
[0.249s] -- Up-to-date symlink: /home/ugv/Desktop/OperationTouchdown/ugv_ws/install/my_ugv_description/share/my_ugv_description/package.xml
[0.254s] -- Up-to-date symlink: /home/ugv/Desktop/OperationTouchdown/ugv_ws/install/my_ugv_description/share/ament_index/resource_index/package_run_dependencies/my_ugv_description
[0.255s] -- Up-to-date symlink: /home/ugv/Desktop/OperationTouchdown/ugv_ws/install/my_ugv_description/share/ament_index/resource_index/parent_prefix_path/my_ugv_description
[0.255s] -- Up-to-date symlink: /home/ugv/Desktop/OperationTouchdown/ugv_ws/install/my_ugv_description/share/my_ugv_description/environment/ament_prefix_path.sh
[0.256s] -- Up-to-date symlink: /home/ugv/Desktop/OperationTouchdown/ugv_ws/install/my_ugv_description/share/my_ugv_description/environment/ament_prefix_path.dsv
[0.257s] -- Up-to-date symlink: /home/ugv/Desktop/OperationTouchdown/ugv_ws/install/my_ugv_description/share/my_ugv_description/environment/path.sh
[0.257s] -- Up-to-date symlink: /home/ugv/Desktop/OperationTouchdown/ugv_ws/install/my_ugv_description/share/my_ugv_description/environment/path.dsv
[0.258s] -- Up-to-date symlink: /home/ugv/Desktop/OperationTouchdown/ugv_ws/install/my_ugv_description/share/my_ugv_description/local_setup.bash
[0.258s] -- Up-to-date symlink: /home/ugv/Desktop/OperationTouchdown/ugv_ws/install/my_ugv_description/share/my_ugv_description/local_setup.sh
[0.259s] -- Up-to-date symlink: /home/ugv/Desktop/OperationTouchdown/ugv_ws/install/my_ugv_description/share/my_ugv_description/local_setup.zsh
[0.260s] -- Up-to-date symlink: /home/ugv/Desktop/OperationTouchdown/ugv_ws/install/my_ugv_description/share/my_ugv_description/local_setup.dsv
[0.260s] -- Symlinking: /home/ugv/Desktop/OperationTouchdown/ugv_ws/install/my_ugv_description/share/my_ugv_description/package.dsv
[0.295s] -- Up-to-date symlink: /home/ugv/Desktop/OperationTouchdown/ugv_ws/install/my_ugv_description/share/ament_index/resource_index/packages/my_ugv_description
[0.298s] -- Up-to-date symlink: /home/ugv/Desktop/OperationTouchdown/ugv_ws/install/my_ugv_description/share/my_ugv_description/cmake/my_ugv_descriptionConfig.cmake
[0.298s] -- Up-to-date symlink: /home/ugv/Desktop/OperationTouchdown/ugv_ws/install/my_ugv_description/share/my_ugv_description/cmake/my_ugv_descriptionConfig-version.cmake
[0.298s] -- Up-to-date symlink: /home/ugv/Desktop/OperationTouchdown/ugv_ws/install/my_ugv_description/share/my_ugv_description/package.xml
[0.367s] Invoked command in '/home/ugv/Desktop/OperationTouchdown/ugv_ws/build/my_ugv_description' returned '0': CMAKE_PREFIX_PATH=${CMAKE_PREFIX_PATH}:/home/ugv/Desktop/OperationTouchdown/ugv_ws/install/my_ugv_hardware:/home/ugv/Desktop/OperationTouchdown/ugv_ws/install/my_ugv_vision:/opt/ros/jazzy DEBUGINFOD_URLS=https://debuginfod.ubuntu.com /usr/bin/cmake --install /home/ugv/Desktop/OperationTouchdown/ugv_ws/build/my_ugv_description
