[2.447s] Invoking command in '/home/ugv/Desktop/OperationTouchdown/ugv_ws/build/my_ugv_vision': DEBUGINFOD_URLS=https://debuginfod.ubuntu.com PYTHONPATH=/home/ugv/Desktop/OperationTouchdown/ugv_ws/build/my_ugv_vision/prefix_override:/usr/lib/python3/dist-packages/colcon_core/task/python/colcon_distutils_commands:/home/ugv/Desktop/OperationTouchdown/ugv_ws/install/my_ugv_vision/lib/python3.12/site-packages:${PYTHONPATH} /usr/bin/python3 -W ignore:setup.py install is deprecated -W ignore:easy_install command is deprecated setup.py develop --editable --build-directory /home/ugv/Desktop/OperationTouchdown/ugv_ws/build/my_ugv_vision/build --no-deps symlink_data
[3.317s] running develop
[3.699s] running egg_info
[3.735s] writing my_ugv_vision.egg-info/PKG-INFO
[3.738s] writing dependency_links to my_ugv_vision.egg-info/dependency_links.txt
[3.738s] writing entry points to my_ugv_vision.egg-info/entry_points.txt
[3.739s] writing requirements to my_ugv_vision.egg-info/requires.txt
[3.739s] writing top-level names to my_ugv_vision.egg-info/top_level.txt
[3.805s] reading manifest file 'my_ugv_vision.egg-info/SOURCES.txt'
[3.807s] writing manifest file 'my_ugv_vision.egg-info/SOURCES.txt'
[3.857s] running build_ext
[3.857s] Creating /home/ugv/Desktop/OperationTouchdown/ugv_ws/install/my_ugv_vision/lib/python3.12/site-packages/my-ugv-vision.egg-link (link to .)
[3.859s] Installing akida_yolo_node script to /home/ugv/Desktop/OperationTouchdown/ugv_ws/install/my_ugv_vision/lib/my_ugv_vision
[3.859s] Installing landmark_tracker_node script to /home/ugv/Desktop/OperationTouchdown/ugv_ws/install/my_ugv_vision/lib/my_ugv_vision
[3.859s] Installing object_localizer_node script to /home/ugv/Desktop/OperationTouchdown/ugv_ws/install/my_ugv_vision/lib/my_ugv_vision
[3.860s] Installing obstacle_publisher_node script to /home/ugv/Desktop/OperationTouchdown/ugv_ws/install/my_ugv_vision/lib/my_ugv_vision
[3.860s] 
[3.861s] Installed /home/ugv/Desktop/OperationTouchdown/ugv_ws/build/my_ugv_vision
[3.861s] running symlink_data
[4.035s] Invoked command in '/home/ugv/Desktop/OperationTouchdown/ugv_ws/build/my_ugv_vision' returned '0': DEBUGINFOD_URLS=https://debuginfod.ubuntu.com PYTHONPATH=/home/ugv/Desktop/OperationTouchdown/ugv_ws/build/my_ugv_vision/prefix_override:/usr/lib/python3/dist-packages/colcon_core/task/python/colcon_distutils_commands:/home/ugv/Desktop/OperationTouchdown/ugv_ws/install/my_ugv_vision/lib/python3.12/site-packages:${PYTHONPATH} /usr/bin/python3 -W ignore:setup.py install is deprecated -W ignore:easy_install command is deprecated setup.py develop --editable --build-directory /home/ugv/Desktop/OperationTouchdown/ugv_ws/build/my_ugv_vision/build --no-deps symlink_data
