[1.823s] Invoking command in '/home/ugv/Desktop/OperationTouchdown/ugv_ws/build/my_ugv_hardware': PYTHONPATH=/home/ugv/Desktop/OperationTouchdown/ugv_ws/build/my_ugv_hardware/prefix_override:/usr/lib/python3/dist-packages/colcon_core/task/python/colcon_distutils_commands:/home/ugv/Desktop/OperationTouchdown/ugv_ws/install/my_ugv_hardware/lib/python3.12/site-packages:${PYTHONPATH} /usr/bin/python3 -W ignore:setup.py install is deprecated -W ignore:easy_install command is deprecated setup.py develop --editable --build-directory /home/ugv/Desktop/OperationTouchdown/ugv_ws/build/my_ugv_hardware/build --no-deps symlink_data
[2.055s] /usr/lib/python3/dist-packages/setuptools/dist.py:744: SetuptoolsDeprecationWarning: Invalid dash-separated options
[2.056s] !!
[2.056s] 
[2.057s]         ********************************************************************************
[2.057s]         Usage of dash-separated 'script-dir' will not be supported in future
[2.057s]         versions. Please use the underscore name 'script_dir' instead.
[2.057s] 
[2.058s]         This deprecation is overdue, please update your project and remove deprecated
[2.058s]         calls to avoid build errors in the future.
[2.058s] 
[2.058s]         See https://setuptools.pypa.io/en/latest/userguide/declarative_config.html for details.
[2.058s]         ********************************************************************************
[2.059s] 
[2.059s] !!
[2.060s]   opt = self.warn_dash_deprecation(opt, section)
[2.350s] running develop
[2.673s] running egg_info
[2.675s] writing my_ugv_hardware.egg-info/PKG-INFO
[2.676s] writing dependency_links to my_ugv_hardware.egg-info/dependency_links.txt
[2.677s] writing entry points to my_ugv_hardware.egg-info/entry_points.txt
[2.677s] writing requirements to my_ugv_hardware.egg-info/requires.txt
[2.678s] writing top-level names to my_ugv_hardware.egg-info/top_level.txt
[2.737s] reading manifest file 'my_ugv_hardware.egg-info/SOURCES.txt'
[2.738s] writing manifest file 'my_ugv_hardware.egg-info/SOURCES.txt'
[2.769s] running build_ext
[2.769s] Creating /home/ugv/Desktop/OperationTouchdown/ugv_ws/install/my_ugv_hardware/lib/python3.12/site-packages/my-ugv-hardware.egg-link (link to .)
[2.770s] Installing kill_switch script to /home/ugv/Desktop/OperationTouchdown/ugv_ws/install/my_ugv_hardware/lib/my_ugv_hardware
[2.770s] Installing lora_bridge script to /home/ugv/Desktop/OperationTouchdown/ugv_ws/install/my_ugv_hardware/lib/my_ugv_hardware
[2.771s] Installing mission_controller script to /home/ugv/Desktop/OperationTouchdown/ugv_ws/install/my_ugv_hardware/lib/my_ugv_hardware
[2.774s] Installing motor_driver script to /home/ugv/Desktop/OperationTouchdown/ugv_ws/install/my_ugv_hardware/lib/my_ugv_hardware
[2.775s] Installing virtual_odom script to /home/ugv/Desktop/OperationTouchdown/ugv_ws/install/my_ugv_hardware/lib/my_ugv_hardware
[2.775s] 
[2.775s] Installed /home/ugv/Desktop/OperationTouchdown/ugv_ws/build/my_ugv_hardware
[2.775s] running symlink_data
[2.878s] Invoked command in '/home/ugv/Desktop/OperationTouchdown/ugv_ws/build/my_ugv_hardware' returned '0': PYTHONPATH=/home/ugv/Desktop/OperationTouchdown/ugv_ws/build/my_ugv_hardware/prefix_override:/usr/lib/python3/dist-packages/colcon_core/task/python/colcon_distutils_commands:/home/ugv/Desktop/OperationTouchdown/ugv_ws/install/my_ugv_hardware/lib/python3.12/site-packages:${PYTHONPATH} /usr/bin/python3 -W ignore:setup.py install is deprecated -W ignore:easy_install command is deprecated setup.py develop --editable --build-directory /home/ugv/Desktop/OperationTouchdown/ugv_ws/build/my_ugv_hardware/build --no-deps symlink_data
