[1.864s] Invoking command in '/home/ugv/Desktop/OperationTouchdown/ugv_ws/build/my_ugv_hardware': DEBUGINFOD_URLS=https://debuginfod.ubuntu.com PYTHONPATH=/home/ugv/Desktop/OperationTouchdown/ugv_ws/build/my_ugv_hardware/prefix_override:/usr/lib/python3/dist-packages/colcon_core/task/python/colcon_distutils_commands:/home/ugv/Desktop/OperationTouchdown/ugv_ws/install/my_ugv_hardware/lib/python3.12/site-packages:${PYTHONPATH} /usr/bin/python3 -W ignore:setup.py install is deprecated -W ignore:easy_install command is deprecated setup.py develop --editable --build-directory /home/ugv/Desktop/OperationTouchdown/ugv_ws/build/my_ugv_hardware/build --no-deps symlink_data
[2.468s] running develop
[2.782s] running egg_info
[2.812s] writing my_ugv_hardware.egg-info/PKG-INFO
[2.813s] writing dependency_links to my_ugv_hardware.egg-info/dependency_links.txt
[2.815s] writing entry points to my_ugv_hardware.egg-info/entry_points.txt
[2.816s] writing requirements to my_ugv_hardware.egg-info/requires.txt
[2.817s] writing top-level names to my_ugv_hardware.egg-info/top_level.txt
[2.882s] reading manifest file 'my_ugv_hardware.egg-info/SOURCES.txt'
[2.882s] writing manifest file 'my_ugv_hardware.egg-info/SOURCES.txt'
[2.914s] running build_ext
[2.914s] Creating /home/ugv/Desktop/OperationTouchdown/ugv_ws/install/my_ugv_hardware/lib/python3.12/site-packages/my-ugv-hardware.egg-link (link to .)
[2.915s] Installing kill_switch script to /home/ugv/Desktop/OperationTouchdown/ugv_ws/install/my_ugv_hardware/lib/my_ugv_hardware
[2.916s] Installing lora_bridge script to /home/ugv/Desktop/OperationTouchdown/ugv_ws/install/my_ugv_hardware/lib/my_ugv_hardware
[2.916s] Installing mission_controller script to /home/ugv/Desktop/OperationTouchdown/ugv_ws/install/my_ugv_hardware/lib/my_ugv_hardware
[2.916s] Installing motor_driver script to /home/ugv/Desktop/OperationTouchdown/ugv_ws/install/my_ugv_hardware/lib/my_ugv_hardware
[2.917s] Installing virtual_odom script to /home/ugv/Desktop/OperationTouchdown/ugv_ws/install/my_ugv_hardware/lib/my_ugv_hardware
[2.917s] 
[2.917s] Installed /home/ugv/Desktop/OperationTouchdown/ugv_ws/build/my_ugv_hardware
[2.917s] running symlink_data
[3.021s] Invoked command in '/home/ugv/Desktop/OperationTouchdown/ugv_ws/build/my_ugv_hardware' returned '0': DEBUGINFOD_URLS=https://debuginfod.ubuntu.com PYTHONPATH=/home/ugv/Desktop/OperationTouchdown/ugv_ws/build/my_ugv_hardware/prefix_override:/usr/lib/python3/dist-packages/colcon_core/task/python/colcon_distutils_commands:/home/ugv/Desktop/OperationTouchdown/ugv_ws/install/my_ugv_hardware/lib/python3.12/site-packages:${PYTHONPATH} /usr/bin/python3 -W ignore:setup.py install is deprecated -W ignore:easy_install command is deprecated setup.py develop --editable --build-directory /home/ugv/Desktop/OperationTouchdown/ugv_ws/build/my_ugv_hardware/build --no-deps symlink_data
