[0.000000] (-) TimerEvent: {}
[0.000098] (-) JobUnselected: {'identifier': 'roboteq_ros2_driver'}
[0.000146] (dual_laser_merger) JobQueued: {'identifier': 'dual_laser_merger', 'dependencies': OrderedDict()}
[0.000197] (my_ugv_bringup) JobQueued: {'identifier': 'my_ugv_bringup', 'dependencies': OrderedDict({'dual_laser_merger': '/home/ugv/Desktop/OperationTouchdown/ugv_ws/install/dual_laser_merger', 'roboteq_ros2_driver': '/home/ugv/Desktop/OperationTouchdown/ugv_ws/install/roboteq_ros2_driver'})}
[0.001317] (dual_laser_merger) JobStarted: {'identifier': 'dual_laser_merger'}
[0.013150] (dual_laser_merger) JobProgress: {'identifier': 'dual_laser_merger', 'progress': 'cmake'}
[0.015430] (dual_laser_merger) JobProgress: {'identifier': 'dual_laser_merger', 'progress': 'build'}
[0.016812] (dual_laser_merger) Command: {'cmd': ['/usr/bin/cmake', '--build', '/home/ugv/Desktop/OperationTouchdown/ugv_ws/build/dual_laser_merger', '--', '-j4', '-l4'], 'cwd': '/home/ugv/Desktop/OperationTouchdown/ugv_ws/build/dual_laser_merger', 'env': OrderedDict({'LESSOPEN': '| /usr/bin/lesspipe %s', 'VSCODE_CWD': '/home/ugv', 'VSCODE_ESM_ENTRYPOINT': 'vs/workbench/api/node/extensionHostProcess', 'GZ_SIM_RESOURCE_PATH': '/opt/ros/jazzy/share', 'USER': 'ugv', 'SSH_CLIENT': '100.96.142.123 59891 22', 'VSCODE_NLS_CONFIG': '{"userLocale":"en","osLocale":"en","resolvedLanguage":"en","defaultMessagesFile":"/home/ugv/.cursor-server/bin/linux-arm64/3dc559280adc5f931ade8e25c7b85393842acf30/out/nls.messages.json","locale":"en","availableLanguages":{}}', 'GZ_CONFIG_PATH': '/opt/ros/jazzy/opt/gz_sim_vendor/share/gz:/opt/ros/jazzy/opt/sdformat_vendor/share/gz:/opt/ros/jazzy/opt/gz_gui_vendor/share/gz:/opt/ros/jazzy/opt/gz_transport_vendor/share/gz:/opt/ros/jazzy/opt/gz_rendering_vendor/share/gz:/opt/ros/jazzy/opt/gz_plugin_vendor/share/gz:/opt/ros/jazzy/opt/gz_fuel_tools_vendor/share/gz:/opt/ros/jazzy/opt/gz_msgs_vendor/share/gz:/opt/ros/jazzy/opt/gz_common_vendor/share/gz', 'VSCODE_HANDLES_UNCAUGHT_ERRORS': 'true', 'XDG_SESSION_TYPE': 'tty', 'SHLVL': '1', 'LD_LIBRARY_PATH': '/opt/ros/jazzy/opt/gz_sim_vendor/lib:/opt/ros/jazzy/opt/gz_sensors_vendor/lib:/opt/ros/jazzy/opt/gz_physics_vendor/lib:/opt/ros/jazzy/opt/sdformat_vendor/lib:/opt/ros/jazzy/opt/rviz_ogre_vendor/lib:/opt/ros/jazzy/lib/aarch64-linux-gnu:/opt/ros/jazzy/opt/gz_gui_vendor/lib:/opt/ros/jazzy/opt/gz_transport_vendor/lib:/opt/ros/jazzy/opt/gz_rendering_vendor/lib:/opt/ros/jazzy/opt/gz_plugin_vendor/lib:/opt/ros/jazzy/opt/gz_fuel_tools_vendor/lib:/opt/ros/jazzy/opt/gz_msgs_vendor/lib:/opt/ros/jazzy/opt/gz_common_vendor/lib:/opt/ros/jazzy/opt/gz_math_vendor/lib:/opt/ros/jazzy/opt/gz_utils_vendor/lib:/opt/ros/jazzy/opt/gz_tools_vendor/lib:/opt/ros/jazzy/opt/gz_ogre_next_vendor/lib:/opt/ros/jazzy/opt/gz_dartsim_vendor/lib:/opt/ros/jazzy/opt/gz_cmake_vendor/lib:/opt/ros/jazzy/lib', 'BROWSER': '/home/ugv/.cursor-server/bin/linux-arm64/3dc559280adc5f931ade8e25c7b85393842acf30/bin/helpers/browser.sh', 'HOME': '/home/ugv', 'OLDPWD': '/home/ugv/Desktop', 'VSCODE_IPC_HOOK_CLI': '/run/user/1000/vscode-ipc-498fec8a-111a-4a37-b97d-01b72a7fe1fc.sock', 'ROS_PYTHON_VERSION': '3', 'NO_COLOR': '1', 'DBUS_SESSION_BUS_ADDRESS': 'unix:path=/run/user/1000/bus', 'DEBUGINFOD_URLS': 'https://debuginfod.ubuntu.com', 'ROS_DISTRO': 'jazzy', 'OVSX_REGISTRY_URL': 'https://open-vsx.org', 'LOGNAME': 'ugv', 'FORCE_COLOR': '0', 'VSCODE_HANDLES_SIGPIPE': 'true', 'IGN_GAZEBO_MODEL_PATH': '/opt/ros/jazzy/share', '_': '/usr/bin/colcon', 'ROS_VERSION': '2', 'CURSOR_LAYOUT': 'unifiedAgent', 'XDG_SESSION_CLASS': 'user', 'TERM': 'dumb', 'XDG_SESSION_ID': '4', 'GAZEBO_MODEL_PATH': '/opt/ros/jazzy/share', 'PATH': '/home/ugv/.cursor-server/bin/linux-arm64/3dc559280adc5f931ade8e25c7b85393842acf30:/home/ugv/.cursor-server/bin/linux-arm64/3dc559280adc5f931ade8e25c7b85393842acf30/bin/remote-cli:/opt/ros/jazzy/opt/gz_msgs_vendor/bin:/opt/ros/jazzy/opt/gz_tools_vendor/bin:/opt/ros/jazzy/opt/gz_ogre_next_vendor/bin:/opt/ros/jazzy/bin:/home/ugv/.cursor-server/bin/linux-arm64/3dc559280adc5f931ade8e25c7b85393842acf30/bin/remote-cli:/usr/local/sbin:/usr/local/bin:/usr/sbin:/usr/bin:/sbin:/bin:/usr/games:/usr/local/games:/snap/bin', 'VSCODE_AGENT_FOLDER': '/home/ugv/.cursor-server', 'XDG_RUNTIME_DIR': '/run/user/1000', 'CURSOR_AGENT': '1', 'LANG': 'en_US.UTF-8', 'LS_COLORS': '', 'AMENT_PREFIX_PATH': '/opt/ros/jazzy', 'SHELL': '/bin/bash', 'VSCODE_SERVER_SHUTDOWN_TIMEOUT': '300', 'LESSCLOSE': '/usr/bin/lesspipe %s %s', 'IGN_GAZEBO_RESOURCE_PATH': '/opt/ros/jazzy/share', 'GAZEBO_RESOURCE_PATH': '/opt/ros/jazzy/share', 'ROS_AUTOMATIC_DISCOVERY_RANGE': 'SUBNET', 'PWD': '/home/ugv/Desktop/OperationTouchdown/ugv_ws/build/dual_laser_merger', 'LC_ALL': 'en_US.UTF-8', 'SSH_CONNECTION': '100.96.142.123 59891 100.81.31.74 22', 'XDG_DATA_DIRS': '/usr/share/gnome:/usr/local/share:/usr/share:/var/lib/snapd/desktop', 'PYTHONPATH': '/opt/ros/jazzy/lib/python3.12/site-packages', 'COLCON': '1', '_ZO_DOCTOR': '0', 'CMAKE_PREFIX_PATH': '/opt/ros/jazzy/opt/gz_sim_vendor:/opt/ros/jazzy/opt/gz_sensors_vendor:/opt/ros/jazzy/opt/gz_physics_vendor:/opt/ros/jazzy/opt/sdformat_vendor:/opt/ros/jazzy/opt/gz_gui_vendor:/opt/ros/jazzy/opt/gz_transport_vendor:/opt/ros/jazzy/opt/gz_rendering_vendor:/opt/ros/jazzy/opt/gz_plugin_vendor:/opt/ros/jazzy/opt/gz_fuel_tools_vendor:/opt/ros/jazzy/opt/gz_msgs_vendor:/opt/ros/jazzy/opt/gz_common_vendor:/opt/ros/jazzy/opt/gz_math_vendor:/opt/ros/jazzy/opt/gz_utils_vendor:/opt/ros/jazzy/opt/gz_tools_vendor:/opt/ros/jazzy/opt/gz_ogre_next_vendor:/opt/ros/jazzy/opt/gz_dartsim_vendor:/opt/ros/jazzy/opt/gz_cmake_vendor:/opt/ros/jazzy'}), 'shell': False}
[0.099704] (-) TimerEvent: {}
[0.143089] (dual_laser_merger) StdoutLine: {'line': b'[ 50%] Built target dual_laser_merger_node\n'}
[0.160129] (dual_laser_merger) StdoutLine: {'line': b'[ 75%] Building CXX object CMakeFiles/dual_laser_merger.dir/src/dual_laser_merger.cpp.o\n'}
[0.199811] (-) TimerEvent: {}
[0.300037] (-) TimerEvent: {}
[0.400265] (-) TimerEvent: {}
[0.500501] (-) TimerEvent: {}
[0.600728] (-) TimerEvent: {}
[0.700956] (-) TimerEvent: {}
[0.801212] (-) TimerEvent: {}
[0.901430] (-) TimerEvent: {}
[1.001646] (-) TimerEvent: {}
[1.101887] (-) TimerEvent: {}
[1.202130] (-) TimerEvent: {}
[1.302365] (-) TimerEvent: {}
[1.402589] (-) TimerEvent: {}
[1.502844] (-) TimerEvent: {}
[1.603080] (-) TimerEvent: {}
[1.703372] (-) TimerEvent: {}
[1.803686] (-) TimerEvent: {}
[1.903963] (-) TimerEvent: {}
[2.004319] (-) TimerEvent: {}
[2.104590] (-) TimerEvent: {}
[2.205004] (-) TimerEvent: {}
[2.305563] (-) TimerEvent: {}
[2.406066] (-) TimerEvent: {}
[2.506452] (-) TimerEvent: {}
[2.606870] (-) TimerEvent: {}
[2.707215] (-) TimerEvent: {}
[2.807473] (-) TimerEvent: {}
[2.907740] (-) TimerEvent: {}
[3.007975] (-) TimerEvent: {}
[3.110469] (-) TimerEvent: {}
[3.210800] (-) TimerEvent: {}
[3.311120] (-) TimerEvent: {}
[3.411367] (-) TimerEvent: {}
[3.512233] (-) TimerEvent: {}
[3.612530] (-) TimerEvent: {}
[3.712888] (-) TimerEvent: {}
[3.813185] (-) TimerEvent: {}
[3.913421] (-) TimerEvent: {}
[4.013634] (-) TimerEvent: {}
[4.113860] (-) TimerEvent: {}
[4.214093] (-) TimerEvent: {}
[4.314326] (-) TimerEvent: {}
[4.414917] (-) TimerEvent: {}
[4.515664] (-) TimerEvent: {}
[4.615927] (-) TimerEvent: {}
[4.716180] (-) TimerEvent: {}
[4.816466] (-) TimerEvent: {}
[4.916745] (-) TimerEvent: {}
[5.016984] (-) TimerEvent: {}
[5.117221] (-) TimerEvent: {}
[5.217434] (-) TimerEvent: {}
[5.317662] (-) TimerEvent: {}
[5.417879] (-) TimerEvent: {}
[5.518105] (-) TimerEvent: {}
[5.618362] (-) TimerEvent: {}
[5.718608] (-) TimerEvent: {}
[5.818855] (-) TimerEvent: {}
[5.919109] (-) TimerEvent: {}
[6.019369] (-) TimerEvent: {}
[6.119585] (-) TimerEvent: {}
[6.219799] (-) TimerEvent: {}
[6.320020] (-) TimerEvent: {}
[6.420265] (-) TimerEvent: {}
[6.520537] (-) TimerEvent: {}
[6.620789] (-) TimerEvent: {}
[6.721054] (-) TimerEvent: {}
[6.821272] (-) TimerEvent: {}
[6.921492] (-) TimerEvent: {}
[7.021721] (-) TimerEvent: {}
[7.121967] (-) TimerEvent: {}
[7.222213] (-) TimerEvent: {}
[7.322428] (-) TimerEvent: {}
[7.422666] (-) TimerEvent: {}
[7.522952] (-) TimerEvent: {}
[7.623871] (-) TimerEvent: {}
[7.724226] (-) TimerEvent: {}
[7.824507] (-) TimerEvent: {}
[7.924793] (-) TimerEvent: {}
[8.025034] (-) TimerEvent: {}
[8.125253] (-) TimerEvent: {}
[8.225485] (-) TimerEvent: {}
[8.325716] (-) TimerEvent: {}
[8.426010] (-) TimerEvent: {}
[8.526240] (-) TimerEvent: {}
[8.626468] (-) TimerEvent: {}
[8.726720] (-) TimerEvent: {}
[8.826943] (-) TimerEvent: {}
[8.927176] (-) TimerEvent: {}
[9.027460] (-) TimerEvent: {}
[9.127760] (-) TimerEvent: {}
[9.228143] (-) TimerEvent: {}
[9.328550] (-) TimerEvent: {}
[9.428910] (-) TimerEvent: {}
[9.529257] (-) TimerEvent: {}
[9.629576] (-) TimerEvent: {}
[9.730088] (-) TimerEvent: {}
[9.830845] (-) TimerEvent: {}
[9.931576] (-) TimerEvent: {}
[10.031872] (-) TimerEvent: {}
[10.132130] (-) TimerEvent: {}
[10.232576] (-) TimerEvent: {}
[10.333044] (-) TimerEvent: {}
[10.433267] (-) TimerEvent: {}
[10.533483] (-) TimerEvent: {}
[10.633713] (-) TimerEvent: {}
[10.733951] (-) TimerEvent: {}
[10.834219] (-) TimerEvent: {}
[10.934464] (-) TimerEvent: {}
[11.034686] (-) TimerEvent: {}
[11.134914] (-) TimerEvent: {}
[11.235136] (-) TimerEvent: {}
[11.335361] (-) TimerEvent: {}
[11.435578] (-) TimerEvent: {}
[11.535806] (-) TimerEvent: {}
[11.636038] (-) TimerEvent: {}
[11.736261] (-) TimerEvent: {}
[11.836480] (-) TimerEvent: {}
[11.936697] (-) TimerEvent: {}
[12.036919] (-) TimerEvent: {}
[12.137151] (-) TimerEvent: {}
[12.239643] (-) TimerEvent: {}
[12.339920] (-) TimerEvent: {}
[12.440382] (-) TimerEvent: {}
[12.540798] (-) TimerEvent: {}
[12.641017] (-) TimerEvent: {}
[12.741263] (-) TimerEvent: {}
[12.841494] (-) TimerEvent: {}
[12.941706] (-) TimerEvent: {}
[13.041922] (-) TimerEvent: {}
[13.142145] (-) TimerEvent: {}
[13.242376] (-) TimerEvent: {}
[13.342617] (-) TimerEvent: {}
[13.442834] (-) TimerEvent: {}
[13.543077] (-) TimerEvent: {}
[13.643311] (-) TimerEvent: {}
[13.743532] (-) TimerEvent: {}
[13.843760] (-) TimerEvent: {}
[13.943975] (-) TimerEvent: {}
[14.044202] (-) TimerEvent: {}
[14.144433] (-) TimerEvent: {}
[14.244661] (-) TimerEvent: {}
[14.344877] (-) TimerEvent: {}
[14.445099] (-) TimerEvent: {}
[14.545333] (-) TimerEvent: {}
[14.645687] (-) TimerEvent: {}
[14.745904] (-) TimerEvent: {}
[14.846143] (-) TimerEvent: {}
[14.946391] (-) TimerEvent: {}
[15.046624] (-) TimerEvent: {}
[15.146852] (-) TimerEvent: {}
[15.247071] (-) TimerEvent: {}
[15.347304] (-) TimerEvent: {}
[15.447543] (-) TimerEvent: {}
[15.547765] (-) TimerEvent: {}
[15.648015] (-) TimerEvent: {}
[15.748253] (-) TimerEvent: {}
[15.848513] (-) TimerEvent: {}
[15.948770] (-) TimerEvent: {}
[16.049029] (-) TimerEvent: {}
[16.149305] (-) TimerEvent: {}
[16.249531] (-) TimerEvent: {}
[16.349753] (-) TimerEvent: {}
[16.449972] (-) TimerEvent: {}
[16.550342] (-) TimerEvent: {}
[16.650612] (-) TimerEvent: {}
[16.750858] (-) TimerEvent: {}
[16.851111] (-) TimerEvent: {}
[16.951495] (-) TimerEvent: {}
[17.051722] (-) TimerEvent: {}
[17.151945] (-) TimerEvent: {}
[17.252187] (-) TimerEvent: {}
[17.352410] (-) TimerEvent: {}
[17.452635] (-) TimerEvent: {}
[17.552849] (-) TimerEvent: {}
[17.653069] (-) TimerEvent: {}
[17.753297] (-) TimerEvent: {}
[17.853520] (-) TimerEvent: {}
[17.953762] (-) TimerEvent: {}
[18.053996] (-) TimerEvent: {}
[18.154225] (-) TimerEvent: {}
[18.254449] (-) TimerEvent: {}
[18.354646] (-) TimerEvent: {}
[18.454882] (-) TimerEvent: {}
[18.555105] (-) TimerEvent: {}
[18.655350] (-) TimerEvent: {}
[18.755587] (-) TimerEvent: {}
[18.855812] (-) TimerEvent: {}
[18.956075] (-) TimerEvent: {}
[19.056395] (-) TimerEvent: {}
[19.156606] (-) TimerEvent: {}
[19.256824] (-) TimerEvent: {}
[19.357045] (-) TimerEvent: {}
[19.457287] (-) TimerEvent: {}
[19.557518] (-) TimerEvent: {}
[19.657747] (-) TimerEvent: {}
[19.757993] (-) TimerEvent: {}
[19.858267] (-) TimerEvent: {}
[19.958968] (-) TimerEvent: {}
[20.060251] (-) TimerEvent: {}
[20.160497] (-) TimerEvent: {}
[20.260731] (-) TimerEvent: {}
[20.361030] (-) TimerEvent: {}
[20.461367] (-) TimerEvent: {}
[20.561657] (-) TimerEvent: {}
[20.661868] (-) TimerEvent: {}
[20.762092] (-) TimerEvent: {}
[20.862358] (-) TimerEvent: {}
[20.962574] (-) TimerEvent: {}
[21.062800] (-) TimerEvent: {}
[21.163017] (-) TimerEvent: {}
[21.263248] (-) TimerEvent: {}
[21.363450] (-) TimerEvent: {}
[21.463666] (-) TimerEvent: {}
[21.563869] (-) TimerEvent: {}
[21.664086] (-) TimerEvent: {}
[21.764319] (-) TimerEvent: {}
[21.864558] (-) TimerEvent: {}
[21.964800] (-) TimerEvent: {}
[22.065029] (-) TimerEvent: {}
[22.165246] (-) TimerEvent: {}
[22.265479] (-) TimerEvent: {}
[22.365694] (-) TimerEvent: {}
[22.465905] (-) TimerEvent: {}
[22.566130] (-) TimerEvent: {}
[22.666360] (-) TimerEvent: {}
[22.766610] (-) TimerEvent: {}
[22.866821] (-) TimerEvent: {}
[22.967045] (-) TimerEvent: {}
[23.067249] (-) TimerEvent: {}
[23.167478] (-) TimerEvent: {}
[23.267727] (-) TimerEvent: {}
[23.367936] (-) TimerEvent: {}
[23.468146] (-) TimerEvent: {}
[23.568375] (-) TimerEvent: {}
[23.668576] (-) TimerEvent: {}
[23.768790] (-) TimerEvent: {}
[23.869008] (-) TimerEvent: {}
[23.969283] (-) TimerEvent: {}
[24.069540] (-) TimerEvent: {}
[24.169773] (-) TimerEvent: {}
[24.269995] (-) TimerEvent: {}
[24.370367] (-) TimerEvent: {}
[24.470673] (-) TimerEvent: {}
[24.570916] (-) TimerEvent: {}
[24.671674] (-) TimerEvent: {}
[24.771944] (-) TimerEvent: {}
[24.872281] (-) TimerEvent: {}
[24.972476] (-) TimerEvent: {}
[25.072698] (-) TimerEvent: {}
[25.172906] (-) TimerEvent: {}
[25.273126] (-) TimerEvent: {}
[25.373373] (-) TimerEvent: {}
[25.473640] (-) TimerEvent: {}
[25.573849] (-) TimerEvent: {}
[25.674055] (-) TimerEvent: {}
[25.774293] (-) TimerEvent: {}
[25.874524] (-) TimerEvent: {}
[25.974737] (-) TimerEvent: {}
[26.074938] (-) TimerEvent: {}
[26.175146] (-) TimerEvent: {}
[26.275352] (-) TimerEvent: {}
[26.375661] (-) TimerEvent: {}
[26.475892] (-) TimerEvent: {}
[26.576098] (-) TimerEvent: {}
[26.676318] (-) TimerEvent: {}
[26.776545] (-) TimerEvent: {}
[26.876747] (-) TimerEvent: {}
[26.976958] (-) TimerEvent: {}
[27.077183] (-) TimerEvent: {}
[27.177461] (-) TimerEvent: {}
[27.277663] (-) TimerEvent: {}
[27.378285] (-) TimerEvent: {}
[27.478519] (-) TimerEvent: {}
[27.578755] (-) TimerEvent: {}
[27.679010] (-) TimerEvent: {}
[27.779247] (-) TimerEvent: {}
[27.879453] (-) TimerEvent: {}
[27.979765] (-) TimerEvent: {}
[28.080021] (-) TimerEvent: {}
[28.180239] (-) TimerEvent: {}
[28.280475] (-) TimerEvent: {}
[28.380697] (-) TimerEvent: {}
[28.480906] (-) TimerEvent: {}
[28.581114] (-) TimerEvent: {}
[28.681339] (-) TimerEvent: {}
[28.781552] (-) TimerEvent: {}
[28.881764] (-) TimerEvent: {}
[28.981978] (-) TimerEvent: {}
[29.082199] (-) TimerEvent: {}
[29.182409] (-) TimerEvent: {}
[29.282624] (-) TimerEvent: {}
[29.382879] (-) TimerEvent: {}
[29.483109] (-) TimerEvent: {}
[29.583630] (-) TimerEvent: {}
[29.683861] (-) TimerEvent: {}
[29.784105] (-) TimerEvent: {}
[29.884354] (-) TimerEvent: {}
[29.984560] (-) TimerEvent: {}
[30.084791] (-) TimerEvent: {}
[30.185016] (-) TimerEvent: {}
[30.285230] (-) TimerEvent: {}
[30.385445] (-) TimerEvent: {}
[30.485648] (-) TimerEvent: {}
[30.585848] (-) TimerEvent: {}
[30.686242] (-) TimerEvent: {}
[30.786457] (-) TimerEvent: {}
[30.886673] (-) TimerEvent: {}
[30.986886] (-) TimerEvent: {}
[31.087094] (-) TimerEvent: {}
[31.187316] (-) TimerEvent: {}
[31.287524] (-) TimerEvent: {}
[31.387736] (-) TimerEvent: {}
[31.487959] (-) TimerEvent: {}
[31.588185] (-) TimerEvent: {}
[31.688440] (-) TimerEvent: {}
[31.788719] (-) TimerEvent: {}
[31.888968] (-) TimerEvent: {}
[31.992557] (-) TimerEvent: {}
[32.092805] (-) TimerEvent: {}
[32.193043] (-) TimerEvent: {}
[32.293295] (-) TimerEvent: {}
[32.393540] (-) TimerEvent: {}
[32.493783] (-) TimerEvent: {}
[32.593998] (-) TimerEvent: {}
[32.694242] (-) TimerEvent: {}
[32.794471] (-) TimerEvent: {}
[32.894817] (-) TimerEvent: {}
[32.995093] (-) TimerEvent: {}
[33.095346] (-) TimerEvent: {}
[33.195613] (-) TimerEvent: {}
[33.295923] (-) TimerEvent: {}
[33.396172] (-) TimerEvent: {}
[33.496435] (-) TimerEvent: {}
[33.596876] (-) TimerEvent: {}
[33.697274] (-) TimerEvent: {}
[33.797560] (-) TimerEvent: {}
[33.897949] (-) TimerEvent: {}
[33.998247] (-) TimerEvent: {}
[34.098543] (-) TimerEvent: {}
[34.198885] (-) TimerEvent: {}
[34.299208] (-) TimerEvent: {}
[34.399471] (-) TimerEvent: {}
[34.431655] (dual_laser_merger) StdoutLine: {'line': b'[100%] Linking CXX shared library libdual_laser_merger.so\n'}
[34.499591] (-) TimerEvent: {}
[34.600049] (-) TimerEvent: {}
[34.700608] (-) TimerEvent: {}
[34.801317] (-) TimerEvent: {}
[34.901926] (-) TimerEvent: {}
[35.002935] (-) TimerEvent: {}
[35.103515] (-) TimerEvent: {}
[35.204099] (-) TimerEvent: {}
[35.304430] (-) TimerEvent: {}
[35.404711] (-) TimerEvent: {}
[35.504931] (-) TimerEvent: {}
[35.605315] (-) TimerEvent: {}
[35.706100] (-) TimerEvent: {}
[35.806963] (-) TimerEvent: {}
[35.907841] (-) TimerEvent: {}
[36.008314] (-) TimerEvent: {}
[36.109209] (-) TimerEvent: {}
[36.210129] (-) TimerEvent: {}
[36.310558] (-) TimerEvent: {}
[36.410910] (-) TimerEvent: {}
[36.511418] (-) TimerEvent: {}
[36.612502] (-) TimerEvent: {}
[36.712811] (-) TimerEvent: {}
[36.813098] (-) TimerEvent: {}
[36.913685] (-) TimerEvent: {}
[37.014799] (-) TimerEvent: {}
[37.115499] (-) TimerEvent: {}
[37.216320] (-) TimerEvent: {}
[37.316820] (-) TimerEvent: {}
[37.417116] (-) TimerEvent: {}
[37.517576] (-) TimerEvent: {}
[37.618025] (-) TimerEvent: {}
[37.718254] (-) TimerEvent: {}
[37.818542] (-) TimerEvent: {}
[37.918834] (-) TimerEvent: {}
[38.019332] (-) TimerEvent: {}
[38.119971] (-) TimerEvent: {}
[38.220652] (-) TimerEvent: {}
[38.321389] (-) TimerEvent: {}
[38.423611] (-) TimerEvent: {}
[38.523928] (-) TimerEvent: {}
[38.624349] (-) TimerEvent: {}
[38.724685] (-) TimerEvent: {}
[38.825021] (-) TimerEvent: {}
[38.925380] (-) TimerEvent: {}
[39.025806] (-) TimerEvent: {}
[39.126055] (-) TimerEvent: {}
[39.226962] (-) TimerEvent: {}
[39.327860] (-) TimerEvent: {}
[39.429386] (-) TimerEvent: {}
[39.530120] (-) TimerEvent: {}
[39.631411] (-) TimerEvent: {}
[39.731918] (-) TimerEvent: {}
[39.832392] (-) TimerEvent: {}
[39.932859] (-) TimerEvent: {}
[40.033059] (-) TimerEvent: {}
[40.133235] (-) TimerEvent: {}
[40.151598] (dual_laser_merger) StdoutLine: {'line': b'[100%] Built target dual_laser_merger\n'}
[40.174104] (dual_laser_merger) CommandEnded: {'returncode': 0}
[40.174896] (dual_laser_merger) JobProgress: {'identifier': 'dual_laser_merger', 'progress': 'install'}
[40.194614] (dual_laser_merger) Command: {'cmd': ['/usr/bin/cmake', '--install', '/home/ugv/Desktop/OperationTouchdown/ugv_ws/build/dual_laser_merger'], 'cwd': '/home/ugv/Desktop/OperationTouchdown/ugv_ws/build/dual_laser_merger', 'env': OrderedDict({'LESSOPEN': '| /usr/bin/lesspipe %s', 'VSCODE_CWD': '/home/ugv', 'VSCODE_ESM_ENTRYPOINT': 'vs/workbench/api/node/extensionHostProcess', 'GZ_SIM_RESOURCE_PATH': '/opt/ros/jazzy/share', 'USER': 'ugv', 'SSH_CLIENT': '100.96.142.123 59891 22', 'VSCODE_NLS_CONFIG': '{"userLocale":"en","osLocale":"en","resolvedLanguage":"en","defaultMessagesFile":"/home/ugv/.cursor-server/bin/linux-arm64/3dc559280adc5f931ade8e25c7b85393842acf30/out/nls.messages.json","locale":"en","availableLanguages":{}}', 'GZ_CONFIG_PATH': '/opt/ros/jazzy/opt/gz_sim_vendor/share/gz:/opt/ros/jazzy/opt/sdformat_vendor/share/gz:/opt/ros/jazzy/opt/gz_gui_vendor/share/gz:/opt/ros/jazzy/opt/gz_transport_vendor/share/gz:/opt/ros/jazzy/opt/gz_rendering_vendor/share/gz:/opt/ros/jazzy/opt/gz_plugin_vendor/share/gz:/opt/ros/jazzy/opt/gz_fuel_tools_vendor/share/gz:/opt/ros/jazzy/opt/gz_msgs_vendor/share/gz:/opt/ros/jazzy/opt/gz_common_vendor/share/gz', 'VSCODE_HANDLES_UNCAUGHT_ERRORS': 'true', 'XDG_SESSION_TYPE': 'tty', 'SHLVL': '1', 'LD_LIBRARY_PATH': '/opt/ros/jazzy/opt/gz_sim_vendor/lib:/opt/ros/jazzy/opt/gz_sensors_vendor/lib:/opt/ros/jazzy/opt/gz_physics_vendor/lib:/opt/ros/jazzy/opt/sdformat_vendor/lib:/opt/ros/jazzy/opt/rviz_ogre_vendor/lib:/opt/ros/jazzy/lib/aarch64-linux-gnu:/opt/ros/jazzy/opt/gz_gui_vendor/lib:/opt/ros/jazzy/opt/gz_transport_vendor/lib:/opt/ros/jazzy/opt/gz_rendering_vendor/lib:/opt/ros/jazzy/opt/gz_plugin_vendor/lib:/opt/ros/jazzy/opt/gz_fuel_tools_vendor/lib:/opt/ros/jazzy/opt/gz_msgs_vendor/lib:/opt/ros/jazzy/opt/gz_common_vendor/lib:/opt/ros/jazzy/opt/gz_math_vendor/lib:/opt/ros/jazzy/opt/gz_utils_vendor/lib:/opt/ros/jazzy/opt/gz_tools_vendor/lib:/opt/ros/jazzy/opt/gz_ogre_next_vendor/lib:/opt/ros/jazzy/opt/gz_dartsim_vendor/lib:/opt/ros/jazzy/opt/gz_cmake_vendor/lib:/opt/ros/jazzy/lib', 'BROWSER': '/home/ugv/.cursor-server/bin/linux-arm64/3dc559280adc5f931ade8e25c7b85393842acf30/bin/helpers/browser.sh', 'HOME': '/home/ugv', 'OLDPWD': '/home/ugv/Desktop', 'VSCODE_IPC_HOOK_CLI': '/run/user/1000/vscode-ipc-498fec8a-111a-4a37-b97d-01b72a7fe1fc.sock', 'ROS_PYTHON_VERSION': '3', 'NO_COLOR': '1', 'DBUS_SESSION_BUS_ADDRESS': 'unix:path=/run/user/1000/bus', 'DEBUGINFOD_URLS': 'https://debuginfod.ubuntu.com', 'ROS_DISTRO': 'jazzy', 'OVSX_REGISTRY_URL': 'https://open-vsx.org', 'LOGNAME': 'ugv', 'FORCE_COLOR': '0', 'VSCODE_HANDLES_SIGPIPE': 'true', 'IGN_GAZEBO_MODEL_PATH': '/opt/ros/jazzy/share', '_': '/usr/bin/colcon', 'ROS_VERSION': '2', 'CURSOR_LAYOUT': 'unifiedAgent', 'XDG_SESSION_CLASS': 'user', 'TERM': 'dumb', 'XDG_SESSION_ID': '4', 'GAZEBO_MODEL_PATH': '/opt/ros/jazzy/share', 'PATH': '/home/ugv/.cursor-server/bin/linux-arm64/3dc559280adc5f931ade8e25c7b85393842acf30:/home/ugv/.cursor-server/bin/linux-arm64/3dc559280adc5f931ade8e25c7b85393842acf30/bin/remote-cli:/opt/ros/jazzy/opt/gz_msgs_vendor/bin:/opt/ros/jazzy/opt/gz_tools_vendor/bin:/opt/ros/jazzy/opt/gz_ogre_next_vendor/bin:/opt/ros/jazzy/bin:/home/ugv/.cursor-server/bin/linux-arm64/3dc559280adc5f931ade8e25c7b85393842acf30/bin/remote-cli:/usr/local/sbin:/usr/local/bin:/usr/sbin:/usr/bin:/sbin:/bin:/usr/games:/usr/local/games:/snap/bin', 'VSCODE_AGENT_FOLDER': '/home/ugv/.cursor-server', 'XDG_RUNTIME_DIR': '/run/user/1000', 'CURSOR_AGENT': '1', 'LANG': 'en_US.UTF-8', 'LS_COLORS': '', 'AMENT_PREFIX_PATH': '/opt/ros/jazzy', 'SHELL': '/bin/bash', 'VSCODE_SERVER_SHUTDOWN_TIMEOUT': '300', 'LESSCLOSE': '/usr/bin/lesspipe %s %s', 'IGN_GAZEBO_RESOURCE_PATH': '/opt/ros/jazzy/share', 'GAZEBO_RESOURCE_PATH': '/opt/ros/jazzy/share', 'ROS_AUTOMATIC_DISCOVERY_RANGE': 'SUBNET', 'PWD': '/home/ugv/Desktop/OperationTouchdown/ugv_ws/build/dual_laser_merger', 'LC_ALL': 'en_US.UTF-8', 'SSH_CONNECTION': '100.96.142.123 59891 100.81.31.74 22', 'XDG_DATA_DIRS': '/usr/share/gnome:/usr/local/share:/usr/share:/var/lib/snapd/desktop', 'PYTHONPATH': '/opt/ros/jazzy/lib/python3.12/site-packages', 'COLCON': '1', '_ZO_DOCTOR': '0', 'CMAKE_PREFIX_PATH': '/opt/ros/jazzy/opt/gz_sim_vendor:/opt/ros/jazzy/opt/gz_sensors_vendor:/opt/ros/jazzy/opt/gz_physics_vendor:/opt/ros/jazzy/opt/sdformat_vendor:/opt/ros/jazzy/opt/gz_gui_vendor:/opt/ros/jazzy/opt/gz_transport_vendor:/opt/ros/jazzy/opt/gz_rendering_vendor:/opt/ros/jazzy/opt/gz_plugin_vendor:/opt/ros/jazzy/opt/gz_fuel_tools_vendor:/opt/ros/jazzy/opt/gz_msgs_vendor:/opt/ros/jazzy/opt/gz_common_vendor:/opt/ros/jazzy/opt/gz_math_vendor:/opt/ros/jazzy/opt/gz_utils_vendor:/opt/ros/jazzy/opt/gz_tools_vendor:/opt/ros/jazzy/opt/gz_ogre_next_vendor:/opt/ros/jazzy/opt/gz_dartsim_vendor:/opt/ros/jazzy/opt/gz_cmake_vendor:/opt/ros/jazzy'}), 'shell': False}
[40.211859] (dual_laser_merger) StdoutLine: {'line': b'-- Install configuration: ""\n'}
[40.212707] (dual_laser_merger) StdoutLine: {'line': b'-- Execute custom install script\n'}
[40.213272] (dual_laser_merger) StdoutLine: {'line': b'-- Up-to-date symlink: /home/ugv/Desktop/OperationTouchdown/ugv_ws/install/dual_laser_merger/lib/dual_laser_merger/dual_laser_merger_node\n'}
[40.213869] (dual_laser_merger) StdoutLine: {'line': b'-- Up-to-date symlink: /home/ugv/Desktop/OperationTouchdown/ugv_ws/install/dual_laser_merger/include/dual_laser_merger/include/dual_laser_merger/dual_laser_merger.hpp\n'}
[40.214348] (dual_laser_merger) StdoutLine: {'line': b'-- Up-to-date symlink: /home/ugv/Desktop/OperationTouchdown/ugv_ws/install/dual_laser_merger/share/dual_laser_merger/demo_laser_merger.launch.py\n'}
[40.214825] (dual_laser_merger) StdoutLine: {'line': b'-- Up-to-date symlink: /home/ugv/Desktop/OperationTouchdown/ugv_ws/install/dual_laser_merger/share/dual_laser_merger/bag/dual_lidar/dual_lidar_0.mcap\n'}
[40.215015] (dual_laser_merger) StdoutLine: {'line': b'-- Up-to-date symlink: /home/ugv/Desktop/OperationTouchdown/ugv_ws/install/dual_laser_merger/share/dual_laser_merger/bag/dual_lidar/metadata.yaml\n'}
[40.215922] (dual_laser_merger) StdoutLine: {'line': b'-- Up-to-date symlink: /home/ugv/Desktop/OperationTouchdown/ugv_ws/install/dual_laser_merger/share/dual_laser_merger/config/rviz_config.rviz\n'}
[40.216366] (dual_laser_merger) StdoutLine: {'line': b'-- Up-to-date symlink: /home/ugv/Desktop/OperationTouchdown/ugv_ws/install/dual_laser_merger/include/dual_laser_merger/dual_laser_merger.hpp\n'}
[40.216595] (dual_laser_merger) StdoutLine: {'line': b'-- Up-to-date symlink: /home/ugv/Desktop/OperationTouchdown/ugv_ws/install/dual_laser_merger/share/dual_laser_merger/environment/library_path.sh\n'}
[40.216825] (dual_laser_merger) StdoutLine: {'line': b'-- Up-to-date symlink: /home/ugv/Desktop/OperationTouchdown/ugv_ws/install/dual_laser_merger/share/dual_laser_merger/environment/library_path.dsv\n'}
[40.217326] (dual_laser_merger) StdoutLine: {'line': b'-- Up-to-date symlink: /home/ugv/Desktop/OperationTouchdown/ugv_ws/install/dual_laser_merger/lib/libdual_laser_merger.so\n'}
[40.217711] (dual_laser_merger) StdoutLine: {'line': b'-- Up-to-date symlink: /home/ugv/Desktop/OperationTouchdown/ugv_ws/install/dual_laser_merger/share/ament_index/resource_index/package_run_dependencies/dual_laser_merger\n'}
[40.217964] (dual_laser_merger) StdoutLine: {'line': b'-- Up-to-date symlink: /home/ugv/Desktop/OperationTouchdown/ugv_ws/install/dual_laser_merger/share/ament_index/resource_index/parent_prefix_path/dual_laser_merger\n'}
[40.218229] (dual_laser_merger) StdoutLine: {'line': b'-- Up-to-date symlink: /home/ugv/Desktop/OperationTouchdown/ugv_ws/install/dual_laser_merger/share/dual_laser_merger/environment/ament_prefix_path.sh\n'}
[40.218461] (dual_laser_merger) StdoutLine: {'line': b'-- Up-to-date symlink: /home/ugv/Desktop/OperationTouchdown/ugv_ws/install/dual_laser_merger/share/dual_laser_merger/environment/ament_prefix_path.dsv\n'}
[40.218676] (dual_laser_merger) StdoutLine: {'line': b'-- Up-to-date symlink: /home/ugv/Desktop/OperationTouchdown/ugv_ws/install/dual_laser_merger/share/dual_laser_merger/environment/path.sh\n'}
[40.218886] (dual_laser_merger) StdoutLine: {'line': b'-- Up-to-date symlink: /home/ugv/Desktop/OperationTouchdown/ugv_ws/install/dual_laser_merger/share/dual_laser_merger/environment/path.dsv\n'}
[40.219095] (dual_laser_merger) StdoutLine: {'line': b'-- Up-to-date symlink: /home/ugv/Desktop/OperationTouchdown/ugv_ws/install/dual_laser_merger/share/dual_laser_merger/local_setup.bash\n'}
[40.219317] (dual_laser_merger) StdoutLine: {'line': b'-- Up-to-date symlink: /home/ugv/Desktop/OperationTouchdown/ugv_ws/install/dual_laser_merger/share/dual_laser_merger/local_setup.sh\n'}
[40.219533] (dual_laser_merger) StdoutLine: {'line': b'-- Up-to-date symlink: /home/ugv/Desktop/OperationTouchdown/ugv_ws/install/dual_laser_merger/share/dual_laser_merger/local_setup.zsh\n'}
[40.219746] (dual_laser_merger) StdoutLine: {'line': b'-- Up-to-date symlink: /home/ugv/Desktop/OperationTouchdown/ugv_ws/install/dual_laser_merger/share/dual_laser_merger/local_setup.dsv\n'}
[40.219924] (dual_laser_merger) StdoutLine: {'line': b'-- Symlinking: /home/ugv/Desktop/OperationTouchdown/ugv_ws/install/dual_laser_merger/share/dual_laser_merger/package.dsv\n'}
[40.233352] (-) TimerEvent: {}
[40.242864] (dual_laser_merger) StdoutLine: {'line': b'-- Up-to-date symlink: /home/ugv/Desktop/OperationTouchdown/ugv_ws/install/dual_laser_merger/share/ament_index/resource_index/packages/dual_laser_merger\n'}
[40.243237] (dual_laser_merger) StdoutLine: {'line': b'-- Up-to-date symlink: /home/ugv/Desktop/OperationTouchdown/ugv_ws/install/dual_laser_merger/share/ament_index/resource_index/rclcpp_components/dual_laser_merger\n'}
[40.243436] (dual_laser_merger) StdoutLine: {'line': b'-- Up-to-date symlink: /home/ugv/Desktop/OperationTouchdown/ugv_ws/install/dual_laser_merger/share/dual_laser_merger/cmake/ament_cmake_export_dependencies-extras.cmake\n'}
[40.243598] (dual_laser_merger) StdoutLine: {'line': b'-- Up-to-date symlink: /home/ugv/Desktop/OperationTouchdown/ugv_ws/install/dual_laser_merger/share/dual_laser_merger/cmake/ament_cmake_export_include_directories-extras.cmake\n'}
[40.243791] (dual_laser_merger) StdoutLine: {'line': b'-- Up-to-date symlink: /home/ugv/Desktop/OperationTouchdown/ugv_ws/install/dual_laser_merger/share/dual_laser_merger/cmake/ament_cmake_export_libraries-extras.cmake\n'}
[40.243991] (dual_laser_merger) StdoutLine: {'line': b'-- Up-to-date symlink: /home/ugv/Desktop/OperationTouchdown/ugv_ws/install/dual_laser_merger/share/dual_laser_merger/cmake/dual_laser_mergerConfig.cmake\n'}
[40.244192] (dual_laser_merger) StdoutLine: {'line': b'-- Up-to-date symlink: /home/ugv/Desktop/OperationTouchdown/ugv_ws/install/dual_laser_merger/share/dual_laser_merger/cmake/dual_laser_mergerConfig-version.cmake\n'}
[40.244463] (dual_laser_merger) StdoutLine: {'line': b'-- Up-to-date symlink: /home/ugv/Desktop/OperationTouchdown/ugv_ws/install/dual_laser_merger/share/dual_laser_merger/package.xml\n'}
[40.247249] (dual_laser_merger) CommandEnded: {'returncode': 0}
[40.285041] (dual_laser_merger) JobEnded: {'identifier': 'dual_laser_merger', 'rc': 0}
[40.286379] (my_ugv_bringup) JobStarted: {'identifier': 'my_ugv_bringup'}
[40.299812] (my_ugv_bringup) JobProgress: {'identifier': 'my_ugv_bringup', 'progress': 'cmake'}
[40.300803] (my_ugv_bringup) JobProgress: {'identifier': 'my_ugv_bringup', 'progress': 'build'}
[40.301595] (my_ugv_bringup) Command: {'cmd': ['/usr/bin/cmake', '--build', '/home/ugv/Desktop/OperationTouchdown/ugv_ws/build/my_ugv_bringup', '--', '-j4', '-l4'], 'cwd': '/home/ugv/Desktop/OperationTouchdown/ugv_ws/build/my_ugv_bringup', 'env': OrderedDict({'LESSOPEN': '| /usr/bin/lesspipe %s', 'VSCODE_CWD': '/home/ugv', 'VSCODE_ESM_ENTRYPOINT': 'vs/workbench/api/node/extensionHostProcess', 'GZ_SIM_RESOURCE_PATH': '/opt/ros/jazzy/share', 'USER': 'ugv', 'SSH_CLIENT': '100.96.142.123 59891 22', 'VSCODE_NLS_CONFIG': '{"userLocale":"en","osLocale":"en","resolvedLanguage":"en","defaultMessagesFile":"/home/ugv/.cursor-server/bin/linux-arm64/3dc559280adc5f931ade8e25c7b85393842acf30/out/nls.messages.json","locale":"en","availableLanguages":{}}', 'GZ_CONFIG_PATH': '/opt/ros/jazzy/opt/gz_sim_vendor/share/gz:/opt/ros/jazzy/opt/sdformat_vendor/share/gz:/opt/ros/jazzy/opt/gz_gui_vendor/share/gz:/opt/ros/jazzy/opt/gz_transport_vendor/share/gz:/opt/ros/jazzy/opt/gz_rendering_vendor/share/gz:/opt/ros/jazzy/opt/gz_plugin_vendor/share/gz:/opt/ros/jazzy/opt/gz_fuel_tools_vendor/share/gz:/opt/ros/jazzy/opt/gz_msgs_vendor/share/gz:/opt/ros/jazzy/opt/gz_common_vendor/share/gz', 'VSCODE_HANDLES_UNCAUGHT_ERRORS': 'true', 'XDG_SESSION_TYPE': 'tty', 'SHLVL': '1', 'LD_LIBRARY_PATH': '/home/ugv/Desktop/OperationTouchdown/ugv_ws/install/dual_laser_merger/lib:/opt/ros/jazzy/opt/gz_sim_vendor/lib:/opt/ros/jazzy/opt/gz_sensors_vendor/lib:/opt/ros/jazzy/opt/gz_physics_vendor/lib:/opt/ros/jazzy/opt/sdformat_vendor/lib:/opt/ros/jazzy/opt/rviz_ogre_vendor/lib:/opt/ros/jazzy/lib/aarch64-linux-gnu:/opt/ros/jazzy/opt/gz_gui_vendor/lib:/opt/ros/jazzy/opt/gz_transport_vendor/lib:/opt/ros/jazzy/opt/gz_rendering_vendor/lib:/opt/ros/jazzy/opt/gz_plugin_vendor/lib:/opt/ros/jazzy/opt/gz_fuel_tools_vendor/lib:/opt/ros/jazzy/opt/gz_msgs_vendor/lib:/opt/ros/jazzy/opt/gz_common_vendor/lib:/opt/ros/jazzy/opt/gz_math_vendor/lib:/opt/ros/jazzy/opt/gz_utils_vendor/lib:/opt/ros/jazzy/opt/gz_tools_vendor/lib:/opt/ros/jazzy/opt/gz_ogre_next_vendor/lib:/opt/ros/jazzy/opt/gz_dartsim_vendor/lib:/opt/ros/jazzy/opt/gz_cmake_vendor/lib:/opt/ros/jazzy/lib', 'BROWSER': '/home/ugv/.cursor-server/bin/linux-arm64/3dc559280adc5f931ade8e25c7b85393842acf30/bin/helpers/browser.sh', 'HOME': '/home/ugv', 'OLDPWD': '/home/ugv/Desktop', 'VSCODE_IPC_HOOK_CLI': '/run/user/1000/vscode-ipc-498fec8a-111a-4a37-b97d-01b72a7fe1fc.sock', 'ROS_PYTHON_VERSION': '3', 'NO_COLOR': '1', 'DBUS_SESSION_BUS_ADDRESS': 'unix:path=/run/user/1000/bus', 'DEBUGINFOD_URLS': 'https://debuginfod.ubuntu.com', 'ROS_DISTRO': 'jazzy', 'OVSX_REGISTRY_URL': 'https://open-vsx.org', 'LOGNAME': 'ugv', 'FORCE_COLOR': '0', 'VSCODE_HANDLES_SIGPIPE': 'true', 'IGN_GAZEBO_MODEL_PATH': '/opt/ros/jazzy/share', '_': '/usr/bin/colcon', 'ROS_VERSION': '2', 'CURSOR_LAYOUT': 'unifiedAgent', 'XDG_SESSION_CLASS': 'user', 'TERM': 'dumb', 'XDG_SESSION_ID': '4', 'GAZEBO_MODEL_PATH': '/opt/ros/jazzy/share', 'PATH': '/home/ugv/.cursor-server/bin/linux-arm64/3dc559280adc5f931ade8e25c7b85393842acf30:/home/ugv/.cursor-server/bin/linux-arm64/3dc559280adc5f931ade8e25c7b85393842acf30/bin/remote-cli:/opt/ros/jazzy/opt/gz_msgs_vendor/bin:/opt/ros/jazzy/opt/gz_tools_vendor/bin:/opt/ros/jazzy/opt/gz_ogre_next_vendor/bin:/opt/ros/jazzy/bin:/home/ugv/.cursor-server/bin/linux-arm64/3dc559280adc5f931ade8e25c7b85393842acf30/bin/remote-cli:/usr/local/sbin:/usr/local/bin:/usr/sbin:/usr/bin:/sbin:/bin:/usr/games:/usr/local/games:/snap/bin', 'VSCODE_AGENT_FOLDER': '/home/ugv/.cursor-server', 'XDG_RUNTIME_DIR': '/run/user/1000', 'CURSOR_AGENT': '1', 'LANG': 'en_US.UTF-8', 'LS_COLORS': '', 'AMENT_PREFIX_PATH': '/home/ugv/Desktop/OperationTouchdown/ugv_ws/install/roboteq_ros2_driver:/home/ugv/Desktop/OperationTouchdown/ugv_ws/install/dual_laser_merger:/opt/ros/jazzy', 'SHELL': '/bin/bash', 'VSCODE_SERVER_SHUTDOWN_TIMEOUT': '300', 'LESSCLOSE': '/usr/bin/lesspipe %s %s', 'IGN_GAZEBO_RESOURCE_PATH': '/opt/ros/jazzy/share', 'GAZEBO_RESOURCE_PATH': '/opt/ros/jazzy/share', 'ROS_AUTOMATIC_DISCOVERY_RANGE': 'SUBNET', 'PWD': '/home/ugv/Desktop/OperationTouchdown/ugv_ws/build/my_ugv_bringup', 'LC_ALL': 'en_US.UTF-8', 'SSH_CONNECTION': '100.96.142.123 59891 100.81.31.74 22', 'XDG_DATA_DIRS': '/usr/share/gnome:/usr/local/share:/usr/share:/var/lib/snapd/desktop', 'PYTHONPATH': '/opt/ros/jazzy/lib/python3.12/site-packages', 'COLCON': '1', '_ZO_DOCTOR': '0', 'CMAKE_PREFIX_PATH': '/home/ugv/Desktop/OperationTouchdown/ugv_ws/install/roboteq_ros2_driver:/home/ugv/Desktop/OperationTouchdown/ugv_ws/install/dual_laser_merger:/opt/ros/jazzy/opt/gz_sim_vendor:/opt/ros/jazzy/opt/gz_sensors_vendor:/opt/ros/jazzy/opt/gz_physics_vendor:/opt/ros/jazzy/opt/sdformat_vendor:/opt/ros/jazzy/opt/gz_gui_vendor:/opt/ros/jazzy/opt/gz_transport_vendor:/opt/ros/jazzy/opt/gz_rendering_vendor:/opt/ros/jazzy/opt/gz_plugin_vendor:/opt/ros/jazzy/opt/gz_fuel_tools_vendor:/opt/ros/jazzy/opt/gz_msgs_vendor:/opt/ros/jazzy/opt/gz_common_vendor:/opt/ros/jazzy/opt/gz_math_vendor:/opt/ros/jazzy/opt/gz_utils_vendor:/opt/ros/jazzy/opt/gz_tools_vendor:/opt/ros/jazzy/opt/gz_ogre_next_vendor:/opt/ros/jazzy/opt/gz_dartsim_vendor:/opt/ros/jazzy/opt/gz_cmake_vendor:/opt/ros/jazzy'}), 'shell': False}
[40.333476] (-) TimerEvent: {}
[40.385065] (my_ugv_bringup) CommandEnded: {'returncode': 0}
[40.385969] (my_ugv_bringup) JobProgress: {'identifier': 'my_ugv_bringup', 'progress': 'install'}
[40.386614] (my_ugv_bringup) Command: {'cmd': ['/usr/bin/cmake', '--install', '/home/ugv/Desktop/OperationTouchdown/ugv_ws/build/my_ugv_bringup'], 'cwd': '/home/ugv/Desktop/OperationTouchdown/ugv_ws/build/my_ugv_bringup', 'env': OrderedDict({'LESSOPEN': '| /usr/bin/lesspipe %s', 'VSCODE_CWD': '/home/ugv', 'VSCODE_ESM_ENTRYPOINT': 'vs/workbench/api/node/extensionHostProcess', 'GZ_SIM_RESOURCE_PATH': '/opt/ros/jazzy/share', 'USER': 'ugv', 'SSH_CLIENT': '100.96.142.123 59891 22', 'VSCODE_NLS_CONFIG': '{"userLocale":"en","osLocale":"en","resolvedLanguage":"en","defaultMessagesFile":"/home/ugv/.cursor-server/bin/linux-arm64/3dc559280adc5f931ade8e25c7b85393842acf30/out/nls.messages.json","locale":"en","availableLanguages":{}}', 'GZ_CONFIG_PATH': '/opt/ros/jazzy/opt/gz_sim_vendor/share/gz:/opt/ros/jazzy/opt/sdformat_vendor/share/gz:/opt/ros/jazzy/opt/gz_gui_vendor/share/gz:/opt/ros/jazzy/opt/gz_transport_vendor/share/gz:/opt/ros/jazzy/opt/gz_rendering_vendor/share/gz:/opt/ros/jazzy/opt/gz_plugin_vendor/share/gz:/opt/ros/jazzy/opt/gz_fuel_tools_vendor/share/gz:/opt/ros/jazzy/opt/gz_msgs_vendor/share/gz:/opt/ros/jazzy/opt/gz_common_vendor/share/gz', 'VSCODE_HANDLES_UNCAUGHT_ERRORS': 'true', 'XDG_SESSION_TYPE': 'tty', 'SHLVL': '1', 'LD_LIBRARY_PATH': '/home/ugv/Desktop/OperationTouchdown/ugv_ws/install/dual_laser_merger/lib:/opt/ros/jazzy/opt/gz_sim_vendor/lib:/opt/ros/jazzy/opt/gz_sensors_vendor/lib:/opt/ros/jazzy/opt/gz_physics_vendor/lib:/opt/ros/jazzy/opt/sdformat_vendor/lib:/opt/ros/jazzy/opt/rviz_ogre_vendor/lib:/opt/ros/jazzy/lib/aarch64-linux-gnu:/opt/ros/jazzy/opt/gz_gui_vendor/lib:/opt/ros/jazzy/opt/gz_transport_vendor/lib:/opt/ros/jazzy/opt/gz_rendering_vendor/lib:/opt/ros/jazzy/opt/gz_plugin_vendor/lib:/opt/ros/jazzy/opt/gz_fuel_tools_vendor/lib:/opt/ros/jazzy/opt/gz_msgs_vendor/lib:/opt/ros/jazzy/opt/gz_common_vendor/lib:/opt/ros/jazzy/opt/gz_math_vendor/lib:/opt/ros/jazzy/opt/gz_utils_vendor/lib:/opt/ros/jazzy/opt/gz_tools_vendor/lib:/opt/ros/jazzy/opt/gz_ogre_next_vendor/lib:/opt/ros/jazzy/opt/gz_dartsim_vendor/lib:/opt/ros/jazzy/opt/gz_cmake_vendor/lib:/opt/ros/jazzy/lib', 'BROWSER': '/home/ugv/.cursor-server/bin/linux-arm64/3dc559280adc5f931ade8e25c7b85393842acf30/bin/helpers/browser.sh', 'HOME': '/home/ugv', 'OLDPWD': '/home/ugv/Desktop', 'VSCODE_IPC_HOOK_CLI': '/run/user/1000/vscode-ipc-498fec8a-111a-4a37-b97d-01b72a7fe1fc.sock', 'ROS_PYTHON_VERSION': '3', 'NO_COLOR': '1', 'DBUS_SESSION_BUS_ADDRESS': 'unix:path=/run/user/1000/bus', 'DEBUGINFOD_URLS': 'https://debuginfod.ubuntu.com', 'ROS_DISTRO': 'jazzy', 'OVSX_REGISTRY_URL': 'https://open-vsx.org', 'LOGNAME': 'ugv', 'FORCE_COLOR': '0', 'VSCODE_HANDLES_SIGPIPE': 'true', 'IGN_GAZEBO_MODEL_PATH': '/opt/ros/jazzy/share', '_': '/usr/bin/colcon', 'ROS_VERSION': '2', 'CURSOR_LAYOUT': 'unifiedAgent', 'XDG_SESSION_CLASS': 'user', 'TERM': 'dumb', 'XDG_SESSION_ID': '4', 'GAZEBO_MODEL_PATH': '/opt/ros/jazzy/share', 'PATH': '/home/ugv/.cursor-server/bin/linux-arm64/3dc559280adc5f931ade8e25c7b85393842acf30:/home/ugv/.cursor-server/bin/linux-arm64/3dc559280adc5f931ade8e25c7b85393842acf30/bin/remote-cli:/opt/ros/jazzy/opt/gz_msgs_vendor/bin:/opt/ros/jazzy/opt/gz_tools_vendor/bin:/opt/ros/jazzy/opt/gz_ogre_next_vendor/bin:/opt/ros/jazzy/bin:/home/ugv/.cursor-server/bin/linux-arm64/3dc559280adc5f931ade8e25c7b85393842acf30/bin/remote-cli:/usr/local/sbin:/usr/local/bin:/usr/sbin:/usr/bin:/sbin:/bin:/usr/games:/usr/local/games:/snap/bin', 'VSCODE_AGENT_FOLDER': '/home/ugv/.cursor-server', 'XDG_RUNTIME_DIR': '/run/user/1000', 'CURSOR_AGENT': '1', 'LANG': 'en_US.UTF-8', 'LS_COLORS': '', 'AMENT_PREFIX_PATH': '/home/ugv/Desktop/OperationTouchdown/ugv_ws/install/roboteq_ros2_driver:/home/ugv/Desktop/OperationTouchdown/ugv_ws/install/dual_laser_merger:/opt/ros/jazzy', 'SHELL': '/bin/bash', 'VSCODE_SERVER_SHUTDOWN_TIMEOUT': '300', 'LESSCLOSE': '/usr/bin/lesspipe %s %s', 'IGN_GAZEBO_RESOURCE_PATH': '/opt/ros/jazzy/share', 'GAZEBO_RESOURCE_PATH': '/opt/ros/jazzy/share', 'ROS_AUTOMATIC_DISCOVERY_RANGE': 'SUBNET', 'PWD': '/home/ugv/Desktop/OperationTouchdown/ugv_ws/build/my_ugv_bringup', 'LC_ALL': 'en_US.UTF-8', 'SSH_CONNECTION': '100.96.142.123 59891 100.81.31.74 22', 'XDG_DATA_DIRS': '/usr/share/gnome:/usr/local/share:/usr/share:/var/lib/snapd/desktop', 'PYTHONPATH': '/opt/ros/jazzy/lib/python3.12/site-packages', 'COLCON': '1', '_ZO_DOCTOR': '0', 'CMAKE_PREFIX_PATH': '/home/ugv/Desktop/OperationTouchdown/ugv_ws/install/roboteq_ros2_driver:/home/ugv/Desktop/OperationTouchdown/ugv_ws/install/dual_laser_merger:/opt/ros/jazzy/opt/gz_sim_vendor:/opt/ros/jazzy/opt/gz_sensors_vendor:/opt/ros/jazzy/opt/gz_physics_vendor:/opt/ros/jazzy/opt/sdformat_vendor:/opt/ros/jazzy/opt/gz_gui_vendor:/opt/ros/jazzy/opt/gz_transport_vendor:/opt/ros/jazzy/opt/gz_rendering_vendor:/opt/ros/jazzy/opt/gz_plugin_vendor:/opt/ros/jazzy/opt/gz_fuel_tools_vendor:/opt/ros/jazzy/opt/gz_msgs_vendor:/opt/ros/jazzy/opt/gz_common_vendor:/opt/ros/jazzy/opt/gz_math_vendor:/opt/ros/jazzy/opt/gz_utils_vendor:/opt/ros/jazzy/opt/gz_tools_vendor:/opt/ros/jazzy/opt/gz_ogre_next_vendor:/opt/ros/jazzy/opt/gz_dartsim_vendor:/opt/ros/jazzy/opt/gz_cmake_vendor:/opt/ros/jazzy'}), 'shell': False}
[40.403745] (my_ugv_bringup) StdoutLine: {'line': b'-- Install configuration: ""\n'}
[40.404350] (my_ugv_bringup) StdoutLine: {'line': b'-- Execute custom install script\n'}
[40.404959] (my_ugv_bringup) StdoutLine: {'line': b'-- Up-to-date symlink: /home/ugv/Desktop/OperationTouchdown/ugv_ws/install/my_ugv_bringup/share/my_ugv_bringup/launch/master.launch.py\n'}
[40.405213] (my_ugv_bringup) StdoutLine: {'line': b'-- Up-to-date symlink: /home/ugv/Desktop/OperationTouchdown/ugv_ws/install/my_ugv_bringup/share/my_ugv_bringup/launch/master.launch2.py\n'}
[40.405501] (my_ugv_bringup) StdoutLine: {'line': b'-- Up-to-date symlink: /home/ugv/Desktop/OperationTouchdown/ugv_ws/install/my_ugv_bringup/share/my_ugv_bringup/launch/master.launch4.py\n'}
[40.405608] (my_ugv_bringup) StdoutLine: {'line': b'-- Up-to-date symlink: /home/ugv/Desktop/OperationTouchdown/ugv_ws/install/my_ugv_bringup/share/my_ugv_bringup/launch/navigation_launch.py\n'}
[40.405769] (my_ugv_bringup) StdoutLine: {'line': b'-- Up-to-date symlink: /home/ugv/Desktop/OperationTouchdown/ugv_ws/install/my_ugv_bringup/share/my_ugv_bringup/launch/oak_camera.launch.py\n'}
[40.405940] (my_ugv_bringup) StdoutLine: {'line': b'-- Up-to-date symlink: /home/ugv/Desktop/OperationTouchdown/ugv_ws/install/my_ugv_bringup/share/my_ugv_bringup/config/ekf.yaml\n'}
[40.407176] (my_ugv_bringup) StdoutLine: {'line': b'-- Up-to-date symlink: /home/ugv/Desktop/OperationTouchdown/ugv_ws/install/my_ugv_bringup/share/my_ugv_bringup/config/nav2_params.yaml\n'}
[40.407292] (my_ugv_bringup) StdoutLine: {'line': b'-- Up-to-date symlink: /home/ugv/Desktop/OperationTouchdown/ugv_ws/install/my_ugv_bringup/share/my_ugv_bringup/config/oak_camera.yaml\n'}
[40.407378] (my_ugv_bringup) StdoutLine: {'line': b'-- Up-to-date symlink: /home/ugv/Desktop/OperationTouchdown/ugv_ws/install/my_ugv_bringup/share/my_ugv_bringup/config/slam_param.yaml\n'}
[40.407474] (my_ugv_bringup) StdoutLine: {'line': b'-- Up-to-date symlink: /home/ugv/Desktop/OperationTouchdown/ugv_ws/install/my_ugv_bringup/share/my_ugv_bringup/urdf/my_ugv.urdf.xacro\n'}
[40.407564] (my_ugv_bringup) StdoutLine: {'line': b'-- Up-to-date symlink: /home/ugv/Desktop/OperationTouchdown/ugv_ws/install/my_ugv_bringup/lib/my_ugv_bringup/cmd_vel_nav_relay.py\n'}
[40.407652] (my_ugv_bringup) StdoutLine: {'line': b'-- Up-to-date symlink: /home/ugv/Desktop/OperationTouchdown/ugv_ws/install/my_ugv_bringup/share/ament_index/resource_index/package_run_dependencies/my_ugv_bringup\n'}
[40.407862] (my_ugv_bringup) StdoutLine: {'line': b'-- Up-to-date symlink: /home/ugv/Desktop/OperationTouchdown/ugv_ws/install/my_ugv_bringup/share/ament_index/resource_index/parent_prefix_path/my_ugv_bringup\n'}
[40.408022] (my_ugv_bringup) StdoutLine: {'line': b'-- Up-to-date symlink: /home/ugv/Desktop/OperationTouchdown/ugv_ws/install/my_ugv_bringup/share/my_ugv_bringup/environment/ament_prefix_path.sh\n'}
[40.408351] (my_ugv_bringup) StdoutLine: {'line': b'-- Up-to-date symlink: /home/ugv/Desktop/OperationTouchdown/ugv_ws/install/my_ugv_bringup/share/my_ugv_bringup/environment/ament_prefix_path.dsv\n'}
[40.408495] (my_ugv_bringup) StdoutLine: {'line': b'-- Up-to-date symlink: /home/ugv/Desktop/OperationTouchdown/ugv_ws/install/my_ugv_bringup/share/my_ugv_bringup/environment/path.sh\n'}
[40.411303] (my_ugv_bringup) StdoutLine: {'line': b'-- Up-to-date symlink: /home/ugv/Desktop/OperationTouchdown/ugv_ws/install/my_ugv_bringup/share/my_ugv_bringup/environment/path.dsv\n'}
[40.411721] (my_ugv_bringup) StdoutLine: {'line': b'-- Up-to-date symlink: /home/ugv/Desktop/OperationTouchdown/ugv_ws/install/my_ugv_bringup/share/my_ugv_bringup/local_setup.bash\n'}
[40.411921] (my_ugv_bringup) StdoutLine: {'line': b'-- Up-to-date symlink: /home/ugv/Desktop/OperationTouchdown/ugv_ws/install/my_ugv_bringup/share/my_ugv_bringup/local_setup.sh\n'}
[40.412063] (my_ugv_bringup) StdoutLine: {'line': b'-- Up-to-date symlink: /home/ugv/Desktop/OperationTouchdown/ugv_ws/install/my_ugv_bringup/share/my_ugv_bringup/local_setup.zsh\n'}
[40.412235] (my_ugv_bringup) StdoutLine: {'line': b'-- Up-to-date symlink: /home/ugv/Desktop/OperationTouchdown/ugv_ws/install/my_ugv_bringup/share/my_ugv_bringup/local_setup.dsv\n'}
[40.412359] (my_ugv_bringup) StdoutLine: {'line': b'-- Symlinking: /home/ugv/Desktop/OperationTouchdown/ugv_ws/install/my_ugv_bringup/share/my_ugv_bringup/package.dsv\n'}
[40.433638] (-) TimerEvent: {}
[40.435662] (my_ugv_bringup) StdoutLine: {'line': b'-- Up-to-date symlink: /home/ugv/Desktop/OperationTouchdown/ugv_ws/install/my_ugv_bringup/share/ament_index/resource_index/packages/my_ugv_bringup\n'}
[40.436141] (my_ugv_bringup) StdoutLine: {'line': b'-- Up-to-date symlink: /home/ugv/Desktop/OperationTouchdown/ugv_ws/install/my_ugv_bringup/share/my_ugv_bringup/cmake/my_ugv_bringupConfig.cmake\n'}
[40.436352] (my_ugv_bringup) StdoutLine: {'line': b'-- Up-to-date symlink: /home/ugv/Desktop/OperationTouchdown/ugv_ws/install/my_ugv_bringup/share/my_ugv_bringup/cmake/my_ugv_bringupConfig-version.cmake\n'}
[40.436451] (my_ugv_bringup) StdoutLine: {'line': b'-- Up-to-date symlink: /home/ugv/Desktop/OperationTouchdown/ugv_ws/install/my_ugv_bringup/share/my_ugv_bringup/package.xml\n'}
[40.438857] (my_ugv_bringup) CommandEnded: {'returncode': 0}
[40.459595] (my_ugv_bringup) JobEnded: {'identifier': 'my_ugv_bringup', 'rc': 0}
[40.460524] (-) EventReactorShutdown: {}
