[0.016s] Invoking command in '/home/ground/ugv_ws/build/roboteq_ros2_driver': CMAKE_PREFIX_PATH=${CMAKE_PREFIX_PATH}:/home/ground/ugv_ws/install/my_ugv_vision:/home/ground/ugv_ws/install/my_ugv_hardware:/opt/ros/jazzy DEBUGINFOD_URLS=https://debuginfod.ubuntu.com /usr/bin/cmake /home/ground/ugv_ws/src/roboteq_ros2_driver -DAMENT_CMAKE_SYMLINK_INSTALL=1 -DCMAKE_INSTALL_PREFIX=/home/ground/ugv_ws/install/roboteq_ros2_driver
[0.043s] -- Found ament_cmake: 2.5.5 (/opt/ros/jazzy/share/ament_cmake/cmake)
[0.382s] -- Override CMake install command with custom implementation using symlinks instead of copying resources
[0.395s] -- Found rclcpp: 28.1.16 (/opt/ros/jazzy/share/rclcpp/cmake)
[0.434s] -- Found rosidl_generator_c: 4.6.7 (/opt/ros/jazzy/share/rosidl_generator_c/cmake)
[0.447s] -- Found rosidl_generator_cpp: 4.6.7 (/opt/ros/jazzy/share/rosidl_generator_cpp/cmake)
[0.463s] -- Using all available rosidl_typesupport_c: rosidl_typesupport_fastrtps_c;rosidl_typesupport_introspection_c
[0.482s] -- Using all available rosidl_typesupport_cpp: rosidl_typesupport_fastrtps_cpp;rosidl_typesupport_introspection_cpp
[0.612s] -- Found rmw_implementation_cmake: 7.3.3 (/opt/ros/jazzy/share/rmw_implementation_cmake/cmake)
[0.620s] -- Found rmw_fastrtps_cpp: 8.4.3 (/opt/ros/jazzy/share/rmw_fastrtps_cpp/cmake)
[0.801s] -- Using RMW implementation 'rmw_fastrtps_cpp' as default
[0.980s] -- Found rclpy: 7.1.9 (/opt/ros/jazzy/share/rclpy/cmake)
[0.980s] -- Found geometry_msgs: 5.3.6 (/opt/ros/jazzy/share/geometry_msgs/cmake)
[1.009s] -- Found tf2_ros: 0.36.19 (/opt/ros/jazzy/share/tf2_ros/cmake)
[1.293s] -- Found ament_lint_auto: 0.17.4 (/opt/ros/jazzy/share/ament_lint_auto/cmake)
[1.564s] -- Added test 'cppcheck' to perform static code analysis on C / C++ code
[1.564s] -- Configured cppcheck include dirs: 
[1.564s] -- Configured cppcheck exclude dirs and/or files: 
[1.568s] -- Added test 'flake8' to check Python code syntax and style conventions
[1.568s] -- Configured 'flake8' exclude dirs and/or files: 
[1.573s] -- Added test 'lint_cmake' to check CMake code style
[1.577s] -- Added test 'pep257' to check Python code against some of the docstring style conventions in PEP 257
[1.594s] -- Added test 'uncrustify' to check C / C++ code style
[1.594s] -- Configured uncrustify additional arguments: 
[1.598s] -- Added test 'xmllint' to check XML markup files
[1.603s] -- Configuring done (1.6s)
[1.619s] -- Generating done (0.0s)
[1.628s] -- Build files have been written to: /home/ground/ugv_ws/build/roboteq_ros2_driver
[1.646s] Invoked command in '/home/ground/ugv_ws/build/roboteq_ros2_driver' returned '0': CMAKE_PREFIX_PATH=${CMAKE_PREFIX_PATH}:/home/ground/ugv_ws/install/my_ugv_vision:/home/ground/ugv_ws/install/my_ugv_hardware:/opt/ros/jazzy DEBUGINFOD_URLS=https://debuginfod.ubuntu.com /usr/bin/cmake /home/ground/ugv_ws/src/roboteq_ros2_driver -DAMENT_CMAKE_SYMLINK_INSTALL=1 -DCMAKE_INSTALL_PREFIX=/home/ground/ugv_ws/install/roboteq_ros2_driver
[1.648s] Invoking command in '/home/ground/ugv_ws/build/roboteq_ros2_driver': CMAKE_PREFIX_PATH=${CMAKE_PREFIX_PATH}:/home/ground/ugv_ws/install/my_ugv_vision:/home/ground/ugv_ws/install/my_ugv_hardware:/opt/ros/jazzy DEBUGINFOD_URLS=https://debuginfod.ubuntu.com /usr/bin/cmake --build /home/ground/ugv_ws/build/roboteq_ros2_driver -- -j4 -l4
[1.731s] Invoked command in '/home/ground/ugv_ws/build/roboteq_ros2_driver' returned '0': CMAKE_PREFIX_PATH=${CMAKE_PREFIX_PATH}:/home/ground/ugv_ws/install/my_ugv_vision:/home/ground/ugv_ws/install/my_ugv_hardware:/opt/ros/jazzy DEBUGINFOD_URLS=https://debuginfod.ubuntu.com /usr/bin/cmake --build /home/ground/ugv_ws/build/roboteq_ros2_driver -- -j4 -l4
[1.734s] Invoking command in '/home/ground/ugv_ws/build/roboteq_ros2_driver': CMAKE_PREFIX_PATH=${CMAKE_PREFIX_PATH}:/home/ground/ugv_ws/install/my_ugv_vision:/home/ground/ugv_ws/install/my_ugv_hardware:/opt/ros/jazzy DEBUGINFOD_URLS=https://debuginfod.ubuntu.com /usr/bin/cmake --install /home/ground/ugv_ws/build/roboteq_ros2_driver
[1.751s] -- Install configuration: ""
[1.751s] -- Execute custom install script
[1.752s] -- Up-to-date symlink: /home/ground/ugv_ws/install/roboteq_ros2_driver/lib/roboteq_ros2_driver/roboteq_bridge.py
[1.752s] -- Up-to-date symlink: /home/ground/ugv_ws/install/roboteq_ros2_driver/share/ament_index/resource_index/package_run_dependencies/roboteq_ros2_driver
[1.753s] -- Up-to-date symlink: /home/ground/ugv_ws/install/roboteq_ros2_driver/share/ament_index/resource_index/parent_prefix_path/roboteq_ros2_driver
[1.753s] -- Up-to-date symlink: /home/ground/ugv_ws/install/roboteq_ros2_driver/share/roboteq_ros2_driver/environment/ament_prefix_path.sh
[1.754s] -- Up-to-date symlink: /home/ground/ugv_ws/install/roboteq_ros2_driver/share/roboteq_ros2_driver/environment/ament_prefix_path.dsv
[1.754s] -- Up-to-date symlink: /home/ground/ugv_ws/install/roboteq_ros2_driver/share/roboteq_ros2_driver/environment/path.sh
[1.754s] -- Up-to-date symlink: /home/ground/ugv_ws/install/roboteq_ros2_driver/share/roboteq_ros2_driver/environment/path.dsv
[1.755s] -- Up-to-date symlink: /home/ground/ugv_ws/install/roboteq_ros2_driver/share/roboteq_ros2_driver/local_setup.bash
[1.755s] -- Up-to-date symlink: /home/ground/ugv_ws/install/roboteq_ros2_driver/share/roboteq_ros2_driver/local_setup.sh
[1.756s] -- Up-to-date symlink: /home/ground/ugv_ws/install/roboteq_ros2_driver/share/roboteq_ros2_driver/local_setup.zsh
[1.756s] -- Up-to-date symlink: /home/ground/ugv_ws/install/roboteq_ros2_driver/share/roboteq_ros2_driver/local_setup.dsv
[1.756s] -- Symlinking: /home/ground/ugv_ws/install/roboteq_ros2_driver/share/roboteq_ros2_driver/package.dsv
[1.778s] -- Up-to-date symlink: /home/ground/ugv_ws/install/roboteq_ros2_driver/share/ament_index/resource_index/packages/roboteq_ros2_driver
[1.778s] -- Up-to-date symlink: /home/ground/ugv_ws/install/roboteq_ros2_driver/share/roboteq_ros2_driver/cmake/ament_cmake_export_dependencies-extras.cmake
[1.779s] -- Up-to-date symlink: /home/ground/ugv_ws/install/roboteq_ros2_driver/share/roboteq_ros2_driver/cmake/roboteq_ros2_driverConfig.cmake
[1.779s] -- Up-to-date symlink: /home/ground/ugv_ws/install/roboteq_ros2_driver/share/roboteq_ros2_driver/cmake/roboteq_ros2_driverConfig-version.cmake
[1.779s] -- Up-to-date symlink: /home/ground/ugv_ws/install/roboteq_ros2_driver/share/roboteq_ros2_driver/package.xml
[1.783s] Invoked command in '/home/ground/ugv_ws/build/roboteq_ros2_driver' returned '0': CMAKE_PREFIX_PATH=${CMAKE_PREFIX_PATH}:/home/ground/ugv_ws/install/my_ugv_vision:/home/ground/ugv_ws/install/my_ugv_hardware:/opt/ros/jazzy DEBUGINFOD_URLS=https://debuginfod.ubuntu.com /usr/bin/cmake --install /home/ground/ugv_ws/build/roboteq_ros2_driver
