[3.371s] Invoking command in '/home/ugv/Desktop/OperationTouchdown/ugv_ws/build/my_ugv_vision': DEBUGINFOD_URLS=https://debuginfod.ubuntu.com PYTHONPATH=/home/ugv/Desktop/OperationTouchdown/ugv_ws/build/my_ugv_vision/prefix_override:/usr/lib/python3/dist-packages/colcon_core/task/python/colcon_distutils_commands:/home/ugv/Desktop/OperationTouchdown/ugv_ws/install/my_ugv_vision/lib/python3.12/site-packages:${PYTHONPATH} /usr/bin/python3 -W ignore:setup.py install is deprecated -W ignore:easy_install command is deprecated setup.py develop --editable --build-directory /home/ugv/Desktop/OperationTouchdown/ugv_ws/build/my_ugv_vision/build --no-deps symlink_data
[3.845s] running develop
[4.134s] running egg_info
[4.161s] writing my_ugv_vision.egg-info/PKG-INFO
[4.161s] writing dependency_links to my_ugv_vision.egg-info/dependency_links.txt
[4.163s] writing entry points to my_ugv_vision.egg-info/entry_points.txt
[4.163s] writing requirements to my_ugv_vision.egg-info/requires.txt
[4.164s] writing top-level names to my_ugv_vision.egg-info/top_level.txt
[4.223s] reading manifest file 'my_ugv_vision.egg-info/SOURCES.txt'
[4.223s] writing manifest file 'my_ugv_vision.egg-info/SOURCES.txt'
[4.253s] running build_ext
[4.253s] Creating /home/ugv/Desktop/OperationTouchdown/ugv_ws/install/my_ugv_vision/lib/python3.12/site-packages/my-ugv-vision.egg-link (link to .)
[4.255s] Installing akida_yolo_node script to /home/ugv/Desktop/OperationTouchdown/ugv_ws/install/my_ugv_vision/lib/my_ugv_vision
[4.255s] Installing landmark_tracker_node script to /home/ugv/Desktop/OperationTouchdown/ugv_ws/install/my_ugv_vision/lib/my_ugv_vision
[4.255s] Installing object_localizer_node script to /home/ugv/Desktop/OperationTouchdown/ugv_ws/install/my_ugv_vision/lib/my_ugv_vision
[4.256s] Installing obstacle_publisher_node script to /home/ugv/Desktop/OperationTouchdown/ugv_ws/install/my_ugv_vision/lib/my_ugv_vision
[4.256s] 
[4.256s] Installed /home/ugv/Desktop/OperationTouchdown/ugv_ws/build/my_ugv_vision
[4.256s] running symlink_data
[4.377s] Invoked command in '/home/ugv/Desktop/OperationTouchdown/ugv_ws/build/my_ugv_vision' returned '0': DEBUGINFOD_URLS=https://debuginfod.ubuntu.com PYTHONPATH=/home/ugv/Desktop/OperationTouchdown/ugv_ws/build/my_ugv_vision/prefix_override:/usr/lib/python3/dist-packages/colcon_core/task/python/colcon_distutils_commands:/home/ugv/Desktop/OperationTouchdown/ugv_ws/install/my_ugv_vision/lib/python3.12/site-packages:${PYTHONPATH} /usr/bin/python3 -W ignore:setup.py install is deprecated -W ignore:easy_install command is deprecated setup.py develop --editable --build-directory /home/ugv/Desktop/OperationTouchdown/ugv_ws/build/my_ugv_vision/build --no-deps symlink_data
