[0.000000] (-) TimerEvent: {}
[0.000197] (-) JobUnselected: {'identifier': 'depthai-ros'}
[0.000275] (-) JobUnselected: {'identifier': 'depthai_bridge'}
[0.000363] (-) JobUnselected: {'identifier': 'depthai_descriptions'}
[0.000414] (-) JobUnselected: {'identifier': 'depthai_examples'}
[0.000457] (-) JobUnselected: {'identifier': 'depthai_filters'}
[0.001952] (-) JobUnselected: {'identifier': 'depthai_ros_driver'}
[0.002067] (-) JobUnselected: {'identifier': 'depthai_ros_msgs'}
[0.002101] (-) JobUnselected: {'identifier': 'dual_laser_merger'}
[0.002133] (-) JobUnselected: {'identifier': 'my_ugv_description'}
[0.002163] (-) JobUnselected: {'identifier': 'my_ugv_hardware'}
[0.002191] (-) JobUnselected: {'identifier': 'my_ugv_vision'}
[0.002214] (-) JobUnselected: {'identifier': 'roboteq_ros2_driver'}
[0.002234] (-) JobUnselected: {'identifier': 'rplidar_ros'}
[0.002265] (my_ugv_bringup) JobQueued: {'identifier': 'my_ugv_bringup', 'dependencies': OrderedDict({'depthai_descriptions': '/home/ugv/Desktop/OperationTouchdown/ugv_ws/install/depthai_descriptions', 'depthai_ros_msgs': '/home/ugv/Desktop/OperationTouchdown/ugv_ws/install/depthai_ros_msgs', 'dual_laser_merger': '/home/ugv/Desktop/OperationTouchdown/ugv_ws/install/dual_laser_merger', 'my_ugv_description': '/home/ugv/Desktop/OperationTouchdown/ugv_ws/install/my_ugv_description', 'my_ugv_hardware': '/home/ugv/Desktop/OperationTouchdown/ugv_ws/install/my_ugv_hardware', 'my_ugv_vision': '/home/ugv/Desktop/OperationTouchdown/ugv_ws/install/my_ugv_vision', 'roboteq_ros2_driver': '/home/ugv/Desktop/OperationTouchdown/ugv_ws/install/roboteq_ros2_driver', 'rplidar_ros': '/home/ugv/Desktop/OperationTouchdown/ugv_ws/install/rplidar_ros', 'depthai_bridge': '/home/ugv/Desktop/OperationTouchdown/ugv_ws/install/depthai_bridge', 'depthai_examples': '/home/ugv/Desktop/OperationTouchdown/ugv_ws/install/depthai_examples', 'depthai_ros_driver': '/home/ugv/Desktop/OperationTouchdown/ugv_ws/install/depthai_ros_driver'})}
[0.004500] (my_ugv_bringup) JobStarted: {'identifier': 'my_ugv_bringup'}
[0.068705] (my_ugv_bringup) JobProgress: {'identifier': 'my_ugv_bringup', 'progress': 'cmake'}
[0.069569] (my_ugv_bringup) JobProgress: {'identifier': 'my_ugv_bringup', 'progress': 'build'}
[0.070824] (my_ugv_bringup) Command: {'cmd': ['/usr/bin/cmake', '--build', '/home/ugv/Desktop/OperationTouchdown/ugv_ws/build/my_ugv_bringup', '--', '-j4', '-l4'], 'cwd': '/home/ugv/Desktop/OperationTouchdown/ugv_ws/build/my_ugv_bringup', 'env': OrderedDict({'USER': 'ugv', 'SSH_CLIENT': '100.96.142.123 55779 22', 'GZ_CONFIG_PATH': '/opt/ros/jazzy/opt/gz_sim_vendor/share/gz:/opt/ros/jazzy/opt/sdformat_vendor/share/gz:/opt/ros/jazzy/opt/gz_gui_vendor/share/gz:/opt/ros/jazzy/opt/gz_transport_vendor/share/gz:/opt/ros/jazzy/opt/gz_rendering_vendor/share/gz:/opt/ros/jazzy/opt/gz_plugin_vendor/share/gz:/opt/ros/jazzy/opt/gz_fuel_tools_vendor/share/gz:/opt/ros/jazzy/opt/gz_msgs_vendor/share/gz:/opt/ros/jazzy/opt/gz_common_vendor/share/gz', 'XDG_SESSION_TYPE': 'tty', 'SHLVL': '1', 'LD_LIBRARY_PATH': '/home/ugv/Desktop/OperationTouchdown/ugv_ws/install/depthai_ros_driver/lib:/home/ugv/Desktop/OperationTouchdown/ugv_ws/install/depthai_bridge/lib:/home/ugv/Desktop/OperationTouchdown/ugv_ws/install/dual_laser_merger/lib:/home/ugv/Desktop/OperationTouchdown/ugv_ws/install/depthai_ros_msgs/lib:/opt/ros/jazzy/opt/gz_sim_vendor/lib:/opt/ros/jazzy/opt/gz_sensors_vendor/lib:/opt/ros/jazzy/opt/gz_physics_vendor/lib:/opt/ros/jazzy/opt/sdformat_vendor/lib:/opt/ros/jazzy/opt/rviz_ogre_vendor/lib:/opt/ros/jazzy/lib/aarch64-linux-gnu:/opt/ros/jazzy/opt/gz_gui_vendor/lib:/opt/ros/jazzy/opt/gz_transport_vendor/lib:/opt/ros/jazzy/opt/gz_rendering_vendor/lib:/opt/ros/jazzy/opt/gz_plugin_vendor/lib:/opt/ros/jazzy/opt/gz_fuel_tools_vendor/lib:/opt/ros/jazzy/opt/gz_msgs_vendor/lib:/opt/ros/jazzy/opt/gz_common_vendor/lib:/opt/ros/jazzy/opt/gz_math_vendor/lib:/opt/ros/jazzy/opt/gz_utils_vendor/lib:/opt/ros/jazzy/opt/gz_tools_vendor/lib:/opt/ros/jazzy/opt/gz_ogre_next_vendor/lib:/opt/ros/jazzy/opt/gz_dartsim_vendor/lib:/opt/ros/jazzy/opt/gz_cmake_vendor/lib:/opt/ros/jazzy/lib', 'HOME': '/home/ugv', 'OLDPWD': '/home/ugv', 'ROS_PYTHON_VERSION': '3', 'DBUS_SESSION_BUS_ADDRESS': 'unix:path=/run/user/1000/bus', 'ROS_DISTRO': 'jazzy', 'LOGNAME': 'ugv', '_': '/usr/bin/colcon', 'IGN_GAZEBO_MODEL_PATH': '/home/ugv/Desktop/OperationTouchdown/ugv_ws/install/depthai_descriptions', 'ROS_VERSION': '2', 'XDG_SESSION_CLASS': 'user', 'XDG_SESSION_ID': '155', 'GAZEBO_MODEL_PATH': '/home/ugv/Desktop/OperationTouchdown/ugv_ws/install/depthai_descriptions', 'PATH': '/home/ugv/Desktop/OperationTouchdown/ugv_ws/install/my_ugv_hardware/bin:/opt/ros/jazzy/opt/gz_msgs_vendor/bin:/opt/ros/jazzy/opt/gz_tools_vendor/bin:/opt/ros/jazzy/opt/gz_ogre_next_vendor/bin:/opt/ros/jazzy/bin:/usr/local/sbin:/usr/local/bin:/usr/sbin:/usr/bin:/sbin:/bin:/usr/games:/usr/local/games:/snap/bin', 'XDG_RUNTIME_DIR': '/run/user/1000', 'LANG': 'en_US.UTF-8', 'AMENT_PREFIX_PATH': '/home/ugv/Desktop/OperationTouchdown/ugv_ws/install/depthai_ros_driver:/home/ugv/Desktop/OperationTouchdown/ugv_ws/install/depthai_examples:/home/ugv/Desktop/OperationTouchdown/ugv_ws/install/depthai_bridge:/home/ugv/Desktop/OperationTouchdown/ugv_ws/install/rplidar_ros:/home/ugv/Desktop/OperationTouchdown/ugv_ws/install/roboteq_ros2_driver:/home/ugv/Desktop/OperationTouchdown/ugv_ws/install/my_ugv_vision:/home/ugv/Desktop/OperationTouchdown/ugv_ws/install/my_ugv_hardware:/home/ugv/Desktop/OperationTouchdown/ugv_ws/install/my_ugv_description:/home/ugv/Desktop/OperationTouchdown/ugv_ws/install/dual_laser_merger:/home/ugv/Desktop/OperationTouchdown/ugv_ws/install/depthai_ros_msgs:/home/ugv/Desktop/OperationTouchdown/ugv_ws/install/depthai_descriptions:/opt/ros/jazzy', 'SHELL': '/bin/bash', 'IGN_GAZEBO_RESOURCE_PATH': '/home/ugv/Desktop/OperationTouchdown/ugv_ws/install/depthai_descriptions', 'GAZEBO_RESOURCE_PATH': '/home/ugv/Desktop/OperationTouchdown/ugv_ws/install/depthai_descriptions', 'ROS_AUTOMATIC_DISCOVERY_RANGE': 'SUBNET', 'PWD': '/home/ugv/Desktop/OperationTouchdown/ugv_ws/build/my_ugv_bringup', 'LC_ALL': 'en_US.UTF-8', 'SSH_CONNECTION': '100.96.142.123 55779 100.101.246.78 22', 'PYTHONPATH': '/home/ugv/Desktop/OperationTouchdown/ugv_ws/install/depthai_ros_driver/lib/python3.12/site-packages:/home/ugv/Desktop/OperationTouchdown/ugv_ws/build/my_ugv_vision:/home/ugv/Desktop/OperationTouchdown/ugv_ws/install/my_ugv_vision/lib/python3.12/site-packages:/home/ugv/Desktop/OperationTouchdown/ugv_ws/install/my_ugv_hardware/lib/python3.12/site-packages:/home/ugv/Desktop/OperationTouchdown/ugv_ws/install/depthai_ros_msgs/lib/python3.12/site-packages:/opt/ros/jazzy/lib/python3.12/site-packages', 'COLCON': '1', 'CMAKE_PREFIX_PATH': '/home/ugv/Desktop/OperationTouchdown/ugv_ws/install/depthai_ros_driver:/home/ugv/Desktop/OperationTouchdown/ugv_ws/install/depthai_examples:/home/ugv/Desktop/OperationTouchdown/ugv_ws/install/depthai_bridge:/home/ugv/Desktop/OperationTouchdown/ugv_ws/install/rplidar_ros:/home/ugv/Desktop/OperationTouchdown/ugv_ws/install/roboteq_ros2_driver:/home/ugv/Desktop/OperationTouchdown/ugv_ws/install/my_ugv_description:/home/ugv/Desktop/OperationTouchdown/ugv_ws/install/dual_laser_merger:/home/ugv/Desktop/OperationTouchdown/ugv_ws/install/depthai_ros_msgs:/home/ugv/Desktop/OperationTouchdown/ugv_ws/install/depthai_descriptions:/opt/ros/jazzy/opt/gz_sim_vendor:/opt/ros/jazzy/opt/gz_sensors_vendor:/opt/ros/jazzy/opt/gz_physics_vendor:/opt/ros/jazzy/opt/sdformat_vendor:/opt/ros/jazzy/opt/gz_gui_vendor:/opt/ros/jazzy/opt/gz_transport_vendor:/opt/ros/jazzy/opt/gz_rendering_vendor:/opt/ros/jazzy/opt/gz_plugin_vendor:/opt/ros/jazzy/opt/gz_fuel_tools_vendor:/opt/ros/jazzy/opt/gz_msgs_vendor:/opt/ros/jazzy/opt/gz_common_vendor:/opt/ros/jazzy/opt/gz_math_vendor:/opt/ros/jazzy/opt/gz_utils_vendor:/opt/ros/jazzy/opt/gz_tools_vendor:/opt/ros/jazzy/opt/gz_ogre_next_vendor:/opt/ros/jazzy/opt/gz_dartsim_vendor:/opt/ros/jazzy/opt/gz_cmake_vendor:/opt/ros/jazzy'}), 'shell': False}
[0.099408] (-) TimerEvent: {}
[0.200541] (-) TimerEvent: {}
[0.259307] (my_ugv_bringup) StdoutLine: {'line': b'Built target ament_cmake_python_symlink_my_ugv_bringup_setup\n'}
[0.284641] (my_ugv_bringup) StdoutLine: {'line': b'Built target ament_cmake_python_symlink_my_ugv_bringup\n'}
[0.301319] (-) TimerEvent: {}
[0.402659] (-) TimerEvent: {}
[0.502914] (-) TimerEvent: {}
[0.603465] (-) TimerEvent: {}
[0.703891] (-) TimerEvent: {}
[0.724942] (my_ugv_bringup) StdoutLine: {'line': b'running egg_info\n'}
[0.758804] (my_ugv_bringup) StdoutLine: {'line': b'writing my_ugv_bringup.egg-info/PKG-INFO\n'}
[0.759259] (my_ugv_bringup) StdoutLine: {'line': b'writing dependency_links to my_ugv_bringup.egg-info/dependency_links.txt\n'}
[0.761570] (my_ugv_bringup) StdoutLine: {'line': b'writing top-level names to my_ugv_bringup.egg-info/top_level.txt\n'}
[0.804005] (-) TimerEvent: {}
[0.865446] (my_ugv_bringup) StdoutLine: {'line': b"reading manifest file 'my_ugv_bringup.egg-info/SOURCES.txt'\n"}
[0.867376] (my_ugv_bringup) StdoutLine: {'line': b"writing manifest file 'my_ugv_bringup.egg-info/SOURCES.txt'\n"}
[0.905135] (-) TimerEvent: {}
[0.965298] (my_ugv_bringup) StdoutLine: {'line': b'Built target ament_cmake_python_build_my_ugv_bringup_egg\n'}
[1.002112] (my_ugv_bringup) CommandEnded: {'returncode': 0}
[1.003287] (my_ugv_bringup) JobProgress: {'identifier': 'my_ugv_bringup', 'progress': 'install'}
[1.005247] (-) TimerEvent: {}
[1.026712] (my_ugv_bringup) Command: {'cmd': ['/usr/bin/cmake', '--install', '/home/ugv/Desktop/OperationTouchdown/ugv_ws/build/my_ugv_bringup'], 'cwd': '/home/ugv/Desktop/OperationTouchdown/ugv_ws/build/my_ugv_bringup', 'env': OrderedDict({'USER': 'ugv', 'SSH_CLIENT': '100.96.142.123 55779 22', 'GZ_CONFIG_PATH': '/opt/ros/jazzy/opt/gz_sim_vendor/share/gz:/opt/ros/jazzy/opt/sdformat_vendor/share/gz:/opt/ros/jazzy/opt/gz_gui_vendor/share/gz:/opt/ros/jazzy/opt/gz_transport_vendor/share/gz:/opt/ros/jazzy/opt/gz_rendering_vendor/share/gz:/opt/ros/jazzy/opt/gz_plugin_vendor/share/gz:/opt/ros/jazzy/opt/gz_fuel_tools_vendor/share/gz:/opt/ros/jazzy/opt/gz_msgs_vendor/share/gz:/opt/ros/jazzy/opt/gz_common_vendor/share/gz', 'XDG_SESSION_TYPE': 'tty', 'SHLVL': '1', 'LD_LIBRARY_PATH': '/home/ugv/Desktop/OperationTouchdown/ugv_ws/install/depthai_ros_driver/lib:/home/ugv/Desktop/OperationTouchdown/ugv_ws/install/depthai_bridge/lib:/home/ugv/Desktop/OperationTouchdown/ugv_ws/install/dual_laser_merger/lib:/home/ugv/Desktop/OperationTouchdown/ugv_ws/install/depthai_ros_msgs/lib:/opt/ros/jazzy/opt/gz_sim_vendor/lib:/opt/ros/jazzy/opt/gz_sensors_vendor/lib:/opt/ros/jazzy/opt/gz_physics_vendor/lib:/opt/ros/jazzy/opt/sdformat_vendor/lib:/opt/ros/jazzy/opt/rviz_ogre_vendor/lib:/opt/ros/jazzy/lib/aarch64-linux-gnu:/opt/ros/jazzy/opt/gz_gui_vendor/lib:/opt/ros/jazzy/opt/gz_transport_vendor/lib:/opt/ros/jazzy/opt/gz_rendering_vendor/lib:/opt/ros/jazzy/opt/gz_plugin_vendor/lib:/opt/ros/jazzy/opt/gz_fuel_tools_vendor/lib:/opt/ros/jazzy/opt/gz_msgs_vendor/lib:/opt/ros/jazzy/opt/gz_common_vendor/lib:/opt/ros/jazzy/opt/gz_math_vendor/lib:/opt/ros/jazzy/opt/gz_utils_vendor/lib:/opt/ros/jazzy/opt/gz_tools_vendor/lib:/opt/ros/jazzy/opt/gz_ogre_next_vendor/lib:/opt/ros/jazzy/opt/gz_dartsim_vendor/lib:/opt/ros/jazzy/opt/gz_cmake_vendor/lib:/opt/ros/jazzy/lib', 'HOME': '/home/ugv', 'OLDPWD': '/home/ugv', 'ROS_PYTHON_VERSION': '3', 'DBUS_SESSION_BUS_ADDRESS': 'unix:path=/run/user/1000/bus', 'ROS_DISTRO': 'jazzy', 'LOGNAME': 'ugv', '_': '/usr/bin/colcon', 'IGN_GAZEBO_MODEL_PATH': '/home/ugv/Desktop/OperationTouchdown/ugv_ws/install/depthai_descriptions', 'ROS_VERSION': '2', 'XDG_SESSION_CLASS': 'user', 'XDG_SESSION_ID': '155', 'GAZEBO_MODEL_PATH': '/home/ugv/Desktop/OperationTouchdown/ugv_ws/install/depthai_descriptions', 'PATH': '/home/ugv/Desktop/OperationTouchdown/ugv_ws/install/my_ugv_hardware/bin:/opt/ros/jazzy/opt/gz_msgs_vendor/bin:/opt/ros/jazzy/opt/gz_tools_vendor/bin:/opt/ros/jazzy/opt/gz_ogre_next_vendor/bin:/opt/ros/jazzy/bin:/usr/local/sbin:/usr/local/bin:/usr/sbin:/usr/bin:/sbin:/bin:/usr/games:/usr/local/games:/snap/bin', 'XDG_RUNTIME_DIR': '/run/user/1000', 'LANG': 'en_US.UTF-8', 'AMENT_PREFIX_PATH': '/home/ugv/Desktop/OperationTouchdown/ugv_ws/install/depthai_ros_driver:/home/ugv/Desktop/OperationTouchdown/ugv_ws/install/depthai_examples:/home/ugv/Desktop/OperationTouchdown/ugv_ws/install/depthai_bridge:/home/ugv/Desktop/OperationTouchdown/ugv_ws/install/rplidar_ros:/home/ugv/Desktop/OperationTouchdown/ugv_ws/install/roboteq_ros2_driver:/home/ugv/Desktop/OperationTouchdown/ugv_ws/install/my_ugv_vision:/home/ugv/Desktop/OperationTouchdown/ugv_ws/install/my_ugv_hardware:/home/ugv/Desktop/OperationTouchdown/ugv_ws/install/my_ugv_description:/home/ugv/Desktop/OperationTouchdown/ugv_ws/install/dual_laser_merger:/home/ugv/Desktop/OperationTouchdown/ugv_ws/install/depthai_ros_msgs:/home/ugv/Desktop/OperationTouchdown/ugv_ws/install/depthai_descriptions:/opt/ros/jazzy', 'SHELL': '/bin/bash', 'IGN_GAZEBO_RESOURCE_PATH': '/home/ugv/Desktop/OperationTouchdown/ugv_ws/install/depthai_descriptions', 'GAZEBO_RESOURCE_PATH': '/home/ugv/Desktop/OperationTouchdown/ugv_ws/install/depthai_descriptions', 'ROS_AUTOMATIC_DISCOVERY_RANGE': 'SUBNET', 'PWD': '/home/ugv/Desktop/OperationTouchdown/ugv_ws/build/my_ugv_bringup', 'LC_ALL': 'en_US.UTF-8', 'SSH_CONNECTION': '100.96.142.123 55779 100.101.246.78 22', 'PYTHONPATH': '/home/ugv/Desktop/OperationTouchdown/ugv_ws/install/depthai_ros_driver/lib/python3.12/site-packages:/home/ugv/Desktop/OperationTouchdown/ugv_ws/build/my_ugv_vision:/home/ugv/Desktop/OperationTouchdown/ugv_ws/install/my_ugv_vision/lib/python3.12/site-packages:/home/ugv/Desktop/OperationTouchdown/ugv_ws/install/my_ugv_hardware/lib/python3.12/site-packages:/home/ugv/Desktop/OperationTouchdown/ugv_ws/install/depthai_ros_msgs/lib/python3.12/site-packages:/opt/ros/jazzy/lib/python3.12/site-packages', 'COLCON': '1', 'CMAKE_PREFIX_PATH': '/home/ugv/Desktop/OperationTouchdown/ugv_ws/install/depthai_ros_driver:/home/ugv/Desktop/OperationTouchdown/ugv_ws/install/depthai_examples:/home/ugv/Desktop/OperationTouchdown/ugv_ws/install/depthai_bridge:/home/ugv/Desktop/OperationTouchdown/ugv_ws/install/rplidar_ros:/home/ugv/Desktop/OperationTouchdown/ugv_ws/install/roboteq_ros2_driver:/home/ugv/Desktop/OperationTouchdown/ugv_ws/install/my_ugv_description:/home/ugv/Desktop/OperationTouchdown/ugv_ws/install/dual_laser_merger:/home/ugv/Desktop/OperationTouchdown/ugv_ws/install/depthai_ros_msgs:/home/ugv/Desktop/OperationTouchdown/ugv_ws/install/depthai_descriptions:/opt/ros/jazzy/opt/gz_sim_vendor:/opt/ros/jazzy/opt/gz_sensors_vendor:/opt/ros/jazzy/opt/gz_physics_vendor:/opt/ros/jazzy/opt/sdformat_vendor:/opt/ros/jazzy/opt/gz_gui_vendor:/opt/ros/jazzy/opt/gz_transport_vendor:/opt/ros/jazzy/opt/gz_rendering_vendor:/opt/ros/jazzy/opt/gz_plugin_vendor:/opt/ros/jazzy/opt/gz_fuel_tools_vendor:/opt/ros/jazzy/opt/gz_msgs_vendor:/opt/ros/jazzy/opt/gz_common_vendor:/opt/ros/jazzy/opt/gz_math_vendor:/opt/ros/jazzy/opt/gz_utils_vendor:/opt/ros/jazzy/opt/gz_tools_vendor:/opt/ros/jazzy/opt/gz_ogre_next_vendor:/opt/ros/jazzy/opt/gz_dartsim_vendor:/opt/ros/jazzy/opt/gz_cmake_vendor:/opt/ros/jazzy'}), 'shell': False}
[1.049966] (my_ugv_bringup) StdoutLine: {'line': b'-- Install configuration: ""\n'}
[1.051566] (my_ugv_bringup) StdoutLine: {'line': b'-- Execute custom install script\n'}
[1.053895] (my_ugv_bringup) StdoutLine: {'line': b'-- Up-to-date symlink: /home/ugv/Desktop/OperationTouchdown/ugv_ws/install/my_ugv_bringup/share/my_ugv_bringup/environment/pythonpath.sh\n'}
[1.054752] (my_ugv_bringup) StdoutLine: {'line': b'-- Up-to-date symlink: /home/ugv/Desktop/OperationTouchdown/ugv_ws/install/my_ugv_bringup/share/my_ugv_bringup/environment/pythonpath.dsv\n'}
[1.054927] (my_ugv_bringup) StdoutLine: {'line': b'-- Up-to-date symlink: /home/ugv/Desktop/OperationTouchdown/ugv_ws/install/my_ugv_bringup/lib/python3.12/site-packages/my_ugv_bringup-0.0.0-py3.12.egg-info/PKG-INFO\n'}
[1.055051] (my_ugv_bringup) StdoutLine: {'line': b'-- Up-to-date symlink: /home/ugv/Desktop/OperationTouchdown/ugv_ws/install/my_ugv_bringup/lib/python3.12/site-packages/my_ugv_bringup-0.0.0-py3.12.egg-info/SOURCES.txt\n'}
[1.055155] (my_ugv_bringup) StdoutLine: {'line': b'-- Up-to-date symlink: /home/ugv/Desktop/OperationTouchdown/ugv_ws/install/my_ugv_bringup/lib/python3.12/site-packages/my_ugv_bringup-0.0.0-py3.12.egg-info/dependency_links.txt\n'}
[1.055299] (my_ugv_bringup) StdoutLine: {'line': b'-- Up-to-date symlink: /home/ugv/Desktop/OperationTouchdown/ugv_ws/install/my_ugv_bringup/lib/python3.12/site-packages/my_ugv_bringup-0.0.0-py3.12.egg-info/top_level.txt\n'}
[1.056376] (my_ugv_bringup) StdoutLine: {'line': b'-- Up-to-date symlink: /home/ugv/Desktop/OperationTouchdown/ugv_ws/install/my_ugv_bringup/lib/python3.12/site-packages/my_ugv_bringup/__init__.py\n'}
[1.056736] (my_ugv_bringup) StdoutLine: {'line': b'-- Up-to-date symlink: /home/ugv/Desktop/OperationTouchdown/ugv_ws/install/my_ugv_bringup/lib/python3.12/site-packages/my_ugv_bringup/master_builder.py\n'}
[1.057334] (my_ugv_bringup) StdoutLine: {'line': b'-- Up-to-date symlink: /home/ugv/Desktop/OperationTouchdown/ugv_ws/install/my_ugv_bringup/share/my_ugv_bringup/launch/__pycache__/master.launch.cpython-312.pyc\n'}
[1.057503] (my_ugv_bringup) StdoutLine: {'line': b'-- Up-to-date symlink: /home/ugv/Desktop/OperationTouchdown/ugv_ws/install/my_ugv_bringup/share/my_ugv_bringup/launch/__pycache__/master.launch2.cpython-312.pyc\n'}
[1.057688] (my_ugv_bringup) StdoutLine: {'line': b'-- Up-to-date symlink: /home/ugv/Desktop/OperationTouchdown/ugv_ws/install/my_ugv_bringup/share/my_ugv_bringup/launch/__pycache__/navigation.launch.cpython-312.pyc\n'}
[1.057842] (my_ugv_bringup) StdoutLine: {'line': b'-- Up-to-date symlink: /home/ugv/Desktop/OperationTouchdown/ugv_ws/install/my_ugv_bringup/share/my_ugv_bringup/launch/__pycache__/slam.launch.cpython-312.pyc\n'}
[1.058056] (my_ugv_bringup) StdoutLine: {'line': b'-- Up-to-date symlink: /home/ugv/Desktop/OperationTouchdown/ugv_ws/install/my_ugv_bringup/share/my_ugv_bringup/launch/master.launch.py\n'}
[1.058267] (my_ugv_bringup) StdoutLine: {'line': b'-- Up-to-date symlink: /home/ugv/Desktop/OperationTouchdown/ugv_ws/install/my_ugv_bringup/share/my_ugv_bringup/launch/master.launch2.py\n'}
[1.058489] (my_ugv_bringup) StdoutLine: {'line': b'-- Up-to-date symlink: /home/ugv/Desktop/OperationTouchdown/ugv_ws/install/my_ugv_bringup/share/my_ugv_bringup/launch/master.launch2.py.bak\n'}
[1.058694] (my_ugv_bringup) StdoutLine: {'line': b'-- Up-to-date symlink: /home/ugv/Desktop/OperationTouchdown/ugv_ws/install/my_ugv_bringup/share/my_ugv_bringup/launch/master.launch4.py\n'}
[1.060117] (my_ugv_bringup) StdoutLine: {'line': b'-- Up-to-date symlink: /home/ugv/Desktop/OperationTouchdown/ugv_ws/install/my_ugv_bringup/share/my_ugv_bringup/launch/master_akida.launch.py\n'}
[1.060443] (my_ugv_bringup) StdoutLine: {'line': b'-- Up-to-date symlink: /home/ugv/Desktop/OperationTouchdown/ugv_ws/install/my_ugv_bringup/share/my_ugv_bringup/launch/master_nav2.launch.py\n'}
[1.060548] (my_ugv_bringup) StdoutLine: {'line': b'-- Up-to-date symlink: /home/ugv/Desktop/OperationTouchdown/ugv_ws/install/my_ugv_bringup/share/my_ugv_bringup/launch/master_nav2_akida.launch.py\n'}
[1.060637] (my_ugv_bringup) StdoutLine: {'line': b'-- Up-to-date symlink: /home/ugv/Desktop/OperationTouchdown/ugv_ws/install/my_ugv_bringup/share/my_ugv_bringup/launch/navigation.launch.py\n'}
[1.060790] (my_ugv_bringup) StdoutLine: {'line': b'-- Up-to-date symlink: /home/ugv/Desktop/OperationTouchdown/ugv_ws/install/my_ugv_bringup/share/my_ugv_bringup/launch/navigation_launch.py\n'}
[1.061018] (my_ugv_bringup) StdoutLine: {'line': b'-- Up-to-date symlink: /home/ugv/Desktop/OperationTouchdown/ugv_ws/install/my_ugv_bringup/share/my_ugv_bringup/launch/oak_camera.launch.py\n'}
[1.061139] (my_ugv_bringup) StdoutLine: {'line': b'-- Up-to-date symlink: /home/ugv/Desktop/OperationTouchdown/ugv_ws/install/my_ugv_bringup/share/my_ugv_bringup/launch/slam.launch.py\n'}
[1.061239] (my_ugv_bringup) StdoutLine: {'line': b'-- Up-to-date symlink: /home/ugv/Desktop/OperationTouchdown/ugv_ws/install/my_ugv_bringup/share/my_ugv_bringup/config/ekf.yaml\n'}
[1.061515] (my_ugv_bringup) StdoutLine: {'line': b'-- Up-to-date symlink: /home/ugv/Desktop/OperationTouchdown/ugv_ws/install/my_ugv_bringup/share/my_ugv_bringup/config/nav2_params.yaml\n'}
[1.061613] (my_ugv_bringup) StdoutLine: {'line': b'-- Up-to-date symlink: /home/ugv/Desktop/OperationTouchdown/ugv_ws/install/my_ugv_bringup/share/my_ugv_bringup/config/nav2_params.yaml.bak\n'}
[1.061761] (my_ugv_bringup) StdoutLine: {'line': b'-- Up-to-date symlink: /home/ugv/Desktop/OperationTouchdown/ugv_ws/install/my_ugv_bringup/share/my_ugv_bringup/config/oak_camera.yaml\n'}
[1.061844] (my_ugv_bringup) StdoutLine: {'line': b'-- Up-to-date symlink: /home/ugv/Desktop/OperationTouchdown/ugv_ws/install/my_ugv_bringup/share/my_ugv_bringup/config/oak_camera_rgb.yaml\n'}
[1.061931] (my_ugv_bringup) StdoutLine: {'line': b'-- Up-to-date symlink: /home/ugv/Desktop/OperationTouchdown/ugv_ws/install/my_ugv_bringup/share/my_ugv_bringup/config/slam_param.yaml\n'}
[1.062127] (my_ugv_bringup) StdoutLine: {'line': b'-- Up-to-date symlink: /home/ugv/Desktop/OperationTouchdown/ugv_ws/install/my_ugv_bringup/share/my_ugv_bringup/urdf/my_ugv.urdf.xacro\n'}
[1.062210] (my_ugv_bringup) StdoutLine: {'line': b'-- Up-to-date symlink: /home/ugv/Desktop/OperationTouchdown/ugv_ws/install/my_ugv_bringup/lib/my_ugv_bringup/cmd_vel_nav_relay.py\n'}
[1.062293] (my_ugv_bringup) StdoutLine: {'line': b'-- Up-to-date symlink: /home/ugv/Desktop/OperationTouchdown/ugv_ws/install/my_ugv_bringup/lib/my_ugv_bringup/joy_speed_estop.py\n'}
[1.062406] (my_ugv_bringup) StdoutLine: {'line': b'-- Up-to-date symlink: /home/ugv/Desktop/OperationTouchdown/ugv_ws/install/my_ugv_bringup/share/ament_index/resource_index/package_run_dependencies/my_ugv_bringup\n'}
[1.062571] (my_ugv_bringup) StdoutLine: {'line': b'-- Up-to-date symlink: /home/ugv/Desktop/OperationTouchdown/ugv_ws/install/my_ugv_bringup/share/ament_index/resource_index/parent_prefix_path/my_ugv_bringup\n'}
[1.062716] (my_ugv_bringup) StdoutLine: {'line': b'-- Up-to-date symlink: /home/ugv/Desktop/OperationTouchdown/ugv_ws/install/my_ugv_bringup/share/my_ugv_bringup/environment/ament_prefix_path.sh\n'}
[1.062848] (my_ugv_bringup) StdoutLine: {'line': b'-- Up-to-date symlink: /home/ugv/Desktop/OperationTouchdown/ugv_ws/install/my_ugv_bringup/share/my_ugv_bringup/environment/ament_prefix_path.dsv\n'}
[1.063104] (my_ugv_bringup) StdoutLine: {'line': b'-- Up-to-date symlink: /home/ugv/Desktop/OperationTouchdown/ugv_ws/install/my_ugv_bringup/share/my_ugv_bringup/environment/path.sh\n'}
[1.063555] (my_ugv_bringup) StdoutLine: {'line': b'-- Up-to-date symlink: /home/ugv/Desktop/OperationTouchdown/ugv_ws/install/my_ugv_bringup/share/my_ugv_bringup/environment/path.dsv\n'}
[1.065646] (my_ugv_bringup) StdoutLine: {'line': b'-- Up-to-date symlink: /home/ugv/Desktop/OperationTouchdown/ugv_ws/install/my_ugv_bringup/share/my_ugv_bringup/local_setup.bash\n'}
[1.066004] (my_ugv_bringup) StdoutLine: {'line': b'-- Up-to-date symlink: /home/ugv/Desktop/OperationTouchdown/ugv_ws/install/my_ugv_bringup/share/my_ugv_bringup/local_setup.sh\n'}
[1.066153] (my_ugv_bringup) StdoutLine: {'line': b'-- Up-to-date symlink: /home/ugv/Desktop/OperationTouchdown/ugv_ws/install/my_ugv_bringup/share/my_ugv_bringup/local_setup.zsh\n'}
[1.066275] (my_ugv_bringup) StdoutLine: {'line': b'-- Up-to-date symlink: /home/ugv/Desktop/OperationTouchdown/ugv_ws/install/my_ugv_bringup/share/my_ugv_bringup/local_setup.dsv\n'}
[1.066421] (my_ugv_bringup) StdoutLine: {'line': b'-- Symlinking: /home/ugv/Desktop/OperationTouchdown/ugv_ws/install/my_ugv_bringup/share/my_ugv_bringup/package.dsv\n'}
[1.092201] (my_ugv_bringup) StdoutLine: {'line': b'-- Up-to-date symlink: /home/ugv/Desktop/OperationTouchdown/ugv_ws/install/my_ugv_bringup/share/ament_index/resource_index/packages/my_ugv_bringup\n'}
[1.092621] (my_ugv_bringup) StdoutLine: {'line': b'-- Up-to-date symlink: /home/ugv/Desktop/OperationTouchdown/ugv_ws/install/my_ugv_bringup/share/my_ugv_bringup/cmake/my_ugv_bringupConfig.cmake\n'}
[1.092806] (my_ugv_bringup) StdoutLine: {'line': b'-- Up-to-date symlink: /home/ugv/Desktop/OperationTouchdown/ugv_ws/install/my_ugv_bringup/share/my_ugv_bringup/cmake/my_ugv_bringupConfig-version.cmake\n'}
[1.093048] (my_ugv_bringup) StdoutLine: {'line': b'-- Up-to-date symlink: /home/ugv/Desktop/OperationTouchdown/ugv_ws/install/my_ugv_bringup/share/my_ugv_bringup/package.xml\n'}
[1.105370] (-) TimerEvent: {}
[1.181601] (my_ugv_bringup) StdoutLine: {'line': b"Listing '/home/ugv/Desktop/OperationTouchdown/ugv_ws/install/my_ugv_bringup/lib/python3.12/site-packages/my_ugv_bringup'...\n"}
[1.205514] (my_ugv_bringup) CommandEnded: {'returncode': 0}
[1.208427] (-) TimerEvent: {}
[1.257335] (my_ugv_bringup) JobEnded: {'identifier': 'my_ugv_bringup', 'rc': 0}
[1.258069] (-) EventReactorShutdown: {}
