[0.025s] Invoking command in '/home/ugv/Desktop/OperationTouchdown/ugv_ws/build/depthai_ros_driver': CMAKE_PREFIX_PATH=/home/ugv/Desktop/OperationTouchdown/ugv_ws/install/depthai_examples:/home/ugv/Desktop/OperationTouchdown/ugv_ws/install/depthai_bridge:/home/ugv/Desktop/OperationTouchdown/ugv_ws/install/depthai_ros_msgs:/home/ugv/Desktop/OperationTouchdown/ugv_ws/install/depthai_descriptions:/home/ugv/Desktop/OperationTouchdown/ugv_ws/install/my_ugv_description:/home/ugv/Desktop/OperationTouchdown/ugv_ws/install/my_ugv_bringup:/home/ugv/Desktop/OperationTouchdown/ugv_ws/install/rplidar_ros:/home/ugv/Desktop/OperationTouchdown/ugv_ws/install/roboteq_ros2_driver:/home/ugv/Desktop/OperationTouchdown/ugv_ws/install/dual_laser_merger:/home/ugv/Desktop/OperationTouchdown/ugv_ws/install/depthai-ros:/home/ugv/Desktop/OperationTouchdown/ugv_ws/install/depthai_ros_driver:/home/ugv/Desktop/OperationTouchdown/ugv_ws/install/depthai_filters:/opt/ros/jazzy/opt/gz_sim_vendor:/opt/ros/jazzy/opt/gz_sensors_vendor:/opt/ros/jazzy/opt/gz_physics_vendor:/opt/ros/jazzy/opt/sdformat_vendor:/opt/ros/jazzy/opt/gz_gui_vendor:/opt/ros/jazzy/opt/gz_transport_vendor:/opt/ros/jazzy/opt/gz_rendering_vendor:/opt/ros/jazzy/opt/gz_plugin_vendor:/opt/ros/jazzy/opt/gz_fuel_tools_vendor:/opt/ros/jazzy/opt/gz_msgs_vendor:/opt/ros/jazzy/opt/gz_common_vendor:/opt/ros/jazzy/opt/gz_math_vendor:/opt/ros/jazzy/opt/gz_utils_vendor:/opt/ros/jazzy/opt/gz_tools_vendor:/opt/ros/jazzy/opt/gz_ogre_next_vendor:/opt/ros/jazzy/opt/gz_dartsim_vendor:/opt/ros/jazzy/opt/gz_cmake_vendor:/home/ugv/Desktop/OperationTouchdown/ugv_ws/install/my_ugv_hardware:/home/ugv/Desktop/OperationTouchdown/ugv_ws/install/my_ugv_vision:/opt/ros/jazzy DEBUGINFOD_URLS=https://debuginfod.ubuntu.com GAZEBO_MODEL_PATH=/home/ugv/Desktop/OperationTouchdown/ugv_ws/install/depthai_descriptions:${GAZEBO_MODEL_PATH} GAZEBO_RESOURCE_PATH=/home/ugv/Desktop/OperationTouchdown/ugv_ws/install/depthai_descriptions:${GAZEBO_RESOURCE_PATH} IGN_GAZEBO_MODEL_PATH=/home/ugv/Desktop/OperationTouchdown/ugv_ws/install/depthai_descriptions:${IGN_GAZEBO_MODEL_PATH} IGN_GAZEBO_RESOURCE_PATH=/home/ugv/Desktop/OperationTouchdown/ugv_ws/install/depthai_descriptions:${IGN_GAZEBO_RESOURCE_PATH} LD_LIBRARY_PATH=/home/ugv/Desktop/OperationTouchdown/ugv_ws/install/depthai_bridge/lib:/home/ugv/Desktop/OperationTouchdown/ugv_ws/install/depthai_ros_msgs/lib:/home/ugv/Desktop/OperationTouchdown/ugv_ws/install/dual_laser_merger/lib:/home/ugv/Desktop/OperationTouchdown/ugv_ws/install/depthai_ros_driver/lib:/home/ugv/Desktop/OperationTouchdown/ugv_ws/install/depthai_filters/lib:/opt/ros/jazzy/opt/gz_sim_vendor/lib:/opt/ros/jazzy/opt/gz_sensors_vendor/lib:/opt/ros/jazzy/opt/gz_physics_vendor/lib:/opt/ros/jazzy/opt/sdformat_vendor/lib:/opt/ros/jazzy/opt/rviz_ogre_vendor/lib:/opt/ros/jazzy/lib/aarch64-linux-gnu:/opt/ros/jazzy/opt/gz_gui_vendor/lib:/opt/ros/jazzy/opt/gz_transport_vendor/lib:/opt/ros/jazzy/opt/gz_rendering_vendor/lib:/opt/ros/jazzy/opt/gz_plugin_vendor/lib:/opt/ros/jazzy/opt/gz_fuel_tools_vendor/lib:/opt/ros/jazzy/opt/gz_msgs_vendor/lib:/opt/ros/jazzy/opt/gz_common_vendor/lib:/opt/ros/jazzy/opt/gz_math_vendor/lib:/opt/ros/jazzy/opt/gz_utils_vendor/lib:/opt/ros/jazzy/opt/gz_tools_vendor/lib:/opt/ros/jazzy/opt/gz_ogre_next_vendor/lib:/opt/ros/jazzy/opt/gz_dartsim_vendor/lib:/opt/ros/jazzy/opt/gz_cmake_vendor/lib:/opt/ros/jazzy/lib PYTHONPATH=/home/ugv/Desktop/OperationTouchdown/ugv_ws/install/depthai_ros_msgs/lib/python3.12/site-packages:/home/ugv/Desktop/OperationTouchdown/ugv_ws/build/my_ugv_hardware:/home/ugv/Desktop/OperationTouchdown/ugv_ws/install/my_ugv_hardware/lib/python3.12/site-packages:/home/ugv/Desktop/OperationTouchdown/ugv_ws/build/my_ugv_vision:/home/ugv/Desktop/OperationTouchdown/ugv_ws/install/my_ugv_vision/lib/python3.12/site-packages:/home/ugv/Desktop/OperationTouchdown/ugv_ws/install/depthai_ros_driver/lib/python3.12/site-packages:/opt/ros/jazzy/lib/python3.12/site-packages /usr/bin/cmake /home/ugv/Desktop/OperationTouchdown/ugv_ws/src/depthai-ros/depthai_ros_driver -DAMENT_CMAKE_SYMLINK_INSTALL=1 -DCMAKE_INSTALL_PREFIX=/home/ugv/Desktop/OperationTouchdown/ugv_ws/install/depthai_ros_driver
[0.051s] -- Found ament_cmake_auto: 2.5.6 (/opt/ros/jazzy/share/ament_cmake_auto/cmake)
[0.390s] -- Override CMake install command with custom implementation using symlinks instead of copying resources
[0.619s] -- Found rosidl_generator_c: 4.6.7 (/opt/ros/jazzy/share/rosidl_generator_c/cmake)
[0.636s] -- Found rosidl_generator_cpp: 4.6.7 (/opt/ros/jazzy/share/rosidl_generator_cpp/cmake)
[0.650s] -- Using all available rosidl_typesupport_c: rosidl_typesupport_fastrtps_c;rosidl_typesupport_introspection_c
[0.671s] -- Using all available rosidl_typesupport_cpp: rosidl_typesupport_fastrtps_cpp;rosidl_typesupport_introspection_cpp
[0.753s] -- Found rmw_implementation_cmake: 7.3.3 (/opt/ros/jazzy/share/rmw_implementation_cmake/cmake)
[0.755s] -- Found rmw_fastrtps_cpp: 8.4.3 (/opt/ros/jazzy/share/rmw_fastrtps_cpp/cmake)
[0.854s] -- Using RMW implementation 'rmw_fastrtps_cpp' as default
[1.159s] -- Setting yaml-cpp_DIR to: '/opt/ros/jazzy/share/yaml_cpp_vendor/cmake/../../../opt/yaml_cpp_vendor/share/cmake/yaml-cpp'
[1.386s] -- Found eigen3_cmake_module: 0.3.0 (/opt/ros/jazzy/share/eigen3_cmake_module/cmake)
[1.387s] -- Ensuring Eigen3 include directory is part of orocos-kdl CMake target
[1.501s] -- Configuring done (1.5s)
[1.611s] -- Generating done (0.1s)
[1.650s] -- Build files have been written to: /home/ugv/Desktop/OperationTouchdown/ugv_ws/build/depthai_ros_driver
[1.676s] Invoked command in '/home/ugv/Desktop/OperationTouchdown/ugv_ws/build/depthai_ros_driver' returned '0': CMAKE_PREFIX_PATH=/home/ugv/Desktop/OperationTouchdown/ugv_ws/install/depthai_examples:/home/ugv/Desktop/OperationTouchdown/ugv_ws/install/depthai_bridge:/home/ugv/Desktop/OperationTouchdown/ugv_ws/install/depthai_ros_msgs:/home/ugv/Desktop/OperationTouchdown/ugv_ws/install/depthai_descriptions:/home/ugv/Desktop/OperationTouchdown/ugv_ws/install/my_ugv_description:/home/ugv/Desktop/OperationTouchdown/ugv_ws/install/my_ugv_bringup:/home/ugv/Desktop/OperationTouchdown/ugv_ws/install/rplidar_ros:/home/ugv/Desktop/OperationTouchdown/ugv_ws/install/roboteq_ros2_driver:/home/ugv/Desktop/OperationTouchdown/ugv_ws/install/dual_laser_merger:/home/ugv/Desktop/OperationTouchdown/ugv_ws/install/depthai-ros:/home/ugv/Desktop/OperationTouchdown/ugv_ws/install/depthai_ros_driver:/home/ugv/Desktop/OperationTouchdown/ugv_ws/install/depthai_filters:/opt/ros/jazzy/opt/gz_sim_vendor:/opt/ros/jazzy/opt/gz_sensors_vendor:/opt/ros/jazzy/opt/gz_physics_vendor:/opt/ros/jazzy/opt/sdformat_vendor:/opt/ros/jazzy/opt/gz_gui_vendor:/opt/ros/jazzy/opt/gz_transport_vendor:/opt/ros/jazzy/opt/gz_rendering_vendor:/opt/ros/jazzy/opt/gz_plugin_vendor:/opt/ros/jazzy/opt/gz_fuel_tools_vendor:/opt/ros/jazzy/opt/gz_msgs_vendor:/opt/ros/jazzy/opt/gz_common_vendor:/opt/ros/jazzy/opt/gz_math_vendor:/opt/ros/jazzy/opt/gz_utils_vendor:/opt/ros/jazzy/opt/gz_tools_vendor:/opt/ros/jazzy/opt/gz_ogre_next_vendor:/opt/ros/jazzy/opt/gz_dartsim_vendor:/opt/ros/jazzy/opt/gz_cmake_vendor:/home/ugv/Desktop/OperationTouchdown/ugv_ws/install/my_ugv_hardware:/home/ugv/Desktop/OperationTouchdown/ugv_ws/install/my_ugv_vision:/opt/ros/jazzy DEBUGINFOD_URLS=https://debuginfod.ubuntu.com GAZEBO_MODEL_PATH=/home/ugv/Desktop/OperationTouchdown/ugv_ws/install/depthai_descriptions:${GAZEBO_MODEL_PATH} GAZEBO_RESOURCE_PATH=/home/ugv/Desktop/OperationTouchdown/ugv_ws/install/depthai_descriptions:${GAZEBO_RESOURCE_PATH} IGN_GAZEBO_MODEL_PATH=/home/ugv/Desktop/OperationTouchdown/ugv_ws/install/depthai_descriptions:${IGN_GAZEBO_MODEL_PATH} IGN_GAZEBO_RESOURCE_PATH=/home/ugv/Desktop/OperationTouchdown/ugv_ws/install/depthai_descriptions:${IGN_GAZEBO_RESOURCE_PATH} LD_LIBRARY_PATH=/home/ugv/Desktop/OperationTouchdown/ugv_ws/install/depthai_bridge/lib:/home/ugv/Desktop/OperationTouchdown/ugv_ws/install/depthai_ros_msgs/lib:/home/ugv/Desktop/OperationTouchdown/ugv_ws/install/dual_laser_merger/lib:/home/ugv/Desktop/OperationTouchdown/ugv_ws/install/depthai_ros_driver/lib:/home/ugv/Desktop/OperationTouchdown/ugv_ws/install/depthai_filters/lib:/opt/ros/jazzy/opt/gz_sim_vendor/lib:/opt/ros/jazzy/opt/gz_sensors_vendor/lib:/opt/ros/jazzy/opt/gz_physics_vendor/lib:/opt/ros/jazzy/opt/sdformat_vendor/lib:/opt/ros/jazzy/opt/rviz_ogre_vendor/lib:/opt/ros/jazzy/lib/aarch64-linux-gnu:/opt/ros/jazzy/opt/gz_gui_vendor/lib:/opt/ros/jazzy/opt/gz_transport_vendor/lib:/opt/ros/jazzy/opt/gz_rendering_vendor/lib:/opt/ros/jazzy/opt/gz_plugin_vendor/lib:/opt/ros/jazzy/opt/gz_fuel_tools_vendor/lib:/opt/ros/jazzy/opt/gz_msgs_vendor/lib:/opt/ros/jazzy/opt/gz_common_vendor/lib:/opt/ros/jazzy/opt/gz_math_vendor/lib:/opt/ros/jazzy/opt/gz_utils_vendor/lib:/opt/ros/jazzy/opt/gz_tools_vendor/lib:/opt/ros/jazzy/opt/gz_ogre_next_vendor/lib:/opt/ros/jazzy/opt/gz_dartsim_vendor/lib:/opt/ros/jazzy/opt/gz_cmake_vendor/lib:/opt/ros/jazzy/lib PYTHONPATH=/home/ugv/Desktop/OperationTouchdown/ugv_ws/install/depthai_ros_msgs/lib/python3.12/site-packages:/home/ugv/Desktop/OperationTouchdown/ugv_ws/build/my_ugv_hardware:/home/ugv/Desktop/OperationTouchdown/ugv_ws/install/my_ugv_hardware/lib/python3.12/site-packages:/home/ugv/Desktop/OperationTouchdown/ugv_ws/build/my_ugv_vision:/home/ugv/Desktop/OperationTouchdown/ugv_ws/install/my_ugv_vision/lib/python3.12/site-packages:/home/ugv/Desktop/OperationTouchdown/ugv_ws/install/depthai_ros_driver/lib/python3.12/site-packages:/opt/ros/jazzy/lib/python3.12/site-packages /usr/bin/cmake /home/ugv/Desktop/OperationTouchdown/ugv_ws/src/depthai-ros/depthai_ros_driver -DAMENT_CMAKE_SYMLINK_INSTALL=1 -DCMAKE_INSTALL_PREFIX=/home/ugv/Desktop/OperationTouchdown/ugv_ws/install/depthai_ros_driver
[1.678s] Invoking command in '/home/ugv/Desktop/OperationTouchdown/ugv_ws/build/depthai_ros_driver': CMAKE_PREFIX_PATH=/home/ugv/Desktop/OperationTouchdown/ugv_ws/install/depthai_examples:/home/ugv/Desktop/OperationTouchdown/ugv_ws/install/depthai_bridge:/home/ugv/Desktop/OperationTouchdown/ugv_ws/install/depthai_ros_msgs:/home/ugv/Desktop/OperationTouchdown/ugv_ws/install/depthai_descriptions:/home/ugv/Desktop/OperationTouchdown/ugv_ws/install/my_ugv_description:/home/ugv/Desktop/OperationTouchdown/ugv_ws/install/my_ugv_bringup:/home/ugv/Desktop/OperationTouchdown/ugv_ws/install/rplidar_ros:/home/ugv/Desktop/OperationTouchdown/ugv_ws/install/roboteq_ros2_driver:/home/ugv/Desktop/OperationTouchdown/ugv_ws/install/dual_laser_merger:/home/ugv/Desktop/OperationTouchdown/ugv_ws/install/depthai-ros:/home/ugv/Desktop/OperationTouchdown/ugv_ws/install/depthai_ros_driver:/home/ugv/Desktop/OperationTouchdown/ugv_ws/install/depthai_filters:/opt/ros/jazzy/opt/gz_sim_vendor:/opt/ros/jazzy/opt/gz_sensors_vendor:/opt/ros/jazzy/opt/gz_physics_vendor:/opt/ros/jazzy/opt/sdformat_vendor:/opt/ros/jazzy/opt/gz_gui_vendor:/opt/ros/jazzy/opt/gz_transport_vendor:/opt/ros/jazzy/opt/gz_rendering_vendor:/opt/ros/jazzy/opt/gz_plugin_vendor:/opt/ros/jazzy/opt/gz_fuel_tools_vendor:/opt/ros/jazzy/opt/gz_msgs_vendor:/opt/ros/jazzy/opt/gz_common_vendor:/opt/ros/jazzy/opt/gz_math_vendor:/opt/ros/jazzy/opt/gz_utils_vendor:/opt/ros/jazzy/opt/gz_tools_vendor:/opt/ros/jazzy/opt/gz_ogre_next_vendor:/opt/ros/jazzy/opt/gz_dartsim_vendor:/opt/ros/jazzy/opt/gz_cmake_vendor:/home/ugv/Desktop/OperationTouchdown/ugv_ws/install/my_ugv_hardware:/home/ugv/Desktop/OperationTouchdown/ugv_ws/install/my_ugv_vision:/opt/ros/jazzy DEBUGINFOD_URLS=https://debuginfod.ubuntu.com GAZEBO_MODEL_PATH=/home/ugv/Desktop/OperationTouchdown/ugv_ws/install/depthai_descriptions:${GAZEBO_MODEL_PATH} GAZEBO_RESOURCE_PATH=/home/ugv/Desktop/OperationTouchdown/ugv_ws/install/depthai_descriptions:${GAZEBO_RESOURCE_PATH} IGN_GAZEBO_MODEL_PATH=/home/ugv/Desktop/OperationTouchdown/ugv_ws/install/depthai_descriptions:${IGN_GAZEBO_MODEL_PATH} IGN_GAZEBO_RESOURCE_PATH=/home/ugv/Desktop/OperationTouchdown/ugv_ws/install/depthai_descriptions:${IGN_GAZEBO_RESOURCE_PATH} LD_LIBRARY_PATH=/home/ugv/Desktop/OperationTouchdown/ugv_ws/install/depthai_bridge/lib:/home/ugv/Desktop/OperationTouchdown/ugv_ws/install/depthai_ros_msgs/lib:/home/ugv/Desktop/OperationTouchdown/ugv_ws/install/dual_laser_merger/lib:/home/ugv/Desktop/OperationTouchdown/ugv_ws/install/depthai_ros_driver/lib:/home/ugv/Desktop/OperationTouchdown/ugv_ws/install/depthai_filters/lib:/opt/ros/jazzy/opt/gz_sim_vendor/lib:/opt/ros/jazzy/opt/gz_sensors_vendor/lib:/opt/ros/jazzy/opt/gz_physics_vendor/lib:/opt/ros/jazzy/opt/sdformat_vendor/lib:/opt/ros/jazzy/opt/rviz_ogre_vendor/lib:/opt/ros/jazzy/lib/aarch64-linux-gnu:/opt/ros/jazzy/opt/gz_gui_vendor/lib:/opt/ros/jazzy/opt/gz_transport_vendor/lib:/opt/ros/jazzy/opt/gz_rendering_vendor/lib:/opt/ros/jazzy/opt/gz_plugin_vendor/lib:/opt/ros/jazzy/opt/gz_fuel_tools_vendor/lib:/opt/ros/jazzy/opt/gz_msgs_vendor/lib:/opt/ros/jazzy/opt/gz_common_vendor/lib:/opt/ros/jazzy/opt/gz_math_vendor/lib:/opt/ros/jazzy/opt/gz_utils_vendor/lib:/opt/ros/jazzy/opt/gz_tools_vendor/lib:/opt/ros/jazzy/opt/gz_ogre_next_vendor/lib:/opt/ros/jazzy/opt/gz_dartsim_vendor/lib:/opt/ros/jazzy/opt/gz_cmake_vendor/lib:/opt/ros/jazzy/lib PYTHONPATH=/home/ugv/Desktop/OperationTouchdown/ugv_ws/install/depthai_ros_msgs/lib/python3.12/site-packages:/home/ugv/Desktop/OperationTouchdown/ugv_ws/build/my_ugv_hardware:/home/ugv/Desktop/OperationTouchdown/ugv_ws/install/my_ugv_hardware/lib/python3.12/site-packages:/home/ugv/Desktop/OperationTouchdown/ugv_ws/build/my_ugv_vision:/home/ugv/Desktop/OperationTouchdown/ugv_ws/install/my_ugv_vision/lib/python3.12/site-packages:/home/ugv/Desktop/OperationTouchdown/ugv_ws/install/depthai_ros_driver/lib/python3.12/site-packages:/opt/ros/jazzy/lib/python3.12/site-packages /usr/bin/cmake --build /home/ugv/Desktop/OperationTouchdown/ugv_ws/build/depthai_ros_driver -- -j4 -l4
[1.807s] [  0%] Built target ament_cmake_python_symlink_depthai_ros_driver
[1.899s] [ 42%] Built target depthai_ros_driver_common
[1.979s] [ 54%] Built target depthai_ros_driver_nn_nodes
[2.021s] [ 82%] Built target depthai_ros_driver_sensor_nodes
[2.096s] [ 94%] Built target depthai_ros_driver
[2.156s] [100%] Built target camera_node
[2.162s] running egg_info
[2.191s] writing depthai_ros_driver.egg-info/PKG-INFO
[2.191s] writing dependency_links to depthai_ros_driver.egg-info/dependency_links.txt
[2.192s] writing top-level names to depthai_ros_driver.egg-info/top_level.txt
[2.274s] reading manifest file 'depthai_ros_driver.egg-info/SOURCES.txt'
[2.275s] writing manifest file 'depthai_ros_driver.egg-info/SOURCES.txt'
[2.351s] [100%] Built target ament_cmake_python_build_depthai_ros_driver_egg
[2.376s] Invoked command in '/home/ugv/Desktop/OperationTouchdown/ugv_ws/build/depthai_ros_driver' returned '0': CMAKE_PREFIX_PATH=/home/ugv/Desktop/OperationTouchdown/ugv_ws/install/depthai_examples:/home/ugv/Desktop/OperationTouchdown/ugv_ws/install/depthai_bridge:/home/ugv/Desktop/OperationTouchdown/ugv_ws/install/depthai_ros_msgs:/home/ugv/Desktop/OperationTouchdown/ugv_ws/install/depthai_descriptions:/home/ugv/Desktop/OperationTouchdown/ugv_ws/install/my_ugv_description:/home/ugv/Desktop/OperationTouchdown/ugv_ws/install/my_ugv_bringup:/home/ugv/Desktop/OperationTouchdown/ugv_ws/install/rplidar_ros:/home/ugv/Desktop/OperationTouchdown/ugv_ws/install/roboteq_ros2_driver:/home/ugv/Desktop/OperationTouchdown/ugv_ws/install/dual_laser_merger:/home/ugv/Desktop/OperationTouchdown/ugv_ws/install/depthai-ros:/home/ugv/Desktop/OperationTouchdown/ugv_ws/install/depthai_ros_driver:/home/ugv/Desktop/OperationTouchdown/ugv_ws/install/depthai_filters:/opt/ros/jazzy/opt/gz_sim_vendor:/opt/ros/jazzy/opt/gz_sensors_vendor:/opt/ros/jazzy/opt/gz_physics_vendor:/opt/ros/jazzy/opt/sdformat_vendor:/opt/ros/jazzy/opt/gz_gui_vendor:/opt/ros/jazzy/opt/gz_transport_vendor:/opt/ros/jazzy/opt/gz_rendering_vendor:/opt/ros/jazzy/opt/gz_plugin_vendor:/opt/ros/jazzy/opt/gz_fuel_tools_vendor:/opt/ros/jazzy/opt/gz_msgs_vendor:/opt/ros/jazzy/opt/gz_common_vendor:/opt/ros/jazzy/opt/gz_math_vendor:/opt/ros/jazzy/opt/gz_utils_vendor:/opt/ros/jazzy/opt/gz_tools_vendor:/opt/ros/jazzy/opt/gz_ogre_next_vendor:/opt/ros/jazzy/opt/gz_dartsim_vendor:/opt/ros/jazzy/opt/gz_cmake_vendor:/home/ugv/Desktop/OperationTouchdown/ugv_ws/install/my_ugv_hardware:/home/ugv/Desktop/OperationTouchdown/ugv_ws/install/my_ugv_vision:/opt/ros/jazzy DEBUGINFOD_URLS=https://debuginfod.ubuntu.com GAZEBO_MODEL_PATH=/home/ugv/Desktop/OperationTouchdown/ugv_ws/install/depthai_descriptions:${GAZEBO_MODEL_PATH} GAZEBO_RESOURCE_PATH=/home/ugv/Desktop/OperationTouchdown/ugv_ws/install/depthai_descriptions:${GAZEBO_RESOURCE_PATH} IGN_GAZEBO_MODEL_PATH=/home/ugv/Desktop/OperationTouchdown/ugv_ws/install/depthai_descriptions:${IGN_GAZEBO_MODEL_PATH} IGN_GAZEBO_RESOURCE_PATH=/home/ugv/Desktop/OperationTouchdown/ugv_ws/install/depthai_descriptions:${IGN_GAZEBO_RESOURCE_PATH} LD_LIBRARY_PATH=/home/ugv/Desktop/OperationTouchdown/ugv_ws/install/depthai_bridge/lib:/home/ugv/Desktop/OperationTouchdown/ugv_ws/install/depthai_ros_msgs/lib:/home/ugv/Desktop/OperationTouchdown/ugv_ws/install/dual_laser_merger/lib:/home/ugv/Desktop/OperationTouchdown/ugv_ws/install/depthai_ros_driver/lib:/home/ugv/Desktop/OperationTouchdown/ugv_ws/install/depthai_filters/lib:/opt/ros/jazzy/opt/gz_sim_vendor/lib:/opt/ros/jazzy/opt/gz_sensors_vendor/lib:/opt/ros/jazzy/opt/gz_physics_vendor/lib:/opt/ros/jazzy/opt/sdformat_vendor/lib:/opt/ros/jazzy/opt/rviz_ogre_vendor/lib:/opt/ros/jazzy/lib/aarch64-linux-gnu:/opt/ros/jazzy/opt/gz_gui_vendor/lib:/opt/ros/jazzy/opt/gz_transport_vendor/lib:/opt/ros/jazzy/opt/gz_rendering_vendor/lib:/opt/ros/jazzy/opt/gz_plugin_vendor/lib:/opt/ros/jazzy/opt/gz_fuel_tools_vendor/lib:/opt/ros/jazzy/opt/gz_msgs_vendor/lib:/opt/ros/jazzy/opt/gz_common_vendor/lib:/opt/ros/jazzy/opt/gz_math_vendor/lib:/opt/ros/jazzy/opt/gz_utils_vendor/lib:/opt/ros/jazzy/opt/gz_tools_vendor/lib:/opt/ros/jazzy/opt/gz_ogre_next_vendor/lib:/opt/ros/jazzy/opt/gz_dartsim_vendor/lib:/opt/ros/jazzy/opt/gz_cmake_vendor/lib:/opt/ros/jazzy/lib PYTHONPATH=/home/ugv/Desktop/OperationTouchdown/ugv_ws/install/depthai_ros_msgs/lib/python3.12/site-packages:/home/ugv/Desktop/OperationTouchdown/ugv_ws/build/my_ugv_hardware:/home/ugv/Desktop/OperationTouchdown/ugv_ws/install/my_ugv_hardware/lib/python3.12/site-packages:/home/ugv/Desktop/OperationTouchdown/ugv_ws/build/my_ugv_vision:/home/ugv/Desktop/OperationTouchdown/ugv_ws/install/my_ugv_vision/lib/python3.12/site-packages:/home/ugv/Desktop/OperationTouchdown/ugv_ws/install/depthai_ros_driver/lib/python3.12/site-packages:/opt/ros/jazzy/lib/python3.12/site-packages /usr/bin/cmake --build /home/ugv/Desktop/OperationTouchdown/ugv_ws/build/depthai_ros_driver -- -j4 -l4
[2.378s] Invoking command in '/home/ugv/Desktop/OperationTouchdown/ugv_ws/build/depthai_ros_driver': CMAKE_PREFIX_PATH=/home/ugv/Desktop/OperationTouchdown/ugv_ws/install/depthai_examples:/home/ugv/Desktop/OperationTouchdown/ugv_ws/install/depthai_bridge:/home/ugv/Desktop/OperationTouchdown/ugv_ws/install/depthai_ros_msgs:/home/ugv/Desktop/OperationTouchdown/ugv_ws/install/depthai_descriptions:/home/ugv/Desktop/OperationTouchdown/ugv_ws/install/my_ugv_description:/home/ugv/Desktop/OperationTouchdown/ugv_ws/install/my_ugv_bringup:/home/ugv/Desktop/OperationTouchdown/ugv_ws/install/rplidar_ros:/home/ugv/Desktop/OperationTouchdown/ugv_ws/install/roboteq_ros2_driver:/home/ugv/Desktop/OperationTouchdown/ugv_ws/install/dual_laser_merger:/home/ugv/Desktop/OperationTouchdown/ugv_ws/install/depthai-ros:/home/ugv/Desktop/OperationTouchdown/ugv_ws/install/depthai_ros_driver:/home/ugv/Desktop/OperationTouchdown/ugv_ws/install/depthai_filters:/opt/ros/jazzy/opt/gz_sim_vendor:/opt/ros/jazzy/opt/gz_sensors_vendor:/opt/ros/jazzy/opt/gz_physics_vendor:/opt/ros/jazzy/opt/sdformat_vendor:/opt/ros/jazzy/opt/gz_gui_vendor:/opt/ros/jazzy/opt/gz_transport_vendor:/opt/ros/jazzy/opt/gz_rendering_vendor:/opt/ros/jazzy/opt/gz_plugin_vendor:/opt/ros/jazzy/opt/gz_fuel_tools_vendor:/opt/ros/jazzy/opt/gz_msgs_vendor:/opt/ros/jazzy/opt/gz_common_vendor:/opt/ros/jazzy/opt/gz_math_vendor:/opt/ros/jazzy/opt/gz_utils_vendor:/opt/ros/jazzy/opt/gz_tools_vendor:/opt/ros/jazzy/opt/gz_ogre_next_vendor:/opt/ros/jazzy/opt/gz_dartsim_vendor:/opt/ros/jazzy/opt/gz_cmake_vendor:/home/ugv/Desktop/OperationTouchdown/ugv_ws/install/my_ugv_hardware:/home/ugv/Desktop/OperationTouchdown/ugv_ws/install/my_ugv_vision:/opt/ros/jazzy DEBUGINFOD_URLS=https://debuginfod.ubuntu.com GAZEBO_MODEL_PATH=/home/ugv/Desktop/OperationTouchdown/ugv_ws/install/depthai_descriptions:${GAZEBO_MODEL_PATH} GAZEBO_RESOURCE_PATH=/home/ugv/Desktop/OperationTouchdown/ugv_ws/install/depthai_descriptions:${GAZEBO_RESOURCE_PATH} IGN_GAZEBO_MODEL_PATH=/home/ugv/Desktop/OperationTouchdown/ugv_ws/install/depthai_descriptions:${IGN_GAZEBO_MODEL_PATH} IGN_GAZEBO_RESOURCE_PATH=/home/ugv/Desktop/OperationTouchdown/ugv_ws/install/depthai_descriptions:${IGN_GAZEBO_RESOURCE_PATH} LD_LIBRARY_PATH=/home/ugv/Desktop/OperationTouchdown/ugv_ws/install/depthai_bridge/lib:/home/ugv/Desktop/OperationTouchdown/ugv_ws/install/depthai_ros_msgs/lib:/home/ugv/Desktop/OperationTouchdown/ugv_ws/install/dual_laser_merger/lib:/home/ugv/Desktop/OperationTouchdown/ugv_ws/install/depthai_ros_driver/lib:/home/ugv/Desktop/OperationTouchdown/ugv_ws/install/depthai_filters/lib:/opt/ros/jazzy/opt/gz_sim_vendor/lib:/opt/ros/jazzy/opt/gz_sensors_vendor/lib:/opt/ros/jazzy/opt/gz_physics_vendor/lib:/opt/ros/jazzy/opt/sdformat_vendor/lib:/opt/ros/jazzy/opt/rviz_ogre_vendor/lib:/opt/ros/jazzy/lib/aarch64-linux-gnu:/opt/ros/jazzy/opt/gz_gui_vendor/lib:/opt/ros/jazzy/opt/gz_transport_vendor/lib:/opt/ros/jazzy/opt/gz_rendering_vendor/lib:/opt/ros/jazzy/opt/gz_plugin_vendor/lib:/opt/ros/jazzy/opt/gz_fuel_tools_vendor/lib:/opt/ros/jazzy/opt/gz_msgs_vendor/lib:/opt/ros/jazzy/opt/gz_common_vendor/lib:/opt/ros/jazzy/opt/gz_math_vendor/lib:/opt/ros/jazzy/opt/gz_utils_vendor/lib:/opt/ros/jazzy/opt/gz_tools_vendor/lib:/opt/ros/jazzy/opt/gz_ogre_next_vendor/lib:/opt/ros/jazzy/opt/gz_dartsim_vendor/lib:/opt/ros/jazzy/opt/gz_cmake_vendor/lib:/opt/ros/jazzy/lib PYTHONPATH=/home/ugv/Desktop/OperationTouchdown/ugv_ws/install/depthai_ros_msgs/lib/python3.12/site-packages:/home/ugv/Desktop/OperationTouchdown/ugv_ws/build/my_ugv_hardware:/home/ugv/Desktop/OperationTouchdown/ugv_ws/install/my_ugv_hardware/lib/python3.12/site-packages:/home/ugv/Desktop/OperationTouchdown/ugv_ws/build/my_ugv_vision:/home/ugv/Desktop/OperationTouchdown/ugv_ws/install/my_ugv_vision/lib/python3.12/site-packages:/home/ugv/Desktop/OperationTouchdown/ugv_ws/install/depthai_ros_driver/lib/python3.12/site-packages:/opt/ros/jazzy/lib/python3.12/site-packages /usr/bin/cmake --install /home/ugv/Desktop/OperationTouchdown/ugv_ws/build/depthai_ros_driver
[2.396s] -- Install configuration: ""
[2.397s] -- Execute custom install script
[2.397s] -- Up-to-date symlink: /home/ugv/Desktop/OperationTouchdown/ugv_ws/install/depthai_ros_driver/share/depthai_ros_driver//plugins.xml
[2.397s] -- Up-to-date symlink: /home/ugv/Desktop/OperationTouchdown/ugv_ws/install/depthai_ros_driver/share/depthai_ros_driver/environment/library_path.sh
[2.397s] -- Up-to-date symlink: /home/ugv/Desktop/OperationTouchdown/ugv_ws/install/depthai_ros_driver/share/depthai_ros_driver/environment/library_path.dsv
[2.398s] -- Up-to-date symlink: /home/ugv/Desktop/OperationTouchdown/ugv_ws/install/depthai_ros_driver/share/depthai_ros_driver/launch/calibration.launch.py
[2.398s] -- Up-to-date symlink: /home/ugv/Desktop/OperationTouchdown/ugv_ws/install/depthai_ros_driver/share/depthai_ros_driver/launch/camera.launch.py
[2.398s] -- Up-to-date symlink: /home/ugv/Desktop/OperationTouchdown/ugv_ws/install/depthai_ros_driver/share/depthai_ros_driver/launch/camera_as_part_of_a_robot.launch.py
[2.399s] -- Up-to-date symlink: /home/ugv/Desktop/OperationTouchdown/ugv_ws/install/depthai_ros_driver/share/depthai_ros_driver/launch/example_marker_publish.launch.py
[2.399s] -- Up-to-date symlink: /home/ugv/Desktop/OperationTouchdown/ugv_ws/install/depthai_ros_driver/share/depthai_ros_driver/launch/example_multicam.launch.py
[2.399s] -- Up-to-date symlink: /home/ugv/Desktop/OperationTouchdown/ugv_ws/install/depthai_ros_driver/share/depthai_ros_driver/launch/example_segmentation.launch.py
[2.399s] -- Up-to-date symlink: /home/ugv/Desktop/OperationTouchdown/ugv_ws/install/depthai_ros_driver/share/depthai_ros_driver/launch/oak_t.launch.py
[2.399s] -- Up-to-date symlink: /home/ugv/Desktop/OperationTouchdown/ugv_ws/install/depthai_ros_driver/share/depthai_ros_driver/launch/pointcloud.launch.py
[2.399s] -- Up-to-date symlink: /home/ugv/Desktop/OperationTouchdown/ugv_ws/install/depthai_ros_driver/share/depthai_ros_driver/launch/rgbd_pcl.launch.py
[2.400s] -- Up-to-date symlink: /home/ugv/Desktop/OperationTouchdown/ugv_ws/install/depthai_ros_driver/share/depthai_ros_driver/launch/rtabmap.launch.py
[2.400s] -- Up-to-date symlink: /home/ugv/Desktop/OperationTouchdown/ugv_ws/install/depthai_ros_driver/share/depthai_ros_driver/launch/sr_poe_rgbd_pcl.launch.py
[2.400s] -- Up-to-date symlink: /home/ugv/Desktop/OperationTouchdown/ugv_ws/install/depthai_ros_driver/share/depthai_ros_driver/launch/sr_rgbd_pcl.launch.py
[2.400s] -- Up-to-date symlink: /home/ugv/Desktop/OperationTouchdown/ugv_ws/install/depthai_ros_driver/share/depthai_ros_driver/launch/stereo_from_rosbag.launch.py
[2.401s] -- Up-to-date symlink: /home/ugv/Desktop/OperationTouchdown/ugv_ws/install/depthai_ros_driver/share/depthai_ros_driver/config/calibration.yaml
[2.401s] -- Up-to-date symlink: /home/ugv/Desktop/OperationTouchdown/ugv_ws/install/depthai_ros_driver/share/depthai_ros_driver/config/calibration/left.yaml
[2.401s] -- Up-to-date symlink: /home/ugv/Desktop/OperationTouchdown/ugv_ws/install/depthai_ros_driver/share/depthai_ros_driver/config/calibration/rgb.yaml
[2.401s] -- Up-to-date symlink: /home/ugv/Desktop/OperationTouchdown/ugv_ws/install/depthai_ros_driver/share/depthai_ros_driver/config/calibration/right.yaml
[2.402s] -- Up-to-date symlink: /home/ugv/Desktop/OperationTouchdown/ugv_ws/install/depthai_ros_driver/share/depthai_ros_driver/config/camera.yaml
[2.402s] -- Up-to-date symlink: /home/ugv/Desktop/OperationTouchdown/ugv_ws/install/depthai_ros_driver/share/depthai_ros_driver/config/isaac_vslam.yaml
[2.402s] -- Up-to-date symlink: /home/ugv/Desktop/OperationTouchdown/ugv_ws/install/depthai_ros_driver/share/depthai_ros_driver/config/low_bandwidth.yaml
[2.402s] -- Up-to-date symlink: /home/ugv/Desktop/OperationTouchdown/ugv_ws/install/depthai_ros_driver/share/depthai_ros_driver/config/multicam_example.yaml
[2.402s] -- Up-to-date symlink: /home/ugv/Desktop/OperationTouchdown/ugv_ws/install/depthai_ros_driver/share/depthai_ros_driver/config/nn/mobilenet.json
[2.402s] -- Up-to-date symlink: /home/ugv/Desktop/OperationTouchdown/ugv_ws/install/depthai_ros_driver/share/depthai_ros_driver/config/nn/segmentation.json
[2.402s] -- Up-to-date symlink: /home/ugv/Desktop/OperationTouchdown/ugv_ws/install/depthai_ros_driver/share/depthai_ros_driver/config/nn/yolo.json
[2.403s] -- Up-to-date symlink: /home/ugv/Desktop/OperationTouchdown/ugv_ws/install/depthai_ros_driver/share/depthai_ros_driver/config/oak_d_pro_w.yaml
[2.403s] -- Up-to-date symlink: /home/ugv/Desktop/OperationTouchdown/ugv_ws/install/depthai_ros_driver/share/depthai_ros_driver/config/oak_d_sr.yaml
[2.403s] -- Up-to-date symlink: /home/ugv/Desktop/OperationTouchdown/ugv_ws/install/depthai_ros_driver/share/depthai_ros_driver/config/oak_t.yaml
[2.403s] -- Up-to-date symlink: /home/ugv/Desktop/OperationTouchdown/ugv_ws/install/depthai_ros_driver/share/depthai_ros_driver/config/pcl.yaml
[2.403s] -- Up-to-date symlink: /home/ugv/Desktop/OperationTouchdown/ugv_ws/install/depthai_ros_driver/share/depthai_ros_driver/config/rgbd.yaml
[2.403s] -- Up-to-date symlink: /home/ugv/Desktop/OperationTouchdown/ugv_ws/install/depthai_ros_driver/share/depthai_ros_driver/config/rviz/multicam.rviz
[2.404s] -- Up-to-date symlink: /home/ugv/Desktop/OperationTouchdown/ugv_ws/install/depthai_ros_driver/share/depthai_ros_driver/config/rviz/rgbd.rviz
[2.404s] -- Up-to-date symlink: /home/ugv/Desktop/OperationTouchdown/ugv_ws/install/depthai_ros_driver/share/depthai_ros_driver/config/rviz/segmentation.rviz
[2.404s] -- Up-to-date symlink: /home/ugv/Desktop/OperationTouchdown/ugv_ws/install/depthai_ros_driver/share/depthai_ros_driver/config/segmentation.yaml
[2.404s] -- Up-to-date symlink: /home/ugv/Desktop/OperationTouchdown/ugv_ws/install/depthai_ros_driver/share/depthai_ros_driver/config/spatial_yolo.yaml
[2.404s] -- Up-to-date symlink: /home/ugv/Desktop/OperationTouchdown/ugv_ws/install/depthai_ros_driver/share/depthai_ros_driver/config/sr_poe_rgbd.yaml
[2.404s] -- Up-to-date symlink: /home/ugv/Desktop/OperationTouchdown/ugv_ws/install/depthai_ros_driver/share/depthai_ros_driver/config/sr_rgbd.yaml
[2.404s] -- Up-to-date symlink: /home/ugv/Desktop/OperationTouchdown/ugv_ws/install/depthai_ros_driver/share/depthai_ros_driver/config/stereo_from_rosbag.yaml
[2.405s] -- Up-to-date symlink: /home/ugv/Desktop/OperationTouchdown/ugv_ws/install/depthai_ros_driver/lib/depthai_ros_driver/camera_node
[2.405s] -- Up-to-date symlink: /home/ugv/Desktop/OperationTouchdown/ugv_ws/install/depthai_ros_driver/share/depthai_ros_driver/environment/pythonpath.sh
[2.406s] -- Up-to-date symlink: /home/ugv/Desktop/OperationTouchdown/ugv_ws/install/depthai_ros_driver/share/depthai_ros_driver/environment/pythonpath.dsv
[2.406s] -- Up-to-date symlink: /home/ugv/Desktop/OperationTouchdown/ugv_ws/install/depthai_ros_driver/lib/python3.12/site-packages/depthai_ros_driver-2.12.2-py3.12.egg-info/PKG-INFO
[2.406s] -- Up-to-date symlink: /home/ugv/Desktop/OperationTouchdown/ugv_ws/install/depthai_ros_driver/lib/python3.12/site-packages/depthai_ros_driver-2.12.2-py3.12.egg-info/SOURCES.txt
[2.407s] -- Up-to-date symlink: /home/ugv/Desktop/OperationTouchdown/ugv_ws/install/depthai_ros_driver/lib/python3.12/site-packages/depthai_ros_driver-2.12.2-py3.12.egg-info/dependency_links.txt
[2.407s] -- Up-to-date symlink: /home/ugv/Desktop/OperationTouchdown/ugv_ws/install/depthai_ros_driver/lib/python3.12/site-packages/depthai_ros_driver-2.12.2-py3.12.egg-info/top_level.txt
[2.407s] -- Up-to-date symlink: /home/ugv/Desktop/OperationTouchdown/ugv_ws/install/depthai_ros_driver/lib/python3.12/site-packages/depthai_ros_driver/__init__.py
[2.408s] -- Up-to-date symlink: /home/ugv/Desktop/OperationTouchdown/ugv_ws/install/depthai_ros_driver/lib/depthai_ros_driver/obj_pub.py
[2.408s] -- Up-to-date symlink: /home/ugv/Desktop/OperationTouchdown/ugv_ws/install/depthai_ros_driver/include/depthai_ros_driver/camera.hpp
[2.409s] -- Up-to-date symlink: /home/ugv/Desktop/OperationTouchdown/ugv_ws/install/depthai_ros_driver/include/depthai_ros_driver/dai_nodes/base_node.hpp
[2.409s] -- Up-to-date symlink: /home/ugv/Desktop/OperationTouchdown/ugv_ws/install/depthai_ros_driver/include/depthai_ros_driver/dai_nodes/nn/detection.hpp
[2.409s] -- Up-to-date symlink: /home/ugv/Desktop/OperationTouchdown/ugv_ws/install/depthai_ros_driver/include/depthai_ros_driver/dai_nodes/nn/nn_helpers.hpp
[2.409s] -- Up-to-date symlink: /home/ugv/Desktop/OperationTouchdown/ugv_ws/install/depthai_ros_driver/include/depthai_ros_driver/dai_nodes/nn/nn_wrapper.hpp
[2.409s] -- Up-to-date symlink: /home/ugv/Desktop/OperationTouchdown/ugv_ws/install/depthai_ros_driver/include/depthai_ros_driver/dai_nodes/nn/segmentation.hpp
[2.410s] -- Up-to-date symlink: /home/ugv/Desktop/OperationTouchdown/ugv_ws/install/depthai_ros_driver/include/depthai_ros_driver/dai_nodes/nn/spatial_detection.hpp
[2.410s] -- Up-to-date symlink: /home/ugv/Desktop/OperationTouchdown/ugv_ws/install/depthai_ros_driver/include/depthai_ros_driver/dai_nodes/nn/spatial_nn_wrapper.hpp
[2.410s] -- Up-to-date symlink: /home/ugv/Desktop/OperationTouchdown/ugv_ws/install/depthai_ros_driver/include/depthai_ros_driver/dai_nodes/sensors/feature_tracker.hpp
[2.410s] -- Up-to-date symlink: /home/ugv/Desktop/OperationTouchdown/ugv_ws/install/depthai_ros_driver/include/depthai_ros_driver/dai_nodes/sensors/img_pub.hpp
[2.410s] -- Up-to-date symlink: /home/ugv/Desktop/OperationTouchdown/ugv_ws/install/depthai_ros_driver/include/depthai_ros_driver/dai_nodes/sensors/imu.hpp
[2.410s] -- Up-to-date symlink: /home/ugv/Desktop/OperationTouchdown/ugv_ws/install/depthai_ros_driver/include/depthai_ros_driver/dai_nodes/sensors/mono.hpp
[2.411s] -- Up-to-date symlink: /home/ugv/Desktop/OperationTouchdown/ugv_ws/install/depthai_ros_driver/include/depthai_ros_driver/dai_nodes/sensors/rgb.hpp
[2.411s] -- Up-to-date symlink: /home/ugv/Desktop/OperationTouchdown/ugv_ws/install/depthai_ros_driver/include/depthai_ros_driver/dai_nodes/sensors/sensor_helpers.hpp
[2.411s] -- Up-to-date symlink: /home/ugv/Desktop/OperationTouchdown/ugv_ws/install/depthai_ros_driver/include/depthai_ros_driver/dai_nodes/sensors/sensor_wrapper.hpp
[2.411s] -- Up-to-date symlink: /home/ugv/Desktop/OperationTouchdown/ugv_ws/install/depthai_ros_driver/include/depthai_ros_driver/dai_nodes/sensors/stereo.hpp
[2.411s] -- Up-to-date symlink: /home/ugv/Desktop/OperationTouchdown/ugv_ws/install/depthai_ros_driver/include/depthai_ros_driver/dai_nodes/sensors/sync.hpp
[2.412s] -- Up-to-date symlink: /home/ugv/Desktop/OperationTouchdown/ugv_ws/install/depthai_ros_driver/include/depthai_ros_driver/dai_nodes/sensors/thermal.hpp
[2.412s] -- Up-to-date symlink: /home/ugv/Desktop/OperationTouchdown/ugv_ws/install/depthai_ros_driver/include/depthai_ros_driver/dai_nodes/sensors/tof.hpp
[2.412s] -- Up-to-date symlink: /home/ugv/Desktop/OperationTouchdown/ugv_ws/install/depthai_ros_driver/include/depthai_ros_driver/dai_nodes/stereo.hpp
[2.412s] -- Up-to-date symlink: /home/ugv/Desktop/OperationTouchdown/ugv_ws/install/depthai_ros_driver/include/depthai_ros_driver/dai_nodes/sys_logger.hpp
[2.412s] -- Up-to-date symlink: /home/ugv/Desktop/OperationTouchdown/ugv_ws/install/depthai_ros_driver/include/depthai_ros_driver/param_handlers/base_param_handler.hpp
[2.412s] -- Up-to-date symlink: /home/ugv/Desktop/OperationTouchdown/ugv_ws/install/depthai_ros_driver/include/depthai_ros_driver/param_handlers/camera_param_handler.hpp
[2.413s] -- Up-to-date symlink: /home/ugv/Desktop/OperationTouchdown/ugv_ws/install/depthai_ros_driver/include/depthai_ros_driver/param_handlers/feature_tracker_param_handler.hpp
[2.413s] -- Up-to-date symlink: /home/ugv/Desktop/OperationTouchdown/ugv_ws/install/depthai_ros_driver/include/depthai_ros_driver/param_handlers/imu_param_handler.hpp
[2.413s] -- Up-to-date symlink: /home/ugv/Desktop/OperationTouchdown/ugv_ws/install/depthai_ros_driver/include/depthai_ros_driver/param_handlers/nn_param_handler.hpp
[2.413s] -- Up-to-date symlink: /home/ugv/Desktop/OperationTouchdown/ugv_ws/install/depthai_ros_driver/include/depthai_ros_driver/param_handlers/pipeline_gen_param_handler.hpp
[2.413s] -- Up-to-date symlink: /home/ugv/Desktop/OperationTouchdown/ugv_ws/install/depthai_ros_driver/include/depthai_ros_driver/param_handlers/sensor_param_handler.hpp
[2.413s] -- Up-to-date symlink: /home/ugv/Desktop/OperationTouchdown/ugv_ws/install/depthai_ros_driver/include/depthai_ros_driver/param_handlers/stereo_param_handler.hpp
[2.413s] -- Up-to-date symlink: /home/ugv/Desktop/OperationTouchdown/ugv_ws/install/depthai_ros_driver/include/depthai_ros_driver/param_handlers/sync_param_handler.hpp
[2.414s] -- Up-to-date symlink: /home/ugv/Desktop/OperationTouchdown/ugv_ws/install/depthai_ros_driver/include/depthai_ros_driver/param_handlers/tof_param_handler.hpp
[2.414s] -- Up-to-date symlink: /home/ugv/Desktop/OperationTouchdown/ugv_ws/install/depthai_ros_driver/include/depthai_ros_driver/pipeline/base_pipeline.hpp
[2.414s] -- Up-to-date symlink: /home/ugv/Desktop/OperationTouchdown/ugv_ws/install/depthai_ros_driver/include/depthai_ros_driver/pipeline/base_types.hpp
[2.414s] -- Up-to-date symlink: /home/ugv/Desktop/OperationTouchdown/ugv_ws/install/depthai_ros_driver/include/depthai_ros_driver/pipeline/pipeline_generator.hpp
[2.414s] -- Up-to-date symlink: /home/ugv/Desktop/OperationTouchdown/ugv_ws/install/depthai_ros_driver/include/depthai_ros_driver/utils.hpp
[2.415s] -- Up-to-date symlink: /home/ugv/Desktop/OperationTouchdown/ugv_ws/install/depthai_ros_driver/share/ament_index/resource_index/package_run_dependencies/depthai_ros_driver
[2.415s] -- Up-to-date symlink: /home/ugv/Desktop/OperationTouchdown/ugv_ws/install/depthai_ros_driver/share/ament_index/resource_index/parent_prefix_path/depthai_ros_driver
[2.415s] -- Up-to-date symlink: /home/ugv/Desktop/OperationTouchdown/ugv_ws/install/depthai_ros_driver/share/depthai_ros_driver/environment/ament_prefix_path.sh
[2.415s] -- Up-to-date symlink: /home/ugv/Desktop/OperationTouchdown/ugv_ws/install/depthai_ros_driver/share/depthai_ros_driver/environment/ament_prefix_path.dsv
[2.416s] -- Up-to-date symlink: /home/ugv/Desktop/OperationTouchdown/ugv_ws/install/depthai_ros_driver/share/depthai_ros_driver/environment/path.sh
[2.416s] -- Up-to-date symlink: /home/ugv/Desktop/OperationTouchdown/ugv_ws/install/depthai_ros_driver/share/depthai_ros_driver/environment/path.dsv
[2.416s] -- Up-to-date symlink: /home/ugv/Desktop/OperationTouchdown/ugv_ws/install/depthai_ros_driver/share/depthai_ros_driver/local_setup.bash
[2.416s] -- Up-to-date symlink: /home/ugv/Desktop/OperationTouchdown/ugv_ws/install/depthai_ros_driver/share/depthai_ros_driver/local_setup.sh
[2.416s] -- Up-to-date symlink: /home/ugv/Desktop/OperationTouchdown/ugv_ws/install/depthai_ros_driver/share/depthai_ros_driver/local_setup.zsh
[2.417s] -- Up-to-date symlink: /home/ugv/Desktop/OperationTouchdown/ugv_ws/install/depthai_ros_driver/share/depthai_ros_driver/local_setup.dsv
[2.417s] -- Symlinking: /home/ugv/Desktop/OperationTouchdown/ugv_ws/install/depthai_ros_driver/share/depthai_ros_driver/package.dsv
[2.436s] -- Up-to-date symlink: /home/ugv/Desktop/OperationTouchdown/ugv_ws/install/depthai_ros_driver/share/ament_index/resource_index/packages/depthai_ros_driver
[2.437s] -- Up-to-date symlink: /home/ugv/Desktop/OperationTouchdown/ugv_ws/install/depthai_ros_driver/share/ament_index/resource_index/rclcpp_components/depthai_ros_driver
[2.437s] -- Up-to-date symlink: /home/ugv/Desktop/OperationTouchdown/ugv_ws/install/depthai_ros_driver/share/ament_index/resource_index/depthai_ros_driver__pluginlib__plugin/depthai_ros_driver
[2.437s] -- Up-to-date symlink: /home/ugv/Desktop/OperationTouchdown/ugv_ws/install/depthai_ros_driver/share/depthai_ros_driver/cmake/ament_cmake_export_include_directories-extras.cmake
[2.437s] -- Up-to-date symlink: /home/ugv/Desktop/OperationTouchdown/ugv_ws/install/depthai_ros_driver/share/depthai_ros_driver/cmake/ament_cmake_export_targets-extras.cmake
[2.438s] -- Up-to-date symlink: /home/ugv/Desktop/OperationTouchdown/ugv_ws/install/depthai_ros_driver/share/depthai_ros_driver/cmake/ament_cmake_export_libraries-extras.cmake
[2.438s] -- Up-to-date symlink: /home/ugv/Desktop/OperationTouchdown/ugv_ws/install/depthai_ros_driver/share/depthai_ros_driver/cmake/ament_cmake_export_dependencies-extras.cmake
[2.438s] -- Up-to-date symlink: /home/ugv/Desktop/OperationTouchdown/ugv_ws/install/depthai_ros_driver/share/depthai_ros_driver/cmake/depthai_ros_driverConfig.cmake
[2.438s] -- Up-to-date symlink: /home/ugv/Desktop/OperationTouchdown/ugv_ws/install/depthai_ros_driver/share/depthai_ros_driver/cmake/depthai_ros_driverConfig-version.cmake
[2.438s] -- Up-to-date symlink: /home/ugv/Desktop/OperationTouchdown/ugv_ws/install/depthai_ros_driver/share/depthai_ros_driver/package.xml
[2.439s] -- Up-to-date: /home/ugv/Desktop/OperationTouchdown/ugv_ws/install/depthai_ros_driver/lib/libdepthai_ros_driver.so
[2.439s] -- Up-to-date: /home/ugv/Desktop/OperationTouchdown/ugv_ws/install/depthai_ros_driver/lib/libdepthai_ros_driver_sensor_nodes.so
[2.440s] -- Up-to-date: /home/ugv/Desktop/OperationTouchdown/ugv_ws/install/depthai_ros_driver/lib/libdepthai_ros_driver_nn_nodes.so
[2.440s] -- Up-to-date: /home/ugv/Desktop/OperationTouchdown/ugv_ws/install/depthai_ros_driver/lib/libdepthai_ros_driver_common.so
[2.441s] -- Up-to-date: /home/ugv/Desktop/OperationTouchdown/ugv_ws/install/depthai_ros_driver/share/depthai_ros_driver/cmake/depthai_ros_driverTargets.cmake
[2.441s] -- Up-to-date: /home/ugv/Desktop/OperationTouchdown/ugv_ws/install/depthai_ros_driver/share/depthai_ros_driver/cmake/depthai_ros_driverTargets-noconfig.cmake
[2.495s] Listing '/home/ugv/Desktop/OperationTouchdown/ugv_ws/install/depthai_ros_driver/lib/python3.12/site-packages/depthai_ros_driver'...
[2.507s] -- Up-to-date: /home/ugv/Desktop/OperationTouchdown/ugv_ws/install/depthai_ros_driver/share/depthai_ros_driver/cmake/depthai_ros_driverTargetsExport.cmake
[2.507s] -- Up-to-date: /home/ugv/Desktop/OperationTouchdown/ugv_ws/install/depthai_ros_driver/share/depthai_ros_driver/cmake/depthai_ros_driverTargetsExport-noconfig.cmake
[2.511s] Invoked command in '/home/ugv/Desktop/OperationTouchdown/ugv_ws/build/depthai_ros_driver' returned '0': CMAKE_PREFIX_PATH=/home/ugv/Desktop/OperationTouchdown/ugv_ws/install/depthai_examples:/home/ugv/Desktop/OperationTouchdown/ugv_ws/install/depthai_bridge:/home/ugv/Desktop/OperationTouchdown/ugv_ws/install/depthai_ros_msgs:/home/ugv/Desktop/OperationTouchdown/ugv_ws/install/depthai_descriptions:/home/ugv/Desktop/OperationTouchdown/ugv_ws/install/my_ugv_description:/home/ugv/Desktop/OperationTouchdown/ugv_ws/install/my_ugv_bringup:/home/ugv/Desktop/OperationTouchdown/ugv_ws/install/rplidar_ros:/home/ugv/Desktop/OperationTouchdown/ugv_ws/install/roboteq_ros2_driver:/home/ugv/Desktop/OperationTouchdown/ugv_ws/install/dual_laser_merger:/home/ugv/Desktop/OperationTouchdown/ugv_ws/install/depthai-ros:/home/ugv/Desktop/OperationTouchdown/ugv_ws/install/depthai_ros_driver:/home/ugv/Desktop/OperationTouchdown/ugv_ws/install/depthai_filters:/opt/ros/jazzy/opt/gz_sim_vendor:/opt/ros/jazzy/opt/gz_sensors_vendor:/opt/ros/jazzy/opt/gz_physics_vendor:/opt/ros/jazzy/opt/sdformat_vendor:/opt/ros/jazzy/opt/gz_gui_vendor:/opt/ros/jazzy/opt/gz_transport_vendor:/opt/ros/jazzy/opt/gz_rendering_vendor:/opt/ros/jazzy/opt/gz_plugin_vendor:/opt/ros/jazzy/opt/gz_fuel_tools_vendor:/opt/ros/jazzy/opt/gz_msgs_vendor:/opt/ros/jazzy/opt/gz_common_vendor:/opt/ros/jazzy/opt/gz_math_vendor:/opt/ros/jazzy/opt/gz_utils_vendor:/opt/ros/jazzy/opt/gz_tools_vendor:/opt/ros/jazzy/opt/gz_ogre_next_vendor:/opt/ros/jazzy/opt/gz_dartsim_vendor:/opt/ros/jazzy/opt/gz_cmake_vendor:/home/ugv/Desktop/OperationTouchdown/ugv_ws/install/my_ugv_hardware:/home/ugv/Desktop/OperationTouchdown/ugv_ws/install/my_ugv_vision:/opt/ros/jazzy DEBUGINFOD_URLS=https://debuginfod.ubuntu.com GAZEBO_MODEL_PATH=/home/ugv/Desktop/OperationTouchdown/ugv_ws/install/depthai_descriptions:${GAZEBO_MODEL_PATH} GAZEBO_RESOURCE_PATH=/home/ugv/Desktop/OperationTouchdown/ugv_ws/install/depthai_descriptions:${GAZEBO_RESOURCE_PATH} IGN_GAZEBO_MODEL_PATH=/home/ugv/Desktop/OperationTouchdown/ugv_ws/install/depthai_descriptions:${IGN_GAZEBO_MODEL_PATH} IGN_GAZEBO_RESOURCE_PATH=/home/ugv/Desktop/OperationTouchdown/ugv_ws/install/depthai_descriptions:${IGN_GAZEBO_RESOURCE_PATH} LD_LIBRARY_PATH=/home/ugv/Desktop/OperationTouchdown/ugv_ws/install/depthai_bridge/lib:/home/ugv/Desktop/OperationTouchdown/ugv_ws/install/depthai_ros_msgs/lib:/home/ugv/Desktop/OperationTouchdown/ugv_ws/install/dual_laser_merger/lib:/home/ugv/Desktop/OperationTouchdown/ugv_ws/install/depthai_ros_driver/lib:/home/ugv/Desktop/OperationTouchdown/ugv_ws/install/depthai_filters/lib:/opt/ros/jazzy/opt/gz_sim_vendor/lib:/opt/ros/jazzy/opt/gz_sensors_vendor/lib:/opt/ros/jazzy/opt/gz_physics_vendor/lib:/opt/ros/jazzy/opt/sdformat_vendor/lib:/opt/ros/jazzy/opt/rviz_ogre_vendor/lib:/opt/ros/jazzy/lib/aarch64-linux-gnu:/opt/ros/jazzy/opt/gz_gui_vendor/lib:/opt/ros/jazzy/opt/gz_transport_vendor/lib:/opt/ros/jazzy/opt/gz_rendering_vendor/lib:/opt/ros/jazzy/opt/gz_plugin_vendor/lib:/opt/ros/jazzy/opt/gz_fuel_tools_vendor/lib:/opt/ros/jazzy/opt/gz_msgs_vendor/lib:/opt/ros/jazzy/opt/gz_common_vendor/lib:/opt/ros/jazzy/opt/gz_math_vendor/lib:/opt/ros/jazzy/opt/gz_utils_vendor/lib:/opt/ros/jazzy/opt/gz_tools_vendor/lib:/opt/ros/jazzy/opt/gz_ogre_next_vendor/lib:/opt/ros/jazzy/opt/gz_dartsim_vendor/lib:/opt/ros/jazzy/opt/gz_cmake_vendor/lib:/opt/ros/jazzy/lib PYTHONPATH=/home/ugv/Desktop/OperationTouchdown/ugv_ws/install/depthai_ros_msgs/lib/python3.12/site-packages:/home/ugv/Desktop/OperationTouchdown/ugv_ws/build/my_ugv_hardware:/home/ugv/Desktop/OperationTouchdown/ugv_ws/install/my_ugv_hardware/lib/python3.12/site-packages:/home/ugv/Desktop/OperationTouchdown/ugv_ws/build/my_ugv_vision:/home/ugv/Desktop/OperationTouchdown/ugv_ws/install/my_ugv_vision/lib/python3.12/site-packages:/home/ugv/Desktop/OperationTouchdown/ugv_ws/install/depthai_ros_driver/lib/python3.12/site-packages:/opt/ros/jazzy/lib/python3.12/site-packages /usr/bin/cmake --install /home/ugv/Desktop/OperationTouchdown/ugv_ws/build/depthai_ros_driver
