[0.035s] Invoking command in '/home/ugv/Desktop/OperationTouchdown/ugv_ws/build/dual_laser_merger': CMAKE_PREFIX_PATH=${CMAKE_PREFIX_PATH}:/home/ugv/Desktop/OperationTouchdown/ugv_ws/install/my_ugv_vision:/home/ugv/Desktop/OperationTouchdown/ugv_ws/install/my_ugv_hardware:/opt/ros/jazzy DEBUGINFOD_URLS=https://debuginfod.ubuntu.com /usr/bin/cmake --build /home/ugv/Desktop/OperationTouchdown/ugv_ws/build/dual_laser_merger -- -j4 -l4
[0.282s] [ 50%] Built target dual_laser_merger_node
[0.284s] [100%] Built target dual_laser_merger
[0.461s] Invoked command in '/home/ugv/Desktop/OperationTouchdown/ugv_ws/build/dual_laser_merger' returned '0': CMAKE_PREFIX_PATH=${CMAKE_PREFIX_PATH}:/home/ugv/Desktop/OperationTouchdown/ugv_ws/install/my_ugv_vision:/home/ugv/Desktop/OperationTouchdown/ugv_ws/install/my_ugv_hardware:/opt/ros/jazzy DEBUGINFOD_URLS=https://debuginfod.ubuntu.com /usr/bin/cmake --build /home/ugv/Desktop/OperationTouchdown/ugv_ws/build/dual_laser_merger -- -j4 -l4
[0.463s] Invoking command in '/home/ugv/Desktop/OperationTouchdown/ugv_ws/build/dual_laser_merger': CMAKE_PREFIX_PATH=${CMAKE_PREFIX_PATH}:/home/ugv/Desktop/OperationTouchdown/ugv_ws/install/my_ugv_vision:/home/ugv/Desktop/OperationTouchdown/ugv_ws/install/my_ugv_hardware:/opt/ros/jazzy DEBUGINFOD_URLS=https://debuginfod.ubuntu.com /usr/bin/cmake --install /home/ugv/Desktop/OperationTouchdown/ugv_ws/build/dual_laser_merger
[0.492s] -- Install configuration: ""
[0.493s] -- Execute custom install script
[0.498s] -- Up-to-date symlink: /home/ugv/Desktop/OperationTouchdown/ugv_ws/install/dual_laser_merger/lib/dual_laser_merger/dual_laser_merger_node
[0.500s] -- Up-to-date symlink: /home/ugv/Desktop/OperationTouchdown/ugv_ws/install/dual_laser_merger/include/dual_laser_merger/include/dual_laser_merger/dual_laser_merger.hpp
[0.501s] -- Up-to-date symlink: /home/ugv/Desktop/OperationTouchdown/ugv_ws/install/dual_laser_merger/share/dual_laser_merger/demo_laser_merger.launch.py
[0.502s] -- Up-to-date symlink: /home/ugv/Desktop/OperationTouchdown/ugv_ws/install/dual_laser_merger/share/dual_laser_merger/bag/dual_lidar/dual_lidar_0.mcap
[0.504s] -- Up-to-date symlink: /home/ugv/Desktop/OperationTouchdown/ugv_ws/install/dual_laser_merger/share/dual_laser_merger/bag/dual_lidar/metadata.yaml
[0.506s] -- Up-to-date symlink: /home/ugv/Desktop/OperationTouchdown/ugv_ws/install/dual_laser_merger/share/dual_laser_merger/config/rviz_config.rviz
[0.508s] -- Up-to-date symlink: /home/ugv/Desktop/OperationTouchdown/ugv_ws/install/dual_laser_merger/include/dual_laser_merger/dual_laser_merger.hpp
[0.512s] -- Up-to-date symlink: /home/ugv/Desktop/OperationTouchdown/ugv_ws/install/dual_laser_merger/share/dual_laser_merger/environment/library_path.sh
[0.513s] -- Up-to-date symlink: /home/ugv/Desktop/OperationTouchdown/ugv_ws/install/dual_laser_merger/share/dual_laser_merger/environment/library_path.dsv
[0.513s] -- Up-to-date symlink: /home/ugv/Desktop/OperationTouchdown/ugv_ws/install/dual_laser_merger/lib/libdual_laser_merger.so
[0.515s] -- Up-to-date symlink: /home/ugv/Desktop/OperationTouchdown/ugv_ws/install/dual_laser_merger/share/ament_index/resource_index/package_run_dependencies/dual_laser_merger
[0.516s] -- Up-to-date symlink: /home/ugv/Desktop/OperationTouchdown/ugv_ws/install/dual_laser_merger/share/ament_index/resource_index/parent_prefix_path/dual_laser_merger
[0.520s] -- Up-to-date symlink: /home/ugv/Desktop/OperationTouchdown/ugv_ws/install/dual_laser_merger/share/dual_laser_merger/environment/ament_prefix_path.sh
[0.521s] -- Up-to-date symlink: /home/ugv/Desktop/OperationTouchdown/ugv_ws/install/dual_laser_merger/share/dual_laser_merger/environment/ament_prefix_path.dsv
[0.522s] -- Up-to-date symlink: /home/ugv/Desktop/OperationTouchdown/ugv_ws/install/dual_laser_merger/share/dual_laser_merger/environment/path.sh
[0.525s] -- Up-to-date symlink: /home/ugv/Desktop/OperationTouchdown/ugv_ws/install/dual_laser_merger/share/dual_laser_merger/environment/path.dsv
[0.525s] -- Up-to-date symlink: /home/ugv/Desktop/OperationTouchdown/ugv_ws/install/dual_laser_merger/share/dual_laser_merger/local_setup.bash
[0.526s] -- Up-to-date symlink: /home/ugv/Desktop/OperationTouchdown/ugv_ws/install/dual_laser_merger/share/dual_laser_merger/local_setup.sh
[0.527s] -- Up-to-date symlink: /home/ugv/Desktop/OperationTouchdown/ugv_ws/install/dual_laser_merger/share/dual_laser_merger/local_setup.zsh
[0.528s] -- Up-to-date symlink: /home/ugv/Desktop/OperationTouchdown/ugv_ws/install/dual_laser_merger/share/dual_laser_merger/local_setup.dsv
[0.529s] -- Symlinking: /home/ugv/Desktop/OperationTouchdown/ugv_ws/install/dual_laser_merger/share/dual_laser_merger/package.dsv
[0.563s] -- Up-to-date symlink: /home/ugv/Desktop/OperationTouchdown/ugv_ws/install/dual_laser_merger/share/ament_index/resource_index/packages/dual_laser_merger
[0.565s] -- Up-to-date symlink: /home/ugv/Desktop/OperationTouchdown/ugv_ws/install/dual_laser_merger/share/ament_index/resource_index/rclcpp_components/dual_laser_merger
[0.567s] -- Up-to-date symlink: /home/ugv/Desktop/OperationTouchdown/ugv_ws/install/dual_laser_merger/share/dual_laser_merger/cmake/ament_cmake_export_dependencies-extras.cmake
[0.568s] -- Up-to-date symlink: /home/ugv/Desktop/OperationTouchdown/ugv_ws/install/dual_laser_merger/share/dual_laser_merger/cmake/ament_cmake_export_include_directories-extras.cmake
[0.568s] -- Up-to-date symlink: /home/ugv/Desktop/OperationTouchdown/ugv_ws/install/dual_laser_merger/share/dual_laser_merger/cmake/ament_cmake_export_libraries-extras.cmake
[0.568s] -- Up-to-date symlink: /home/ugv/Desktop/OperationTouchdown/ugv_ws/install/dual_laser_merger/share/dual_laser_merger/cmake/dual_laser_mergerConfig.cmake
[0.568s] -- Up-to-date symlink: /home/ugv/Desktop/OperationTouchdown/ugv_ws/install/dual_laser_merger/share/dual_laser_merger/cmake/dual_laser_mergerConfig-version.cmake
[0.569s] -- Up-to-date symlink: /home/ugv/Desktop/OperationTouchdown/ugv_ws/install/dual_laser_merger/share/dual_laser_merger/package.xml
[1.014s] Invoked command in '/home/ugv/Desktop/OperationTouchdown/ugv_ws/build/dual_laser_merger' returned '0': CMAKE_PREFIX_PATH=${CMAKE_PREFIX_PATH}:/home/ugv/Desktop/OperationTouchdown/ugv_ws/install/my_ugv_vision:/home/ugv/Desktop/OperationTouchdown/ugv_ws/install/my_ugv_hardware:/opt/ros/jazzy DEBUGINFOD_URLS=https://debuginfod.ubuntu.com /usr/bin/cmake --install /home/ugv/Desktop/OperationTouchdown/ugv_ws/build/dual_laser_merger
