[0.051s] Invoking command in '/home/ground/ugv_ws/src/build/roboteq_ros2_driver': CMAKE_PREFIX_PATH=${CMAKE_PREFIX_PATH}:/home/ground/ugv_ws/install/my_ugv_vision:/home/ground/ugv_ws/install/my_ugv_hardware:/opt/ros/jazzy DEBUGINFOD_URLS=https://debuginfod.ubuntu.com /usr/bin/cmake /home/ground/ugv_ws/src/roboteq_ros2_driver -DCMAKE_INSTALL_PREFIX=/home/ground/ugv_ws/src/install/roboteq_ros2_driver
[0.490s] -- The C compiler identification is GNU 13.3.0
[1.142s] -- The CXX compiler identification is GNU 13.3.0
[1.204s] -- Detecting C compiler ABI info
[1.476s] -- Detecting C compiler ABI info - done
[1.492s] -- Check for working C compiler: /usr/bin/cc - skipped
[1.493s] -- Detecting C compile features
[1.494s] -- Detecting C compile features - done
[1.524s] -- Detecting CXX compiler ABI info
[1.749s] -- Detecting CXX compiler ABI info - done
[1.765s] -- Check for working CXX compiler: /usr/bin/c++ - skipped
[1.765s] -- Detecting CXX compile features
[1.766s] -- Detecting CXX compile features - done
[1.795s] -- Found ament_cmake: 2.5.5 (/opt/ros/jazzy/share/ament_cmake/cmake)
[2.140s] -- Found Python3: /usr/bin/python3 (found version "3.12.3") found components: Interpreter 
[2.574s] -- Found rclcpp: 28.1.16 (/opt/ros/jazzy/share/rclcpp/cmake)
[2.763s] -- Found rosidl_generator_c: 4.6.7 (/opt/ros/jazzy/share/rosidl_generator_c/cmake)
[2.816s] -- Found rosidl_generator_cpp: 4.6.7 (/opt/ros/jazzy/share/rosidl_generator_cpp/cmake)
[2.891s] -- Using all available rosidl_typesupport_c: rosidl_typesupport_fastrtps_c;rosidl_typesupport_introspection_c
[2.967s] -- Using all available rosidl_typesupport_cpp: rosidl_typesupport_fastrtps_cpp;rosidl_typesupport_introspection_cpp
[3.264s] -- Found rmw_implementation_cmake: 7.3.3 (/opt/ros/jazzy/share/rmw_implementation_cmake/cmake)
[3.280s] -- Found rmw_fastrtps_cpp: 8.4.3 (/opt/ros/jazzy/share/rmw_fastrtps_cpp/cmake)
[3.679s] -- Found OpenSSL: /usr/lib/aarch64-linux-gnu/libcrypto.so (found version "3.0.13")  
[3.732s] -- Found FastRTPS: /opt/ros/jazzy/include (Required is at least version "2.13") 
[3.772s] -- Using RMW implementation 'rmw_fastrtps_cpp' as default
[4.017s] -- Found rclpy: 7.1.9 (/opt/ros/jazzy/share/rclpy/cmake)
[4.033s] -- Found geometry_msgs: 5.3.6 (/opt/ros/jazzy/share/geometry_msgs/cmake)
[4.140s] -- Found tf2_ros: 0.36.19 (/opt/ros/jazzy/share/tf2_ros/cmake)
[4.583s] -- Found ament_lint_auto: 0.17.4 (/opt/ros/jazzy/share/ament_lint_auto/cmake)
[5.042s] -- Added test 'cppcheck' to perform static code analysis on C / C++ code
[5.042s] -- Configured cppcheck include dirs: 
[5.042s] -- Configured cppcheck exclude dirs and/or files: 
[5.047s] -- Added test 'flake8' to check Python code syntax and style conventions
[5.047s] -- Configured 'flake8' exclude dirs and/or files: 
[5.053s] -- Added test 'lint_cmake' to check CMake code style
[5.057s] -- Added test 'pep257' to check Python code against some of the docstring style conventions in PEP 257
[5.075s] -- Added test 'uncrustify' to check C / C++ code style
[5.075s] -- Configured uncrustify additional arguments: 
[5.080s] -- Added test 'xmllint' to check XML markup files
[5.087s] -- Configuring done (4.8s)
[5.096s] -- Generating done (0.0s)
[5.100s] -- Build files have been written to: /home/ground/ugv_ws/src/build/roboteq_ros2_driver
[5.143s] Invoked command in '/home/ground/ugv_ws/src/build/roboteq_ros2_driver' returned '0': CMAKE_PREFIX_PATH=${CMAKE_PREFIX_PATH}:/home/ground/ugv_ws/install/my_ugv_vision:/home/ground/ugv_ws/install/my_ugv_hardware:/opt/ros/jazzy DEBUGINFOD_URLS=https://debuginfod.ubuntu.com /usr/bin/cmake /home/ground/ugv_ws/src/roboteq_ros2_driver -DCMAKE_INSTALL_PREFIX=/home/ground/ugv_ws/src/install/roboteq_ros2_driver
[5.146s] Invoking command in '/home/ground/ugv_ws/src/build/roboteq_ros2_driver': CMAKE_PREFIX_PATH=${CMAKE_PREFIX_PATH}:/home/ground/ugv_ws/install/my_ugv_vision:/home/ground/ugv_ws/install/my_ugv_hardware:/opt/ros/jazzy DEBUGINFOD_URLS=https://debuginfod.ubuntu.com /usr/bin/cmake --build /home/ground/ugv_ws/src/build/roboteq_ros2_driver -- -j4 -l4
[5.247s] Invoked command in '/home/ground/ugv_ws/src/build/roboteq_ros2_driver' returned '0': CMAKE_PREFIX_PATH=${CMAKE_PREFIX_PATH}:/home/ground/ugv_ws/install/my_ugv_vision:/home/ground/ugv_ws/install/my_ugv_hardware:/opt/ros/jazzy DEBUGINFOD_URLS=https://debuginfod.ubuntu.com /usr/bin/cmake --build /home/ground/ugv_ws/src/build/roboteq_ros2_driver -- -j4 -l4
[5.268s] Invoking command in '/home/ground/ugv_ws/src/build/roboteq_ros2_driver': CMAKE_PREFIX_PATH=${CMAKE_PREFIX_PATH}:/home/ground/ugv_ws/install/my_ugv_vision:/home/ground/ugv_ws/install/my_ugv_hardware:/opt/ros/jazzy DEBUGINFOD_URLS=https://debuginfod.ubuntu.com /usr/bin/cmake --install /home/ground/ugv_ws/src/build/roboteq_ros2_driver
[5.285s] -- Install configuration: ""
[5.285s] -- Installing: /home/ground/ugv_ws/src/install/roboteq_ros2_driver/lib/roboteq_ros2_driver/roboteq_bridge.py
[5.286s] -- Installing: /home/ground/ugv_ws/src/install/roboteq_ros2_driver/share/ament_index/resource_index/package_run_dependencies/roboteq_ros2_driver
[5.286s] -- Installing: /home/ground/ugv_ws/src/install/roboteq_ros2_driver/share/ament_index/resource_index/parent_prefix_path/roboteq_ros2_driver
[5.287s] -- Installing: /home/ground/ugv_ws/src/install/roboteq_ros2_driver/share/roboteq_ros2_driver/environment/ament_prefix_path.sh
[5.287s] -- Installing: /home/ground/ugv_ws/src/install/roboteq_ros2_driver/share/roboteq_ros2_driver/environment/ament_prefix_path.dsv
[5.287s] -- Installing: /home/ground/ugv_ws/src/install/roboteq_ros2_driver/share/roboteq_ros2_driver/environment/path.sh
[5.287s] -- Installing: /home/ground/ugv_ws/src/install/roboteq_ros2_driver/share/roboteq_ros2_driver/environment/path.dsv
[5.287s] -- Installing: /home/ground/ugv_ws/src/install/roboteq_ros2_driver/share/roboteq_ros2_driver/local_setup.bash
[5.287s] -- Installing: /home/ground/ugv_ws/src/install/roboteq_ros2_driver/share/roboteq_ros2_driver/local_setup.sh
[5.287s] -- Installing: /home/ground/ugv_ws/src/install/roboteq_ros2_driver/share/roboteq_ros2_driver/local_setup.zsh
[5.288s] -- Installing: /home/ground/ugv_ws/src/install/roboteq_ros2_driver/share/roboteq_ros2_driver/local_setup.dsv
[5.288s] -- Installing: /home/ground/ugv_ws/src/install/roboteq_ros2_driver/share/roboteq_ros2_driver/package.dsv
[5.288s] -- Installing: /home/ground/ugv_ws/src/install/roboteq_ros2_driver/share/ament_index/resource_index/packages/roboteq_ros2_driver
[5.288s] -- Installing: /home/ground/ugv_ws/src/install/roboteq_ros2_driver/share/roboteq_ros2_driver/cmake/ament_cmake_export_dependencies-extras.cmake
[5.288s] -- Installing: /home/ground/ugv_ws/src/install/roboteq_ros2_driver/share/roboteq_ros2_driver/cmake/roboteq_ros2_driverConfig.cmake
[5.289s] -- Installing: /home/ground/ugv_ws/src/install/roboteq_ros2_driver/share/roboteq_ros2_driver/cmake/roboteq_ros2_driverConfig-version.cmake
[5.289s] -- Installing: /home/ground/ugv_ws/src/install/roboteq_ros2_driver/share/roboteq_ros2_driver/package.xml
[5.292s] Invoked command in '/home/ground/ugv_ws/src/build/roboteq_ros2_driver' returned '0': CMAKE_PREFIX_PATH=${CMAKE_PREFIX_PATH}:/home/ground/ugv_ws/install/my_ugv_vision:/home/ground/ugv_ws/install/my_ugv_hardware:/opt/ros/jazzy DEBUGINFOD_URLS=https://debuginfod.ubuntu.com /usr/bin/cmake --install /home/ground/ugv_ws/src/build/roboteq_ros2_driver
