[0.014s] Invoking command in '/home/ground/ugv_ws/src/roboteq_ros2_driver/build/roboteq_ros2_driver': CMAKE_PREFIX_PATH=${CMAKE_PREFIX_PATH}:/home/ground/ugv_ws/install/my_ugv_hardware:/opt/ros/jazzy DEBUGINFOD_URLS=https://debuginfod.ubuntu.com /usr/bin/cmake /home/ground/ugv_ws/src/roboteq_ros2_driver -DAMENT_CMAKE_SYMLINK_INSTALL=1 -DCMAKE_INSTALL_PREFIX=/home/ground/ugv_ws/src/roboteq_ros2_driver/install/roboteq_ros2_driver
[0.124s] -- The C compiler identification is GNU 13.3.0
[0.230s] -- The CXX compiler identification is GNU 13.3.0
[0.260s] -- Detecting C compiler ABI info
[0.437s] -- Detecting C compiler ABI info - done
[0.452s] -- Check for working C compiler: /usr/bin/cc - skipped
[0.452s] -- Detecting C compile features
[0.453s] -- Detecting C compile features - done
[0.468s] -- Detecting CXX compiler ABI info
[0.660s] -- Detecting CXX compiler ABI info - done
[0.676s] -- Check for working CXX compiler: /usr/bin/c++ - skipped
[0.676s] -- Detecting CXX compile features
[0.677s] -- Detecting CXX compile features - done
[0.683s] -- Found ament_cmake: 2.5.5 (/opt/ros/jazzy/share/ament_cmake/cmake)
[0.926s] -- Found Python3: /usr/bin/python3 (found version "3.12.3") found components: Interpreter 
[1.051s] -- Override CMake install command with custom implementation using symlinks instead of copying resources
[1.136s] -- Found rclcpp: 28.1.16 (/opt/ros/jazzy/share/rclcpp/cmake)
[1.216s] -- Found rosidl_generator_c: 4.6.7 (/opt/ros/jazzy/share/rosidl_generator_c/cmake)
[1.245s] -- Found rosidl_generator_cpp: 4.6.7 (/opt/ros/jazzy/share/rosidl_generator_cpp/cmake)
[1.276s] -- Using all available rosidl_typesupport_c: rosidl_typesupport_fastrtps_c;rosidl_typesupport_introspection_c
[1.310s] -- Using all available rosidl_typesupport_cpp: rosidl_typesupport_fastrtps_cpp;rosidl_typesupport_introspection_cpp
[1.444s] -- Found rmw_implementation_cmake: 7.3.3 (/opt/ros/jazzy/share/rmw_implementation_cmake/cmake)
[1.451s] -- Found rmw_fastrtps_cpp: 8.4.3 (/opt/ros/jazzy/share/rmw_fastrtps_cpp/cmake)
[1.615s] -- Found OpenSSL: /usr/lib/aarch64-linux-gnu/libcrypto.so (found version "3.0.13")  
[1.645s] -- Found FastRTPS: /opt/ros/jazzy/include (Required is at least version "2.13") 
[1.681s] -- Using RMW implementation 'rmw_fastrtps_cpp' as default
[1.801s] -- Found rclpy: 7.1.9 (/opt/ros/jazzy/share/rclpy/cmake)
[1.806s] -- Found geometry_msgs: 5.3.6 (/opt/ros/jazzy/share/geometry_msgs/cmake)
[1.857s] -- Found ament_lint_auto: 0.17.4 (/opt/ros/jazzy/share/ament_lint_auto/cmake)
[2.068s] -- Added test 'cppcheck' to perform static code analysis on C / C++ code
[2.068s] -- Configured cppcheck include dirs: 
[2.069s] -- Configured cppcheck exclude dirs and/or files: 
[2.070s] -- Added test 'flake8' to check Python code syntax and style conventions
[2.071s] -- Configured 'flake8' exclude dirs and/or files: 
[2.074s] -- Added test 'lint_cmake' to check CMake code style
[2.076s] -- Added test 'pep257' to check Python code against some of the docstring style conventions in PEP 257
[2.085s] -- Added test 'uncrustify' to check C / C++ code style
[2.085s] -- Configured uncrustify additional arguments: 
[2.087s] -- Added test 'xmllint' to check XML markup files
[2.090s] -- Configuring done (2.1s)
[2.097s] -- Generating done (0.0s)
[2.101s] -- Build files have been written to: /home/ground/ugv_ws/src/roboteq_ros2_driver/build/roboteq_ros2_driver
[2.124s] Invoked command in '/home/ground/ugv_ws/src/roboteq_ros2_driver/build/roboteq_ros2_driver' returned '0': CMAKE_PREFIX_PATH=${CMAKE_PREFIX_PATH}:/home/ground/ugv_ws/install/my_ugv_hardware:/opt/ros/jazzy DEBUGINFOD_URLS=https://debuginfod.ubuntu.com /usr/bin/cmake /home/ground/ugv_ws/src/roboteq_ros2_driver -DAMENT_CMAKE_SYMLINK_INSTALL=1 -DCMAKE_INSTALL_PREFIX=/home/ground/ugv_ws/src/roboteq_ros2_driver/install/roboteq_ros2_driver
[2.126s] Invoking command in '/home/ground/ugv_ws/src/roboteq_ros2_driver/build/roboteq_ros2_driver': CMAKE_PREFIX_PATH=${CMAKE_PREFIX_PATH}:/home/ground/ugv_ws/install/my_ugv_hardware:/opt/ros/jazzy DEBUGINFOD_URLS=https://debuginfod.ubuntu.com /usr/bin/cmake --build /home/ground/ugv_ws/src/roboteq_ros2_driver/build/roboteq_ros2_driver -- -j4 -l4
[2.209s] Invoked command in '/home/ground/ugv_ws/src/roboteq_ros2_driver/build/roboteq_ros2_driver' returned '0': CMAKE_PREFIX_PATH=${CMAKE_PREFIX_PATH}:/home/ground/ugv_ws/install/my_ugv_hardware:/opt/ros/jazzy DEBUGINFOD_URLS=https://debuginfod.ubuntu.com /usr/bin/cmake --build /home/ground/ugv_ws/src/roboteq_ros2_driver/build/roboteq_ros2_driver -- -j4 -l4
[2.230s] Invoking command in '/home/ground/ugv_ws/src/roboteq_ros2_driver/build/roboteq_ros2_driver': CMAKE_PREFIX_PATH=${CMAKE_PREFIX_PATH}:/home/ground/ugv_ws/install/my_ugv_hardware:/opt/ros/jazzy DEBUGINFOD_URLS=https://debuginfod.ubuntu.com /usr/bin/cmake --install /home/ground/ugv_ws/src/roboteq_ros2_driver/build/roboteq_ros2_driver
[2.246s] -- Install configuration: ""
[2.247s] -- Execute custom install script
[2.247s] -- Symlinking: /home/ground/ugv_ws/src/roboteq_ros2_driver/install/roboteq_ros2_driver/lib/roboteq_ros2_driver/roboteq_bridge.py
[2.267s] -- Symlinking: /home/ground/ugv_ws/src/roboteq_ros2_driver/install/roboteq_ros2_driver/share/ament_index/resource_index/package_run_dependencies/roboteq_ros2_driver
[2.286s] -- Symlinking: /home/ground/ugv_ws/src/roboteq_ros2_driver/install/roboteq_ros2_driver/share/ament_index/resource_index/parent_prefix_path/roboteq_ros2_driver
[2.305s] -- Symlinking: /home/ground/ugv_ws/src/roboteq_ros2_driver/install/roboteq_ros2_driver/share/roboteq_ros2_driver/environment/ament_prefix_path.sh
[2.325s] -- Symlinking: /home/ground/ugv_ws/src/roboteq_ros2_driver/install/roboteq_ros2_driver/share/roboteq_ros2_driver/environment/ament_prefix_path.dsv
[2.343s] -- Symlinking: /home/ground/ugv_ws/src/roboteq_ros2_driver/install/roboteq_ros2_driver/share/roboteq_ros2_driver/environment/path.sh
[2.363s] -- Symlinking: /home/ground/ugv_ws/src/roboteq_ros2_driver/install/roboteq_ros2_driver/share/roboteq_ros2_driver/environment/path.dsv
[2.382s] -- Symlinking: /home/ground/ugv_ws/src/roboteq_ros2_driver/install/roboteq_ros2_driver/share/roboteq_ros2_driver/local_setup.bash
[2.402s] -- Symlinking: /home/ground/ugv_ws/src/roboteq_ros2_driver/install/roboteq_ros2_driver/share/roboteq_ros2_driver/local_setup.sh
[2.421s] -- Symlinking: /home/ground/ugv_ws/src/roboteq_ros2_driver/install/roboteq_ros2_driver/share/roboteq_ros2_driver/local_setup.zsh
[2.440s] -- Symlinking: /home/ground/ugv_ws/src/roboteq_ros2_driver/install/roboteq_ros2_driver/share/roboteq_ros2_driver/local_setup.dsv
[2.459s] -- Symlinking: /home/ground/ugv_ws/src/roboteq_ros2_driver/install/roboteq_ros2_driver/share/roboteq_ros2_driver/package.dsv
[2.477s] -- Symlinking: /home/ground/ugv_ws/src/roboteq_ros2_driver/install/roboteq_ros2_driver/share/ament_index/resource_index/packages/roboteq_ros2_driver
[2.496s] -- Symlinking: /home/ground/ugv_ws/src/roboteq_ros2_driver/install/roboteq_ros2_driver/share/roboteq_ros2_driver/cmake/ament_cmake_export_dependencies-extras.cmake
[2.517s] -- Symlinking: /home/ground/ugv_ws/src/roboteq_ros2_driver/install/roboteq_ros2_driver/share/roboteq_ros2_driver/cmake/roboteq_ros2_driverConfig.cmake
[2.536s] -- Symlinking: /home/ground/ugv_ws/src/roboteq_ros2_driver/install/roboteq_ros2_driver/share/roboteq_ros2_driver/cmake/roboteq_ros2_driverConfig-version.cmake
[2.555s] -- Symlinking: /home/ground/ugv_ws/src/roboteq_ros2_driver/install/roboteq_ros2_driver/share/roboteq_ros2_driver/package.xml
[2.577s] Invoked command in '/home/ground/ugv_ws/src/roboteq_ros2_driver/build/roboteq_ros2_driver' returned '0': CMAKE_PREFIX_PATH=${CMAKE_PREFIX_PATH}:/home/ground/ugv_ws/install/my_ugv_hardware:/opt/ros/jazzy DEBUGINFOD_URLS=https://debuginfod.ubuntu.com /usr/bin/cmake --install /home/ground/ugv_ws/src/roboteq_ros2_driver/build/roboteq_ros2_driver
