[0.000000] (-) TimerEvent: {}
[0.000150] (-) JobUnselected: {'identifier': 'depthai-ros'}
[0.000188] (-) JobUnselected: {'identifier': 'depthai_bridge'}
[0.000209] (-) JobUnselected: {'identifier': 'depthai_descriptions'}
[0.000227] (-) JobUnselected: {'identifier': 'depthai_examples'}
[0.000244] (-) JobUnselected: {'identifier': 'depthai_filters'}
[0.000260] (-) JobUnselected: {'identifier': 'depthai_ros_driver'}
[0.000275] (-) JobUnselected: {'identifier': 'depthai_ros_msgs'}
[0.000291] (-) JobUnselected: {'identifier': 'dual_laser_merger'}
[0.000306] (-) JobUnselected: {'identifier': 'my_ugv_bringup'}
[0.000321] (-) JobUnselected: {'identifier': 'my_ugv_description'}
[0.000336] (-) JobUnselected: {'identifier': 'my_ugv_hardware'}
[0.000352] (-) JobUnselected: {'identifier': 'roboteq_ros2_driver'}
[0.000367] (-) JobUnselected: {'identifier': 'rplidar_ros'}
[0.000386] (my_ugv_vision) JobQueued: {'identifier': 'my_ugv_vision', 'dependencies': OrderedDict()}
[0.001106] (my_ugv_vision) JobStarted: {'identifier': 'my_ugv_vision'}
[0.099636] (-) TimerEvent: {}
[0.199822] (-) TimerEvent: {}
[0.300017] (-) TimerEvent: {}
[0.400213] (-) TimerEvent: {}
[0.500383] (-) TimerEvent: {}
[0.600530] (-) TimerEvent: {}
[0.700681] (-) TimerEvent: {}
[0.800844] (-) TimerEvent: {}
[0.901010] (-) TimerEvent: {}
[1.001205] (-) TimerEvent: {}
[1.101418] (-) TimerEvent: {}
[1.107486] (my_ugv_vision) Command: {'cmd': ['/usr/bin/python3', '-W', 'ignore:setup.py install is deprecated', '-W', 'ignore:easy_install command is deprecated', 'setup.py', 'develop', '--editable', '--build-directory', '/home/ugv/Desktop/OperationTouchdown/ugv_ws/build/my_ugv_vision/build', '--no-deps', 'symlink_data', '--force'], 'cwd': '/home/ugv/Desktop/OperationTouchdown/ugv_ws/build/my_ugv_vision', 'env': {'USER': 'ugv', 'SSH_CLIENT': '100.96.142.123 53704 22', 'GZ_CONFIG_PATH': '/opt/ros/jazzy/opt/gz_sim_vendor/share/gz:/opt/ros/jazzy/opt/sdformat_vendor/share/gz:/opt/ros/jazzy/opt/gz_gui_vendor/share/gz:/opt/ros/jazzy/opt/gz_transport_vendor/share/gz:/opt/ros/jazzy/opt/gz_rendering_vendor/share/gz:/opt/ros/jazzy/opt/gz_plugin_vendor/share/gz:/opt/ros/jazzy/opt/gz_fuel_tools_vendor/share/gz:/opt/ros/jazzy/opt/gz_msgs_vendor/share/gz:/opt/ros/jazzy/opt/gz_common_vendor/share/gz', 'XDG_SESSION_TYPE': 'tty', 'SHLVL': '1', 'LD_LIBRARY_PATH': '/opt/ros/jazzy/opt/gz_sim_vendor/lib:/opt/ros/jazzy/opt/gz_sensors_vendor/lib:/opt/ros/jazzy/opt/gz_physics_vendor/lib:/opt/ros/jazzy/opt/sdformat_vendor/lib:/opt/ros/jazzy/opt/rviz_ogre_vendor/lib:/opt/ros/jazzy/lib/aarch64-linux-gnu:/opt/ros/jazzy/opt/gz_gui_vendor/lib:/opt/ros/jazzy/opt/gz_transport_vendor/lib:/opt/ros/jazzy/opt/gz_rendering_vendor/lib:/opt/ros/jazzy/opt/gz_plugin_vendor/lib:/opt/ros/jazzy/opt/gz_fuel_tools_vendor/lib:/opt/ros/jazzy/opt/gz_msgs_vendor/lib:/opt/ros/jazzy/opt/gz_common_vendor/lib:/opt/ros/jazzy/opt/gz_math_vendor/lib:/opt/ros/jazzy/opt/gz_utils_vendor/lib:/opt/ros/jazzy/opt/gz_tools_vendor/lib:/opt/ros/jazzy/opt/gz_ogre_next_vendor/lib:/opt/ros/jazzy/opt/gz_dartsim_vendor/lib:/opt/ros/jazzy/opt/gz_cmake_vendor/lib:/opt/ros/jazzy/lib', 'HOME': '/home/ugv', 'OLDPWD': '/home/ugv', 'ROS_PYTHON_VERSION': '3', 'DBUS_SESSION_BUS_ADDRESS': 'unix:path=/run/user/1000/bus', 'ROS_DISTRO': 'jazzy', 'LOGNAME': 'ugv', '_': '/usr/bin/colcon', 'ROS_VERSION': '2', 'XDG_SESSION_CLASS': 'user', 'XDG_SESSION_ID': '85', 'PATH': '/opt/ros/jazzy/opt/gz_msgs_vendor/bin:/opt/ros/jazzy/opt/gz_tools_vendor/bin:/opt/ros/jazzy/opt/gz_ogre_next_vendor/bin:/opt/ros/jazzy/bin:/usr/local/sbin:/usr/local/bin:/usr/sbin:/usr/bin:/sbin:/bin:/usr/games:/usr/local/games:/snap/bin', 'XDG_RUNTIME_DIR': '/run/user/1000', 'LANG': 'en_US.UTF-8', 'AMENT_PREFIX_PATH': '/opt/ros/jazzy', 'SHELL': '/bin/bash', 'ROS_AUTOMATIC_DISCOVERY_RANGE': 'SUBNET', 'PWD': '/home/ugv/Desktop/OperationTouchdown/ugv_ws/build/my_ugv_vision', 'LC_ALL': 'en_US.UTF-8', 'SSH_CONNECTION': '100.96.142.123 53704 100.101.246.78 22', 'PYTHONPATH': '/home/ugv/Desktop/OperationTouchdown/ugv_ws/build/my_ugv_vision/prefix_override:/usr/lib/python3/dist-packages/colcon_core/task/python/colcon_distutils_commands:/home/ugv/Desktop/OperationTouchdown/ugv_ws/install/my_ugv_vision/lib/python3.12/site-packages:/opt/ros/jazzy/lib/python3.12/site-packages', 'COLCON': '1', 'CMAKE_PREFIX_PATH': '/opt/ros/jazzy/opt/gz_sim_vendor:/opt/ros/jazzy/opt/gz_sensors_vendor:/opt/ros/jazzy/opt/gz_physics_vendor:/opt/ros/jazzy/opt/sdformat_vendor:/opt/ros/jazzy/opt/gz_gui_vendor:/opt/ros/jazzy/opt/gz_transport_vendor:/opt/ros/jazzy/opt/gz_rendering_vendor:/opt/ros/jazzy/opt/gz_plugin_vendor:/opt/ros/jazzy/opt/gz_fuel_tools_vendor:/opt/ros/jazzy/opt/gz_msgs_vendor:/opt/ros/jazzy/opt/gz_common_vendor:/opt/ros/jazzy/opt/gz_math_vendor:/opt/ros/jazzy/opt/gz_utils_vendor:/opt/ros/jazzy/opt/gz_tools_vendor:/opt/ros/jazzy/opt/gz_ogre_next_vendor:/opt/ros/jazzy/opt/gz_dartsim_vendor:/opt/ros/jazzy/opt/gz_cmake_vendor'}, 'shell': False}
[1.201517] (-) TimerEvent: {}
[1.301683] (-) TimerEvent: {}
[1.401835] (-) TimerEvent: {}
[1.501986] (-) TimerEvent: {}
[1.517751] (my_ugv_vision) StdoutLine: {'line': b'running develop\n'}
[1.602058] (-) TimerEvent: {}
[1.702198] (-) TimerEvent: {}
[1.754676] (my_ugv_vision) StdoutLine: {'line': b'running egg_info\n'}
[1.778729] (my_ugv_vision) StdoutLine: {'line': b'writing my_ugv_vision.egg-info/PKG-INFO\n'}
[1.779090] (my_ugv_vision) StdoutLine: {'line': b'writing dependency_links to my_ugv_vision.egg-info/dependency_links.txt\n'}
[1.781347] (my_ugv_vision) StdoutLine: {'line': b'writing entry points to my_ugv_vision.egg-info/entry_points.txt\n'}
[1.782116] (my_ugv_vision) StdoutLine: {'line': b'writing requirements to my_ugv_vision.egg-info/requires.txt\n'}
[1.782780] (my_ugv_vision) StdoutLine: {'line': b'writing top-level names to my_ugv_vision.egg-info/top_level.txt\n'}
[1.802283] (-) TimerEvent: {}
[1.831797] (my_ugv_vision) StdoutLine: {'line': b"reading manifest file 'my_ugv_vision.egg-info/SOURCES.txt'\n"}
[1.833017] (my_ugv_vision) StdoutLine: {'line': b"writing manifest file 'my_ugv_vision.egg-info/SOURCES.txt'\n"}
[1.857650] (my_ugv_vision) StdoutLine: {'line': b'running build_ext\n'}
[1.857835] (my_ugv_vision) StdoutLine: {'line': b'Creating /home/ugv/Desktop/OperationTouchdown/ugv_ws/install/my_ugv_vision/lib/python3.12/site-packages/my-ugv-vision.egg-link (link to .)\n'}
[1.858712] (my_ugv_vision) StdoutLine: {'line': b'Installing akida_yolo_node script to /home/ugv/Desktop/OperationTouchdown/ugv_ws/install/my_ugv_vision/lib/my_ugv_vision\n'}
[1.859057] (my_ugv_vision) StdoutLine: {'line': b'Installing landmark_tracker_node script to /home/ugv/Desktop/OperationTouchdown/ugv_ws/install/my_ugv_vision/lib/my_ugv_vision\n'}
[1.859279] (my_ugv_vision) StdoutLine: {'line': b'Installing object_localizer_node script to /home/ugv/Desktop/OperationTouchdown/ugv_ws/install/my_ugv_vision/lib/my_ugv_vision\n'}
[1.859465] (my_ugv_vision) StdoutLine: {'line': b'Installing obstacle_publisher_node script to /home/ugv/Desktop/OperationTouchdown/ugv_ws/install/my_ugv_vision/lib/my_ugv_vision\n'}
[1.859760] (my_ugv_vision) StdoutLine: {'line': b'\n'}
[1.859836] (my_ugv_vision) StdoutLine: {'line': b'Installed /home/ugv/Desktop/OperationTouchdown/ugv_ws/build/my_ugv_vision\n'}
[1.859968] (my_ugv_vision) StdoutLine: {'line': b'running symlink_data\n'}
[1.860096] (my_ugv_vision) StdoutLine: {'line': b'symbolically linking /home/ugv/Desktop/OperationTouchdown/ugv_ws/build/my_ugv_vision/resource/my_ugv_vision -> /home/ugv/Desktop/OperationTouchdown/ugv_ws/install/my_ugv_vision/share/ament_index/resource_index/packages\n'}
[1.860267] (my_ugv_vision) StdoutLine: {'line': b'symbolically linking /home/ugv/Desktop/OperationTouchdown/ugv_ws/build/my_ugv_vision/package.xml -> /home/ugv/Desktop/OperationTouchdown/ugv_ws/install/my_ugv_vision/share/my_ugv_vision\n'}
[1.860435] (my_ugv_vision) StdoutLine: {'line': b'symbolically linking /home/ugv/Desktop/OperationTouchdown/ugv_ws/build/my_ugv_vision/launch/perception.launch.py -> /home/ugv/Desktop/OperationTouchdown/ugv_ws/install/my_ugv_vision/share/my_ugv_vision/launch\n'}
[1.860587] (my_ugv_vision) StdoutLine: {'line': b'symbolically linking /home/ugv/Desktop/OperationTouchdown/ugv_ws/build/my_ugv_vision/config/landmark_tracker.yaml -> /home/ugv/Desktop/OperationTouchdown/ugv_ws/install/my_ugv_vision/share/my_ugv_vision/config\n'}
[1.860722] (my_ugv_vision) StdoutLine: {'line': b'symbolically linking /home/ugv/Desktop/OperationTouchdown/ugv_ws/build/my_ugv_vision/config/akida_yolo.yaml -> /home/ugv/Desktop/OperationTouchdown/ugv_ws/install/my_ugv_vision/share/my_ugv_vision/config\n'}
[1.860853] (my_ugv_vision) StdoutLine: {'line': b'symbolically linking /home/ugv/Desktop/OperationTouchdown/ugv_ws/build/my_ugv_vision/config/object_localizer.yaml -> /home/ugv/Desktop/OperationTouchdown/ugv_ws/install/my_ugv_vision/share/my_ugv_vision/config\n'}
[1.860997] (my_ugv_vision) StdoutLine: {'line': b'symbolically linking /home/ugv/Desktop/OperationTouchdown/ugv_ws/build/my_ugv_vision/config/obstacle_publisher.yaml -> /home/ugv/Desktop/OperationTouchdown/ugv_ws/install/my_ugv_vision/share/my_ugv_vision/config\n'}
[1.862314] (my_ugv_vision) StdoutLine: {'line': b'symbolically linking /home/ugv/Desktop/OperationTouchdown/ugv_ws/build/my_ugv_vision/models/ugv_yolo_akida.fbz -> /home/ugv/Desktop/OperationTouchdown/ugv_ws/install/my_ugv_vision/share/my_ugv_vision/models\n'}
[1.862458] (my_ugv_vision) StdoutLine: {'line': b'symbolically linking /home/ugv/Desktop/OperationTouchdown/ugv_ws/build/my_ugv_vision/models/model_metadata.json -> /home/ugv/Desktop/OperationTouchdown/ugv_ws/install/my_ugv_vision/share/my_ugv_vision/models\n'}
[1.902398] (-) TimerEvent: {}
[1.950036] (my_ugv_vision) CommandEnded: {'returncode': 0}
[1.965264] (my_ugv_vision) JobEnded: {'identifier': 'my_ugv_vision', 'rc': 0}
[1.965947] (-) EventReactorShutdown: {}
