running develop
running egg_info
creating my_ugv_bringup.egg-info
writing my_ugv_bringup.egg-info/PKG-INFO
writing dependency_links to my_ugv_bringup.egg-info/dependency_links.txt
writing requirements to my_ugv_bringup.egg-info/requires.txt
writing top-level names to my_ugv_bringup.egg-info/top_level.txt
writing manifest file 'my_ugv_bringup.egg-info/SOURCES.txt'
reading manifest file 'my_ugv_bringup.egg-info/SOURCES.txt'
writing manifest file 'my_ugv_bringup.egg-info/SOURCES.txt'
running build_ext
Creating /home/ground/ugv_ws/install/my_ugv_bringup/lib/python3.12/site-packages/my-ugv-bringup.egg-link (link to .)

Installed /home/ground/ugv_ws/build/my_ugv_bringup
running symlink_data
creating /home/ground/ugv_ws/install/my_ugv_bringup/share/ament_index
creating /home/ground/ugv_ws/install/my_ugv_bringup/share/ament_index/resource_index
creating /home/ground/ugv_ws/install/my_ugv_bringup/share/ament_index/resource_index/packages
symbolically linking /home/ground/ugv_ws/build/my_ugv_bringup/resource/my_ugv_bringup -> /home/ground/ugv_ws/install/my_ugv_bringup/share/ament_index/resource_index/packages
symbolically linking /home/ground/ugv_ws/build/my_ugv_bringup/package.xml -> /home/ground/ugv_ws/install/my_ugv_bringup/share/my_ugv_bringup
creating /home/ground/ugv_ws/install/my_ugv_bringup/share/my_ugv_bringup/launch
symbolically linking /home/ground/ugv_ws/build/my_ugv_bringup/launch/master.launch.py -> /home/ground/ugv_ws/install/my_ugv_bringup/share/my_ugv_bringup/launch
