[0.024s] Invoking command in '/home/ugv/Desktop/OperationTouchdown/ugv_ws/build/depthai_ros_driver': AMENT_PREFIX_PATH=/home/ugv/Desktop/OperationTouchdown/ugv_ws/install/depthai_examples:/home/ugv/Desktop/OperationTouchdown/ugv_ws/install/depthai_bridge:/home/ugv/Desktop/OperationTouchdown/ugv_ws/install/depthai_ros_msgs:/home/ugv/Desktop/OperationTouchdown/ugv_ws/install/depthai_descriptions:${AMENT_PREFIX_PATH} CMAKE_PREFIX_PATH=/home/ugv/Desktop/OperationTouchdown/ugv_ws/install/depthai_examples:/home/ugv/Desktop/OperationTouchdown/ugv_ws/install/depthai_bridge:/home/ugv/Desktop/OperationTouchdown/ugv_ws/install/depthai_ros_msgs:/home/ugv/Desktop/OperationTouchdown/ugv_ws/install/depthai_descriptions:/home/ugv/Desktop/OperationTouchdown/ugv_ws/src/install/roboteq_ros2_driver:/home/ugv/Desktop/OperationTouchdown/ugv_ws/src/install/my_ugv_bringup:/home/ugv/Desktop/OperationTouchdown/ugv_ws/src/install/dual_laser_merger:/home/ugv/Desktop/OperationTouchdown/ugv_ws/install/roboteq_ros2_driver:/home/ugv/Desktop/OperationTouchdown/ugv_ws/install/my_ugv_bringup:/home/ugv/Desktop/OperationTouchdown/ugv_ws/install/dual_laser_merger:/opt/ros/jazzy/opt/gz_sim_vendor:/opt/ros/jazzy/opt/gz_sensors_vendor:/opt/ros/jazzy/opt/gz_physics_vendor:/opt/ros/jazzy/opt/sdformat_vendor:/opt/ros/jazzy/opt/gz_gui_vendor:/opt/ros/jazzy/opt/gz_transport_vendor:/opt/ros/jazzy/opt/gz_rendering_vendor:/opt/ros/jazzy/opt/gz_plugin_vendor:/opt/ros/jazzy/opt/gz_fuel_tools_vendor:/opt/ros/jazzy/opt/gz_msgs_vendor:/opt/ros/jazzy/opt/gz_common_vendor:/opt/ros/jazzy/opt/gz_math_vendor:/opt/ros/jazzy/opt/gz_utils_vendor:/opt/ros/jazzy/opt/gz_tools_vendor:/opt/ros/jazzy/opt/gz_ogre_next_vendor:/opt/ros/jazzy/opt/gz_dartsim_vendor:/opt/ros/jazzy/opt/gz_cmake_vendor:/home/ugv/Desktop/OperationTouchdown/ugv_ws/src/install/my_ugv_vision:/home/ugv/Desktop/OperationTouchdown/ugv_ws/install/my_ugv_vision:/opt/ros/jazzy DEBUGINFOD_URLS=https://debuginfod.ubuntu.com GAZEBO_MODEL_PATH=/home/ugv/Desktop/OperationTouchdown/ugv_ws/install/depthai_descriptions:${GAZEBO_MODEL_PATH} GAZEBO_RESOURCE_PATH=/home/ugv/Desktop/OperationTouchdown/ugv_ws/install/depthai_descriptions:${GAZEBO_RESOURCE_PATH} IGN_GAZEBO_MODEL_PATH=/home/ugv/Desktop/OperationTouchdown/ugv_ws/install/depthai_descriptions:${IGN_GAZEBO_MODEL_PATH} IGN_GAZEBO_RESOURCE_PATH=/home/ugv/Desktop/OperationTouchdown/ugv_ws/install/depthai_descriptions:${IGN_GAZEBO_RESOURCE_PATH} LD_LIBRARY_PATH=/home/ugv/Desktop/OperationTouchdown/ugv_ws/install/depthai_bridge/lib:/home/ugv/Desktop/OperationTouchdown/ugv_ws/install/depthai_ros_msgs/lib:${LD_LIBRARY_PATH} PYTHONPATH=/home/ugv/Desktop/OperationTouchdown/ugv_ws/install/depthai_ros_msgs/lib/python3.12/site-packages:${PYTHONPATH} /usr/bin/cmake /home/ugv/Desktop/OperationTouchdown/ugv_ws/src/depthai-ros/depthai_ros_driver -DAMENT_CMAKE_SYMLINK_INSTALL=1 -DCMAKE_INSTALL_PREFIX=/home/ugv/Desktop/OperationTouchdown/ugv_ws/install/depthai_ros_driver
[0.131s] -- The C compiler identification is GNU 13.3.0
[0.231s] -- The CXX compiler identification is GNU 13.3.0
[0.260s] -- Detecting C compiler ABI info
[0.436s] -- Detecting C compiler ABI info - done
[0.452s] -- Check for working C compiler: /usr/bin/cc - skipped
[0.452s] -- Detecting C compile features
[0.453s] -- Detecting C compile features - done
[0.467s] -- Detecting CXX compiler ABI info
[0.657s] -- Detecting CXX compiler ABI info - done
[0.672s] -- Check for working CXX compiler: /usr/bin/c++ - skipped
[0.672s] -- Detecting CXX compile features
[0.673s] -- Detecting CXX compile features - done
[0.681s] -- Found ament_cmake_auto: 2.5.6 (/opt/ros/jazzy/share/ament_cmake_auto/cmake)
[0.951s] -- Found Python3: /usr/bin/python3 (found version "3.12.3") found components: Interpreter 
[1.074s] -- Override CMake install command with custom implementation using symlinks instead of copying resources
[1.455s] -- Found rosidl_generator_c: 4.6.7 (/opt/ros/jazzy/share/rosidl_generator_c/cmake)
[1.489s] -- Found rosidl_generator_cpp: 4.6.7 (/opt/ros/jazzy/share/rosidl_generator_cpp/cmake)
[1.526s] -- Using all available rosidl_typesupport_c: rosidl_typesupport_fastrtps_c;rosidl_typesupport_introspection_c
[1.567s] -- Using all available rosidl_typesupport_cpp: rosidl_typesupport_fastrtps_cpp;rosidl_typesupport_introspection_cpp
[1.721s] -- Found rmw_implementation_cmake: 7.3.3 (/opt/ros/jazzy/share/rmw_implementation_cmake/cmake)
[1.731s] -- Found rmw_fastrtps_cpp: 8.4.3 (/opt/ros/jazzy/share/rmw_fastrtps_cpp/cmake)
[1.911s] -- Found OpenSSL: /usr/lib/aarch64-linux-gnu/libcrypto.so (found version "3.0.13")  
[1.941s] -- Found FastRTPS: /opt/ros/jazzy/include (Required is at least version "2.13") 
[1.981s] -- Using RMW implementation 'rmw_fastrtps_cpp' as default
[2.665s] -- Setting yaml-cpp_DIR to: '/opt/ros/jazzy/share/yaml_cpp_vendor/cmake/../../../opt/yaml_cpp_vendor/share/cmake/yaml-cpp'
[3.011s] -- Found eigen3_cmake_module: 0.3.0 (/opt/ros/jazzy/share/eigen3_cmake_module/cmake)
[3.013s] -- Found Eigen3: TRUE (found version "3.4.0") 
[3.013s] -- Ensuring Eigen3 include directory is part of orocos-kdl CMake target
[3.221s] -- Configuring done (3.2s)
[3.325s] -- Generating done (0.1s)
[3.351s] -- Build files have been written to: /home/ugv/Desktop/OperationTouchdown/ugv_ws/build/depthai_ros_driver
[3.380s] Invoked command in '/home/ugv/Desktop/OperationTouchdown/ugv_ws/build/depthai_ros_driver' returned '0': AMENT_PREFIX_PATH=/home/ugv/Desktop/OperationTouchdown/ugv_ws/install/depthai_examples:/home/ugv/Desktop/OperationTouchdown/ugv_ws/install/depthai_bridge:/home/ugv/Desktop/OperationTouchdown/ugv_ws/install/depthai_ros_msgs:/home/ugv/Desktop/OperationTouchdown/ugv_ws/install/depthai_descriptions:${AMENT_PREFIX_PATH} CMAKE_PREFIX_PATH=/home/ugv/Desktop/OperationTouchdown/ugv_ws/install/depthai_examples:/home/ugv/Desktop/OperationTouchdown/ugv_ws/install/depthai_bridge:/home/ugv/Desktop/OperationTouchdown/ugv_ws/install/depthai_ros_msgs:/home/ugv/Desktop/OperationTouchdown/ugv_ws/install/depthai_descriptions:/home/ugv/Desktop/OperationTouchdown/ugv_ws/src/install/roboteq_ros2_driver:/home/ugv/Desktop/OperationTouchdown/ugv_ws/src/install/my_ugv_bringup:/home/ugv/Desktop/OperationTouchdown/ugv_ws/src/install/dual_laser_merger:/home/ugv/Desktop/OperationTouchdown/ugv_ws/install/roboteq_ros2_driver:/home/ugv/Desktop/OperationTouchdown/ugv_ws/install/my_ugv_bringup:/home/ugv/Desktop/OperationTouchdown/ugv_ws/install/dual_laser_merger:/opt/ros/jazzy/opt/gz_sim_vendor:/opt/ros/jazzy/opt/gz_sensors_vendor:/opt/ros/jazzy/opt/gz_physics_vendor:/opt/ros/jazzy/opt/sdformat_vendor:/opt/ros/jazzy/opt/gz_gui_vendor:/opt/ros/jazzy/opt/gz_transport_vendor:/opt/ros/jazzy/opt/gz_rendering_vendor:/opt/ros/jazzy/opt/gz_plugin_vendor:/opt/ros/jazzy/opt/gz_fuel_tools_vendor:/opt/ros/jazzy/opt/gz_msgs_vendor:/opt/ros/jazzy/opt/gz_common_vendor:/opt/ros/jazzy/opt/gz_math_vendor:/opt/ros/jazzy/opt/gz_utils_vendor:/opt/ros/jazzy/opt/gz_tools_vendor:/opt/ros/jazzy/opt/gz_ogre_next_vendor:/opt/ros/jazzy/opt/gz_dartsim_vendor:/opt/ros/jazzy/opt/gz_cmake_vendor:/home/ugv/Desktop/OperationTouchdown/ugv_ws/src/install/my_ugv_vision:/home/ugv/Desktop/OperationTouchdown/ugv_ws/install/my_ugv_vision:/opt/ros/jazzy DEBUGINFOD_URLS=https://debuginfod.ubuntu.com GAZEBO_MODEL_PATH=/home/ugv/Desktop/OperationTouchdown/ugv_ws/install/depthai_descriptions:${GAZEBO_MODEL_PATH} GAZEBO_RESOURCE_PATH=/home/ugv/Desktop/OperationTouchdown/ugv_ws/install/depthai_descriptions:${GAZEBO_RESOURCE_PATH} IGN_GAZEBO_MODEL_PATH=/home/ugv/Desktop/OperationTouchdown/ugv_ws/install/depthai_descriptions:${IGN_GAZEBO_MODEL_PATH} IGN_GAZEBO_RESOURCE_PATH=/home/ugv/Desktop/OperationTouchdown/ugv_ws/install/depthai_descriptions:${IGN_GAZEBO_RESOURCE_PATH} LD_LIBRARY_PATH=/home/ugv/Desktop/OperationTouchdown/ugv_ws/install/depthai_bridge/lib:/home/ugv/Desktop/OperationTouchdown/ugv_ws/install/depthai_ros_msgs/lib:${LD_LIBRARY_PATH} PYTHONPATH=/home/ugv/Desktop/OperationTouchdown/ugv_ws/install/depthai_ros_msgs/lib/python3.12/site-packages:${PYTHONPATH} /usr/bin/cmake /home/ugv/Desktop/OperationTouchdown/ugv_ws/src/depthai-ros/depthai_ros_driver -DAMENT_CMAKE_SYMLINK_INSTALL=1 -DCMAKE_INSTALL_PREFIX=/home/ugv/Desktop/OperationTouchdown/ugv_ws/install/depthai_ros_driver
[3.382s] Invoking command in '/home/ugv/Desktop/OperationTouchdown/ugv_ws/build/depthai_ros_driver': AMENT_PREFIX_PATH=/home/ugv/Desktop/OperationTouchdown/ugv_ws/install/depthai_examples:/home/ugv/Desktop/OperationTouchdown/ugv_ws/install/depthai_bridge:/home/ugv/Desktop/OperationTouchdown/ugv_ws/install/depthai_ros_msgs:/home/ugv/Desktop/OperationTouchdown/ugv_ws/install/depthai_descriptions:${AMENT_PREFIX_PATH} CMAKE_PREFIX_PATH=/home/ugv/Desktop/OperationTouchdown/ugv_ws/install/depthai_examples:/home/ugv/Desktop/OperationTouchdown/ugv_ws/install/depthai_bridge:/home/ugv/Desktop/OperationTouchdown/ugv_ws/install/depthai_ros_msgs:/home/ugv/Desktop/OperationTouchdown/ugv_ws/install/depthai_descriptions:/home/ugv/Desktop/OperationTouchdown/ugv_ws/src/install/roboteq_ros2_driver:/home/ugv/Desktop/OperationTouchdown/ugv_ws/src/install/my_ugv_bringup:/home/ugv/Desktop/OperationTouchdown/ugv_ws/src/install/dual_laser_merger:/home/ugv/Desktop/OperationTouchdown/ugv_ws/install/roboteq_ros2_driver:/home/ugv/Desktop/OperationTouchdown/ugv_ws/install/my_ugv_bringup:/home/ugv/Desktop/OperationTouchdown/ugv_ws/install/dual_laser_merger:/opt/ros/jazzy/opt/gz_sim_vendor:/opt/ros/jazzy/opt/gz_sensors_vendor:/opt/ros/jazzy/opt/gz_physics_vendor:/opt/ros/jazzy/opt/sdformat_vendor:/opt/ros/jazzy/opt/gz_gui_vendor:/opt/ros/jazzy/opt/gz_transport_vendor:/opt/ros/jazzy/opt/gz_rendering_vendor:/opt/ros/jazzy/opt/gz_plugin_vendor:/opt/ros/jazzy/opt/gz_fuel_tools_vendor:/opt/ros/jazzy/opt/gz_msgs_vendor:/opt/ros/jazzy/opt/gz_common_vendor:/opt/ros/jazzy/opt/gz_math_vendor:/opt/ros/jazzy/opt/gz_utils_vendor:/opt/ros/jazzy/opt/gz_tools_vendor:/opt/ros/jazzy/opt/gz_ogre_next_vendor:/opt/ros/jazzy/opt/gz_dartsim_vendor:/opt/ros/jazzy/opt/gz_cmake_vendor:/home/ugv/Desktop/OperationTouchdown/ugv_ws/src/install/my_ugv_vision:/home/ugv/Desktop/OperationTouchdown/ugv_ws/install/my_ugv_vision:/opt/ros/jazzy DEBUGINFOD_URLS=https://debuginfod.ubuntu.com GAZEBO_MODEL_PATH=/home/ugv/Desktop/OperationTouchdown/ugv_ws/install/depthai_descriptions:${GAZEBO_MODEL_PATH} GAZEBO_RESOURCE_PATH=/home/ugv/Desktop/OperationTouchdown/ugv_ws/install/depthai_descriptions:${GAZEBO_RESOURCE_PATH} IGN_GAZEBO_MODEL_PATH=/home/ugv/Desktop/OperationTouchdown/ugv_ws/install/depthai_descriptions:${IGN_GAZEBO_MODEL_PATH} IGN_GAZEBO_RESOURCE_PATH=/home/ugv/Desktop/OperationTouchdown/ugv_ws/install/depthai_descriptions:${IGN_GAZEBO_RESOURCE_PATH} LD_LIBRARY_PATH=/home/ugv/Desktop/OperationTouchdown/ugv_ws/install/depthai_bridge/lib:/home/ugv/Desktop/OperationTouchdown/ugv_ws/install/depthai_ros_msgs/lib:${LD_LIBRARY_PATH} PYTHONPATH=/home/ugv/Desktop/OperationTouchdown/ugv_ws/install/depthai_ros_msgs/lib/python3.12/site-packages:${PYTHONPATH} /usr/bin/cmake --build /home/ugv/Desktop/OperationTouchdown/ugv_ws/build/depthai_ros_driver -- -j4 -l4
[3.494s] [  2%] [32mBuilding CXX object CMakeFiles/depthai_ros_driver_common.dir/src/dai_nodes/base_node.cpp.o[0m
[3.495s] [  5%] [32mBuilding CXX object CMakeFiles/depthai_ros_driver_common.dir/src/utils.cpp.o[0m
[3.504s] [  8%] [32mBuilding CXX object CMakeFiles/depthai_ros_driver_common.dir/src/dai_nodes/sys_logger.cpp.o[0m
[3.525s] [  8%] Built target ament_cmake_python_symlink_depthai_ros_driver
[3.547s] [ 11%] [32mBuilding CXX object CMakeFiles/depthai_ros_driver_common.dir/src/dai_nodes/sensors/img_pub.cpp.o[0m
[12.394s] [ 14%] [32mBuilding CXX object CMakeFiles/depthai_ros_driver_common.dir/src/dai_nodes/sensors/sensor_helpers.cpp.o[0m
[17.167s] [ 17%] [32mBuilding CXX object CMakeFiles/depthai_ros_driver_common.dir/src/param_handlers/camera_param_handler.cpp.o[0m
[17.545s] [ 20%] [32mBuilding CXX object CMakeFiles/depthai_ros_driver_common.dir/src/param_handlers/imu_param_handler.cpp.o[0m
[27.713s] running egg_info
[27.716s] creating depthai_ros_driver.egg-info
[27.772s] writing depthai_ros_driver.egg-info/PKG-INFO
[27.772s] writing dependency_links to depthai_ros_driver.egg-info/dependency_links.txt
[27.772s] writing top-level names to depthai_ros_driver.egg-info/top_level.txt
[27.773s] writing manifest file 'depthai_ros_driver.egg-info/SOURCES.txt'
[27.952s] reading manifest file 'depthai_ros_driver.egg-info/SOURCES.txt'
[27.953s] writing manifest file 'depthai_ros_driver.egg-info/SOURCES.txt'
[28.071s] [ 20%] Built target ament_cmake_python_build_depthai_ros_driver_egg
[28.104s] [ 22%] [32mBuilding CXX object CMakeFiles/depthai_ros_driver_common.dir/src/param_handlers/nn_param_handler.cpp.o[0m
[30.064s] [ 25%] [32mBuilding CXX object CMakeFiles/depthai_ros_driver_common.dir/src/param_handlers/sensor_param_handler.cpp.o[0m
[31.294s] [ 28%] [32mBuilding CXX object CMakeFiles/depthai_ros_driver_common.dir/src/param_handlers/feature_tracker_param_handler.cpp.o[0m
[32.954s] [ 31%] [32mBuilding CXX object CMakeFiles/depthai_ros_driver_common.dir/src/param_handlers/stereo_param_handler.cpp.o[0m
[40.488s] [ 34%] [32mBuilding CXX object CMakeFiles/depthai_ros_driver_common.dir/src/param_handlers/tof_param_handler.cpp.o[0m
[41.881s] [ 37%] [32mBuilding CXX object CMakeFiles/depthai_ros_driver_common.dir/src/param_handlers/pipeline_gen_param_handler.cpp.o[0m
[41.936s] [ 40%] [32mBuilding CXX object CMakeFiles/depthai_ros_driver_common.dir/src/param_handlers/sync_param_handler.cpp.o[0m
[50.146s] [ 42%] [32m[1mLinking CXX shared library libdepthai_ros_driver_common.so[0m
[52.447s] [ 42%] Built target depthai_ros_driver_common
[52.494s] [ 45%] [32mBuilding CXX object CMakeFiles/depthai_ros_driver_sensor_nodes.dir/src/dai_nodes/sensors/imu.cpp.o[0m
[53.515s] [ 48%] [32mBuilding CXX object CMakeFiles/depthai_ros_driver_sensor_nodes.dir/src/dai_nodes/sensors/mono.cpp.o[0m
[54.538s] [ 51%] [32mBuilding CXX object CMakeFiles/depthai_ros_driver_sensor_nodes.dir/src/dai_nodes/sensors/rgb.cpp.o[0m
[65.365s] [ 54%] [32mBuilding CXX object CMakeFiles/depthai_ros_driver_sensor_nodes.dir/src/dai_nodes/sensors/feature_tracker.cpp.o[0m
[73.400s] [ 57%] [32mBuilding CXX object CMakeFiles/depthai_ros_driver_sensor_nodes.dir/src/dai_nodes/sensors/stereo.cpp.o[0m
[74.423s] [ 60%] [32mBuilding CXX object CMakeFiles/depthai_ros_driver_sensor_nodes.dir/src/dai_nodes/sensors/sensor_wrapper.cpp.o[0m
[79.989s] [ 62%] [32mBuilding CXX object CMakeFiles/depthai_ros_driver_sensor_nodes.dir/src/dai_nodes/sensors/thermal.cpp.o[0m
[87.713s] [ 65%] [32mBuilding CXX object CMakeFiles/depthai_ros_driver_sensor_nodes.dir/src/dai_nodes/sensors/tof.cpp.o[0m
[92.424s] [ 68%] [32mBuilding CXX object CMakeFiles/depthai_ros_driver_sensor_nodes.dir/src/dai_nodes/sensors/sync.cpp.o[0m
[103.796s] [ 71%] [32m[1mLinking CXX shared library libdepthai_ros_driver_sensor_nodes.so[0m
[107.199s] [ 71%] Built target depthai_ros_driver_sensor_nodes
[107.245s] [ 80%] [32mBuilding CXX object CMakeFiles/depthai_ros_driver_nn_nodes.dir/src/dai_nodes/nn/nn_wrapper.cpp.o[0m
[107.245s] [ 80%] [32mBuilding CXX object CMakeFiles/depthai_ros_driver_nn_nodes.dir/src/dai_nodes/nn/segmentation.cpp.o[0m
[107.247s] [ 80%] [32mBuilding CXX object CMakeFiles/depthai_ros_driver_nn_nodes.dir/src/dai_nodes/nn/spatial_nn_wrapper.cpp.o[0m
[129.038s] [ 82%] [32m[1mLinking CXX shared library libdepthai_ros_driver_nn_nodes.so[0m
[131.701s] [ 82%] Built target depthai_ros_driver_nn_nodes
[131.747s] [ 85%] [32mBuilding CXX object CMakeFiles/depthai_ros_driver.dir/src/pipeline/pipeline_generator.cpp.o[0m
[131.748s] [ 88%] [32mBuilding CXX object CMakeFiles/depthai_ros_driver.dir/src/pipeline/base_types.cpp.o[0m
[131.748s] [ 91%] [32mBuilding CXX object CMakeFiles/depthai_ros_driver.dir/src/camera.cpp.o[0m
[154.790s] [ 94%] [32m[1mLinking CXX shared library libdepthai_ros_driver.so[0m
[158.892s] [ 94%] Built target depthai_ros_driver
[158.936s] [ 97%] [32mBuilding CXX object CMakeFiles/camera_node.dir/src/camera_node.cpp.o[0m
[166.985s] [100%] [32m[1mLinking CXX executable camera_node[0m
[168.890s] [100%] Built target camera_node
[168.915s] Invoked command in '/home/ugv/Desktop/OperationTouchdown/ugv_ws/build/depthai_ros_driver' returned '0': AMENT_PREFIX_PATH=/home/ugv/Desktop/OperationTouchdown/ugv_ws/install/depthai_examples:/home/ugv/Desktop/OperationTouchdown/ugv_ws/install/depthai_bridge:/home/ugv/Desktop/OperationTouchdown/ugv_ws/install/depthai_ros_msgs:/home/ugv/Desktop/OperationTouchdown/ugv_ws/install/depthai_descriptions:${AMENT_PREFIX_PATH} CMAKE_PREFIX_PATH=/home/ugv/Desktop/OperationTouchdown/ugv_ws/install/depthai_examples:/home/ugv/Desktop/OperationTouchdown/ugv_ws/install/depthai_bridge:/home/ugv/Desktop/OperationTouchdown/ugv_ws/install/depthai_ros_msgs:/home/ugv/Desktop/OperationTouchdown/ugv_ws/install/depthai_descriptions:/home/ugv/Desktop/OperationTouchdown/ugv_ws/src/install/roboteq_ros2_driver:/home/ugv/Desktop/OperationTouchdown/ugv_ws/src/install/my_ugv_bringup:/home/ugv/Desktop/OperationTouchdown/ugv_ws/src/install/dual_laser_merger:/home/ugv/Desktop/OperationTouchdown/ugv_ws/install/roboteq_ros2_driver:/home/ugv/Desktop/OperationTouchdown/ugv_ws/install/my_ugv_bringup:/home/ugv/Desktop/OperationTouchdown/ugv_ws/install/dual_laser_merger:/opt/ros/jazzy/opt/gz_sim_vendor:/opt/ros/jazzy/opt/gz_sensors_vendor:/opt/ros/jazzy/opt/gz_physics_vendor:/opt/ros/jazzy/opt/sdformat_vendor:/opt/ros/jazzy/opt/gz_gui_vendor:/opt/ros/jazzy/opt/gz_transport_vendor:/opt/ros/jazzy/opt/gz_rendering_vendor:/opt/ros/jazzy/opt/gz_plugin_vendor:/opt/ros/jazzy/opt/gz_fuel_tools_vendor:/opt/ros/jazzy/opt/gz_msgs_vendor:/opt/ros/jazzy/opt/gz_common_vendor:/opt/ros/jazzy/opt/gz_math_vendor:/opt/ros/jazzy/opt/gz_utils_vendor:/opt/ros/jazzy/opt/gz_tools_vendor:/opt/ros/jazzy/opt/gz_ogre_next_vendor:/opt/ros/jazzy/opt/gz_dartsim_vendor:/opt/ros/jazzy/opt/gz_cmake_vendor:/home/ugv/Desktop/OperationTouchdown/ugv_ws/src/install/my_ugv_vision:/home/ugv/Desktop/OperationTouchdown/ugv_ws/install/my_ugv_vision:/opt/ros/jazzy DEBUGINFOD_URLS=https://debuginfod.ubuntu.com GAZEBO_MODEL_PATH=/home/ugv/Desktop/OperationTouchdown/ugv_ws/install/depthai_descriptions:${GAZEBO_MODEL_PATH} GAZEBO_RESOURCE_PATH=/home/ugv/Desktop/OperationTouchdown/ugv_ws/install/depthai_descriptions:${GAZEBO_RESOURCE_PATH} IGN_GAZEBO_MODEL_PATH=/home/ugv/Desktop/OperationTouchdown/ugv_ws/install/depthai_descriptions:${IGN_GAZEBO_MODEL_PATH} IGN_GAZEBO_RESOURCE_PATH=/home/ugv/Desktop/OperationTouchdown/ugv_ws/install/depthai_descriptions:${IGN_GAZEBO_RESOURCE_PATH} LD_LIBRARY_PATH=/home/ugv/Desktop/OperationTouchdown/ugv_ws/install/depthai_bridge/lib:/home/ugv/Desktop/OperationTouchdown/ugv_ws/install/depthai_ros_msgs/lib:${LD_LIBRARY_PATH} PYTHONPATH=/home/ugv/Desktop/OperationTouchdown/ugv_ws/install/depthai_ros_msgs/lib/python3.12/site-packages:${PYTHONPATH} /usr/bin/cmake --build /home/ugv/Desktop/OperationTouchdown/ugv_ws/build/depthai_ros_driver -- -j4 -l4
[168.917s] Invoking command in '/home/ugv/Desktop/OperationTouchdown/ugv_ws/build/depthai_ros_driver': AMENT_PREFIX_PATH=/home/ugv/Desktop/OperationTouchdown/ugv_ws/install/depthai_examples:/home/ugv/Desktop/OperationTouchdown/ugv_ws/install/depthai_bridge:/home/ugv/Desktop/OperationTouchdown/ugv_ws/install/depthai_ros_msgs:/home/ugv/Desktop/OperationTouchdown/ugv_ws/install/depthai_descriptions:${AMENT_PREFIX_PATH} CMAKE_PREFIX_PATH=/home/ugv/Desktop/OperationTouchdown/ugv_ws/install/depthai_examples:/home/ugv/Desktop/OperationTouchdown/ugv_ws/install/depthai_bridge:/home/ugv/Desktop/OperationTouchdown/ugv_ws/install/depthai_ros_msgs:/home/ugv/Desktop/OperationTouchdown/ugv_ws/install/depthai_descriptions:/home/ugv/Desktop/OperationTouchdown/ugv_ws/src/install/roboteq_ros2_driver:/home/ugv/Desktop/OperationTouchdown/ugv_ws/src/install/my_ugv_bringup:/home/ugv/Desktop/OperationTouchdown/ugv_ws/src/install/dual_laser_merger:/home/ugv/Desktop/OperationTouchdown/ugv_ws/install/roboteq_ros2_driver:/home/ugv/Desktop/OperationTouchdown/ugv_ws/install/my_ugv_bringup:/home/ugv/Desktop/OperationTouchdown/ugv_ws/install/dual_laser_merger:/opt/ros/jazzy/opt/gz_sim_vendor:/opt/ros/jazzy/opt/gz_sensors_vendor:/opt/ros/jazzy/opt/gz_physics_vendor:/opt/ros/jazzy/opt/sdformat_vendor:/opt/ros/jazzy/opt/gz_gui_vendor:/opt/ros/jazzy/opt/gz_transport_vendor:/opt/ros/jazzy/opt/gz_rendering_vendor:/opt/ros/jazzy/opt/gz_plugin_vendor:/opt/ros/jazzy/opt/gz_fuel_tools_vendor:/opt/ros/jazzy/opt/gz_msgs_vendor:/opt/ros/jazzy/opt/gz_common_vendor:/opt/ros/jazzy/opt/gz_math_vendor:/opt/ros/jazzy/opt/gz_utils_vendor:/opt/ros/jazzy/opt/gz_tools_vendor:/opt/ros/jazzy/opt/gz_ogre_next_vendor:/opt/ros/jazzy/opt/gz_dartsim_vendor:/opt/ros/jazzy/opt/gz_cmake_vendor:/home/ugv/Desktop/OperationTouchdown/ugv_ws/src/install/my_ugv_vision:/home/ugv/Desktop/OperationTouchdown/ugv_ws/install/my_ugv_vision:/opt/ros/jazzy DEBUGINFOD_URLS=https://debuginfod.ubuntu.com GAZEBO_MODEL_PATH=/home/ugv/Desktop/OperationTouchdown/ugv_ws/install/depthai_descriptions:${GAZEBO_MODEL_PATH} GAZEBO_RESOURCE_PATH=/home/ugv/Desktop/OperationTouchdown/ugv_ws/install/depthai_descriptions:${GAZEBO_RESOURCE_PATH} IGN_GAZEBO_MODEL_PATH=/home/ugv/Desktop/OperationTouchdown/ugv_ws/install/depthai_descriptions:${IGN_GAZEBO_MODEL_PATH} IGN_GAZEBO_RESOURCE_PATH=/home/ugv/Desktop/OperationTouchdown/ugv_ws/install/depthai_descriptions:${IGN_GAZEBO_RESOURCE_PATH} LD_LIBRARY_PATH=/home/ugv/Desktop/OperationTouchdown/ugv_ws/install/depthai_bridge/lib:/home/ugv/Desktop/OperationTouchdown/ugv_ws/install/depthai_ros_msgs/lib:${LD_LIBRARY_PATH} PYTHONPATH=/home/ugv/Desktop/OperationTouchdown/ugv_ws/install/depthai_ros_msgs/lib/python3.12/site-packages:${PYTHONPATH} /usr/bin/cmake --install /home/ugv/Desktop/OperationTouchdown/ugv_ws/build/depthai_ros_driver
[168.935s] -- Install configuration: ""
[168.936s] -- Execute custom install script
[168.937s] -- Symlinking: /home/ugv/Desktop/OperationTouchdown/ugv_ws/install/depthai_ros_driver/share/depthai_ros_driver//plugins.xml
[168.957s] -- Symlinking: /home/ugv/Desktop/OperationTouchdown/ugv_ws/install/depthai_ros_driver/share/depthai_ros_driver/environment/library_path.sh
[168.976s] -- Symlinking: /home/ugv/Desktop/OperationTouchdown/ugv_ws/install/depthai_ros_driver/share/depthai_ros_driver/environment/library_path.dsv
[168.996s] -- Symlinking: /home/ugv/Desktop/OperationTouchdown/ugv_ws/install/depthai_ros_driver/share/depthai_ros_driver/launch/calibration.launch.py
[169.016s] -- Symlinking: /home/ugv/Desktop/OperationTouchdown/ugv_ws/install/depthai_ros_driver/share/depthai_ros_driver/launch/camera.launch.py
[169.036s] -- Symlinking: /home/ugv/Desktop/OperationTouchdown/ugv_ws/install/depthai_ros_driver/share/depthai_ros_driver/launch/camera_as_part_of_a_robot.launch.py
[169.055s] -- Symlinking: /home/ugv/Desktop/OperationTouchdown/ugv_ws/install/depthai_ros_driver/share/depthai_ros_driver/launch/example_marker_publish.launch.py
[169.075s] -- Symlinking: /home/ugv/Desktop/OperationTouchdown/ugv_ws/install/depthai_ros_driver/share/depthai_ros_driver/launch/example_multicam.launch.py
[169.094s] -- Symlinking: /home/ugv/Desktop/OperationTouchdown/ugv_ws/install/depthai_ros_driver/share/depthai_ros_driver/launch/example_segmentation.launch.py
[169.114s] -- Symlinking: /home/ugv/Desktop/OperationTouchdown/ugv_ws/install/depthai_ros_driver/share/depthai_ros_driver/launch/oak_t.launch.py
[169.133s] -- Symlinking: /home/ugv/Desktop/OperationTouchdown/ugv_ws/install/depthai_ros_driver/share/depthai_ros_driver/launch/pointcloud.launch.py
[169.152s] -- Symlinking: /home/ugv/Desktop/OperationTouchdown/ugv_ws/install/depthai_ros_driver/share/depthai_ros_driver/launch/rgbd_pcl.launch.py
[169.172s] -- Symlinking: /home/ugv/Desktop/OperationTouchdown/ugv_ws/install/depthai_ros_driver/share/depthai_ros_driver/launch/rtabmap.launch.py
[169.191s] -- Symlinking: /home/ugv/Desktop/OperationTouchdown/ugv_ws/install/depthai_ros_driver/share/depthai_ros_driver/launch/sr_poe_rgbd_pcl.launch.py
[169.211s] -- Symlinking: /home/ugv/Desktop/OperationTouchdown/ugv_ws/install/depthai_ros_driver/share/depthai_ros_driver/launch/sr_rgbd_pcl.launch.py
[169.230s] -- Symlinking: /home/ugv/Desktop/OperationTouchdown/ugv_ws/install/depthai_ros_driver/share/depthai_ros_driver/launch/stereo_from_rosbag.launch.py
[169.251s] -- Symlinking: /home/ugv/Desktop/OperationTouchdown/ugv_ws/install/depthai_ros_driver/share/depthai_ros_driver/config/calibration.yaml
[169.271s] -- Symlinking: /home/ugv/Desktop/OperationTouchdown/ugv_ws/install/depthai_ros_driver/share/depthai_ros_driver/config/calibration/left.yaml
[169.292s] -- Symlinking: /home/ugv/Desktop/OperationTouchdown/ugv_ws/install/depthai_ros_driver/share/depthai_ros_driver/config/calibration/rgb.yaml
[169.312s] -- Symlinking: /home/ugv/Desktop/OperationTouchdown/ugv_ws/install/depthai_ros_driver/share/depthai_ros_driver/config/calibration/right.yaml
[169.330s] -- Symlinking: /home/ugv/Desktop/OperationTouchdown/ugv_ws/install/depthai_ros_driver/share/depthai_ros_driver/config/camera.yaml
[169.350s] -- Symlinking: /home/ugv/Desktop/OperationTouchdown/ugv_ws/install/depthai_ros_driver/share/depthai_ros_driver/config/isaac_vslam.yaml
[169.369s] -- Symlinking: /home/ugv/Desktop/OperationTouchdown/ugv_ws/install/depthai_ros_driver/share/depthai_ros_driver/config/low_bandwidth.yaml
[169.390s] -- Symlinking: /home/ugv/Desktop/OperationTouchdown/ugv_ws/install/depthai_ros_driver/share/depthai_ros_driver/config/multicam_example.yaml
[169.410s] -- Symlinking: /home/ugv/Desktop/OperationTouchdown/ugv_ws/install/depthai_ros_driver/share/depthai_ros_driver/config/nn/mobilenet.json
[169.429s] -- Symlinking: /home/ugv/Desktop/OperationTouchdown/ugv_ws/install/depthai_ros_driver/share/depthai_ros_driver/config/nn/segmentation.json
[169.448s] -- Symlinking: /home/ugv/Desktop/OperationTouchdown/ugv_ws/install/depthai_ros_driver/share/depthai_ros_driver/config/nn/yolo.json
[169.468s] -- Symlinking: /home/ugv/Desktop/OperationTouchdown/ugv_ws/install/depthai_ros_driver/share/depthai_ros_driver/config/oak_d_pro_w.yaml
[169.486s] -- Symlinking: /home/ugv/Desktop/OperationTouchdown/ugv_ws/install/depthai_ros_driver/share/depthai_ros_driver/config/oak_d_sr.yaml
[169.506s] -- Symlinking: /home/ugv/Desktop/OperationTouchdown/ugv_ws/install/depthai_ros_driver/share/depthai_ros_driver/config/oak_t.yaml
[169.525s] -- Symlinking: /home/ugv/Desktop/OperationTouchdown/ugv_ws/install/depthai_ros_driver/share/depthai_ros_driver/config/pcl.yaml
[169.545s] -- Symlinking: /home/ugv/Desktop/OperationTouchdown/ugv_ws/install/depthai_ros_driver/share/depthai_ros_driver/config/rgbd.yaml
[169.564s] -- Symlinking: /home/ugv/Desktop/OperationTouchdown/ugv_ws/install/depthai_ros_driver/share/depthai_ros_driver/config/rviz/multicam.rviz
[169.584s] -- Symlinking: /home/ugv/Desktop/OperationTouchdown/ugv_ws/install/depthai_ros_driver/share/depthai_ros_driver/config/rviz/rgbd.rviz
[169.604s] -- Symlinking: /home/ugv/Desktop/OperationTouchdown/ugv_ws/install/depthai_ros_driver/share/depthai_ros_driver/config/rviz/segmentation.rviz
[169.623s] -- Symlinking: /home/ugv/Desktop/OperationTouchdown/ugv_ws/install/depthai_ros_driver/share/depthai_ros_driver/config/segmentation.yaml
[169.644s] -- Symlinking: /home/ugv/Desktop/OperationTouchdown/ugv_ws/install/depthai_ros_driver/share/depthai_ros_driver/config/spatial_yolo.yaml
[169.664s] -- Symlinking: /home/ugv/Desktop/OperationTouchdown/ugv_ws/install/depthai_ros_driver/share/depthai_ros_driver/config/sr_poe_rgbd.yaml
[169.683s] -- Symlinking: /home/ugv/Desktop/OperationTouchdown/ugv_ws/install/depthai_ros_driver/share/depthai_ros_driver/config/sr_rgbd.yaml
[169.703s] -- Symlinking: /home/ugv/Desktop/OperationTouchdown/ugv_ws/install/depthai_ros_driver/share/depthai_ros_driver/config/stereo_from_rosbag.yaml
[169.722s] -- Symlinking: /home/ugv/Desktop/OperationTouchdown/ugv_ws/install/depthai_ros_driver/lib/depthai_ros_driver/camera_node
[169.742s] -- Symlinking: /home/ugv/Desktop/OperationTouchdown/ugv_ws/install/depthai_ros_driver/share/depthai_ros_driver/environment/pythonpath.sh
[169.763s] -- Symlinking: /home/ugv/Desktop/OperationTouchdown/ugv_ws/install/depthai_ros_driver/share/depthai_ros_driver/environment/pythonpath.dsv
[169.782s] -- Symlinking: /home/ugv/Desktop/OperationTouchdown/ugv_ws/install/depthai_ros_driver/lib/python3.12/site-packages/depthai_ros_driver-2.12.2-py3.12.egg-info/PKG-INFO
[169.802s] -- Symlinking: /home/ugv/Desktop/OperationTouchdown/ugv_ws/install/depthai_ros_driver/lib/python3.12/site-packages/depthai_ros_driver-2.12.2-py3.12.egg-info/SOURCES.txt
[169.822s] -- Symlinking: /home/ugv/Desktop/OperationTouchdown/ugv_ws/install/depthai_ros_driver/lib/python3.12/site-packages/depthai_ros_driver-2.12.2-py3.12.egg-info/dependency_links.txt
[169.841s] -- Symlinking: /home/ugv/Desktop/OperationTouchdown/ugv_ws/install/depthai_ros_driver/lib/python3.12/site-packages/depthai_ros_driver-2.12.2-py3.12.egg-info/top_level.txt
[169.861s] -- Symlinking: /home/ugv/Desktop/OperationTouchdown/ugv_ws/install/depthai_ros_driver/lib/python3.12/site-packages/depthai_ros_driver/__init__.py
[169.881s] -- Symlinking: /home/ugv/Desktop/OperationTouchdown/ugv_ws/install/depthai_ros_driver/lib/depthai_ros_driver/obj_pub.py
[169.902s] -- Symlinking: /home/ugv/Desktop/OperationTouchdown/ugv_ws/install/depthai_ros_driver/include/depthai_ros_driver/camera.hpp
[169.923s] -- Symlinking: /home/ugv/Desktop/OperationTouchdown/ugv_ws/install/depthai_ros_driver/include/depthai_ros_driver/dai_nodes/base_node.hpp
[169.944s] -- Symlinking: /home/ugv/Desktop/OperationTouchdown/ugv_ws/install/depthai_ros_driver/include/depthai_ros_driver/dai_nodes/nn/detection.hpp
[169.965s] -- Symlinking: /home/ugv/Desktop/OperationTouchdown/ugv_ws/install/depthai_ros_driver/include/depthai_ros_driver/dai_nodes/nn/nn_helpers.hpp
[169.984s] -- Symlinking: /home/ugv/Desktop/OperationTouchdown/ugv_ws/install/depthai_ros_driver/include/depthai_ros_driver/dai_nodes/nn/nn_wrapper.hpp
[170.003s] -- Symlinking: /home/ugv/Desktop/OperationTouchdown/ugv_ws/install/depthai_ros_driver/include/depthai_ros_driver/dai_nodes/nn/segmentation.hpp
[170.022s] -- Symlinking: /home/ugv/Desktop/OperationTouchdown/ugv_ws/install/depthai_ros_driver/include/depthai_ros_driver/dai_nodes/nn/spatial_detection.hpp
[170.042s] -- Symlinking: /home/ugv/Desktop/OperationTouchdown/ugv_ws/install/depthai_ros_driver/include/depthai_ros_driver/dai_nodes/nn/spatial_nn_wrapper.hpp
[170.062s] -- Symlinking: /home/ugv/Desktop/OperationTouchdown/ugv_ws/install/depthai_ros_driver/include/depthai_ros_driver/dai_nodes/sensors/feature_tracker.hpp
[170.081s] -- Symlinking: /home/ugv/Desktop/OperationTouchdown/ugv_ws/install/depthai_ros_driver/include/depthai_ros_driver/dai_nodes/sensors/img_pub.hpp
[170.101s] -- Symlinking: /home/ugv/Desktop/OperationTouchdown/ugv_ws/install/depthai_ros_driver/include/depthai_ros_driver/dai_nodes/sensors/imu.hpp
[170.121s] -- Symlinking: /home/ugv/Desktop/OperationTouchdown/ugv_ws/install/depthai_ros_driver/include/depthai_ros_driver/dai_nodes/sensors/mono.hpp
[170.140s] -- Symlinking: /home/ugv/Desktop/OperationTouchdown/ugv_ws/install/depthai_ros_driver/include/depthai_ros_driver/dai_nodes/sensors/rgb.hpp
[170.159s] -- Symlinking: /home/ugv/Desktop/OperationTouchdown/ugv_ws/install/depthai_ros_driver/include/depthai_ros_driver/dai_nodes/sensors/sensor_helpers.hpp
[170.179s] -- Symlinking: /home/ugv/Desktop/OperationTouchdown/ugv_ws/install/depthai_ros_driver/include/depthai_ros_driver/dai_nodes/sensors/sensor_wrapper.hpp
[170.198s] -- Symlinking: /home/ugv/Desktop/OperationTouchdown/ugv_ws/install/depthai_ros_driver/include/depthai_ros_driver/dai_nodes/sensors/stereo.hpp
[170.218s] -- Symlinking: /home/ugv/Desktop/OperationTouchdown/ugv_ws/install/depthai_ros_driver/include/depthai_ros_driver/dai_nodes/sensors/sync.hpp
[170.237s] -- Symlinking: /home/ugv/Desktop/OperationTouchdown/ugv_ws/install/depthai_ros_driver/include/depthai_ros_driver/dai_nodes/sensors/thermal.hpp
[170.257s] -- Symlinking: /home/ugv/Desktop/OperationTouchdown/ugv_ws/install/depthai_ros_driver/include/depthai_ros_driver/dai_nodes/sensors/tof.hpp
[170.276s] -- Symlinking: /home/ugv/Desktop/OperationTouchdown/ugv_ws/install/depthai_ros_driver/include/depthai_ros_driver/dai_nodes/stereo.hpp
[170.296s] -- Symlinking: /home/ugv/Desktop/OperationTouchdown/ugv_ws/install/depthai_ros_driver/include/depthai_ros_driver/dai_nodes/sys_logger.hpp
[170.315s] -- Symlinking: /home/ugv/Desktop/OperationTouchdown/ugv_ws/install/depthai_ros_driver/include/depthai_ros_driver/param_handlers/base_param_handler.hpp
[170.335s] -- Symlinking: /home/ugv/Desktop/OperationTouchdown/ugv_ws/install/depthai_ros_driver/include/depthai_ros_driver/param_handlers/camera_param_handler.hpp
[170.355s] -- Symlinking: /home/ugv/Desktop/OperationTouchdown/ugv_ws/install/depthai_ros_driver/include/depthai_ros_driver/param_handlers/feature_tracker_param_handler.hpp
[170.374s] -- Symlinking: /home/ugv/Desktop/OperationTouchdown/ugv_ws/install/depthai_ros_driver/include/depthai_ros_driver/param_handlers/imu_param_handler.hpp
[170.394s] -- Symlinking: /home/ugv/Desktop/OperationTouchdown/ugv_ws/install/depthai_ros_driver/include/depthai_ros_driver/param_handlers/nn_param_handler.hpp
[170.413s] -- Symlinking: /home/ugv/Desktop/OperationTouchdown/ugv_ws/install/depthai_ros_driver/include/depthai_ros_driver/param_handlers/pipeline_gen_param_handler.hpp
[170.432s] -- Symlinking: /home/ugv/Desktop/OperationTouchdown/ugv_ws/install/depthai_ros_driver/include/depthai_ros_driver/param_handlers/sensor_param_handler.hpp
[170.451s] -- Symlinking: /home/ugv/Desktop/OperationTouchdown/ugv_ws/install/depthai_ros_driver/include/depthai_ros_driver/param_handlers/stereo_param_handler.hpp
[170.470s] -- Symlinking: /home/ugv/Desktop/OperationTouchdown/ugv_ws/install/depthai_ros_driver/include/depthai_ros_driver/param_handlers/sync_param_handler.hpp
[170.489s] -- Symlinking: /home/ugv/Desktop/OperationTouchdown/ugv_ws/install/depthai_ros_driver/include/depthai_ros_driver/param_handlers/tof_param_handler.hpp
[170.509s] -- Symlinking: /home/ugv/Desktop/OperationTouchdown/ugv_ws/install/depthai_ros_driver/include/depthai_ros_driver/pipeline/base_pipeline.hpp
[170.529s] -- Symlinking: /home/ugv/Desktop/OperationTouchdown/ugv_ws/install/depthai_ros_driver/include/depthai_ros_driver/pipeline/base_types.hpp
[170.548s] -- Symlinking: /home/ugv/Desktop/OperationTouchdown/ugv_ws/install/depthai_ros_driver/include/depthai_ros_driver/pipeline/pipeline_generator.hpp
[170.567s] -- Symlinking: /home/ugv/Desktop/OperationTouchdown/ugv_ws/install/depthai_ros_driver/include/depthai_ros_driver/utils.hpp
[170.587s] -- Symlinking: /home/ugv/Desktop/OperationTouchdown/ugv_ws/install/depthai_ros_driver/share/ament_index/resource_index/package_run_dependencies/depthai_ros_driver
[170.607s] -- Symlinking: /home/ugv/Desktop/OperationTouchdown/ugv_ws/install/depthai_ros_driver/share/ament_index/resource_index/parent_prefix_path/depthai_ros_driver
[170.626s] -- Symlinking: /home/ugv/Desktop/OperationTouchdown/ugv_ws/install/depthai_ros_driver/share/depthai_ros_driver/environment/ament_prefix_path.sh
[170.646s] -- Symlinking: /home/ugv/Desktop/OperationTouchdown/ugv_ws/install/depthai_ros_driver/share/depthai_ros_driver/environment/ament_prefix_path.dsv
[170.666s] -- Symlinking: /home/ugv/Desktop/OperationTouchdown/ugv_ws/install/depthai_ros_driver/share/depthai_ros_driver/environment/path.sh
[170.686s] -- Symlinking: /home/ugv/Desktop/OperationTouchdown/ugv_ws/install/depthai_ros_driver/share/depthai_ros_driver/environment/path.dsv
[170.706s] -- Symlinking: /home/ugv/Desktop/OperationTouchdown/ugv_ws/install/depthai_ros_driver/share/depthai_ros_driver/local_setup.bash
[170.726s] -- Symlinking: /home/ugv/Desktop/OperationTouchdown/ugv_ws/install/depthai_ros_driver/share/depthai_ros_driver/local_setup.sh
[170.745s] -- Symlinking: /home/ugv/Desktop/OperationTouchdown/ugv_ws/install/depthai_ros_driver/share/depthai_ros_driver/local_setup.zsh
[170.764s] -- Symlinking: /home/ugv/Desktop/OperationTouchdown/ugv_ws/install/depthai_ros_driver/share/depthai_ros_driver/local_setup.dsv
[170.784s] -- Symlinking: /home/ugv/Desktop/OperationTouchdown/ugv_ws/install/depthai_ros_driver/share/depthai_ros_driver/package.dsv
[170.804s] -- Symlinking: /home/ugv/Desktop/OperationTouchdown/ugv_ws/install/depthai_ros_driver/share/ament_index/resource_index/packages/depthai_ros_driver
[170.824s] -- Symlinking: /home/ugv/Desktop/OperationTouchdown/ugv_ws/install/depthai_ros_driver/share/ament_index/resource_index/rclcpp_components/depthai_ros_driver
[170.843s] -- Symlinking: /home/ugv/Desktop/OperationTouchdown/ugv_ws/install/depthai_ros_driver/share/ament_index/resource_index/depthai_ros_driver__pluginlib__plugin/depthai_ros_driver
[170.863s] -- Symlinking: /home/ugv/Desktop/OperationTouchdown/ugv_ws/install/depthai_ros_driver/share/depthai_ros_driver/cmake/ament_cmake_export_include_directories-extras.cmake
[170.883s] -- Symlinking: /home/ugv/Desktop/OperationTouchdown/ugv_ws/install/depthai_ros_driver/share/depthai_ros_driver/cmake/ament_cmake_export_targets-extras.cmake
[170.903s] -- Symlinking: /home/ugv/Desktop/OperationTouchdown/ugv_ws/install/depthai_ros_driver/share/depthai_ros_driver/cmake/ament_cmake_export_libraries-extras.cmake
[170.922s] -- Symlinking: /home/ugv/Desktop/OperationTouchdown/ugv_ws/install/depthai_ros_driver/share/depthai_ros_driver/cmake/ament_cmake_export_dependencies-extras.cmake
[170.941s] -- Symlinking: /home/ugv/Desktop/OperationTouchdown/ugv_ws/install/depthai_ros_driver/share/depthai_ros_driver/cmake/depthai_ros_driverConfig.cmake
[170.961s] -- Symlinking: /home/ugv/Desktop/OperationTouchdown/ugv_ws/install/depthai_ros_driver/share/depthai_ros_driver/cmake/depthai_ros_driverConfig-version.cmake
[170.981s] -- Symlinking: /home/ugv/Desktop/OperationTouchdown/ugv_ws/install/depthai_ros_driver/share/depthai_ros_driver/package.xml
[171.000s] -- Installing: /home/ugv/Desktop/OperationTouchdown/ugv_ws/install/depthai_ros_driver/lib/libdepthai_ros_driver.so
[171.016s] -- Set non-toolchain portion of runtime path of "/home/ugv/Desktop/OperationTouchdown/ugv_ws/install/depthai_ros_driver/lib/libdepthai_ros_driver.so" to ""
[171.016s] -- Installing: /home/ugv/Desktop/OperationTouchdown/ugv_ws/install/depthai_ros_driver/lib/libdepthai_ros_driver_sensor_nodes.so
[171.031s] -- Set non-toolchain portion of runtime path of "/home/ugv/Desktop/OperationTouchdown/ugv_ws/install/depthai_ros_driver/lib/libdepthai_ros_driver_sensor_nodes.so" to ""
[171.032s] -- Installing: /home/ugv/Desktop/OperationTouchdown/ugv_ws/install/depthai_ros_driver/lib/libdepthai_ros_driver_nn_nodes.so
[171.039s] -- Set non-toolchain portion of runtime path of "/home/ugv/Desktop/OperationTouchdown/ugv_ws/install/depthai_ros_driver/lib/libdepthai_ros_driver_nn_nodes.so" to ""
[171.039s] -- Installing: /home/ugv/Desktop/OperationTouchdown/ugv_ws/install/depthai_ros_driver/lib/libdepthai_ros_driver_common.so
[171.051s] -- Set non-toolchain portion of runtime path of "/home/ugv/Desktop/OperationTouchdown/ugv_ws/install/depthai_ros_driver/lib/libdepthai_ros_driver_common.so" to ""
[171.051s] -- Installing: /home/ugv/Desktop/OperationTouchdown/ugv_ws/install/depthai_ros_driver/share/depthai_ros_driver/cmake/depthai_ros_driverTargets.cmake
[171.051s] -- Installing: /home/ugv/Desktop/OperationTouchdown/ugv_ws/install/depthai_ros_driver/share/depthai_ros_driver/cmake/depthai_ros_driverTargets-noconfig.cmake
[171.108s] Listing '/home/ugv/Desktop/OperationTouchdown/ugv_ws/install/depthai_ros_driver/lib/python3.12/site-packages/depthai_ros_driver'...
[171.108s] Compiling '/home/ugv/Desktop/OperationTouchdown/ugv_ws/install/depthai_ros_driver/lib/python3.12/site-packages/depthai_ros_driver/__init__.py'...
[171.120s] -- Installing: /home/ugv/Desktop/OperationTouchdown/ugv_ws/install/depthai_ros_driver/share/depthai_ros_driver/cmake/depthai_ros_driverTargetsExport.cmake
[171.120s] -- Installing: /home/ugv/Desktop/OperationTouchdown/ugv_ws/install/depthai_ros_driver/share/depthai_ros_driver/cmake/depthai_ros_driverTargetsExport-noconfig.cmake
[171.124s] Invoked command in '/home/ugv/Desktop/OperationTouchdown/ugv_ws/build/depthai_ros_driver' returned '0': AMENT_PREFIX_PATH=/home/ugv/Desktop/OperationTouchdown/ugv_ws/install/depthai_examples:/home/ugv/Desktop/OperationTouchdown/ugv_ws/install/depthai_bridge:/home/ugv/Desktop/OperationTouchdown/ugv_ws/install/depthai_ros_msgs:/home/ugv/Desktop/OperationTouchdown/ugv_ws/install/depthai_descriptions:${AMENT_PREFIX_PATH} CMAKE_PREFIX_PATH=/home/ugv/Desktop/OperationTouchdown/ugv_ws/install/depthai_examples:/home/ugv/Desktop/OperationTouchdown/ugv_ws/install/depthai_bridge:/home/ugv/Desktop/OperationTouchdown/ugv_ws/install/depthai_ros_msgs:/home/ugv/Desktop/OperationTouchdown/ugv_ws/install/depthai_descriptions:/home/ugv/Desktop/OperationTouchdown/ugv_ws/src/install/roboteq_ros2_driver:/home/ugv/Desktop/OperationTouchdown/ugv_ws/src/install/my_ugv_bringup:/home/ugv/Desktop/OperationTouchdown/ugv_ws/src/install/dual_laser_merger:/home/ugv/Desktop/OperationTouchdown/ugv_ws/install/roboteq_ros2_driver:/home/ugv/Desktop/OperationTouchdown/ugv_ws/install/my_ugv_bringup:/home/ugv/Desktop/OperationTouchdown/ugv_ws/install/dual_laser_merger:/opt/ros/jazzy/opt/gz_sim_vendor:/opt/ros/jazzy/opt/gz_sensors_vendor:/opt/ros/jazzy/opt/gz_physics_vendor:/opt/ros/jazzy/opt/sdformat_vendor:/opt/ros/jazzy/opt/gz_gui_vendor:/opt/ros/jazzy/opt/gz_transport_vendor:/opt/ros/jazzy/opt/gz_rendering_vendor:/opt/ros/jazzy/opt/gz_plugin_vendor:/opt/ros/jazzy/opt/gz_fuel_tools_vendor:/opt/ros/jazzy/opt/gz_msgs_vendor:/opt/ros/jazzy/opt/gz_common_vendor:/opt/ros/jazzy/opt/gz_math_vendor:/opt/ros/jazzy/opt/gz_utils_vendor:/opt/ros/jazzy/opt/gz_tools_vendor:/opt/ros/jazzy/opt/gz_ogre_next_vendor:/opt/ros/jazzy/opt/gz_dartsim_vendor:/opt/ros/jazzy/opt/gz_cmake_vendor:/home/ugv/Desktop/OperationTouchdown/ugv_ws/src/install/my_ugv_vision:/home/ugv/Desktop/OperationTouchdown/ugv_ws/install/my_ugv_vision:/opt/ros/jazzy DEBUGINFOD_URLS=https://debuginfod.ubuntu.com GAZEBO_MODEL_PATH=/home/ugv/Desktop/OperationTouchdown/ugv_ws/install/depthai_descriptions:${GAZEBO_MODEL_PATH} GAZEBO_RESOURCE_PATH=/home/ugv/Desktop/OperationTouchdown/ugv_ws/install/depthai_descriptions:${GAZEBO_RESOURCE_PATH} IGN_GAZEBO_MODEL_PATH=/home/ugv/Desktop/OperationTouchdown/ugv_ws/install/depthai_descriptions:${IGN_GAZEBO_MODEL_PATH} IGN_GAZEBO_RESOURCE_PATH=/home/ugv/Desktop/OperationTouchdown/ugv_ws/install/depthai_descriptions:${IGN_GAZEBO_RESOURCE_PATH} LD_LIBRARY_PATH=/home/ugv/Desktop/OperationTouchdown/ugv_ws/install/depthai_bridge/lib:/home/ugv/Desktop/OperationTouchdown/ugv_ws/install/depthai_ros_msgs/lib:${LD_LIBRARY_PATH} PYTHONPATH=/home/ugv/Desktop/OperationTouchdown/ugv_ws/install/depthai_ros_msgs/lib/python3.12/site-packages:${PYTHONPATH} /usr/bin/cmake --install /home/ugv/Desktop/OperationTouchdown/ugv_ws/build/depthai_ros_driver
