[2.987s] Invoking command in '/home/ground/ugv_repo/OperationTouchdown/ugv_ws/build/my_ugv_hardware': DEBUGINFOD_URLS=https://debuginfod.ubuntu.com PYTHONPATH=/home/ground/ugv_repo/OperationTouchdown/ugv_ws/build/my_ugv_hardware/prefix_override:/usr/lib/python3/dist-packages/colcon_core/task/python/colcon_distutils_commands:/home/ground/ugv_repo/OperationTouchdown/ugv_ws/install/my_ugv_hardware/lib/python3.12/site-packages:${PYTHONPATH} /usr/bin/python3 -W ignore:setup.py install is deprecated -W ignore:easy_install command is deprecated setup.py develop --editable --build-directory /home/ground/ugv_repo/OperationTouchdown/ugv_ws/build/my_ugv_hardware/build --no-deps symlink_data
[3.967s] running develop
[4.679s] running egg_info
[4.679s] creating my_ugv_hardware.egg-info
[4.746s] writing my_ugv_hardware.egg-info/PKG-INFO
[4.752s] writing dependency_links to my_ugv_hardware.egg-info/dependency_links.txt
[4.752s] writing entry points to my_ugv_hardware.egg-info/entry_points.txt
[4.755s] writing requirements to my_ugv_hardware.egg-info/requires.txt
[4.755s] writing top-level names to my_ugv_hardware.egg-info/top_level.txt
[4.755s] writing manifest file 'my_ugv_hardware.egg-info/SOURCES.txt'
[4.861s] reading manifest file 'my_ugv_hardware.egg-info/SOURCES.txt'
[4.862s] writing manifest file 'my_ugv_hardware.egg-info/SOURCES.txt'
[4.906s] running build_ext
[4.906s] Creating /home/ground/ugv_repo/OperationTouchdown/ugv_ws/install/my_ugv_hardware/lib/python3.12/site-packages/my-ugv-hardware.egg-link (link to .)
[4.906s] Installing lora_bridge script to /home/ground/ugv_repo/OperationTouchdown/ugv_ws/install/my_ugv_hardware/lib/my_ugv_hardware
[4.907s] Installing virtual_odom script to /home/ground/ugv_repo/OperationTouchdown/ugv_ws/install/my_ugv_hardware/lib/my_ugv_hardware
[4.907s] 
[4.907s] Installed /home/ground/ugv_repo/OperationTouchdown/ugv_ws/build/my_ugv_hardware
[4.907s] running symlink_data
[4.907s] creating /home/ground/ugv_repo/OperationTouchdown/ugv_ws/install/my_ugv_hardware/share/ament_index
[4.907s] creating /home/ground/ugv_repo/OperationTouchdown/ugv_ws/install/my_ugv_hardware/share/ament_index/resource_index
[4.908s] creating /home/ground/ugv_repo/OperationTouchdown/ugv_ws/install/my_ugv_hardware/share/ament_index/resource_index/packages
[4.908s] symbolically linking /home/ground/ugv_repo/OperationTouchdown/ugv_ws/build/my_ugv_hardware/resource/my_ugv_hardware -> /home/ground/ugv_repo/OperationTouchdown/ugv_ws/install/my_ugv_hardware/share/ament_index/resource_index/packages
[4.908s] symbolically linking /home/ground/ugv_repo/OperationTouchdown/ugv_ws/build/my_ugv_hardware/package.xml -> /home/ground/ugv_repo/OperationTouchdown/ugv_ws/install/my_ugv_hardware/share/my_ugv_hardware
[5.125s] Invoked command in '/home/ground/ugv_repo/OperationTouchdown/ugv_ws/build/my_ugv_hardware' returned '0': DEBUGINFOD_URLS=https://debuginfod.ubuntu.com PYTHONPATH=/home/ground/ugv_repo/OperationTouchdown/ugv_ws/build/my_ugv_hardware/prefix_override:/usr/lib/python3/dist-packages/colcon_core/task/python/colcon_distutils_commands:/home/ground/ugv_repo/OperationTouchdown/ugv_ws/install/my_ugv_hardware/lib/python3.12/site-packages:${PYTHONPATH} /usr/bin/python3 -W ignore:setup.py install is deprecated -W ignore:easy_install command is deprecated setup.py develop --editable --build-directory /home/ground/ugv_repo/OperationTouchdown/ugv_ws/build/my_ugv_hardware/build --no-deps symlink_data
