[0.023s] Invoking command in '/home/ugv/Desktop/OperationTouchdown/ugv_ws/build/dual_laser_merger': CMAKE_PREFIX_PATH=${CMAKE_PREFIX_PATH}:/opt/ros/jazzy DEBUGINFOD_URLS=https://debuginfod.ubuntu.com /usr/bin/cmake /home/ugv/Desktop/OperationTouchdown/ugv_ws/src/dual_laser_merger -DAMENT_CMAKE_SYMLINK_INSTALL=1 -DCMAKE_INSTALL_PREFIX=/home/ugv/Desktop/OperationTouchdown/ugv_ws/install/dual_laser_merger
[0.055s] -- Found ament_cmake_auto: 2.5.6 (/opt/ros/jazzy/share/ament_cmake_auto/cmake)
[0.452s] -- Override CMake install command with custom implementation using symlinks instead of copying resources
[0.677s] -- Found rosidl_generator_c: 4.6.7 (/opt/ros/jazzy/share/rosidl_generator_c/cmake)
[0.691s] -- Found rosidl_generator_cpp: 4.6.7 (/opt/ros/jazzy/share/rosidl_generator_cpp/cmake)
[0.708s] -- Using all available rosidl_typesupport_c: rosidl_typesupport_fastrtps_c;rosidl_typesupport_introspection_c
[0.736s] -- Using all available rosidl_typesupport_cpp: rosidl_typesupport_fastrtps_cpp;rosidl_typesupport_introspection_cpp
[0.824s] -- Found rmw_implementation_cmake: 7.3.3 (/opt/ros/jazzy/share/rmw_implementation_cmake/cmake)
[0.827s] -- Found rmw_fastrtps_cpp: 8.4.3 (/opt/ros/jazzy/share/rmw_fastrtps_cpp/cmake)
[0.926s] -- Using RMW implementation 'rmw_fastrtps_cpp' as default
[1.217s] [33mCMake Warning (dev) at /usr/lib/aarch64-linux-gnu/cmake/pcl/Modules/FindFLANN.cmake:45 (find_package):
[1.217s]   Policy CMP0144 is not set: find_package uses upper-case <PACKAGENAME>_ROOT
[1.218s]   variables.  Run "cmake --help-policy CMP0144" for policy details.  Use the
[1.218s]   cmake_policy command to set the policy and suppress this warning.
[1.218s] 
[1.218s]   CMake variable FLANN_ROOT is set to:
[1.218s] 
[1.218s]     /usr
[1.218s] 
[1.218s]   For compatibility, find_package is ignoring the variable, but code in a
[1.218s]   .cmake module might still use it.
[1.218s] Call Stack (most recent call first):
[1.218s]   /usr/lib/aarch64-linux-gnu/cmake/pcl/PCLConfig.cmake:261 (find_package)
[1.219s]   /usr/lib/aarch64-linux-gnu/cmake/pcl/PCLConfig.cmake:306 (find_flann)
[1.219s]   /usr/lib/aarch64-linux-gnu/cmake/pcl/PCLConfig.cmake:570 (find_external_library)
[1.219s]   /opt/ros/jazzy/share/pcl_conversions/cmake/ament_cmake_export_dependencies-extras.cmake:21 (find_package)
[1.219s]   /opt/ros/jazzy/share/pcl_conversions/cmake/pcl_conversionsConfig.cmake:41 (include)
[1.219s]   /opt/ros/jazzy/share/ament_cmake_auto/cmake/ament_auto_find_build_dependencies.cmake:67 (find_package)
[1.219s]   CMakeLists.txt:9 (ament_auto_find_build_dependencies)
[1.219s] This warning is for project developers.  Use -Wno-dev to suppress it.
[1.219s] [0m
[1.219s] -- Found flann version 1.9.2
[1.933s] -- OpenNI found (version: 1.5.4.0, include: /usr/include/ni, lib: /usr/lib/libOpenNI.so;libusb::libusb)
[1.946s] -- OpenNI2 found (version: 2.2.0.33, include: /usr/include/openni2, lib: /usr/lib/aarch64-linux-gnu/libOpenNI2.so;libusb::libusb)
[1.951s] -- Could NOT find Pcap (missing: PCAP_LIBRARIES PCAP_INCLUDE_DIRS) 
[2.689s] -- OpenNI found (version: 1.5.4.0, include: /usr/include/ni, lib: /usr/lib/libOpenNI.so;libusb::libusb)
[2.700s] -- OpenNI2 found (version: 2.2.0.33, include: /usr/include/openni2, lib: /usr/lib/aarch64-linux-gnu/libOpenNI2.so;libusb::libusb)
[3.358s] -- Found Qhull version 8.0.2
[4.035s] -- OpenNI found (version: 1.5.4.0, include: /usr/include/ni, lib: /usr/lib/libOpenNI.so;libusb::libusb)
[4.858s] -- Found ament_lint_auto: 0.17.5 (/opt/ros/jazzy/share/ament_lint_auto/cmake)
[4.924s] [0mIn this package, headers install destination is set to `include` by ament_auto_package. It is recommended to install `include/dual_laser_merger` instead and will be the default behavior of ament_auto_package from ROS 2 Kilted Kaiju. On distributions before Kilted, ament_auto_package behaves the same way when you use USE_SCOPED_HEADER_INSTALL_DIR option.[0m
[4.933s] -- Added test 'cppcheck' to perform static code analysis on C / C++ code
[4.933s] -- Configured cppcheck include dirs: /home/ugv/Desktop/OperationTouchdown/ugv_ws/src/dual_laser_merger/include
[4.934s] -- Configured cppcheck exclude dirs and/or files: 
[4.934s] -- Added test 'flake8' to check Python code syntax and style conventions
[4.934s] -- Configured 'flake8' exclude dirs and/or files: 
[4.935s] -- Added test 'lint_cmake' to check CMake code style
[4.935s] -- Added test 'pep257' to check Python code against some of the docstring style conventions in PEP 257
[4.937s] -- Added test 'uncrustify' to check C / C++ code style
[4.937s] -- Configured uncrustify additional arguments: 
[4.938s] -- Added test 'xmllint' to check XML markup files
[4.941s] -- Configuring done (4.9s)
[5.022s] -- Generating done (0.1s)
[5.039s] -- Build files have been written to: /home/ugv/Desktop/OperationTouchdown/ugv_ws/build/dual_laser_merger
[5.080s] Invoked command in '/home/ugv/Desktop/OperationTouchdown/ugv_ws/build/dual_laser_merger' returned '0': CMAKE_PREFIX_PATH=${CMAKE_PREFIX_PATH}:/opt/ros/jazzy DEBUGINFOD_URLS=https://debuginfod.ubuntu.com /usr/bin/cmake /home/ugv/Desktop/OperationTouchdown/ugv_ws/src/dual_laser_merger -DAMENT_CMAKE_SYMLINK_INSTALL=1 -DCMAKE_INSTALL_PREFIX=/home/ugv/Desktop/OperationTouchdown/ugv_ws/install/dual_laser_merger
[5.083s] Invoking command in '/home/ugv/Desktop/OperationTouchdown/ugv_ws/build/dual_laser_merger': CMAKE_PREFIX_PATH=${CMAKE_PREFIX_PATH}:/opt/ros/jazzy DEBUGINFOD_URLS=https://debuginfod.ubuntu.com /usr/bin/cmake --build /home/ugv/Desktop/OperationTouchdown/ugv_ws/build/dual_laser_merger -- -j4 -l4
[5.209s] [ 50%] Built target dual_laser_merger_node
[5.223s] [100%] Built target dual_laser_merger
[5.248s] Invoked command in '/home/ugv/Desktop/OperationTouchdown/ugv_ws/build/dual_laser_merger' returned '0': CMAKE_PREFIX_PATH=${CMAKE_PREFIX_PATH}:/opt/ros/jazzy DEBUGINFOD_URLS=https://debuginfod.ubuntu.com /usr/bin/cmake --build /home/ugv/Desktop/OperationTouchdown/ugv_ws/build/dual_laser_merger -- -j4 -l4
[5.250s] Invoking command in '/home/ugv/Desktop/OperationTouchdown/ugv_ws/build/dual_laser_merger': CMAKE_PREFIX_PATH=${CMAKE_PREFIX_PATH}:/opt/ros/jazzy DEBUGINFOD_URLS=https://debuginfod.ubuntu.com /usr/bin/cmake --install /home/ugv/Desktop/OperationTouchdown/ugv_ws/build/dual_laser_merger
[5.268s] -- Install configuration: ""
[5.268s] -- Execute custom install script
[5.269s] -- Up-to-date symlink: /home/ugv/Desktop/OperationTouchdown/ugv_ws/install/dual_laser_merger/lib/dual_laser_merger/dual_laser_merger_node
[5.269s] -- Up-to-date symlink: /home/ugv/Desktop/OperationTouchdown/ugv_ws/install/dual_laser_merger/include/dual_laser_merger/include/dual_laser_merger/dual_laser_merger.hpp
[5.270s] -- Up-to-date symlink: /home/ugv/Desktop/OperationTouchdown/ugv_ws/install/dual_laser_merger/share/dual_laser_merger/demo_laser_merger.launch.py
[5.270s] -- Up-to-date symlink: /home/ugv/Desktop/OperationTouchdown/ugv_ws/install/dual_laser_merger/share/dual_laser_merger/bag/dual_lidar/dual_lidar_0.mcap
[5.270s] -- Up-to-date symlink: /home/ugv/Desktop/OperationTouchdown/ugv_ws/install/dual_laser_merger/share/dual_laser_merger/bag/dual_lidar/metadata.yaml
[5.271s] -- Up-to-date symlink: /home/ugv/Desktop/OperationTouchdown/ugv_ws/install/dual_laser_merger/share/dual_laser_merger/config/rviz_config.rviz
[5.271s] -- Up-to-date symlink: /home/ugv/Desktop/OperationTouchdown/ugv_ws/install/dual_laser_merger/include/dual_laser_merger/dual_laser_merger.hpp
[5.271s] -- Up-to-date symlink: /home/ugv/Desktop/OperationTouchdown/ugv_ws/install/dual_laser_merger/share/dual_laser_merger/environment/library_path.sh
[5.272s] -- Up-to-date symlink: /home/ugv/Desktop/OperationTouchdown/ugv_ws/install/dual_laser_merger/share/dual_laser_merger/environment/library_path.dsv
[5.272s] -- Up-to-date symlink: /home/ugv/Desktop/OperationTouchdown/ugv_ws/install/dual_laser_merger/lib/libdual_laser_merger.so
[5.272s] -- Up-to-date symlink: /home/ugv/Desktop/OperationTouchdown/ugv_ws/install/dual_laser_merger/share/ament_index/resource_index/package_run_dependencies/dual_laser_merger
[5.272s] -- Up-to-date symlink: /home/ugv/Desktop/OperationTouchdown/ugv_ws/install/dual_laser_merger/share/ament_index/resource_index/parent_prefix_path/dual_laser_merger
[5.273s] -- Up-to-date symlink: /home/ugv/Desktop/OperationTouchdown/ugv_ws/install/dual_laser_merger/share/dual_laser_merger/environment/ament_prefix_path.sh
[5.273s] -- Up-to-date symlink: /home/ugv/Desktop/OperationTouchdown/ugv_ws/install/dual_laser_merger/share/dual_laser_merger/environment/ament_prefix_path.dsv
[5.273s] -- Up-to-date symlink: /home/ugv/Desktop/OperationTouchdown/ugv_ws/install/dual_laser_merger/share/dual_laser_merger/environment/path.sh
[5.273s] -- Up-to-date symlink: /home/ugv/Desktop/OperationTouchdown/ugv_ws/install/dual_laser_merger/share/dual_laser_merger/environment/path.dsv
[5.274s] -- Up-to-date symlink: /home/ugv/Desktop/OperationTouchdown/ugv_ws/install/dual_laser_merger/share/dual_laser_merger/local_setup.bash
[5.274s] -- Up-to-date symlink: /home/ugv/Desktop/OperationTouchdown/ugv_ws/install/dual_laser_merger/share/dual_laser_merger/local_setup.sh
[5.274s] -- Up-to-date symlink: /home/ugv/Desktop/OperationTouchdown/ugv_ws/install/dual_laser_merger/share/dual_laser_merger/local_setup.zsh
[5.274s] -- Up-to-date symlink: /home/ugv/Desktop/OperationTouchdown/ugv_ws/install/dual_laser_merger/share/dual_laser_merger/local_setup.dsv
[5.274s] -- Symlinking: /home/ugv/Desktop/OperationTouchdown/ugv_ws/install/dual_laser_merger/share/dual_laser_merger/package.dsv
[5.294s] -- Up-to-date symlink: /home/ugv/Desktop/OperationTouchdown/ugv_ws/install/dual_laser_merger/share/ament_index/resource_index/packages/dual_laser_merger
[5.294s] -- Up-to-date symlink: /home/ugv/Desktop/OperationTouchdown/ugv_ws/install/dual_laser_merger/share/ament_index/resource_index/rclcpp_components/dual_laser_merger
[5.295s] -- Up-to-date symlink: /home/ugv/Desktop/OperationTouchdown/ugv_ws/install/dual_laser_merger/share/dual_laser_merger/cmake/ament_cmake_export_dependencies-extras.cmake
[5.295s] -- Up-to-date symlink: /home/ugv/Desktop/OperationTouchdown/ugv_ws/install/dual_laser_merger/share/dual_laser_merger/cmake/ament_cmake_export_include_directories-extras.cmake
[5.295s] -- Up-to-date symlink: /home/ugv/Desktop/OperationTouchdown/ugv_ws/install/dual_laser_merger/share/dual_laser_merger/cmake/ament_cmake_export_libraries-extras.cmake
[5.295s] -- Up-to-date symlink: /home/ugv/Desktop/OperationTouchdown/ugv_ws/install/dual_laser_merger/share/dual_laser_merger/cmake/dual_laser_mergerConfig.cmake
[5.296s] -- Up-to-date symlink: /home/ugv/Desktop/OperationTouchdown/ugv_ws/install/dual_laser_merger/share/dual_laser_merger/cmake/dual_laser_mergerConfig-version.cmake
[5.296s] -- Up-to-date symlink: /home/ugv/Desktop/OperationTouchdown/ugv_ws/install/dual_laser_merger/share/dual_laser_merger/package.xml
[5.299s] Invoked command in '/home/ugv/Desktop/OperationTouchdown/ugv_ws/build/dual_laser_merger' returned '0': CMAKE_PREFIX_PATH=${CMAKE_PREFIX_PATH}:/opt/ros/jazzy DEBUGINFOD_URLS=https://debuginfod.ubuntu.com /usr/bin/cmake --install /home/ugv/Desktop/OperationTouchdown/ugv_ws/build/dual_laser_merger
