In file included from [01m[K/home/ground/ugv_ws/src/depthai-ros/depthai_bridge/src/GridMapConverter.cpp:1[m[K:
[01m[K/home/ground/ugv_ws/src/depthai-ros/depthai_bridge/include/depthai_bridge/GridMapConverter.hpp:7:10:[m[K [01;31m[Kfatal error: [m[Kdepthai/pipeline/datatype/MapData.hpp: No such file or directory
    7 | #include [01;31m[K"depthai/pipeline/datatype/MapData.hpp"[m[K
      |          [01;31m[K^~~~~~~~~~~~~~~~~~~~~~~~~~~~~~~~~~~~~~~[m[K
compilation terminated.
gmake[2]: *** [CMakeFiles/depthai_bridge.dir/build.make:104: CMakeFiles/depthai_bridge.dir/src/GridMapConverter.cpp.o] Error 1
gmake[2]: *** Waiting for unfinished jobs....
In file included from [01m[K/home/ground/ugv_ws/src/depthai-ros/depthai_bridge/src/ImageConverter.cpp:1[m[K:
[01m[K/home/ground/ugv_ws/src/depthai-ros/depthai_bridge/include/depthai_bridge/ImageConverter.hpp:9:10:[m[K [01;31m[Kfatal error: [m[Kdepthai/common/Point2f.hpp: No such file or directory
    9 | #include [01;31m[K"depthai/common/Point2f.hpp"[m[K
      |          [01;31m[K^~~~~~~~~~~~~~~~~~~~~~~~~~~~[m[K
compilation terminated.
gmake[2]: *** [CMakeFiles/depthai_bridge.dir/build.make:118: CMakeFiles/depthai_bridge.dir/src/ImageConverter.cpp.o] Error 1
[01m[K/home/ground/ugv_ws/src/depthai-ros/depthai_bridge/src/ImgDetectionConverter.cpp:[m[K In member function ‘[01m[Kvoid depthai_bridge::ImgDetectionConverter::[01;32m[KtoRosMsg[m[K(std::shared_ptr<dai::ImgDetections>, std::deque<vision_msgs::msg::Detection2DArray_<std::allocator<void> > >&)[m[K’:
[01m[K/home/ground/ugv_ws/src/depthai-ros/depthai_bridge/src/ImgDetectionConverter.cpp:17:36:[m[K [01;31m[Kerror: [m[K‘[01m[Kusing std::__shared_ptr_access<dai::ImgDetections, __gnu_cxx::_S_atomic, false, false>::element_type = class dai::ImgDetections[m[K’ {aka ‘[01m[Kclass dai::ImgDetections[m[K’} has no member named ‘[01m[Ktransformation[m[K’
   17 |     auto [width, height] = inData->[01;31m[Ktransformation[m[K->getSize();
      |                                    [01;31m[K^~~~~~~~~~~~~~[m[K
[01m[K/home/ground/ugv_ws/src/depthai-ros/depthai_bridge/src/ImgDetectionConverter.cpp:40:93:[m[K [01;31m[Kerror: [m[K‘[01m[K__gnu_cxx::__alloc_traits<std::allocator<dai::ImgDetection>, dai::ImgDetection>::value_type[m[K’ {aka ‘[01m[Kstruct dai::ImgDetection[m[K’} has no member named ‘[01m[KlabelName[m[K’
   40 |         opDetectionMsg.detections[i].results[0].hypothesis.class_id = inData->detections[i].[01;31m[KlabelName[m[K;
      |                                                                                             [01;31m[K^~~~~~~~~[m[K
gmake[2]: *** [CMakeFiles/depthai_bridge.dir/build.make:132: CMakeFiles/depthai_bridge.dir/src/ImgDetectionConverter.cpp.o] Error 1
gmake[1]: *** [CMakeFiles/Makefile2:177: CMakeFiles/depthai_bridge.dir/all] Error 2
gmake: *** [Makefile:146: all] Error 2
