[0.021s] Invoking command in '/home/ugv/Desktop/OperationTouchdown/ugv_ws/build/my_ugv_description': /usr/bin/cmake /home/ugv/Desktop/OperationTouchdown/ugv_ws/src/my_ugv_description -DCMAKE_INSTALL_PREFIX=/home/ugv/Desktop/OperationTouchdown/ugv_ws/install/my_ugv_description
[0.402s] -- The C compiler identification is GNU 13.3.0
[0.404s] -- The CXX compiler identification is GNU 13.3.0
[0.405s] -- Detecting C compiler ABI info
[0.501s] -- Detecting C compiler ABI info - done
[0.533s] -- Check for working C compiler: /usr/bin/cc - skipped
[0.533s] -- Detecting C compile features
[0.533s] -- Detecting C compile features - done
[0.538s] -- Detecting CXX compiler ABI info
[0.744s] -- Detecting CXX compiler ABI info - done
[0.758s] -- Check for working CXX compiler: /usr/bin/c++ - skipped
[0.758s] -- Detecting CXX compile features
[0.759s] -- Detecting CXX compile features - done
[0.766s] -- Found ament_cmake: 2.5.6 (/opt/ros/jazzy/share/ament_cmake/cmake)
[1.012s] -- Found Python3: /usr/bin/python3 (found version "3.12.3") found components: Interpreter 
[1.247s] CMake Error: File /home/ugv/Desktop/OperationTouchdown/ugv_ws/src/my_ugv_description/package.xml does not exist.
[1.247s] CMake Error at /opt/ros/jazzy/share/ament_cmake_core/cmake/core/stamp.cmake:24 (configure_file):
[1.247s]   configure_file Problem configuring file
[1.247s] Call Stack (most recent call first):
[1.247s]   /opt/ros/jazzy/share/ament_cmake_core/cmake/core/ament_package_xml.cmake:73 (stamp)
[1.247s]   /opt/ros/jazzy/share/ament_cmake_core/cmake/core/ament_package_xml.cmake:49 (_ament_package_xml)
[1.247s]   /opt/ros/jazzy/share/ament_cmake_core/cmake/core/ament_package.cmake:63 (ament_package_xml)
[1.247s]   CMakeLists.txt:15 (ament_package)
[1.247s] 
[1.247s] 
[1.251s] -- Configuring incomplete, errors occurred!
[1.261s] Invoked command in '/home/ugv/Desktop/OperationTouchdown/ugv_ws/build/my_ugv_description' returned '1': /usr/bin/cmake /home/ugv/Desktop/OperationTouchdown/ugv_ws/src/my_ugv_description -DCMAKE_INSTALL_PREFIX=/home/ugv/Desktop/OperationTouchdown/ugv_ws/install/my_ugv_description
