[0.000000] (-) TimerEvent: {}
[0.000155] (-) JobUnselected: {'identifier': 'depthai-ros'}
[0.000321] (-) JobUnselected: {'identifier': 'depthai_bridge'}
[0.000344] (-) JobUnselected: {'identifier': 'depthai_descriptions'}
[0.000363] (-) JobUnselected: {'identifier': 'depthai_examples'}
[0.000380] (-) JobUnselected: {'identifier': 'depthai_filters'}
[0.000397] (-) JobUnselected: {'identifier': 'depthai_ros_driver'}
[0.000413] (-) JobUnselected: {'identifier': 'depthai_ros_msgs'}
[0.000428] (-) JobUnselected: {'identifier': 'dual_laser_merger'}
[0.000444] (-) JobUnselected: {'identifier': 'my_ugv_bringup'}
[0.000459] (-) JobUnselected: {'identifier': 'my_ugv_description'}
[0.000475] (-) JobUnselected: {'identifier': 'my_ugv_hardware'}
[0.000491] (-) JobUnselected: {'identifier': 'rplidar_ros'}
[0.000511] (roboteq_ros2_driver) JobQueued: {'identifier': 'roboteq_ros2_driver', 'dependencies': OrderedDict()}
[0.000784] (roboteq_ros2_driver) JobStarted: {'identifier': 'roboteq_ros2_driver'}
[0.022779] (roboteq_ros2_driver) JobProgress: {'identifier': 'roboteq_ros2_driver', 'progress': 'cmake'}
[0.025698] (roboteq_ros2_driver) JobProgress: {'identifier': 'roboteq_ros2_driver', 'progress': 'build'}
[0.026807] (roboteq_ros2_driver) Command: {'cmd': ['/usr/bin/cmake', '--build', '/home/ugv/Desktop/OperationTouchdown/ugv_ws/build/roboteq_ros2_driver', '--', '-j4', '-l4'], 'cwd': '/home/ugv/Desktop/OperationTouchdown/ugv_ws/build/roboteq_ros2_driver', 'env': OrderedDict({'USER': 'ugv', 'SSH_CLIENT': '100.96.142.123 57737 22', 'XDG_SESSION_TYPE': 'tty', 'SHLVL': '1', 'HOME': '/home/ugv', 'OLDPWD': '/home/ugv', 'DBUS_SESSION_BUS_ADDRESS': 'unix:path=/run/user/1000/bus', 'LOGNAME': 'ugv', '_': '/usr/bin/colcon', 'XDG_SESSION_CLASS': 'user', 'XDG_SESSION_ID': '13', 'PATH': '/usr/local/sbin:/usr/local/bin:/usr/sbin:/usr/bin:/sbin:/bin:/usr/games:/usr/local/games:/snap/bin', 'XDG_RUNTIME_DIR': '/run/user/1000', 'LANG': 'en_US.UTF-8', 'SHELL': '/bin/bash', 'PWD': '/home/ugv/Desktop/OperationTouchdown/ugv_ws/build/roboteq_ros2_driver', 'LC_ALL': 'en_US.UTF-8', 'SSH_CONNECTION': '100.96.142.123 57737 100.81.31.74 22', 'COLCON': '1'}), 'shell': False}
[0.099673] (-) TimerEvent: {}
[0.199871] (-) TimerEvent: {}
[0.300078] (-) TimerEvent: {}
[0.318421] (roboteq_ros2_driver) CommandEnded: {'returncode': 0}
[0.320342] (roboteq_ros2_driver) JobProgress: {'identifier': 'roboteq_ros2_driver', 'progress': 'install'}
[0.337383] (roboteq_ros2_driver) Command: {'cmd': ['/usr/bin/cmake', '--install', '/home/ugv/Desktop/OperationTouchdown/ugv_ws/build/roboteq_ros2_driver'], 'cwd': '/home/ugv/Desktop/OperationTouchdown/ugv_ws/build/roboteq_ros2_driver', 'env': OrderedDict({'USER': 'ugv', 'SSH_CLIENT': '100.96.142.123 57737 22', 'XDG_SESSION_TYPE': 'tty', 'SHLVL': '1', 'HOME': '/home/ugv', 'OLDPWD': '/home/ugv', 'DBUS_SESSION_BUS_ADDRESS': 'unix:path=/run/user/1000/bus', 'LOGNAME': 'ugv', '_': '/usr/bin/colcon', 'XDG_SESSION_CLASS': 'user', 'XDG_SESSION_ID': '13', 'PATH': '/usr/local/sbin:/usr/local/bin:/usr/sbin:/usr/bin:/sbin:/bin:/usr/games:/usr/local/games:/snap/bin', 'XDG_RUNTIME_DIR': '/run/user/1000', 'LANG': 'en_US.UTF-8', 'SHELL': '/bin/bash', 'PWD': '/home/ugv/Desktop/OperationTouchdown/ugv_ws/build/roboteq_ros2_driver', 'LC_ALL': 'en_US.UTF-8', 'SSH_CONNECTION': '100.96.142.123 57737 100.81.31.74 22', 'COLCON': '1'}), 'shell': False}
[0.351130] (roboteq_ros2_driver) StdoutLine: {'line': b'-- Install configuration: ""\n'}
[0.352217] (roboteq_ros2_driver) StdoutLine: {'line': b'-- Execute custom install script\n'}
[0.352643] (roboteq_ros2_driver) StdoutLine: {'line': b'-- Up-to-date symlink: /home/ugv/Desktop/OperationTouchdown/ugv_ws/install/roboteq_ros2_driver/lib/roboteq_ros2_driver/roboteq_bridge.py\n'}
[0.353387] (roboteq_ros2_driver) StdoutLine: {'line': b'-- Up-to-date symlink: /home/ugv/Desktop/OperationTouchdown/ugv_ws/install/roboteq_ros2_driver/share/ament_index/resource_index/package_run_dependencies/roboteq_ros2_driver\n'}
[0.354103] (roboteq_ros2_driver) StdoutLine: {'line': b'-- Up-to-date symlink: /home/ugv/Desktop/OperationTouchdown/ugv_ws/install/roboteq_ros2_driver/share/ament_index/resource_index/parent_prefix_path/roboteq_ros2_driver\n'}
[0.354566] (roboteq_ros2_driver) StdoutLine: {'line': b'-- Up-to-date symlink: /home/ugv/Desktop/OperationTouchdown/ugv_ws/install/roboteq_ros2_driver/share/roboteq_ros2_driver/environment/ament_prefix_path.sh\n'}
[0.354808] (roboteq_ros2_driver) StdoutLine: {'line': b'-- Up-to-date symlink: /home/ugv/Desktop/OperationTouchdown/ugv_ws/install/roboteq_ros2_driver/share/roboteq_ros2_driver/environment/ament_prefix_path.dsv\n'}
[0.355206] (roboteq_ros2_driver) StdoutLine: {'line': b'-- Up-to-date symlink: /home/ugv/Desktop/OperationTouchdown/ugv_ws/install/roboteq_ros2_driver/share/roboteq_ros2_driver/environment/path.sh\n'}
[0.355572] (roboteq_ros2_driver) StdoutLine: {'line': b'-- Up-to-date symlink: /home/ugv/Desktop/OperationTouchdown/ugv_ws/install/roboteq_ros2_driver/share/roboteq_ros2_driver/environment/path.dsv\n'}
[0.355953] (roboteq_ros2_driver) StdoutLine: {'line': b'-- Up-to-date symlink: /home/ugv/Desktop/OperationTouchdown/ugv_ws/install/roboteq_ros2_driver/share/roboteq_ros2_driver/local_setup.bash\n'}
[0.356466] (roboteq_ros2_driver) StdoutLine: {'line': b'-- Up-to-date symlink: /home/ugv/Desktop/OperationTouchdown/ugv_ws/install/roboteq_ros2_driver/share/roboteq_ros2_driver/local_setup.sh\n'}
[0.356967] (roboteq_ros2_driver) StdoutLine: {'line': b'-- Up-to-date symlink: /home/ugv/Desktop/OperationTouchdown/ugv_ws/install/roboteq_ros2_driver/share/roboteq_ros2_driver/local_setup.zsh\n'}
[0.357197] (roboteq_ros2_driver) StdoutLine: {'line': b'-- Up-to-date symlink: /home/ugv/Desktop/OperationTouchdown/ugv_ws/install/roboteq_ros2_driver/share/roboteq_ros2_driver/local_setup.dsv\n'}
[0.357358] (roboteq_ros2_driver) StdoutLine: {'line': b'-- Symlinking: /home/ugv/Desktop/OperationTouchdown/ugv_ws/install/roboteq_ros2_driver/share/roboteq_ros2_driver/package.dsv\n'}
[0.373238] (roboteq_ros2_driver) StdoutLine: {'line': b'-- Up-to-date symlink: /home/ugv/Desktop/OperationTouchdown/ugv_ws/install/roboteq_ros2_driver/share/ament_index/resource_index/packages/roboteq_ros2_driver\n'}
[0.374028] (roboteq_ros2_driver) StdoutLine: {'line': b'-- Up-to-date symlink: /home/ugv/Desktop/OperationTouchdown/ugv_ws/install/roboteq_ros2_driver/share/roboteq_ros2_driver/cmake/ament_cmake_export_dependencies-extras.cmake\n'}
[0.374493] (roboteq_ros2_driver) StdoutLine: {'line': b'-- Up-to-date symlink: /home/ugv/Desktop/OperationTouchdown/ugv_ws/install/roboteq_ros2_driver/share/roboteq_ros2_driver/cmake/roboteq_ros2_driverConfig.cmake\n'}
[0.374851] (roboteq_ros2_driver) StdoutLine: {'line': b'-- Up-to-date symlink: /home/ugv/Desktop/OperationTouchdown/ugv_ws/install/roboteq_ros2_driver/share/roboteq_ros2_driver/cmake/roboteq_ros2_driverConfig-version.cmake\n'}
[0.375382] (roboteq_ros2_driver) StdoutLine: {'line': b'-- Up-to-date symlink: /home/ugv/Desktop/OperationTouchdown/ugv_ws/install/roboteq_ros2_driver/share/roboteq_ros2_driver/package.xml\n'}
[0.378355] (roboteq_ros2_driver) CommandEnded: {'returncode': 0}
[0.400686] (-) TimerEvent: {}
[0.420255] (roboteq_ros2_driver) JobEnded: {'identifier': 'roboteq_ros2_driver', 'rc': 0}
[0.421025] (-) EventReactorShutdown: {}
