[1.411s] Invoking command in '/home/ugv/Desktop/OperationTouchdown/ugv_ws/build/my_ugv_hardware': PYTHONPATH=/home/ugv/Desktop/OperationTouchdown/ugv_ws/build/my_ugv_hardware/prefix_override:/usr/lib/python3/dist-packages/colcon_core/task/python/colcon_distutils_commands:/home/ugv/Desktop/OperationTouchdown/ugv_ws/install/my_ugv_hardware/lib/python3.12/site-packages:${PYTHONPATH} /usr/bin/python3 -W ignore:setup.py install is deprecated -W ignore:easy_install command is deprecated setup.py develop --editable --build-directory /home/ugv/Desktop/OperationTouchdown/ugv_ws/build/my_ugv_hardware/build --no-deps symlink_data
[1.862s] running develop
[2.141s] running egg_info
[2.141s] creating my_ugv_hardware.egg-info
[2.167s] writing my_ugv_hardware.egg-info/PKG-INFO
[2.167s] writing dependency_links to my_ugv_hardware.egg-info/dependency_links.txt
[2.168s] writing entry points to my_ugv_hardware.egg-info/entry_points.txt
[2.168s] writing requirements to my_ugv_hardware.egg-info/requires.txt
[2.168s] writing top-level names to my_ugv_hardware.egg-info/top_level.txt
[2.168s] writing manifest file 'my_ugv_hardware.egg-info/SOURCES.txt'
[2.196s] reading manifest file 'my_ugv_hardware.egg-info/SOURCES.txt'
[2.197s] writing manifest file 'my_ugv_hardware.egg-info/SOURCES.txt'
[2.225s] running build_ext
[2.253s] Creating /home/ugv/Desktop/OperationTouchdown/ugv_ws/install/my_ugv_hardware/lib/python3.12/site-packages/my-ugv-hardware.egg-link (link to .)
[2.253s] Installing kill_switch script to /home/ugv/Desktop/OperationTouchdown/ugv_ws/install/my_ugv_hardware/bin
[2.254s] Installing lora_bridge script to /home/ugv/Desktop/OperationTouchdown/ugv_ws/install/my_ugv_hardware/bin
[2.254s] Installing mission_controller script to /home/ugv/Desktop/OperationTouchdown/ugv_ws/install/my_ugv_hardware/bin
[2.254s] Installing motor_driver script to /home/ugv/Desktop/OperationTouchdown/ugv_ws/install/my_ugv_hardware/bin
[2.254s] Installing virtual_odom script to /home/ugv/Desktop/OperationTouchdown/ugv_ws/install/my_ugv_hardware/bin
[2.255s] 
[2.255s] Installed /home/ugv/Desktop/OperationTouchdown/ugv_ws/build/my_ugv_hardware
[2.255s] running symlink_data
[2.255s] creating /home/ugv/Desktop/OperationTouchdown/ugv_ws/install/my_ugv_hardware/share
[2.255s] creating /home/ugv/Desktop/OperationTouchdown/ugv_ws/install/my_ugv_hardware/share/ament_index
[2.255s] creating /home/ugv/Desktop/OperationTouchdown/ugv_ws/install/my_ugv_hardware/share/ament_index/resource_index
[2.255s] creating /home/ugv/Desktop/OperationTouchdown/ugv_ws/install/my_ugv_hardware/share/ament_index/resource_index/packages
[2.256s] error: can't copy '/home/ugv/Desktop/OperationTouchdown/ugv_ws/build/my_ugv_hardware/resource/my_ugv_hardware': doesn't exist or not a regular file
[2.351s] Invoked command in '/home/ugv/Desktop/OperationTouchdown/ugv_ws/build/my_ugv_hardware' returned '1': PYTHONPATH=/home/ugv/Desktop/OperationTouchdown/ugv_ws/build/my_ugv_hardware/prefix_override:/usr/lib/python3/dist-packages/colcon_core/task/python/colcon_distutils_commands:/home/ugv/Desktop/OperationTouchdown/ugv_ws/install/my_ugv_hardware/lib/python3.12/site-packages:${PYTHONPATH} /usr/bin/python3 -W ignore:setup.py install is deprecated -W ignore:easy_install command is deprecated setup.py develop --editable --build-directory /home/ugv/Desktop/OperationTouchdown/ugv_ws/build/my_ugv_hardware/build --no-deps symlink_data
