[0.485s] DEBUG:colcon:Command line arguments: ['/usr/bin/colcon', 'build', '--packages-select', 'roboteq_ros2_driver/']
[0.485s] DEBUG:colcon:Parsed command line arguments: Namespace(log_base=None, log_level=None, verb_name='build', build_base='build', install_base='install', merge_install=False, symlink_install=False, test_result_base=None, continue_on_error=False, executor='parallel', parallel_workers=4, event_handlers=None, ignore_user_meta=False, metas=['./colcon.meta'], base_paths=['.'], packages_ignore=None, packages_ignore_regex=None, paths=None, packages_up_to=None, packages_up_to_regex=None, packages_above=None, packages_above_and_dependencies=None, packages_above_depth=None, packages_select_by_dep=None, packages_skip_by_dep=None, packages_skip_up_to=None, packages_select_build_failed=False, packages_skip_build_finished=False, packages_select_test_failures=False, packages_skip_test_passed=False, packages_select=['roboteq_ros2_driver/'], packages_skip=None, packages_select_regex=None, packages_skip_regex=None, packages_start=None, packages_end=None, allow_overriding=[], cmake_args=None, cmake_target=None, cmake_target_skip_unavailable=False, cmake_clean_cache=False, cmake_clean_first=False, cmake_force_configure=False, ament_cmake_args=None, catkin_cmake_args=None, catkin_skip_building_tests=False, mixin_files=None, mixin=None, verb_parser=<colcon_mixin.mixin.mixin_argument.MixinArgumentDecorator object at 0xffff9f55d4f0>, verb_extension=<colcon_core.verb.build.BuildVerb object at 0xffff9f71d880>, main=<bound method BuildVerb.main of <colcon_core.verb.build.BuildVerb object at 0xffff9f71d880>>, mixin_verb=('build',))
[0.680s] Level 1:colcon.colcon_core.package_discovery:discover_packages(colcon_meta) check parameters
[0.680s] Level 1:colcon.colcon_core.package_discovery:discover_packages(recursive) check parameters
[0.680s] Level 1:colcon.colcon_core.package_discovery:discover_packages(ignore) check parameters
[0.680s] Level 1:colcon.colcon_core.package_discovery:discover_packages(path) check parameters
[0.680s] Level 1:colcon.colcon_core.package_discovery:discover_packages(colcon_meta) discover
[0.680s] Level 1:colcon.colcon_core.package_discovery:discover_packages(recursive) discover
[0.680s] INFO:colcon.colcon_core.package_discovery:Crawling recursively for packages in '/home/ground/ugv_ws/src'
[0.680s] Level 1:colcon.colcon_core.package_identification:_identify(.) by extensions ['ignore', 'ignore_ament_install']
[0.680s] Level 1:colcon.colcon_core.package_identification:_identify(.) by extension 'ignore'
[0.681s] Level 1:colcon.colcon_core.package_identification:_identify(.) by extension 'ignore_ament_install'
[0.681s] Level 1:colcon.colcon_core.package_identification:_identify(.) by extensions ['colcon_pkg']
[0.681s] Level 1:colcon.colcon_core.package_identification:_identify(.) by extension 'colcon_pkg'
[0.681s] Level 1:colcon.colcon_core.package_identification:_identify(.) by extensions ['colcon_meta']
[0.681s] Level 1:colcon.colcon_core.package_identification:_identify(.) by extension 'colcon_meta'
[0.681s] Level 1:colcon.colcon_core.package_identification:_identify(.) by extensions ['ros']
[0.681s] Level 1:colcon.colcon_core.package_identification:_identify(.) by extension 'ros'
[0.752s] Level 1:colcon.colcon_core.package_identification:_identify(.) by extensions ['cmake', 'python']
[0.752s] Level 1:colcon.colcon_core.package_identification:_identify(.) by extension 'cmake'
[0.752s] Level 1:colcon.colcon_core.package_identification:_identify(.) by extension 'python'
[0.752s] Level 1:colcon.colcon_core.package_identification:_identify(.) by extensions ['python_setup_py']
[0.752s] Level 1:colcon.colcon_core.package_identification:_identify(.) by extension 'python_setup_py'
[0.752s] Level 1:colcon.colcon_core.package_identification:_identify(build) by extensions ['ignore', 'ignore_ament_install']
[0.753s] Level 1:colcon.colcon_core.package_identification:_identify(build) by extension 'ignore'
[0.753s] Level 1:colcon.colcon_core.package_identification:_identify(build) ignored
[0.754s] Level 1:colcon.colcon_core.package_identification:_identify(depthai-ros) by extensions ['ignore', 'ignore_ament_install']
[0.754s] Level 1:colcon.colcon_core.package_identification:_identify(depthai-ros) by extension 'ignore'
[0.754s] Level 1:colcon.colcon_core.package_identification:_identify(depthai-ros) by extension 'ignore_ament_install'
[0.754s] Level 1:colcon.colcon_core.package_identification:_identify(depthai-ros) by extensions ['colcon_pkg']
[0.754s] Level 1:colcon.colcon_core.package_identification:_identify(depthai-ros) by extension 'colcon_pkg'
[0.754s] Level 1:colcon.colcon_core.package_identification:_identify(depthai-ros) by extensions ['colcon_meta']
[0.754s] Level 1:colcon.colcon_core.package_identification:_identify(depthai-ros) by extension 'colcon_meta'
[0.755s] Level 1:colcon.colcon_core.package_identification:_identify(depthai-ros) by extensions ['ros']
[0.755s] Level 1:colcon.colcon_core.package_identification:_identify(depthai-ros) by extension 'ros'
[0.755s] Level 1:colcon.colcon_core.package_identification:_identify(depthai-ros) by extensions ['cmake', 'python']
[0.755s] Level 1:colcon.colcon_core.package_identification:_identify(depthai-ros) by extension 'cmake'
[0.755s] Level 1:colcon.colcon_core.package_identification:_identify(depthai-ros) by extension 'python'
[0.755s] Level 1:colcon.colcon_core.package_identification:_identify(depthai-ros) by extensions ['python_setup_py']
[0.755s] Level 1:colcon.colcon_core.package_identification:_identify(depthai-ros) by extension 'python_setup_py'
[0.762s] Level 1:colcon.colcon_core.package_identification:_identify(depthai-ros/depthai-ros) by extensions ['ignore', 'ignore_ament_install']
[0.762s] Level 1:colcon.colcon_core.package_identification:_identify(depthai-ros/depthai-ros) by extension 'ignore'
[0.762s] Level 1:colcon.colcon_core.package_identification:_identify(depthai-ros/depthai-ros) by extension 'ignore_ament_install'
[0.762s] Level 1:colcon.colcon_core.package_identification:_identify(depthai-ros/depthai-ros) by extensions ['colcon_pkg']
[0.762s] Level 1:colcon.colcon_core.package_identification:_identify(depthai-ros/depthai-ros) by extension 'colcon_pkg'
[0.762s] Level 1:colcon.colcon_core.package_identification:_identify(depthai-ros/depthai-ros) by extensions ['colcon_meta']
[0.762s] Level 1:colcon.colcon_core.package_identification:_identify(depthai-ros/depthai-ros) by extension 'colcon_meta'
[0.762s] Level 1:colcon.colcon_core.package_identification:_identify(depthai-ros/depthai-ros) by extensions ['ros']
[0.762s] Level 1:colcon.colcon_core.package_identification:_identify(depthai-ros/depthai-ros) by extension 'ros'
[0.771s] DEBUG:colcon.colcon_core.package_identification:Package 'depthai-ros/depthai-ros' with type 'ros.ament_cmake' and name 'depthai-ros'
[0.772s] Level 1:colcon.colcon_core.package_identification:_identify(depthai-ros/depthai_bridge) by extensions ['ignore', 'ignore_ament_install']
[0.772s] Level 1:colcon.colcon_core.package_identification:_identify(depthai-ros/depthai_bridge) by extension 'ignore'
[0.773s] Level 1:colcon.colcon_core.package_identification:_identify(depthai-ros/depthai_bridge) by extension 'ignore_ament_install'
[0.773s] Level 1:colcon.colcon_core.package_identification:_identify(depthai-ros/depthai_bridge) by extensions ['colcon_pkg']
[0.773s] Level 1:colcon.colcon_core.package_identification:_identify(depthai-ros/depthai_bridge) by extension 'colcon_pkg'
[0.773s] Level 1:colcon.colcon_core.package_identification:_identify(depthai-ros/depthai_bridge) by extensions ['colcon_meta']
[0.773s] Level 1:colcon.colcon_core.package_identification:_identify(depthai-ros/depthai_bridge) by extension 'colcon_meta'
[0.773s] Level 1:colcon.colcon_core.package_identification:_identify(depthai-ros/depthai_bridge) by extensions ['ros']
[0.773s] Level 1:colcon.colcon_core.package_identification:_identify(depthai-ros/depthai_bridge) by extension 'ros'
[0.777s] DEBUG:colcon.colcon_core.package_identification:Package 'depthai-ros/depthai_bridge' with type 'ros.ament_cmake' and name 'depthai_bridge'
[0.777s] Level 1:colcon.colcon_core.package_identification:_identify(depthai-ros/depthai_descriptions) by extensions ['ignore', 'ignore_ament_install']
[0.778s] Level 1:colcon.colcon_core.package_identification:_identify(depthai-ros/depthai_descriptions) by extension 'ignore'
[0.778s] Level 1:colcon.colcon_core.package_identification:_identify(depthai-ros/depthai_descriptions) by extension 'ignore_ament_install'
[0.778s] Level 1:colcon.colcon_core.package_identification:_identify(depthai-ros/depthai_descriptions) by extensions ['colcon_pkg']
[0.778s] Level 1:colcon.colcon_core.package_identification:_identify(depthai-ros/depthai_descriptions) by extension 'colcon_pkg'
[0.778s] Level 1:colcon.colcon_core.package_identification:_identify(depthai-ros/depthai_descriptions) by extensions ['colcon_meta']
[0.778s] Level 1:colcon.colcon_core.package_identification:_identify(depthai-ros/depthai_descriptions) by extension 'colcon_meta'
[0.778s] Level 1:colcon.colcon_core.package_identification:_identify(depthai-ros/depthai_descriptions) by extensions ['ros']
[0.778s] Level 1:colcon.colcon_core.package_identification:_identify(depthai-ros/depthai_descriptions) by extension 'ros'
[0.780s] DEBUG:colcon.colcon_core.package_identification:Package 'depthai-ros/depthai_descriptions' with type 'ros.ament_cmake' and name 'depthai_descriptions'
[0.781s] Level 1:colcon.colcon_core.package_identification:_identify(depthai-ros/depthai_examples) by extensions ['ignore', 'ignore_ament_install']
[0.781s] Level 1:colcon.colcon_core.package_identification:_identify(depthai-ros/depthai_examples) by extension 'ignore'
[0.781s] Level 1:colcon.colcon_core.package_identification:_identify(depthai-ros/depthai_examples) by extension 'ignore_ament_install'
[0.781s] Level 1:colcon.colcon_core.package_identification:_identify(depthai-ros/depthai_examples) by extensions ['colcon_pkg']
[0.781s] Level 1:colcon.colcon_core.package_identification:_identify(depthai-ros/depthai_examples) by extension 'colcon_pkg'
[0.781s] Level 1:colcon.colcon_core.package_identification:_identify(depthai-ros/depthai_examples) by extensions ['colcon_meta']
[0.781s] Level 1:colcon.colcon_core.package_identification:_identify(depthai-ros/depthai_examples) by extension 'colcon_meta'
[0.781s] Level 1:colcon.colcon_core.package_identification:_identify(depthai-ros/depthai_examples) by extensions ['ros']
[0.781s] Level 1:colcon.colcon_core.package_identification:_identify(depthai-ros/depthai_examples) by extension 'ros'
[0.784s] DEBUG:colcon.colcon_core.package_identification:Package 'depthai-ros/depthai_examples' with type 'ros.ament_cmake' and name 'depthai_examples'
[0.785s] Level 1:colcon.colcon_core.package_identification:_identify(depthai-ros/depthai_filters) by extensions ['ignore', 'ignore_ament_install']
[0.785s] Level 1:colcon.colcon_core.package_identification:_identify(depthai-ros/depthai_filters) by extension 'ignore'
[0.785s] Level 1:colcon.colcon_core.package_identification:_identify(depthai-ros/depthai_filters) by extension 'ignore_ament_install'
[0.785s] Level 1:colcon.colcon_core.package_identification:_identify(depthai-ros/depthai_filters) by extensions ['colcon_pkg']
[0.785s] Level 1:colcon.colcon_core.package_identification:_identify(depthai-ros/depthai_filters) by extension 'colcon_pkg'
[0.785s] Level 1:colcon.colcon_core.package_identification:_identify(depthai-ros/depthai_filters) by extensions ['colcon_meta']
[0.785s] Level 1:colcon.colcon_core.package_identification:_identify(depthai-ros/depthai_filters) by extension 'colcon_meta'
[0.785s] Level 1:colcon.colcon_core.package_identification:_identify(depthai-ros/depthai_filters) by extensions ['ros']
[0.785s] Level 1:colcon.colcon_core.package_identification:_identify(depthai-ros/depthai_filters) by extension 'ros'
[0.788s] DEBUG:colcon.colcon_core.package_identification:Package 'depthai-ros/depthai_filters' with type 'ros.ament_cmake' and name 'depthai_filters'
[0.789s] Level 1:colcon.colcon_core.package_identification:_identify(depthai-ros/depthai_ros_driver) by extensions ['ignore', 'ignore_ament_install']
[0.789s] Level 1:colcon.colcon_core.package_identification:_identify(depthai-ros/depthai_ros_driver) by extension 'ignore'
[0.789s] Level 1:colcon.colcon_core.package_identification:_identify(depthai-ros/depthai_ros_driver) by extension 'ignore_ament_install'
[0.789s] Level 1:colcon.colcon_core.package_identification:_identify(depthai-ros/depthai_ros_driver) by extensions ['colcon_pkg']
[0.789s] Level 1:colcon.colcon_core.package_identification:_identify(depthai-ros/depthai_ros_driver) by extension 'colcon_pkg'
[0.789s] Level 1:colcon.colcon_core.package_identification:_identify(depthai-ros/depthai_ros_driver) by extensions ['colcon_meta']
[0.789s] Level 1:colcon.colcon_core.package_identification:_identify(depthai-ros/depthai_ros_driver) by extension 'colcon_meta'
[0.789s] Level 1:colcon.colcon_core.package_identification:_identify(depthai-ros/depthai_ros_driver) by extensions ['ros']
[0.789s] Level 1:colcon.colcon_core.package_identification:_identify(depthai-ros/depthai_ros_driver) by extension 'ros'
[0.793s] DEBUG:colcon.colcon_core.package_identification:Package 'depthai-ros/depthai_ros_driver' with type 'ros.ament_cmake' and name 'depthai_ros_driver'
[0.794s] Level 1:colcon.colcon_core.package_identification:_identify(depthai-ros/depthai_ros_msgs) by extensions ['ignore', 'ignore_ament_install']
[0.794s] Level 1:colcon.colcon_core.package_identification:_identify(depthai-ros/depthai_ros_msgs) by extension 'ignore'
[0.794s] Level 1:colcon.colcon_core.package_identification:_identify(depthai-ros/depthai_ros_msgs) by extension 'ignore_ament_install'
[0.794s] Level 1:colcon.colcon_core.package_identification:_identify(depthai-ros/depthai_ros_msgs) by extensions ['colcon_pkg']
[0.794s] Level 1:colcon.colcon_core.package_identification:_identify(depthai-ros/depthai_ros_msgs) by extension 'colcon_pkg'
[0.794s] Level 1:colcon.colcon_core.package_identification:_identify(depthai-ros/depthai_ros_msgs) by extensions ['colcon_meta']
[0.794s] Level 1:colcon.colcon_core.package_identification:_identify(depthai-ros/depthai_ros_msgs) by extension 'colcon_meta'
[0.794s] Level 1:colcon.colcon_core.package_identification:_identify(depthai-ros/depthai_ros_msgs) by extensions ['ros']
[0.794s] Level 1:colcon.colcon_core.package_identification:_identify(depthai-ros/depthai_ros_msgs) by extension 'ros'
[0.797s] DEBUG:colcon.colcon_core.package_identification:Package 'depthai-ros/depthai_ros_msgs' with type 'ros.ament_cmake' and name 'depthai_ros_msgs'
[0.797s] Level 1:colcon.colcon_core.package_identification:_identify(install) by extensions ['ignore', 'ignore_ament_install']
[0.797s] Level 1:colcon.colcon_core.package_identification:_identify(install) by extension 'ignore'
[0.797s] Level 1:colcon.colcon_core.package_identification:_identify(install) ignored
[0.797s] Level 1:colcon.colcon_core.package_identification:_identify(log) by extensions ['ignore', 'ignore_ament_install']
[0.797s] Level 1:colcon.colcon_core.package_identification:_identify(log) by extension 'ignore'
[0.797s] Level 1:colcon.colcon_core.package_identification:_identify(log) ignored
[0.798s] Level 1:colcon.colcon_core.package_identification:_identify(my_ugv_bringup) by extensions ['ignore', 'ignore_ament_install']
[0.799s] Level 1:colcon.colcon_core.package_identification:_identify(my_ugv_bringup) by extension 'ignore'
[0.799s] Level 1:colcon.colcon_core.package_identification:_identify(my_ugv_bringup) by extension 'ignore_ament_install'
[0.799s] Level 1:colcon.colcon_core.package_identification:_identify(my_ugv_bringup) by extensions ['colcon_pkg']
[0.799s] Level 1:colcon.colcon_core.package_identification:_identify(my_ugv_bringup) by extension 'colcon_pkg'
[0.799s] Level 1:colcon.colcon_core.package_identification:_identify(my_ugv_bringup) by extensions ['colcon_meta']
[0.799s] Level 1:colcon.colcon_core.package_identification:_identify(my_ugv_bringup) by extension 'colcon_meta'
[0.799s] Level 1:colcon.colcon_core.package_identification:_identify(my_ugv_bringup) by extensions ['ros']
[0.799s] Level 1:colcon.colcon_core.package_identification:_identify(my_ugv_bringup) by extension 'ros'
[0.801s] DEBUG:colcon.colcon_core.package_identification:Package 'my_ugv_bringup' with type 'ros.ament_cmake' and name 'my_ugv_bringup'
[0.802s] Level 1:colcon.colcon_core.package_identification:_identify(my_ugv_description) by extensions ['ignore', 'ignore_ament_install']
[0.802s] Level 1:colcon.colcon_core.package_identification:_identify(my_ugv_description) by extension 'ignore'
[0.802s] Level 1:colcon.colcon_core.package_identification:_identify(my_ugv_description) by extension 'ignore_ament_install'
[0.802s] Level 1:colcon.colcon_core.package_identification:_identify(my_ugv_description) by extensions ['colcon_pkg']
[0.802s] Level 1:colcon.colcon_core.package_identification:_identify(my_ugv_description) by extension 'colcon_pkg'
[0.802s] Level 1:colcon.colcon_core.package_identification:_identify(my_ugv_description) by extensions ['colcon_meta']
[0.802s] Level 1:colcon.colcon_core.package_identification:_identify(my_ugv_description) by extension 'colcon_meta'
[0.802s] Level 1:colcon.colcon_core.package_identification:_identify(my_ugv_description) by extensions ['ros']
[0.802s] Level 1:colcon.colcon_core.package_identification:_identify(my_ugv_description) by extension 'ros'
[0.804s] DEBUG:colcon.colcon_core.package_identification:Package 'my_ugv_description' with type 'ros.ament_cmake' and name 'my_ugv_description'
[0.805s] Level 1:colcon.colcon_core.package_identification:_identify(my_ugv_hardware) by extensions ['ignore', 'ignore_ament_install']
[0.805s] Level 1:colcon.colcon_core.package_identification:_identify(my_ugv_hardware) by extension 'ignore'
[0.805s] Level 1:colcon.colcon_core.package_identification:_identify(my_ugv_hardware) by extension 'ignore_ament_install'
[0.805s] Level 1:colcon.colcon_core.package_identification:_identify(my_ugv_hardware) by extensions ['colcon_pkg']
[0.805s] Level 1:colcon.colcon_core.package_identification:_identify(my_ugv_hardware) by extension 'colcon_pkg'
[0.805s] Level 1:colcon.colcon_core.package_identification:_identify(my_ugv_hardware) by extensions ['colcon_meta']
[0.805s] Level 1:colcon.colcon_core.package_identification:_identify(my_ugv_hardware) by extension 'colcon_meta'
[0.805s] Level 1:colcon.colcon_core.package_identification:_identify(my_ugv_hardware) by extensions ['ros']
[0.805s] Level 1:colcon.colcon_core.package_identification:_identify(my_ugv_hardware) by extension 'ros'
[0.807s] DEBUG:colcon.colcon_core.package_identification:Package 'my_ugv_hardware' with type 'ros.ament_python' and name 'my_ugv_hardware'
[0.808s] Level 1:colcon.colcon_core.package_identification:_identify(my_ugv_vision) by extensions ['ignore', 'ignore_ament_install']
[0.808s] Level 1:colcon.colcon_core.package_identification:_identify(my_ugv_vision) by extension 'ignore'
[0.808s] Level 1:colcon.colcon_core.package_identification:_identify(my_ugv_vision) by extension 'ignore_ament_install'
[0.808s] Level 1:colcon.colcon_core.package_identification:_identify(my_ugv_vision) by extensions ['colcon_pkg']
[0.808s] Level 1:colcon.colcon_core.package_identification:_identify(my_ugv_vision) by extension 'colcon_pkg'
[0.808s] Level 1:colcon.colcon_core.package_identification:_identify(my_ugv_vision) by extensions ['colcon_meta']
[0.808s] Level 1:colcon.colcon_core.package_identification:_identify(my_ugv_vision) by extension 'colcon_meta'
[0.808s] Level 1:colcon.colcon_core.package_identification:_identify(my_ugv_vision) by extensions ['ros']
[0.808s] Level 1:colcon.colcon_core.package_identification:_identify(my_ugv_vision) by extension 'ros'
[0.810s] DEBUG:colcon.colcon_core.package_identification:Package 'my_ugv_vision' with type 'ros.ament_python' and name 'my_ugv_vision'
[0.811s] Level 1:colcon.colcon_core.package_identification:_identify(roboteq_ros2_driver) by extensions ['ignore', 'ignore_ament_install']
[0.811s] Level 1:colcon.colcon_core.package_identification:_identify(roboteq_ros2_driver) by extension 'ignore'
[0.811s] Level 1:colcon.colcon_core.package_identification:_identify(roboteq_ros2_driver) by extension 'ignore_ament_install'
[0.811s] Level 1:colcon.colcon_core.package_identification:_identify(roboteq_ros2_driver) by extensions ['colcon_pkg']
[0.811s] Level 1:colcon.colcon_core.package_identification:_identify(roboteq_ros2_driver) by extension 'colcon_pkg'
[0.811s] Level 1:colcon.colcon_core.package_identification:_identify(roboteq_ros2_driver) by extensions ['colcon_meta']
[0.811s] Level 1:colcon.colcon_core.package_identification:_identify(roboteq_ros2_driver) by extension 'colcon_meta'
[0.811s] Level 1:colcon.colcon_core.package_identification:_identify(roboteq_ros2_driver) by extensions ['ros']
[0.811s] Level 1:colcon.colcon_core.package_identification:_identify(roboteq_ros2_driver) by extension 'ros'
[0.813s] DEBUG:colcon.colcon_core.package_identification:Package 'roboteq_ros2_driver' with type 'ros.ament_cmake' and name 'roboteq_ros2_driver'
[0.814s] Level 1:colcon.colcon_core.package_identification:_identify(rplidar_ros) by extensions ['ignore', 'ignore_ament_install']
[0.814s] Level 1:colcon.colcon_core.package_identification:_identify(rplidar_ros) by extension 'ignore'
[0.814s] Level 1:colcon.colcon_core.package_identification:_identify(rplidar_ros) by extension 'ignore_ament_install'
[0.814s] Level 1:colcon.colcon_core.package_identification:_identify(rplidar_ros) by extensions ['colcon_pkg']
[0.814s] Level 1:colcon.colcon_core.package_identification:_identify(rplidar_ros) by extension 'colcon_pkg'
[0.814s] Level 1:colcon.colcon_core.package_identification:_identify(rplidar_ros) by extensions ['colcon_meta']
[0.815s] Level 1:colcon.colcon_core.package_identification:_identify(rplidar_ros) by extension 'colcon_meta'
[0.815s] Level 1:colcon.colcon_core.package_identification:_identify(rplidar_ros) by extensions ['ros']
[0.815s] Level 1:colcon.colcon_core.package_identification:_identify(rplidar_ros) by extension 'ros'
[0.821s] DEBUG:colcon.colcon_core.package_identification:Package 'rplidar_ros' with type 'ros.ament_cmake' and name 'rplidar_ros'
[0.821s] Level 1:colcon.colcon_core.package_discovery:discover_packages(recursive) using defaults
[0.821s] Level 1:colcon.colcon_core.package_discovery:discover_packages(ignore) discover
[0.821s] Level 1:colcon.colcon_core.package_discovery:discover_packages(ignore) using defaults
[0.821s] Level 1:colcon.colcon_core.package_discovery:discover_packages(path) discover
[0.821s] Level 1:colcon.colcon_core.package_discovery:discover_packages(path) using defaults
[0.822s] WARNING:colcon.colcon_core.package_selection:ignoring unknown package 'roboteq_ros2_driver/' in --packages-select
[0.912s] INFO:colcon.colcon_core.package_selection:Skipping not selected package 'depthai_descriptions' in 'depthai-ros/depthai_descriptions'
[0.912s] INFO:colcon.colcon_core.package_selection:Skipping not selected package 'depthai_ros_msgs' in 'depthai-ros/depthai_ros_msgs'
[0.912s] INFO:colcon.colcon_core.package_selection:Skipping not selected package 'my_ugv_description' in 'my_ugv_description'
[0.912s] INFO:colcon.colcon_core.package_selection:Skipping not selected package 'my_ugv_hardware' in 'my_ugv_hardware'
[0.912s] INFO:colcon.colcon_core.package_selection:Skipping not selected package 'my_ugv_vision' in 'my_ugv_vision'
[0.912s] INFO:colcon.colcon_core.package_selection:Skipping not selected package 'roboteq_ros2_driver' in 'roboteq_ros2_driver'
[0.913s] INFO:colcon.colcon_core.package_selection:Skipping not selected package 'rplidar_ros' in 'rplidar_ros'
[0.913s] INFO:colcon.colcon_core.package_selection:Skipping not selected package 'depthai_bridge' in 'depthai-ros/depthai_bridge'
[0.913s] INFO:colcon.colcon_core.package_selection:Skipping not selected package 'depthai_filters' in 'depthai-ros/depthai_filters'
[0.913s] INFO:colcon.colcon_core.package_selection:Skipping not selected package 'my_ugv_bringup' in 'my_ugv_bringup'
[0.913s] INFO:colcon.colcon_core.package_selection:Skipping not selected package 'depthai_examples' in 'depthai-ros/depthai_examples'
[0.913s] INFO:colcon.colcon_core.package_selection:Skipping not selected package 'depthai_ros_driver' in 'depthai-ros/depthai_ros_driver'
[0.913s] INFO:colcon.colcon_core.package_selection:Skipping not selected package 'depthai-ros' in 'depthai-ros/depthai-ros'
[0.915s] Level 1:colcon.colcon_core.package_discovery:discover_packages(prefix_path) check parameters
[0.915s] Level 1:colcon.colcon_core.package_discovery:discover_packages(prefix_path) discover
[0.925s] DEBUG:colcon.colcon_installed_package_information.package_discovery:Found 10 installed packages in /home/ground/ugv_ws/install
[0.928s] DEBUG:colcon.colcon_installed_package_information.package_discovery:Found 413 installed packages in /opt/ros/jazzy
[0.931s] Level 1:colcon.colcon_core.package_discovery:discover_packages(prefix_path) using defaults
[1.069s] INFO:colcon.colcon_core.executor:Executing jobs using 'parallel' executor
[1.070s] DEBUG:colcon.colcon_parallel_executor.executor.parallel:run_until_complete
[1.072s] DEBUG:colcon.colcon_parallel_executor.executor.parallel:closing loop
[1.073s] DEBUG:colcon.colcon_parallel_executor.executor.parallel:loop closed
[1.074s] DEBUG:colcon.colcon_parallel_executor.executor.parallel:run_until_complete finished with '0'
[1.074s] DEBUG:colcon.colcon_core.event_reactor:joining thread
[1.129s] INFO:colcon.colcon_core.plugin_system:Skipping extension 'colcon_notification.desktop_notification.terminal_notifier': Not used on non-Darwin systems
[1.129s] INFO:colcon.colcon_core.plugin_system:Skipping extension 'colcon_notification.desktop_notification.win32': Not used on non-Windows systems
[1.129s] INFO:colcon.colcon_notification.desktop_notification:Sending desktop notification using 'notify2'
[1.187s] DEBUG:colcon.colcon_core.event_reactor:joined thread
[1.205s] INFO:colcon.colcon_core.plugin_system:Skipping extension 'colcon_core.shell.bat': Not used on non-Windows systems
[1.206s] INFO:colcon.colcon_core.shell:Creating prefix script '/home/ground/ugv_ws/src/install/local_setup.ps1'
[1.209s] INFO:colcon.colcon_core.shell:Creating prefix util module '/home/ground/ugv_ws/src/install/_local_setup_util_ps1.py'
[1.217s] INFO:colcon.colcon_core.shell:Creating prefix chain script '/home/ground/ugv_ws/src/install/setup.ps1'
[1.222s] INFO:colcon.colcon_core.shell:Creating prefix script '/home/ground/ugv_ws/src/install/local_setup.sh'
[1.224s] INFO:colcon.colcon_core.shell:Creating prefix util module '/home/ground/ugv_ws/src/install/_local_setup_util_sh.py'
[1.225s] INFO:colcon.colcon_core.shell:Creating prefix chain script '/home/ground/ugv_ws/src/install/setup.sh'
[1.269s] INFO:colcon.colcon_core.shell:Creating prefix script '/home/ground/ugv_ws/src/install/local_setup.bash'
[1.277s] INFO:colcon.colcon_core.shell:Creating prefix chain script '/home/ground/ugv_ws/src/install/setup.bash'
[1.280s] INFO:colcon.colcon_core.shell:Creating prefix script '/home/ground/ugv_ws/src/install/local_setup.zsh'
[1.282s] INFO:colcon.colcon_core.shell:Creating prefix chain script '/home/ground/ugv_ws/src/install/setup.zsh'
