[0.037s] Invoking command in '/home/ground/ugv_ws/build/my_ugv_description': CMAKE_PREFIX_PATH=${CMAKE_PREFIX_PATH}:/home/ground/ugv_ws/install/my_ugv_bringup:/home/ground/ugv_ws/install/my_ugv_hardware:/opt/ros/jazzy DEBUGINFOD_URLS=https://debuginfod.ubuntu.com /usr/bin/cmake /home/ground/ugv_ws/src/my_ugv_description -DAMENT_CMAKE_SYMLINK_INSTALL=1 -DCMAKE_INSTALL_PREFIX=/home/ground/ugv_ws/install/my_ugv_description
[0.177s] -- The C compiler identification is GNU 13.3.0
[0.291s] -- The CXX compiler identification is GNU 13.3.0
[0.336s] -- Detecting C compiler ABI info
[0.546s] -- Detecting C compiler ABI info - done
[0.562s] -- Check for working C compiler: /usr/bin/cc - skipped
[0.562s] -- Detecting C compile features
[0.563s] -- Detecting C compile features - done
[0.577s] -- Detecting CXX compiler ABI info
[0.801s] -- Detecting CXX compiler ABI info - done
[0.825s] -- Check for working CXX compiler: /usr/bin/c++ - skipped
[0.825s] -- Detecting CXX compile features
[0.827s] -- Detecting CXX compile features - done
[0.835s] -- Found ament_cmake: 2.5.5 (/opt/ros/jazzy/share/ament_cmake/cmake)
[1.139s] -- Found Python3: /usr/bin/python3 (found version "3.12.3") found components: Interpreter 
[1.301s] -- Override CMake install command with custom implementation using symlinks instead of copying resources
[1.642s] -- Configuring done (1.6s)
[1.647s] -- Generating done (0.0s)
[1.649s] -- Build files have been written to: /home/ground/ugv_ws/build/my_ugv_description
[1.658s] Invoked command in '/home/ground/ugv_ws/build/my_ugv_description' returned '0': CMAKE_PREFIX_PATH=${CMAKE_PREFIX_PATH}:/home/ground/ugv_ws/install/my_ugv_bringup:/home/ground/ugv_ws/install/my_ugv_hardware:/opt/ros/jazzy DEBUGINFOD_URLS=https://debuginfod.ubuntu.com /usr/bin/cmake /home/ground/ugv_ws/src/my_ugv_description -DAMENT_CMAKE_SYMLINK_INSTALL=1 -DCMAKE_INSTALL_PREFIX=/home/ground/ugv_ws/install/my_ugv_description
[1.660s] Invoking command in '/home/ground/ugv_ws/build/my_ugv_description': CMAKE_PREFIX_PATH=${CMAKE_PREFIX_PATH}:/home/ground/ugv_ws/install/my_ugv_bringup:/home/ground/ugv_ws/install/my_ugv_hardware:/opt/ros/jazzy DEBUGINFOD_URLS=https://debuginfod.ubuntu.com /usr/bin/cmake --build /home/ground/ugv_ws/build/my_ugv_description -- -j4 -l4
[1.757s] Invoked command in '/home/ground/ugv_ws/build/my_ugv_description' returned '0': CMAKE_PREFIX_PATH=${CMAKE_PREFIX_PATH}:/home/ground/ugv_ws/install/my_ugv_bringup:/home/ground/ugv_ws/install/my_ugv_hardware:/opt/ros/jazzy DEBUGINFOD_URLS=https://debuginfod.ubuntu.com /usr/bin/cmake --build /home/ground/ugv_ws/build/my_ugv_description -- -j4 -l4
[1.777s] Invoking command in '/home/ground/ugv_ws/build/my_ugv_description': CMAKE_PREFIX_PATH=${CMAKE_PREFIX_PATH}:/home/ground/ugv_ws/install/my_ugv_bringup:/home/ground/ugv_ws/install/my_ugv_hardware:/opt/ros/jazzy DEBUGINFOD_URLS=https://debuginfod.ubuntu.com /usr/bin/cmake --install /home/ground/ugv_ws/build/my_ugv_description
[1.793s] -- Install configuration: ""
[1.793s] -- Execute custom install script
[1.794s] -- Symlinking: /home/ground/ugv_ws/install/my_ugv_description/share/my_ugv_description/urdf/ugv.urdf.xacro
[1.833s] -- Symlinking: /home/ground/ugv_ws/install/my_ugv_description/share/my_ugv_description/package.xml
[1.853s] -- Symlinking: /home/ground/ugv_ws/install/my_ugv_description/share/ament_index/resource_index/package_run_dependencies/my_ugv_description
[1.871s] -- Symlinking: /home/ground/ugv_ws/install/my_ugv_description/share/ament_index/resource_index/parent_prefix_path/my_ugv_description
[1.890s] -- Symlinking: /home/ground/ugv_ws/install/my_ugv_description/share/my_ugv_description/environment/ament_prefix_path.sh
[1.922s] -- Symlinking: /home/ground/ugv_ws/install/my_ugv_description/share/my_ugv_description/environment/ament_prefix_path.dsv
[1.946s] -- Symlinking: /home/ground/ugv_ws/install/my_ugv_description/share/my_ugv_description/environment/path.sh
[1.965s] -- Symlinking: /home/ground/ugv_ws/install/my_ugv_description/share/my_ugv_description/environment/path.dsv
[1.983s] -- Symlinking: /home/ground/ugv_ws/install/my_ugv_description/share/my_ugv_description/local_setup.bash
[2.001s] -- Symlinking: /home/ground/ugv_ws/install/my_ugv_description/share/my_ugv_description/local_setup.sh
[2.040s] -- Symlinking: /home/ground/ugv_ws/install/my_ugv_description/share/my_ugv_description/local_setup.zsh
[2.060s] -- Symlinking: /home/ground/ugv_ws/install/my_ugv_description/share/my_ugv_description/local_setup.dsv
[2.079s] -- Symlinking: /home/ground/ugv_ws/install/my_ugv_description/share/my_ugv_description/package.dsv
[2.097s] -- Symlinking: /home/ground/ugv_ws/install/my_ugv_description/share/ament_index/resource_index/packages/my_ugv_description
[2.136s] -- Symlinking: /home/ground/ugv_ws/install/my_ugv_description/share/my_ugv_description/cmake/my_ugv_descriptionConfig.cmake
[2.156s] -- Symlinking: /home/ground/ugv_ws/install/my_ugv_description/share/my_ugv_description/cmake/my_ugv_descriptionConfig-version.cmake
[2.175s] -- Up-to-date symlink: /home/ground/ugv_ws/install/my_ugv_description/share/my_ugv_description/package.xml
[2.179s] Invoked command in '/home/ground/ugv_ws/build/my_ugv_description' returned '0': CMAKE_PREFIX_PATH=${CMAKE_PREFIX_PATH}:/home/ground/ugv_ws/install/my_ugv_bringup:/home/ground/ugv_ws/install/my_ugv_hardware:/opt/ros/jazzy DEBUGINFOD_URLS=https://debuginfod.ubuntu.com /usr/bin/cmake --install /home/ground/ugv_ws/build/my_ugv_description
