[0.013s] Invoking command in '/home/ugv/Desktop/OperationTouchdown/ugv_ws/build/depthai_bridge': AMENT_PREFIX_PATH=/home/ugv/Desktop/OperationTouchdown/ugv_ws/install/depthai_ros_msgs:${AMENT_PREFIX_PATH} CMAKE_PREFIX_PATH=/home/ugv/Desktop/OperationTouchdown/ugv_ws/install/depthai_ros_msgs:/home/ugv/Desktop/OperationTouchdown/ugv_ws/src/install/roboteq_ros2_driver:/home/ugv/Desktop/OperationTouchdown/ugv_ws/src/install/my_ugv_bringup:/home/ugv/Desktop/OperationTouchdown/ugv_ws/src/install/dual_laser_merger:/home/ugv/Desktop/OperationTouchdown/ugv_ws/install/roboteq_ros2_driver:/home/ugv/Desktop/OperationTouchdown/ugv_ws/install/my_ugv_bringup:/home/ugv/Desktop/OperationTouchdown/ugv_ws/install/dual_laser_merger:/opt/ros/jazzy/opt/gz_sim_vendor:/opt/ros/jazzy/opt/gz_sensors_vendor:/opt/ros/jazzy/opt/gz_physics_vendor:/opt/ros/jazzy/opt/sdformat_vendor:/opt/ros/jazzy/opt/gz_gui_vendor:/opt/ros/jazzy/opt/gz_transport_vendor:/opt/ros/jazzy/opt/gz_rendering_vendor:/opt/ros/jazzy/opt/gz_plugin_vendor:/opt/ros/jazzy/opt/gz_fuel_tools_vendor:/opt/ros/jazzy/opt/gz_msgs_vendor:/opt/ros/jazzy/opt/gz_common_vendor:/opt/ros/jazzy/opt/gz_math_vendor:/opt/ros/jazzy/opt/gz_utils_vendor:/opt/ros/jazzy/opt/gz_tools_vendor:/opt/ros/jazzy/opt/gz_ogre_next_vendor:/opt/ros/jazzy/opt/gz_dartsim_vendor:/opt/ros/jazzy/opt/gz_cmake_vendor:/home/ugv/Desktop/OperationTouchdown/ugv_ws/src/install/my_ugv_vision:/home/ugv/Desktop/OperationTouchdown/ugv_ws/install/my_ugv_vision:/opt/ros/jazzy DEBUGINFOD_URLS=https://debuginfod.ubuntu.com LD_LIBRARY_PATH=/home/ugv/Desktop/OperationTouchdown/ugv_ws/install/depthai_ros_msgs/lib:${LD_LIBRARY_PATH} PYTHONPATH=/home/ugv/Desktop/OperationTouchdown/ugv_ws/install/depthai_ros_msgs/lib/python3.12/site-packages:${PYTHONPATH} /usr/bin/cmake /home/ugv/Desktop/OperationTouchdown/ugv_ws/src/depthai-ros/depthai_bridge -DAMENT_CMAKE_SYMLINK_INSTALL=1 -DCMAKE_INSTALL_PREFIX=/home/ugv/Desktop/OperationTouchdown/ugv_ws/install/depthai_bridge
[0.169s] -- The CXX compiler identification is GNU 13.3.0
[0.284s] -- The C compiler identification is GNU 13.3.0
[0.316s] -- Detecting CXX compiler ABI info
[0.567s] -- Detecting CXX compiler ABI info - done
[0.580s] -- Check for working CXX compiler: /usr/bin/c++ - skipped
[0.580s] -- Detecting CXX compile features
[0.581s] -- Detecting CXX compile features - done
[0.600s] -- Detecting C compiler ABI info
[0.821s] -- Detecting C compiler ABI info - done
[0.835s] -- Check for working C compiler: /usr/bin/cc - skipped
[0.835s] -- Detecting C compile features
[0.836s] -- Detecting C compile features - done
[0.858s] -- ------------------------------------------
[0.858s] -- Depthai Bridge is being built using AMENT.
[0.858s] -- ------------------------------------------
[0.864s] -- Found ament_index_cpp: 1.8.2 (/opt/ros/jazzy/share/ament_index_cpp/cmake)
[0.873s] -- Found camera_info_manager: 5.1.7 (/opt/ros/jazzy/share/camera_info_manager/cmake)
[1.246s] -- Found Python3: /usr/bin/python3 (found version "3.12.3") found components: Interpreter 
[1.408s] -- Override CMake install command with custom implementation using symlinks instead of copying resources
[1.742s] -- Found rosidl_generator_c: 4.6.7 (/opt/ros/jazzy/share/rosidl_generator_c/cmake)
[1.783s] -- Found rosidl_generator_cpp: 4.6.7 (/opt/ros/jazzy/share/rosidl_generator_cpp/cmake)
[1.821s] -- Using all available rosidl_typesupport_c: rosidl_typesupport_fastrtps_c;rosidl_typesupport_introspection_c
[1.863s] -- Using all available rosidl_typesupport_cpp: rosidl_typesupport_fastrtps_cpp;rosidl_typesupport_introspection_cpp
[2.025s] -- Found rmw_implementation_cmake: 7.3.3 (/opt/ros/jazzy/share/rmw_implementation_cmake/cmake)
[2.034s] -- Found rmw_fastrtps_cpp: 8.4.3 (/opt/ros/jazzy/share/rmw_fastrtps_cpp/cmake)
[2.223s] -- Found OpenSSL: /usr/lib/aarch64-linux-gnu/libcrypto.so (found version "3.0.13")  
[2.264s] -- Found FastRTPS: /opt/ros/jazzy/include (Required is at least version "2.13") 
[2.308s] -- Using RMW implementation 'rmw_fastrtps_cpp' as default
[2.567s] -- Setting yaml-cpp_DIR to: '/opt/ros/jazzy/share/yaml_cpp_vendor/cmake/../../../opt/yaml_cpp_vendor/share/cmake/yaml-cpp'
[2.673s] -- Found cv_bridge: 4.1.0 (/opt/ros/jazzy/share/cv_bridge/cmake)
[2.682s] -- Found depthai_ros_msgs: 2.12.2 (/home/ugv/Desktop/OperationTouchdown/ugv_ws/install/depthai_ros_msgs/share/depthai_ros_msgs/cmake)
[2.976s] -- Found image_transport: 5.1.7 (/opt/ros/jazzy/share/image_transport/cmake)
[3.040s] -- Found stereo_msgs: 5.3.7 (/opt/ros/jazzy/share/stereo_msgs/cmake)
[3.084s] -- Found tf2_ros: 0.36.20 (/opt/ros/jazzy/share/tf2_ros/cmake)
[3.313s] -- Found tf2_geometry_msgs: 0.36.20 (/opt/ros/jazzy/share/tf2_geometry_msgs/cmake)
[3.395s] -- Found eigen3_cmake_module: 0.3.0 (/opt/ros/jazzy/share/eigen3_cmake_module/cmake)
[3.405s] -- Found Eigen3: TRUE (found version "3.4.0") 
[3.405s] -- Ensuring Eigen3 include directory is part of orocos-kdl CMake target
[3.438s] -- Found ffmpeg_image_transport_msgs: 1.0.2 (/opt/ros/jazzy/share/ffmpeg_image_transport_msgs/cmake)
[3.544s] -- --------------------------jazzy ---
[3.544s] -- jazzy
[3.831s] -- Configuring done (3.8s)
[3.880s] -- Generating done (0.0s)
[3.894s] -- Build files have been written to: /home/ugv/Desktop/OperationTouchdown/ugv_ws/build/depthai_bridge
[3.949s] Invoked command in '/home/ugv/Desktop/OperationTouchdown/ugv_ws/build/depthai_bridge' returned '0': AMENT_PREFIX_PATH=/home/ugv/Desktop/OperationTouchdown/ugv_ws/install/depthai_ros_msgs:${AMENT_PREFIX_PATH} CMAKE_PREFIX_PATH=/home/ugv/Desktop/OperationTouchdown/ugv_ws/install/depthai_ros_msgs:/home/ugv/Desktop/OperationTouchdown/ugv_ws/src/install/roboteq_ros2_driver:/home/ugv/Desktop/OperationTouchdown/ugv_ws/src/install/my_ugv_bringup:/home/ugv/Desktop/OperationTouchdown/ugv_ws/src/install/dual_laser_merger:/home/ugv/Desktop/OperationTouchdown/ugv_ws/install/roboteq_ros2_driver:/home/ugv/Desktop/OperationTouchdown/ugv_ws/install/my_ugv_bringup:/home/ugv/Desktop/OperationTouchdown/ugv_ws/install/dual_laser_merger:/opt/ros/jazzy/opt/gz_sim_vendor:/opt/ros/jazzy/opt/gz_sensors_vendor:/opt/ros/jazzy/opt/gz_physics_vendor:/opt/ros/jazzy/opt/sdformat_vendor:/opt/ros/jazzy/opt/gz_gui_vendor:/opt/ros/jazzy/opt/gz_transport_vendor:/opt/ros/jazzy/opt/gz_rendering_vendor:/opt/ros/jazzy/opt/gz_plugin_vendor:/opt/ros/jazzy/opt/gz_fuel_tools_vendor:/opt/ros/jazzy/opt/gz_msgs_vendor:/opt/ros/jazzy/opt/gz_common_vendor:/opt/ros/jazzy/opt/gz_math_vendor:/opt/ros/jazzy/opt/gz_utils_vendor:/opt/ros/jazzy/opt/gz_tools_vendor:/opt/ros/jazzy/opt/gz_ogre_next_vendor:/opt/ros/jazzy/opt/gz_dartsim_vendor:/opt/ros/jazzy/opt/gz_cmake_vendor:/home/ugv/Desktop/OperationTouchdown/ugv_ws/src/install/my_ugv_vision:/home/ugv/Desktop/OperationTouchdown/ugv_ws/install/my_ugv_vision:/opt/ros/jazzy DEBUGINFOD_URLS=https://debuginfod.ubuntu.com LD_LIBRARY_PATH=/home/ugv/Desktop/OperationTouchdown/ugv_ws/install/depthai_ros_msgs/lib:${LD_LIBRARY_PATH} PYTHONPATH=/home/ugv/Desktop/OperationTouchdown/ugv_ws/install/depthai_ros_msgs/lib/python3.12/site-packages:${PYTHONPATH} /usr/bin/cmake /home/ugv/Desktop/OperationTouchdown/ugv_ws/src/depthai-ros/depthai_bridge -DAMENT_CMAKE_SYMLINK_INSTALL=1 -DCMAKE_INSTALL_PREFIX=/home/ugv/Desktop/OperationTouchdown/ugv_ws/install/depthai_bridge
[3.950s] Invoking command in '/home/ugv/Desktop/OperationTouchdown/ugv_ws/build/depthai_bridge': AMENT_PREFIX_PATH=/home/ugv/Desktop/OperationTouchdown/ugv_ws/install/depthai_ros_msgs:${AMENT_PREFIX_PATH} CMAKE_PREFIX_PATH=/home/ugv/Desktop/OperationTouchdown/ugv_ws/install/depthai_ros_msgs:/home/ugv/Desktop/OperationTouchdown/ugv_ws/src/install/roboteq_ros2_driver:/home/ugv/Desktop/OperationTouchdown/ugv_ws/src/install/my_ugv_bringup:/home/ugv/Desktop/OperationTouchdown/ugv_ws/src/install/dual_laser_merger:/home/ugv/Desktop/OperationTouchdown/ugv_ws/install/roboteq_ros2_driver:/home/ugv/Desktop/OperationTouchdown/ugv_ws/install/my_ugv_bringup:/home/ugv/Desktop/OperationTouchdown/ugv_ws/install/dual_laser_merger:/opt/ros/jazzy/opt/gz_sim_vendor:/opt/ros/jazzy/opt/gz_sensors_vendor:/opt/ros/jazzy/opt/gz_physics_vendor:/opt/ros/jazzy/opt/sdformat_vendor:/opt/ros/jazzy/opt/gz_gui_vendor:/opt/ros/jazzy/opt/gz_transport_vendor:/opt/ros/jazzy/opt/gz_rendering_vendor:/opt/ros/jazzy/opt/gz_plugin_vendor:/opt/ros/jazzy/opt/gz_fuel_tools_vendor:/opt/ros/jazzy/opt/gz_msgs_vendor:/opt/ros/jazzy/opt/gz_common_vendor:/opt/ros/jazzy/opt/gz_math_vendor:/opt/ros/jazzy/opt/gz_utils_vendor:/opt/ros/jazzy/opt/gz_tools_vendor:/opt/ros/jazzy/opt/gz_ogre_next_vendor:/opt/ros/jazzy/opt/gz_dartsim_vendor:/opt/ros/jazzy/opt/gz_cmake_vendor:/home/ugv/Desktop/OperationTouchdown/ugv_ws/src/install/my_ugv_vision:/home/ugv/Desktop/OperationTouchdown/ugv_ws/install/my_ugv_vision:/opt/ros/jazzy DEBUGINFOD_URLS=https://debuginfod.ubuntu.com LD_LIBRARY_PATH=/home/ugv/Desktop/OperationTouchdown/ugv_ws/install/depthai_ros_msgs/lib:${LD_LIBRARY_PATH} PYTHONPATH=/home/ugv/Desktop/OperationTouchdown/ugv_ws/install/depthai_ros_msgs/lib/python3.12/site-packages:${PYTHONPATH} /usr/bin/cmake --build /home/ugv/Desktop/OperationTouchdown/ugv_ws/build/depthai_bridge -- -j4 -l4
[4.155s] [ 10%] [32mBuilding CXX object CMakeFiles/depthai_bridge.dir/src/ImgDetectionConverter.cpp.o[0m
[4.159s] [ 20%] [32mBuilding CXX object CMakeFiles/depthai_bridge.dir/src/ImuConverter.cpp.o[0m
[4.160s] [ 30%] [32mBuilding CXX object CMakeFiles/depthai_bridge.dir/src/DisparityConverter.cpp.o[0m
[4.166s] [ 40%] [32mBuilding CXX object CMakeFiles/depthai_bridge.dir/src/ImageConverter.cpp.o[0m
[39.149s] [ 50%] [32mBuilding CXX object CMakeFiles/depthai_bridge.dir/src/TrackDetectionConverter.cpp.o[0m
[66.102s] [ 60%] [32mBuilding CXX object CMakeFiles/depthai_bridge.dir/src/TrackSpatialDetectionConverter.cpp.o[0m
[82.922s] [ 70%] [32mBuilding CXX object CMakeFiles/depthai_bridge.dir/src/TrackedFeaturesConverter.cpp.o[0m
[90.015s] [ 80%] [32mBuilding CXX object CMakeFiles/depthai_bridge.dir/src/TFPublisher.cpp.o[0m
[100.880s] [ 90%] [32mBuilding CXX object CMakeFiles/depthai_bridge.dir/src/SpatialDetectionConverter.cpp.o[0m
[108.964s] [100%] [32m[1mLinking CXX shared library libdepthai_bridge.so[0m
[111.112s] [100%] Built target depthai_bridge
[111.136s] Invoked command in '/home/ugv/Desktop/OperationTouchdown/ugv_ws/build/depthai_bridge' returned '0': AMENT_PREFIX_PATH=/home/ugv/Desktop/OperationTouchdown/ugv_ws/install/depthai_ros_msgs:${AMENT_PREFIX_PATH} CMAKE_PREFIX_PATH=/home/ugv/Desktop/OperationTouchdown/ugv_ws/install/depthai_ros_msgs:/home/ugv/Desktop/OperationTouchdown/ugv_ws/src/install/roboteq_ros2_driver:/home/ugv/Desktop/OperationTouchdown/ugv_ws/src/install/my_ugv_bringup:/home/ugv/Desktop/OperationTouchdown/ugv_ws/src/install/dual_laser_merger:/home/ugv/Desktop/OperationTouchdown/ugv_ws/install/roboteq_ros2_driver:/home/ugv/Desktop/OperationTouchdown/ugv_ws/install/my_ugv_bringup:/home/ugv/Desktop/OperationTouchdown/ugv_ws/install/dual_laser_merger:/opt/ros/jazzy/opt/gz_sim_vendor:/opt/ros/jazzy/opt/gz_sensors_vendor:/opt/ros/jazzy/opt/gz_physics_vendor:/opt/ros/jazzy/opt/sdformat_vendor:/opt/ros/jazzy/opt/gz_gui_vendor:/opt/ros/jazzy/opt/gz_transport_vendor:/opt/ros/jazzy/opt/gz_rendering_vendor:/opt/ros/jazzy/opt/gz_plugin_vendor:/opt/ros/jazzy/opt/gz_fuel_tools_vendor:/opt/ros/jazzy/opt/gz_msgs_vendor:/opt/ros/jazzy/opt/gz_common_vendor:/opt/ros/jazzy/opt/gz_math_vendor:/opt/ros/jazzy/opt/gz_utils_vendor:/opt/ros/jazzy/opt/gz_tools_vendor:/opt/ros/jazzy/opt/gz_ogre_next_vendor:/opt/ros/jazzy/opt/gz_dartsim_vendor:/opt/ros/jazzy/opt/gz_cmake_vendor:/home/ugv/Desktop/OperationTouchdown/ugv_ws/src/install/my_ugv_vision:/home/ugv/Desktop/OperationTouchdown/ugv_ws/install/my_ugv_vision:/opt/ros/jazzy DEBUGINFOD_URLS=https://debuginfod.ubuntu.com LD_LIBRARY_PATH=/home/ugv/Desktop/OperationTouchdown/ugv_ws/install/depthai_ros_msgs/lib:${LD_LIBRARY_PATH} PYTHONPATH=/home/ugv/Desktop/OperationTouchdown/ugv_ws/install/depthai_ros_msgs/lib/python3.12/site-packages:${PYTHONPATH} /usr/bin/cmake --build /home/ugv/Desktop/OperationTouchdown/ugv_ws/build/depthai_bridge -- -j4 -l4
[111.139s] Invoking command in '/home/ugv/Desktop/OperationTouchdown/ugv_ws/build/depthai_bridge': AMENT_PREFIX_PATH=/home/ugv/Desktop/OperationTouchdown/ugv_ws/install/depthai_ros_msgs:${AMENT_PREFIX_PATH} CMAKE_PREFIX_PATH=/home/ugv/Desktop/OperationTouchdown/ugv_ws/install/depthai_ros_msgs:/home/ugv/Desktop/OperationTouchdown/ugv_ws/src/install/roboteq_ros2_driver:/home/ugv/Desktop/OperationTouchdown/ugv_ws/src/install/my_ugv_bringup:/home/ugv/Desktop/OperationTouchdown/ugv_ws/src/install/dual_laser_merger:/home/ugv/Desktop/OperationTouchdown/ugv_ws/install/roboteq_ros2_driver:/home/ugv/Desktop/OperationTouchdown/ugv_ws/install/my_ugv_bringup:/home/ugv/Desktop/OperationTouchdown/ugv_ws/install/dual_laser_merger:/opt/ros/jazzy/opt/gz_sim_vendor:/opt/ros/jazzy/opt/gz_sensors_vendor:/opt/ros/jazzy/opt/gz_physics_vendor:/opt/ros/jazzy/opt/sdformat_vendor:/opt/ros/jazzy/opt/gz_gui_vendor:/opt/ros/jazzy/opt/gz_transport_vendor:/opt/ros/jazzy/opt/gz_rendering_vendor:/opt/ros/jazzy/opt/gz_plugin_vendor:/opt/ros/jazzy/opt/gz_fuel_tools_vendor:/opt/ros/jazzy/opt/gz_msgs_vendor:/opt/ros/jazzy/opt/gz_common_vendor:/opt/ros/jazzy/opt/gz_math_vendor:/opt/ros/jazzy/opt/gz_utils_vendor:/opt/ros/jazzy/opt/gz_tools_vendor:/opt/ros/jazzy/opt/gz_ogre_next_vendor:/opt/ros/jazzy/opt/gz_dartsim_vendor:/opt/ros/jazzy/opt/gz_cmake_vendor:/home/ugv/Desktop/OperationTouchdown/ugv_ws/src/install/my_ugv_vision:/home/ugv/Desktop/OperationTouchdown/ugv_ws/install/my_ugv_vision:/opt/ros/jazzy DEBUGINFOD_URLS=https://debuginfod.ubuntu.com LD_LIBRARY_PATH=/home/ugv/Desktop/OperationTouchdown/ugv_ws/install/depthai_ros_msgs/lib:${LD_LIBRARY_PATH} PYTHONPATH=/home/ugv/Desktop/OperationTouchdown/ugv_ws/install/depthai_ros_msgs/lib/python3.12/site-packages:${PYTHONPATH} /usr/bin/cmake --install /home/ugv/Desktop/OperationTouchdown/ugv_ws/build/depthai_bridge
[111.156s] -- Install configuration: ""
[111.156s] -- Execute custom install script
[111.157s] -- Symlinking: /home/ugv/Desktop/OperationTouchdown/ugv_ws/install/depthai_bridge/share/depthai_bridge/environment/library_path.sh
[111.179s] -- Symlinking: /home/ugv/Desktop/OperationTouchdown/ugv_ws/install/depthai_bridge/share/depthai_bridge/environment/library_path.dsv
[111.200s] -- Symlinking: /home/ugv/Desktop/OperationTouchdown/ugv_ws/install/depthai_bridge/include//depthai_bridge/BridgePublisher.hpp
[111.220s] -- Symlinking: /home/ugv/Desktop/OperationTouchdown/ugv_ws/install/depthai_bridge/include//depthai_bridge/DisparityConverter.hpp
[111.240s] -- Symlinking: /home/ugv/Desktop/OperationTouchdown/ugv_ws/install/depthai_bridge/include//depthai_bridge/ImageConverter.hpp
[111.264s] -- Symlinking: /home/ugv/Desktop/OperationTouchdown/ugv_ws/install/depthai_bridge/include//depthai_bridge/ImgDetectionConverter.hpp
[111.287s] -- Symlinking: /home/ugv/Desktop/OperationTouchdown/ugv_ws/install/depthai_bridge/include//depthai_bridge/ImuConverter.hpp
[111.306s] -- Symlinking: /home/ugv/Desktop/OperationTouchdown/ugv_ws/install/depthai_bridge/include//depthai_bridge/SpatialDetectionConverter.hpp
[111.326s] -- Symlinking: /home/ugv/Desktop/OperationTouchdown/ugv_ws/install/depthai_bridge/include//depthai_bridge/TFPublisher.hpp
[111.347s] -- Symlinking: /home/ugv/Desktop/OperationTouchdown/ugv_ws/install/depthai_bridge/include//depthai_bridge/TrackDetectionConverter.hpp
[111.368s] -- Symlinking: /home/ugv/Desktop/OperationTouchdown/ugv_ws/install/depthai_bridge/include//depthai_bridge/TrackSpatialDetectionConverter.hpp
[111.388s] -- Symlinking: /home/ugv/Desktop/OperationTouchdown/ugv_ws/install/depthai_bridge/include//depthai_bridge/TrackedFeaturesConverter.hpp
[111.408s] -- Symlinking: /home/ugv/Desktop/OperationTouchdown/ugv_ws/install/depthai_bridge/include//depthai_bridge/depthaiUtility.hpp
[111.428s] -- Symlinking: /home/ugv/Desktop/OperationTouchdown/ugv_ws/install/depthai_bridge/share/depthai_bridge/rviz/pointCloud.rviz
[111.451s] -- Symlinking: /home/ugv/Desktop/OperationTouchdown/ugv_ws/install/depthai_bridge/share/ament_index/resource_index/package_run_dependencies/depthai_bridge
[111.471s] -- Symlinking: /home/ugv/Desktop/OperationTouchdown/ugv_ws/install/depthai_bridge/share/ament_index/resource_index/parent_prefix_path/depthai_bridge
[111.492s] -- Symlinking: /home/ugv/Desktop/OperationTouchdown/ugv_ws/install/depthai_bridge/share/depthai_bridge/environment/ament_prefix_path.sh
[111.513s] -- Symlinking: /home/ugv/Desktop/OperationTouchdown/ugv_ws/install/depthai_bridge/share/depthai_bridge/environment/ament_prefix_path.dsv
[111.533s] -- Symlinking: /home/ugv/Desktop/OperationTouchdown/ugv_ws/install/depthai_bridge/share/depthai_bridge/environment/path.sh
[111.555s] -- Symlinking: /home/ugv/Desktop/OperationTouchdown/ugv_ws/install/depthai_bridge/share/depthai_bridge/environment/path.dsv
[111.577s] -- Symlinking: /home/ugv/Desktop/OperationTouchdown/ugv_ws/install/depthai_bridge/share/depthai_bridge/local_setup.bash
[111.598s] -- Symlinking: /home/ugv/Desktop/OperationTouchdown/ugv_ws/install/depthai_bridge/share/depthai_bridge/local_setup.sh
[111.618s] -- Symlinking: /home/ugv/Desktop/OperationTouchdown/ugv_ws/install/depthai_bridge/share/depthai_bridge/local_setup.zsh
[111.639s] -- Symlinking: /home/ugv/Desktop/OperationTouchdown/ugv_ws/install/depthai_bridge/share/depthai_bridge/local_setup.dsv
[111.659s] -- Symlinking: /home/ugv/Desktop/OperationTouchdown/ugv_ws/install/depthai_bridge/share/depthai_bridge/package.dsv
[111.680s] -- Symlinking: /home/ugv/Desktop/OperationTouchdown/ugv_ws/install/depthai_bridge/share/ament_index/resource_index/packages/depthai_bridge
[111.701s] -- Symlinking: /home/ugv/Desktop/OperationTouchdown/ugv_ws/install/depthai_bridge/share/depthai_bridge/cmake/ament_cmake_export_targets-extras.cmake
[111.721s] -- Symlinking: /home/ugv/Desktop/OperationTouchdown/ugv_ws/install/depthai_bridge/share/depthai_bridge/cmake/ament_cmake_export_include_directories-extras.cmake
[111.742s] -- Symlinking: /home/ugv/Desktop/OperationTouchdown/ugv_ws/install/depthai_bridge/share/depthai_bridge/cmake/ament_cmake_export_libraries-extras.cmake
[111.763s] -- Symlinking: /home/ugv/Desktop/OperationTouchdown/ugv_ws/install/depthai_bridge/share/depthai_bridge/cmake/ament_cmake_export_dependencies-extras.cmake
[111.784s] -- Symlinking: /home/ugv/Desktop/OperationTouchdown/ugv_ws/install/depthai_bridge/share/depthai_bridge/cmake/depthai_bridgeConfig.cmake
[111.804s] -- Symlinking: /home/ugv/Desktop/OperationTouchdown/ugv_ws/install/depthai_bridge/share/depthai_bridge/cmake/depthai_bridgeConfig-version.cmake
[111.824s] -- Symlinking: /home/ugv/Desktop/OperationTouchdown/ugv_ws/install/depthai_bridge/share/depthai_bridge/package.xml
[111.844s] -- Installing: /home/ugv/Desktop/OperationTouchdown/ugv_ws/install/depthai_bridge/lib/libdepthai_bridge.so
[111.851s] -- Set non-toolchain portion of runtime path of "/home/ugv/Desktop/OperationTouchdown/ugv_ws/install/depthai_bridge/lib/libdepthai_bridge.so" to ""
[111.851s] -- Installing: /home/ugv/Desktop/OperationTouchdown/ugv_ws/install/depthai_bridge/share/depthai_bridge/cmake/depthai_bridgeTargets.cmake
[111.852s] -- Installing: /home/ugv/Desktop/OperationTouchdown/ugv_ws/install/depthai_bridge/share/depthai_bridge/cmake/depthai_bridgeTargets-noconfig.cmake
[111.852s] -- Installing: /home/ugv/Desktop/OperationTouchdown/ugv_ws/install/depthai_bridge/share/depthai_bridge/cmake/depthai_bridgeTargetsExport.cmake
[111.852s] -- Installing: /home/ugv/Desktop/OperationTouchdown/ugv_ws/install/depthai_bridge/share/depthai_bridge/cmake/depthai_bridgeTargetsExport-noconfig.cmake
[111.856s] Invoked command in '/home/ugv/Desktop/OperationTouchdown/ugv_ws/build/depthai_bridge' returned '0': AMENT_PREFIX_PATH=/home/ugv/Desktop/OperationTouchdown/ugv_ws/install/depthai_ros_msgs:${AMENT_PREFIX_PATH} CMAKE_PREFIX_PATH=/home/ugv/Desktop/OperationTouchdown/ugv_ws/install/depthai_ros_msgs:/home/ugv/Desktop/OperationTouchdown/ugv_ws/src/install/roboteq_ros2_driver:/home/ugv/Desktop/OperationTouchdown/ugv_ws/src/install/my_ugv_bringup:/home/ugv/Desktop/OperationTouchdown/ugv_ws/src/install/dual_laser_merger:/home/ugv/Desktop/OperationTouchdown/ugv_ws/install/roboteq_ros2_driver:/home/ugv/Desktop/OperationTouchdown/ugv_ws/install/my_ugv_bringup:/home/ugv/Desktop/OperationTouchdown/ugv_ws/install/dual_laser_merger:/opt/ros/jazzy/opt/gz_sim_vendor:/opt/ros/jazzy/opt/gz_sensors_vendor:/opt/ros/jazzy/opt/gz_physics_vendor:/opt/ros/jazzy/opt/sdformat_vendor:/opt/ros/jazzy/opt/gz_gui_vendor:/opt/ros/jazzy/opt/gz_transport_vendor:/opt/ros/jazzy/opt/gz_rendering_vendor:/opt/ros/jazzy/opt/gz_plugin_vendor:/opt/ros/jazzy/opt/gz_fuel_tools_vendor:/opt/ros/jazzy/opt/gz_msgs_vendor:/opt/ros/jazzy/opt/gz_common_vendor:/opt/ros/jazzy/opt/gz_math_vendor:/opt/ros/jazzy/opt/gz_utils_vendor:/opt/ros/jazzy/opt/gz_tools_vendor:/opt/ros/jazzy/opt/gz_ogre_next_vendor:/opt/ros/jazzy/opt/gz_dartsim_vendor:/opt/ros/jazzy/opt/gz_cmake_vendor:/home/ugv/Desktop/OperationTouchdown/ugv_ws/src/install/my_ugv_vision:/home/ugv/Desktop/OperationTouchdown/ugv_ws/install/my_ugv_vision:/opt/ros/jazzy DEBUGINFOD_URLS=https://debuginfod.ubuntu.com LD_LIBRARY_PATH=/home/ugv/Desktop/OperationTouchdown/ugv_ws/install/depthai_ros_msgs/lib:${LD_LIBRARY_PATH} PYTHONPATH=/home/ugv/Desktop/OperationTouchdown/ugv_ws/install/depthai_ros_msgs/lib/python3.12/site-packages:${PYTHONPATH} /usr/bin/cmake --install /home/ugv/Desktop/OperationTouchdown/ugv_ws/build/depthai_bridge
