[0.101s] Invoking command in '/home/ground/ugv_repo/OperationTouchdown/ugv_ws/build/dual_laser_merger': CMAKE_PREFIX_PATH=${CMAKE_PREFIX_PATH}:/home/ground/ugv_repo/OperationTouchdown/ugv_ws/install/my_ugv_vision:/home/ground/ugv_repo/OperationTouchdown/ugv_ws/install/my_ugv_hardware:/opt/ros/jazzy DEBUGINFOD_URLS=https://debuginfod.ubuntu.com /usr/bin/cmake --build /home/ground/ugv_repo/OperationTouchdown/ugv_ws/build/dual_laser_merger -- -j4 -l4
[0.508s] [ 50%] Built target dual_laser_merger_node
[0.538s] [100%] Built target dual_laser_merger
[1.034s] Invoked command in '/home/ground/ugv_repo/OperationTouchdown/ugv_ws/build/dual_laser_merger' returned '0': CMAKE_PREFIX_PATH=${CMAKE_PREFIX_PATH}:/home/ground/ugv_repo/OperationTouchdown/ugv_ws/install/my_ugv_vision:/home/ground/ugv_repo/OperationTouchdown/ugv_ws/install/my_ugv_hardware:/opt/ros/jazzy DEBUGINFOD_URLS=https://debuginfod.ubuntu.com /usr/bin/cmake --build /home/ground/ugv_repo/OperationTouchdown/ugv_ws/build/dual_laser_merger -- -j4 -l4
[1.037s] Invoking command in '/home/ground/ugv_repo/OperationTouchdown/ugv_ws/build/dual_laser_merger': CMAKE_PREFIX_PATH=${CMAKE_PREFIX_PATH}:/home/ground/ugv_repo/OperationTouchdown/ugv_ws/install/my_ugv_vision:/home/ground/ugv_repo/OperationTouchdown/ugv_ws/install/my_ugv_hardware:/opt/ros/jazzy DEBUGINFOD_URLS=https://debuginfod.ubuntu.com /usr/bin/cmake --install /home/ground/ugv_repo/OperationTouchdown/ugv_ws/build/dual_laser_merger
[1.074s] -- Install configuration: ""
[1.077s] -- Execute custom install script
[1.080s] -- Up-to-date symlink: /home/ground/ugv_repo/OperationTouchdown/ugv_ws/install/dual_laser_merger/lib/dual_laser_merger/dual_laser_merger_node
[1.082s] -- Up-to-date symlink: /home/ground/ugv_repo/OperationTouchdown/ugv_ws/install/dual_laser_merger/include/dual_laser_merger/include/dual_laser_merger/dual_laser_merger.hpp
[1.085s] -- Up-to-date symlink: /home/ground/ugv_repo/OperationTouchdown/ugv_ws/install/dual_laser_merger/share/dual_laser_merger/demo_laser_merger.launch.py
[1.085s] -- Up-to-date symlink: /home/ground/ugv_repo/OperationTouchdown/ugv_ws/install/dual_laser_merger/share/dual_laser_merger/bag/dual_lidar/dual_lidar_0.mcap
[1.085s] -- Up-to-date symlink: /home/ground/ugv_repo/OperationTouchdown/ugv_ws/install/dual_laser_merger/share/dual_laser_merger/bag/dual_lidar/metadata.yaml
[1.085s] -- Up-to-date symlink: /home/ground/ugv_repo/OperationTouchdown/ugv_ws/install/dual_laser_merger/share/dual_laser_merger/config/rviz_config.rviz
[1.085s] -- Up-to-date symlink: /home/ground/ugv_repo/OperationTouchdown/ugv_ws/install/dual_laser_merger/include/dual_laser_merger/dual_laser_merger.hpp
[1.086s] -- Up-to-date symlink: /home/ground/ugv_repo/OperationTouchdown/ugv_ws/install/dual_laser_merger/share/dual_laser_merger/environment/library_path.sh
[1.086s] -- Up-to-date symlink: /home/ground/ugv_repo/OperationTouchdown/ugv_ws/install/dual_laser_merger/share/dual_laser_merger/environment/library_path.dsv
[1.089s] -- Up-to-date symlink: /home/ground/ugv_repo/OperationTouchdown/ugv_ws/install/dual_laser_merger/lib/libdual_laser_merger.so
[1.089s] -- Up-to-date symlink: /home/ground/ugv_repo/OperationTouchdown/ugv_ws/install/dual_laser_merger/share/ament_index/resource_index/package_run_dependencies/dual_laser_merger
[1.089s] -- Up-to-date symlink: /home/ground/ugv_repo/OperationTouchdown/ugv_ws/install/dual_laser_merger/share/ament_index/resource_index/parent_prefix_path/dual_laser_merger
[1.091s] -- Up-to-date symlink: /home/ground/ugv_repo/OperationTouchdown/ugv_ws/install/dual_laser_merger/share/dual_laser_merger/environment/ament_prefix_path.sh
[1.092s] -- Up-to-date symlink: /home/ground/ugv_repo/OperationTouchdown/ugv_ws/install/dual_laser_merger/share/dual_laser_merger/environment/ament_prefix_path.dsv
[1.093s] -- Up-to-date symlink: /home/ground/ugv_repo/OperationTouchdown/ugv_ws/install/dual_laser_merger/share/dual_laser_merger/environment/path.sh
[1.094s] -- Up-to-date symlink: /home/ground/ugv_repo/OperationTouchdown/ugv_ws/install/dual_laser_merger/share/dual_laser_merger/environment/path.dsv
[1.096s] -- Up-to-date symlink: /home/ground/ugv_repo/OperationTouchdown/ugv_ws/install/dual_laser_merger/share/dual_laser_merger/local_setup.bash
[1.099s] -- Up-to-date symlink: /home/ground/ugv_repo/OperationTouchdown/ugv_ws/install/dual_laser_merger/share/dual_laser_merger/local_setup.sh
[1.099s] -- Up-to-date symlink: /home/ground/ugv_repo/OperationTouchdown/ugv_ws/install/dual_laser_merger/share/dual_laser_merger/local_setup.zsh
[1.100s] -- Up-to-date symlink: /home/ground/ugv_repo/OperationTouchdown/ugv_ws/install/dual_laser_merger/share/dual_laser_merger/local_setup.dsv
[1.101s] -- Symlinking: /home/ground/ugv_repo/OperationTouchdown/ugv_ws/install/dual_laser_merger/share/dual_laser_merger/package.dsv
[1.125s] -- Up-to-date symlink: /home/ground/ugv_repo/OperationTouchdown/ugv_ws/install/dual_laser_merger/share/ament_index/resource_index/packages/dual_laser_merger
[1.125s] -- Up-to-date symlink: /home/ground/ugv_repo/OperationTouchdown/ugv_ws/install/dual_laser_merger/share/ament_index/resource_index/rclcpp_components/dual_laser_merger
[1.135s] -- Up-to-date symlink: /home/ground/ugv_repo/OperationTouchdown/ugv_ws/install/dual_laser_merger/share/dual_laser_merger/cmake/ament_cmake_export_dependencies-extras.cmake
[1.137s] -- Up-to-date symlink: /home/ground/ugv_repo/OperationTouchdown/ugv_ws/install/dual_laser_merger/share/dual_laser_merger/cmake/ament_cmake_export_include_directories-extras.cmake
[1.138s] -- Up-to-date symlink: /home/ground/ugv_repo/OperationTouchdown/ugv_ws/install/dual_laser_merger/share/dual_laser_merger/cmake/ament_cmake_export_libraries-extras.cmake
[1.139s] -- Up-to-date symlink: /home/ground/ugv_repo/OperationTouchdown/ugv_ws/install/dual_laser_merger/share/dual_laser_merger/cmake/dual_laser_mergerConfig.cmake
[1.140s] -- Up-to-date symlink: /home/ground/ugv_repo/OperationTouchdown/ugv_ws/install/dual_laser_merger/share/dual_laser_merger/cmake/dual_laser_mergerConfig-version.cmake
[1.141s] -- Up-to-date symlink: /home/ground/ugv_repo/OperationTouchdown/ugv_ws/install/dual_laser_merger/share/dual_laser_merger/package.xml
[1.147s] Invoked command in '/home/ground/ugv_repo/OperationTouchdown/ugv_ws/build/dual_laser_merger' returned '0': CMAKE_PREFIX_PATH=${CMAKE_PREFIX_PATH}:/home/ground/ugv_repo/OperationTouchdown/ugv_ws/install/my_ugv_vision:/home/ground/ugv_repo/OperationTouchdown/ugv_ws/install/my_ugv_hardware:/opt/ros/jazzy DEBUGINFOD_URLS=https://debuginfod.ubuntu.com /usr/bin/cmake --install /home/ground/ugv_repo/OperationTouchdown/ugv_ws/build/dual_laser_merger
