-- Found ament_cmake: 2.5.6 (/opt/ros/jazzy/share/ament_cmake/cmake)
-- Override CMake install command with custom implementation using symlinks instead of copying resources
-- Configuring done (0.8s)
-- Generating done (0.0s)
-- Build files have been written to: /home/ugv/Desktop/OperationTouchdown/ugv_ws/build/my_ugv_bringup
Built target ament_cmake_python_symlink_my_ugv_bringup
Built target ament_cmake_python_symlink_my_ugv_bringup_setup
running egg_info
creating my_ugv_bringup.egg-info
writing my_ugv_bringup.egg-info/PKG-INFO
writing dependency_links to my_ugv_bringup.egg-info/dependency_links.txt
writing top-level names to my_ugv_bringup.egg-info/top_level.txt
writing manifest file 'my_ugv_bringup.egg-info/SOURCES.txt'
reading manifest file 'my_ugv_bringup.egg-info/SOURCES.txt'
writing manifest file 'my_ugv_bringup.egg-info/SOURCES.txt'
Built target ament_cmake_python_build_my_ugv_bringup_egg
-- Install configuration: ""
-- Execute custom install script
-- Symlinking: /home/ugv/Desktop/OperationTouchdown/ugv_ws/install/my_ugv_bringup/share/my_ugv_bringup/environment/pythonpath.sh
-- Symlinking: /home/ugv/Desktop/OperationTouchdown/ugv_ws/install/my_ugv_bringup/share/my_ugv_bringup/environment/pythonpath.dsv
-- Symlinking: /home/ugv/Desktop/OperationTouchdown/ugv_ws/install/my_ugv_bringup/lib/python3.12/site-packages/my_ugv_bringup-0.0.0-py3.12.egg-info/PKG-INFO
-- Symlinking: /home/ugv/Desktop/OperationTouchdown/ugv_ws/install/my_ugv_bringup/lib/python3.12/site-packages/my_ugv_bringup-0.0.0-py3.12.egg-info/SOURCES.txt
-- Symlinking: /home/ugv/Desktop/OperationTouchdown/ugv_ws/install/my_ugv_bringup/lib/python3.12/site-packages/my_ugv_bringup-0.0.0-py3.12.egg-info/dependency_links.txt
-- Symlinking: /home/ugv/Desktop/OperationTouchdown/ugv_ws/install/my_ugv_bringup/lib/python3.12/site-packages/my_ugv_bringup-0.0.0-py3.12.egg-info/top_level.txt
-- Symlinking: /home/ugv/Desktop/OperationTouchdown/ugv_ws/install/my_ugv_bringup/lib/python3.12/site-packages/my_ugv_bringup/__init__.py
-- Symlinking: /home/ugv/Desktop/OperationTouchdown/ugv_ws/install/my_ugv_bringup/lib/python3.12/site-packages/my_ugv_bringup/master_builder.py
-- Up-to-date symlink: /home/ugv/Desktop/OperationTouchdown/ugv_ws/install/my_ugv_bringup/share/my_ugv_bringup/launch/__pycache__/master.launch.cpython-312.pyc
-- Symlinking: /home/ugv/Desktop/OperationTouchdown/ugv_ws/install/my_ugv_bringup/share/my_ugv_bringup/launch/__pycache__/master.launch2.cpython-312.pyc
-- Up-to-date symlink: /home/ugv/Desktop/OperationTouchdown/ugv_ws/install/my_ugv_bringup/share/my_ugv_bringup/launch/__pycache__/navigation.launch.cpython-312.pyc
-- Up-to-date symlink: /home/ugv/Desktop/OperationTouchdown/ugv_ws/install/my_ugv_bringup/share/my_ugv_bringup/launch/__pycache__/slam.launch.cpython-312.pyc
-- Up-to-date symlink: /home/ugv/Desktop/OperationTouchdown/ugv_ws/install/my_ugv_bringup/share/my_ugv_bringup/launch/master.launch.py
-- Up-to-date symlink: /home/ugv/Desktop/OperationTouchdown/ugv_ws/install/my_ugv_bringup/share/my_ugv_bringup/launch/master.launch2.py
-- Up-to-date symlink: /home/ugv/Desktop/OperationTouchdown/ugv_ws/install/my_ugv_bringup/share/my_ugv_bringup/launch/master.launch2.py.bak
-- Up-to-date symlink: /home/ugv/Desktop/OperationTouchdown/ugv_ws/install/my_ugv_bringup/share/my_ugv_bringup/launch/master.launch4.py
-- Symlinking: /home/ugv/Desktop/OperationTouchdown/ugv_ws/install/my_ugv_bringup/share/my_ugv_bringup/launch/master_akida.launch.py
-- Symlinking: /home/ugv/Desktop/OperationTouchdown/ugv_ws/install/my_ugv_bringup/share/my_ugv_bringup/launch/master_nav2.launch.py
-- Symlinking: /home/ugv/Desktop/OperationTouchdown/ugv_ws/install/my_ugv_bringup/share/my_ugv_bringup/launch/master_nav2_akida.launch.py
-- Up-to-date symlink: /home/ugv/Desktop/OperationTouchdown/ugv_ws/install/my_ugv_bringup/share/my_ugv_bringup/launch/navigation.launch.py
-- Up-to-date symlink: /home/ugv/Desktop/OperationTouchdown/ugv_ws/install/my_ugv_bringup/share/my_ugv_bringup/launch/navigation_launch.py
-- Up-to-date symlink: /home/ugv/Desktop/OperationTouchdown/ugv_ws/install/my_ugv_bringup/share/my_ugv_bringup/launch/oak_camera.launch.py
-- Up-to-date symlink: /home/ugv/Desktop/OperationTouchdown/ugv_ws/install/my_ugv_bringup/share/my_ugv_bringup/launch/slam.launch.py
-- Up-to-date symlink: /home/ugv/Desktop/OperationTouchdown/ugv_ws/install/my_ugv_bringup/share/my_ugv_bringup/config/ekf.yaml
-- Up-to-date symlink: /home/ugv/Desktop/OperationTouchdown/ugv_ws/install/my_ugv_bringup/share/my_ugv_bringup/config/nav2_params.yaml
-- Up-to-date symlink: /home/ugv/Desktop/OperationTouchdown/ugv_ws/install/my_ugv_bringup/share/my_ugv_bringup/config/nav2_params.yaml.bak
-- Up-to-date symlink: /home/ugv/Desktop/OperationTouchdown/ugv_ws/install/my_ugv_bringup/share/my_ugv_bringup/config/oak_camera.yaml
-- Symlinking: /home/ugv/Desktop/OperationTouchdown/ugv_ws/install/my_ugv_bringup/share/my_ugv_bringup/config/oak_camera_rgb.yaml
-- Up-to-date symlink: /home/ugv/Desktop/OperationTouchdown/ugv_ws/install/my_ugv_bringup/share/my_ugv_bringup/config/slam_param.yaml
-- Up-to-date symlink: /home/ugv/Desktop/OperationTouchdown/ugv_ws/install/my_ugv_bringup/share/my_ugv_bringup/urdf/my_ugv.urdf.xacro
-- Up-to-date symlink: /home/ugv/Desktop/OperationTouchdown/ugv_ws/install/my_ugv_bringup/lib/my_ugv_bringup/cmd_vel_nav_relay.py
-- Up-to-date symlink: /home/ugv/Desktop/OperationTouchdown/ugv_ws/install/my_ugv_bringup/lib/my_ugv_bringup/joy_speed_estop.py
-- Up-to-date symlink: /home/ugv/Desktop/OperationTouchdown/ugv_ws/install/my_ugv_bringup/share/ament_index/resource_index/package_run_dependencies/my_ugv_bringup
-- Up-to-date symlink: /home/ugv/Desktop/OperationTouchdown/ugv_ws/install/my_ugv_bringup/share/ament_index/resource_index/parent_prefix_path/my_ugv_bringup
-- Up-to-date symlink: /home/ugv/Desktop/OperationTouchdown/ugv_ws/install/my_ugv_bringup/share/my_ugv_bringup/environment/ament_prefix_path.sh
-- Up-to-date symlink: /home/ugv/Desktop/OperationTouchdown/ugv_ws/install/my_ugv_bringup/share/my_ugv_bringup/environment/ament_prefix_path.dsv
-- Up-to-date symlink: /home/ugv/Desktop/OperationTouchdown/ugv_ws/install/my_ugv_bringup/share/my_ugv_bringup/environment/path.sh
-- Up-to-date symlink: /home/ugv/Desktop/OperationTouchdown/ugv_ws/install/my_ugv_bringup/share/my_ugv_bringup/environment/path.dsv
-- Up-to-date symlink: /home/ugv/Desktop/OperationTouchdown/ugv_ws/install/my_ugv_bringup/share/my_ugv_bringup/local_setup.bash
-- Up-to-date symlink: /home/ugv/Desktop/OperationTouchdown/ugv_ws/install/my_ugv_bringup/share/my_ugv_bringup/local_setup.sh
-- Up-to-date symlink: /home/ugv/Desktop/OperationTouchdown/ugv_ws/install/my_ugv_bringup/share/my_ugv_bringup/local_setup.zsh
-- Up-to-date symlink: /home/ugv/Desktop/OperationTouchdown/ugv_ws/install/my_ugv_bringup/share/my_ugv_bringup/local_setup.dsv
-- Symlinking: /home/ugv/Desktop/OperationTouchdown/ugv_ws/install/my_ugv_bringup/share/my_ugv_bringup/package.dsv
-- Up-to-date symlink: /home/ugv/Desktop/OperationTouchdown/ugv_ws/install/my_ugv_bringup/share/ament_index/resource_index/packages/my_ugv_bringup
-- Up-to-date symlink: /home/ugv/Desktop/OperationTouchdown/ugv_ws/install/my_ugv_bringup/share/my_ugv_bringup/cmake/my_ugv_bringupConfig.cmake
-- Up-to-date symlink: /home/ugv/Desktop/OperationTouchdown/ugv_ws/install/my_ugv_bringup/share/my_ugv_bringup/cmake/my_ugv_bringupConfig-version.cmake
-- Up-to-date symlink: /home/ugv/Desktop/OperationTouchdown/ugv_ws/install/my_ugv_bringup/share/my_ugv_bringup/package.xml
Listing '/home/ugv/Desktop/OperationTouchdown/ugv_ws/install/my_ugv_bringup/lib/python3.12/site-packages/my_ugv_bringup'...
Compiling '/home/ugv/Desktop/OperationTouchdown/ugv_ws/install/my_ugv_bringup/lib/python3.12/site-packages/my_ugv_bringup/__init__.py'...
Compiling '/home/ugv/Desktop/OperationTouchdown/ugv_ws/install/my_ugv_bringup/lib/python3.12/site-packages/my_ugv_bringup/master_builder.py'...
