[0.045s] Invoking command in '/home/ugv/Desktop/OperationTouchdown/ugv_ws/build/my_ugv_description': CMAKE_PREFIX_PATH=${CMAKE_PREFIX_PATH}:/home/ugv/Desktop/OperationTouchdown/ugv_ws/install/my_ugv_vision:/home/ugv/Desktop/OperationTouchdown/ugv_ws/install/my_ugv_hardware:/opt/ros/jazzy DEBUGINFOD_URLS=https://debuginfod.ubuntu.com /usr/bin/cmake --build /home/ugv/Desktop/OperationTouchdown/ugv_ws/build/my_ugv_description -- -j4 -l4
[0.191s] Invoked command in '/home/ugv/Desktop/OperationTouchdown/ugv_ws/build/my_ugv_description' returned '0': CMAKE_PREFIX_PATH=${CMAKE_PREFIX_PATH}:/home/ugv/Desktop/OperationTouchdown/ugv_ws/install/my_ugv_vision:/home/ugv/Desktop/OperationTouchdown/ugv_ws/install/my_ugv_hardware:/opt/ros/jazzy DEBUGINFOD_URLS=https://debuginfod.ubuntu.com /usr/bin/cmake --build /home/ugv/Desktop/OperationTouchdown/ugv_ws/build/my_ugv_description -- -j4 -l4
[0.192s] Invoking command in '/home/ugv/Desktop/OperationTouchdown/ugv_ws/build/my_ugv_description': CMAKE_PREFIX_PATH=${CMAKE_PREFIX_PATH}:/home/ugv/Desktop/OperationTouchdown/ugv_ws/install/my_ugv_vision:/home/ugv/Desktop/OperationTouchdown/ugv_ws/install/my_ugv_hardware:/opt/ros/jazzy DEBUGINFOD_URLS=https://debuginfod.ubuntu.com /usr/bin/cmake --install /home/ugv/Desktop/OperationTouchdown/ugv_ws/build/my_ugv_description
[0.228s] -- Install configuration: ""
[0.229s] -- Execute custom install script
[0.229s] -- Up-to-date symlink: /home/ugv/Desktop/OperationTouchdown/ugv_ws/install/my_ugv_description/share/my_ugv_description/urdf/ugv.urdf.xacro
[0.234s] -- Up-to-date symlink: /home/ugv/Desktop/OperationTouchdown/ugv_ws/install/my_ugv_description/share/my_ugv_description/package.xml
[0.234s] -- Up-to-date symlink: /home/ugv/Desktop/OperationTouchdown/ugv_ws/install/my_ugv_description/share/ament_index/resource_index/package_run_dependencies/my_ugv_description
[0.257s] -- Up-to-date symlink: /home/ugv/Desktop/OperationTouchdown/ugv_ws/install/my_ugv_description/share/ament_index/resource_index/parent_prefix_path/my_ugv_description
[0.258s] -- Up-to-date symlink: /home/ugv/Desktop/OperationTouchdown/ugv_ws/install/my_ugv_description/share/my_ugv_description/environment/ament_prefix_path.sh
[0.260s] -- Up-to-date symlink: /home/ugv/Desktop/OperationTouchdown/ugv_ws/install/my_ugv_description/share/my_ugv_description/environment/ament_prefix_path.dsv
[0.262s] -- Up-to-date symlink: /home/ugv/Desktop/OperationTouchdown/ugv_ws/install/my_ugv_description/share/my_ugv_description/environment/path.sh
[0.264s] -- Up-to-date symlink: /home/ugv/Desktop/OperationTouchdown/ugv_ws/install/my_ugv_description/share/my_ugv_description/environment/path.dsv
[0.267s] -- Up-to-date symlink: /home/ugv/Desktop/OperationTouchdown/ugv_ws/install/my_ugv_description/share/my_ugv_description/local_setup.bash
[0.268s] -- Up-to-date symlink: /home/ugv/Desktop/OperationTouchdown/ugv_ws/install/my_ugv_description/share/my_ugv_description/local_setup.sh
[0.269s] -- Up-to-date symlink: /home/ugv/Desktop/OperationTouchdown/ugv_ws/install/my_ugv_description/share/my_ugv_description/local_setup.zsh
[0.270s] -- Up-to-date symlink: /home/ugv/Desktop/OperationTouchdown/ugv_ws/install/my_ugv_description/share/my_ugv_description/local_setup.dsv
[0.270s] -- Symlinking: /home/ugv/Desktop/OperationTouchdown/ugv_ws/install/my_ugv_description/share/my_ugv_description/package.dsv
[0.285s] -- Up-to-date symlink: /home/ugv/Desktop/OperationTouchdown/ugv_ws/install/my_ugv_description/share/ament_index/resource_index/packages/my_ugv_description
[0.287s] -- Up-to-date symlink: /home/ugv/Desktop/OperationTouchdown/ugv_ws/install/my_ugv_description/share/my_ugv_description/cmake/my_ugv_descriptionConfig.cmake
[0.288s] -- Up-to-date symlink: /home/ugv/Desktop/OperationTouchdown/ugv_ws/install/my_ugv_description/share/my_ugv_description/cmake/my_ugv_descriptionConfig-version.cmake
[0.290s] -- Up-to-date symlink: /home/ugv/Desktop/OperationTouchdown/ugv_ws/install/my_ugv_description/share/my_ugv_description/package.xml
[0.298s] Invoked command in '/home/ugv/Desktop/OperationTouchdown/ugv_ws/build/my_ugv_description' returned '0': CMAKE_PREFIX_PATH=${CMAKE_PREFIX_PATH}:/home/ugv/Desktop/OperationTouchdown/ugv_ws/install/my_ugv_vision:/home/ugv/Desktop/OperationTouchdown/ugv_ws/install/my_ugv_hardware:/opt/ros/jazzy DEBUGINFOD_URLS=https://debuginfod.ubuntu.com /usr/bin/cmake --install /home/ugv/Desktop/OperationTouchdown/ugv_ws/build/my_ugv_description
