[0.030s] Invoking command in '/home/ugv/Desktop/OperationTouchdown/ugv_ws/build/depthai_ros_driver': AMENT_PREFIX_PATH=/home/ugv/Desktop/OperationTouchdown/ugv_ws/install/depthai_examples:/home/ugv/Desktop/OperationTouchdown/ugv_ws/install/depthai_bridge:/home/ugv/Desktop/OperationTouchdown/ugv_ws/install/depthai_ros_msgs:/home/ugv/Desktop/OperationTouchdown/ugv_ws/install/depthai_descriptions:${AMENT_PREFIX_PATH} CMAKE_PREFIX_PATH=/home/ugv/Desktop/OperationTouchdown/ugv_ws/install/depthai_examples:/home/ugv/Desktop/OperationTouchdown/ugv_ws/install/depthai_bridge:/home/ugv/Desktop/OperationTouchdown/ugv_ws/install/depthai_ros_msgs:/home/ugv/Desktop/OperationTouchdown/ugv_ws/install/depthai_descriptions:/opt/ros/jazzy/opt/gz_sim_vendor:/opt/ros/jazzy/opt/gz_sensors_vendor:/opt/ros/jazzy/opt/gz_physics_vendor:/opt/ros/jazzy/opt/sdformat_vendor:/opt/ros/jazzy/opt/gz_gui_vendor:/opt/ros/jazzy/opt/gz_transport_vendor:/opt/ros/jazzy/opt/gz_rendering_vendor:/opt/ros/jazzy/opt/gz_plugin_vendor:/opt/ros/jazzy/opt/gz_fuel_tools_vendor:/opt/ros/jazzy/opt/gz_msgs_vendor:/opt/ros/jazzy/opt/gz_common_vendor:/opt/ros/jazzy/opt/gz_math_vendor:/opt/ros/jazzy/opt/gz_utils_vendor:/opt/ros/jazzy/opt/gz_tools_vendor:/opt/ros/jazzy/opt/gz_ogre_next_vendor:/opt/ros/jazzy/opt/gz_dartsim_vendor:/opt/ros/jazzy/opt/gz_cmake_vendor:/opt/ros/jazzy GAZEBO_MODEL_PATH=/home/ugv/Desktop/OperationTouchdown/ugv_ws/install/depthai_descriptions:${GAZEBO_MODEL_PATH} GAZEBO_RESOURCE_PATH=/home/ugv/Desktop/OperationTouchdown/ugv_ws/install/depthai_descriptions:${GAZEBO_RESOURCE_PATH} IGN_GAZEBO_MODEL_PATH=/home/ugv/Desktop/OperationTouchdown/ugv_ws/install/depthai_descriptions:${IGN_GAZEBO_MODEL_PATH} IGN_GAZEBO_RESOURCE_PATH=/home/ugv/Desktop/OperationTouchdown/ugv_ws/install/depthai_descriptions:${IGN_GAZEBO_RESOURCE_PATH} LD_LIBRARY_PATH=/home/ugv/Desktop/OperationTouchdown/ugv_ws/install/depthai_bridge/lib:/home/ugv/Desktop/OperationTouchdown/ugv_ws/install/depthai_ros_msgs/lib:${LD_LIBRARY_PATH} PYTHONPATH=/home/ugv/Desktop/OperationTouchdown/ugv_ws/install/depthai_ros_msgs/lib/python3.12/site-packages:${PYTHONPATH} /usr/bin/cmake --build /home/ugv/Desktop/OperationTouchdown/ugv_ws/build/depthai_ros_driver -- -j4 -l4
[0.224s] [  0%] Built target ament_cmake_python_symlink_depthai_ros_driver
[0.250s] [ 42%] Built target depthai_ros_driver_common
[0.348s] [ 54%] Built target depthai_ros_driver_nn_nodes
[0.382s] [ 82%] Built target depthai_ros_driver_sensor_nodes
[0.464s] [ 94%] Built target depthai_ros_driver
[0.544s] [100%] Built target camera_node
[0.715s] running egg_info
[0.746s] writing depthai_ros_driver.egg-info/PKG-INFO
[0.746s] writing dependency_links to depthai_ros_driver.egg-info/dependency_links.txt
[0.749s] writing top-level names to depthai_ros_driver.egg-info/top_level.txt
[0.852s] reading manifest file 'depthai_ros_driver.egg-info/SOURCES.txt'
[0.853s] writing manifest file 'depthai_ros_driver.egg-info/SOURCES.txt'
[0.966s] [100%] Built target ament_cmake_python_build_depthai_ros_driver_egg
[0.993s] Invoked command in '/home/ugv/Desktop/OperationTouchdown/ugv_ws/build/depthai_ros_driver' returned '0': AMENT_PREFIX_PATH=/home/ugv/Desktop/OperationTouchdown/ugv_ws/install/depthai_examples:/home/ugv/Desktop/OperationTouchdown/ugv_ws/install/depthai_bridge:/home/ugv/Desktop/OperationTouchdown/ugv_ws/install/depthai_ros_msgs:/home/ugv/Desktop/OperationTouchdown/ugv_ws/install/depthai_descriptions:${AMENT_PREFIX_PATH} CMAKE_PREFIX_PATH=/home/ugv/Desktop/OperationTouchdown/ugv_ws/install/depthai_examples:/home/ugv/Desktop/OperationTouchdown/ugv_ws/install/depthai_bridge:/home/ugv/Desktop/OperationTouchdown/ugv_ws/install/depthai_ros_msgs:/home/ugv/Desktop/OperationTouchdown/ugv_ws/install/depthai_descriptions:/opt/ros/jazzy/opt/gz_sim_vendor:/opt/ros/jazzy/opt/gz_sensors_vendor:/opt/ros/jazzy/opt/gz_physics_vendor:/opt/ros/jazzy/opt/sdformat_vendor:/opt/ros/jazzy/opt/gz_gui_vendor:/opt/ros/jazzy/opt/gz_transport_vendor:/opt/ros/jazzy/opt/gz_rendering_vendor:/opt/ros/jazzy/opt/gz_plugin_vendor:/opt/ros/jazzy/opt/gz_fuel_tools_vendor:/opt/ros/jazzy/opt/gz_msgs_vendor:/opt/ros/jazzy/opt/gz_common_vendor:/opt/ros/jazzy/opt/gz_math_vendor:/opt/ros/jazzy/opt/gz_utils_vendor:/opt/ros/jazzy/opt/gz_tools_vendor:/opt/ros/jazzy/opt/gz_ogre_next_vendor:/opt/ros/jazzy/opt/gz_dartsim_vendor:/opt/ros/jazzy/opt/gz_cmake_vendor:/opt/ros/jazzy GAZEBO_MODEL_PATH=/home/ugv/Desktop/OperationTouchdown/ugv_ws/install/depthai_descriptions:${GAZEBO_MODEL_PATH} GAZEBO_RESOURCE_PATH=/home/ugv/Desktop/OperationTouchdown/ugv_ws/install/depthai_descriptions:${GAZEBO_RESOURCE_PATH} IGN_GAZEBO_MODEL_PATH=/home/ugv/Desktop/OperationTouchdown/ugv_ws/install/depthai_descriptions:${IGN_GAZEBO_MODEL_PATH} IGN_GAZEBO_RESOURCE_PATH=/home/ugv/Desktop/OperationTouchdown/ugv_ws/install/depthai_descriptions:${IGN_GAZEBO_RESOURCE_PATH} LD_LIBRARY_PATH=/home/ugv/Desktop/OperationTouchdown/ugv_ws/install/depthai_bridge/lib:/home/ugv/Desktop/OperationTouchdown/ugv_ws/install/depthai_ros_msgs/lib:${LD_LIBRARY_PATH} PYTHONPATH=/home/ugv/Desktop/OperationTouchdown/ugv_ws/install/depthai_ros_msgs/lib/python3.12/site-packages:${PYTHONPATH} /usr/bin/cmake --build /home/ugv/Desktop/OperationTouchdown/ugv_ws/build/depthai_ros_driver -- -j4 -l4
[0.995s] Invoking command in '/home/ugv/Desktop/OperationTouchdown/ugv_ws/build/depthai_ros_driver': AMENT_PREFIX_PATH=/home/ugv/Desktop/OperationTouchdown/ugv_ws/install/depthai_examples:/home/ugv/Desktop/OperationTouchdown/ugv_ws/install/depthai_bridge:/home/ugv/Desktop/OperationTouchdown/ugv_ws/install/depthai_ros_msgs:/home/ugv/Desktop/OperationTouchdown/ugv_ws/install/depthai_descriptions:${AMENT_PREFIX_PATH} CMAKE_PREFIX_PATH=/home/ugv/Desktop/OperationTouchdown/ugv_ws/install/depthai_examples:/home/ugv/Desktop/OperationTouchdown/ugv_ws/install/depthai_bridge:/home/ugv/Desktop/OperationTouchdown/ugv_ws/install/depthai_ros_msgs:/home/ugv/Desktop/OperationTouchdown/ugv_ws/install/depthai_descriptions:/opt/ros/jazzy/opt/gz_sim_vendor:/opt/ros/jazzy/opt/gz_sensors_vendor:/opt/ros/jazzy/opt/gz_physics_vendor:/opt/ros/jazzy/opt/sdformat_vendor:/opt/ros/jazzy/opt/gz_gui_vendor:/opt/ros/jazzy/opt/gz_transport_vendor:/opt/ros/jazzy/opt/gz_rendering_vendor:/opt/ros/jazzy/opt/gz_plugin_vendor:/opt/ros/jazzy/opt/gz_fuel_tools_vendor:/opt/ros/jazzy/opt/gz_msgs_vendor:/opt/ros/jazzy/opt/gz_common_vendor:/opt/ros/jazzy/opt/gz_math_vendor:/opt/ros/jazzy/opt/gz_utils_vendor:/opt/ros/jazzy/opt/gz_tools_vendor:/opt/ros/jazzy/opt/gz_ogre_next_vendor:/opt/ros/jazzy/opt/gz_dartsim_vendor:/opt/ros/jazzy/opt/gz_cmake_vendor:/opt/ros/jazzy GAZEBO_MODEL_PATH=/home/ugv/Desktop/OperationTouchdown/ugv_ws/install/depthai_descriptions:${GAZEBO_MODEL_PATH} GAZEBO_RESOURCE_PATH=/home/ugv/Desktop/OperationTouchdown/ugv_ws/install/depthai_descriptions:${GAZEBO_RESOURCE_PATH} IGN_GAZEBO_MODEL_PATH=/home/ugv/Desktop/OperationTouchdown/ugv_ws/install/depthai_descriptions:${IGN_GAZEBO_MODEL_PATH} IGN_GAZEBO_RESOURCE_PATH=/home/ugv/Desktop/OperationTouchdown/ugv_ws/install/depthai_descriptions:${IGN_GAZEBO_RESOURCE_PATH} LD_LIBRARY_PATH=/home/ugv/Desktop/OperationTouchdown/ugv_ws/install/depthai_bridge/lib:/home/ugv/Desktop/OperationTouchdown/ugv_ws/install/depthai_ros_msgs/lib:${LD_LIBRARY_PATH} PYTHONPATH=/home/ugv/Desktop/OperationTouchdown/ugv_ws/install/depthai_ros_msgs/lib/python3.12/site-packages:${PYTHONPATH} /usr/bin/cmake --install /home/ugv/Desktop/OperationTouchdown/ugv_ws/build/depthai_ros_driver
[1.014s] -- Install configuration: ""
[1.014s] -- Execute custom install script
[1.015s] -- Up-to-date symlink: /home/ugv/Desktop/OperationTouchdown/ugv_ws/install/depthai_ros_driver/share/depthai_ros_driver//plugins.xml
[1.017s] -- Up-to-date symlink: /home/ugv/Desktop/OperationTouchdown/ugv_ws/install/depthai_ros_driver/share/depthai_ros_driver/environment/library_path.sh
[1.017s] -- Up-to-date symlink: /home/ugv/Desktop/OperationTouchdown/ugv_ws/install/depthai_ros_driver/share/depthai_ros_driver/environment/library_path.dsv
[1.017s] -- Up-to-date symlink: /home/ugv/Desktop/OperationTouchdown/ugv_ws/install/depthai_ros_driver/share/depthai_ros_driver/launch/calibration.launch.py
[1.017s] -- Up-to-date symlink: /home/ugv/Desktop/OperationTouchdown/ugv_ws/install/depthai_ros_driver/share/depthai_ros_driver/launch/camera.launch.py
[1.017s] -- Up-to-date symlink: /home/ugv/Desktop/OperationTouchdown/ugv_ws/install/depthai_ros_driver/share/depthai_ros_driver/launch/camera_as_part_of_a_robot.launch.py
[1.017s] -- Up-to-date symlink: /home/ugv/Desktop/OperationTouchdown/ugv_ws/install/depthai_ros_driver/share/depthai_ros_driver/launch/example_marker_publish.launch.py
[1.017s] -- Up-to-date symlink: /home/ugv/Desktop/OperationTouchdown/ugv_ws/install/depthai_ros_driver/share/depthai_ros_driver/launch/example_multicam.launch.py
[1.018s] -- Up-to-date symlink: /home/ugv/Desktop/OperationTouchdown/ugv_ws/install/depthai_ros_driver/share/depthai_ros_driver/launch/example_segmentation.launch.py
[1.018s] -- Up-to-date symlink: /home/ugv/Desktop/OperationTouchdown/ugv_ws/install/depthai_ros_driver/share/depthai_ros_driver/launch/oak_t.launch.py
[1.018s] -- Up-to-date symlink: /home/ugv/Desktop/OperationTouchdown/ugv_ws/install/depthai_ros_driver/share/depthai_ros_driver/launch/pointcloud.launch.py
[1.021s] -- Up-to-date symlink: /home/ugv/Desktop/OperationTouchdown/ugv_ws/install/depthai_ros_driver/share/depthai_ros_driver/launch/rgbd_pcl.launch.py
[1.021s] -- Up-to-date symlink: /home/ugv/Desktop/OperationTouchdown/ugv_ws/install/depthai_ros_driver/share/depthai_ros_driver/launch/rtabmap.launch.py
[1.021s] -- Up-to-date symlink: /home/ugv/Desktop/OperationTouchdown/ugv_ws/install/depthai_ros_driver/share/depthai_ros_driver/launch/sr_poe_rgbd_pcl.launch.py
[1.021s] -- Up-to-date symlink: /home/ugv/Desktop/OperationTouchdown/ugv_ws/install/depthai_ros_driver/share/depthai_ros_driver/launch/sr_rgbd_pcl.launch.py
[1.021s] -- Up-to-date symlink: /home/ugv/Desktop/OperationTouchdown/ugv_ws/install/depthai_ros_driver/share/depthai_ros_driver/launch/stereo_from_rosbag.launch.py
[1.022s] -- Up-to-date symlink: /home/ugv/Desktop/OperationTouchdown/ugv_ws/install/depthai_ros_driver/share/depthai_ros_driver/config/calibration.yaml
[1.022s] -- Up-to-date symlink: /home/ugv/Desktop/OperationTouchdown/ugv_ws/install/depthai_ros_driver/share/depthai_ros_driver/config/calibration/left.yaml
[1.022s] -- Up-to-date symlink: /home/ugv/Desktop/OperationTouchdown/ugv_ws/install/depthai_ros_driver/share/depthai_ros_driver/config/calibration/rgb.yaml
[1.022s] -- Up-to-date symlink: /home/ugv/Desktop/OperationTouchdown/ugv_ws/install/depthai_ros_driver/share/depthai_ros_driver/config/calibration/right.yaml
[1.022s] -- Up-to-date symlink: /home/ugv/Desktop/OperationTouchdown/ugv_ws/install/depthai_ros_driver/share/depthai_ros_driver/config/camera.yaml
[1.023s] -- Up-to-date symlink: /home/ugv/Desktop/OperationTouchdown/ugv_ws/install/depthai_ros_driver/share/depthai_ros_driver/config/isaac_vslam.yaml
[1.023s] -- Up-to-date symlink: /home/ugv/Desktop/OperationTouchdown/ugv_ws/install/depthai_ros_driver/share/depthai_ros_driver/config/low_bandwidth.yaml
[1.024s] -- Up-to-date symlink: /home/ugv/Desktop/OperationTouchdown/ugv_ws/install/depthai_ros_driver/share/depthai_ros_driver/config/multicam_example.yaml
[1.024s] -- Up-to-date symlink: /home/ugv/Desktop/OperationTouchdown/ugv_ws/install/depthai_ros_driver/share/depthai_ros_driver/config/nn/mobilenet.json
[1.025s] -- Up-to-date symlink: /home/ugv/Desktop/OperationTouchdown/ugv_ws/install/depthai_ros_driver/share/depthai_ros_driver/config/nn/segmentation.json
[1.025s] -- Up-to-date symlink: /home/ugv/Desktop/OperationTouchdown/ugv_ws/install/depthai_ros_driver/share/depthai_ros_driver/config/nn/yolo.json
[1.025s] -- Up-to-date symlink: /home/ugv/Desktop/OperationTouchdown/ugv_ws/install/depthai_ros_driver/share/depthai_ros_driver/config/oak_d_pro_w.yaml
[1.026s] -- Up-to-date symlink: /home/ugv/Desktop/OperationTouchdown/ugv_ws/install/depthai_ros_driver/share/depthai_ros_driver/config/oak_d_sr.yaml
[1.026s] -- Up-to-date symlink: /home/ugv/Desktop/OperationTouchdown/ugv_ws/install/depthai_ros_driver/share/depthai_ros_driver/config/oak_t.yaml
[1.027s] -- Up-to-date symlink: /home/ugv/Desktop/OperationTouchdown/ugv_ws/install/depthai_ros_driver/share/depthai_ros_driver/config/pcl.yaml
[1.027s] -- Up-to-date symlink: /home/ugv/Desktop/OperationTouchdown/ugv_ws/install/depthai_ros_driver/share/depthai_ros_driver/config/rgbd.yaml
[1.027s] -- Up-to-date symlink: /home/ugv/Desktop/OperationTouchdown/ugv_ws/install/depthai_ros_driver/share/depthai_ros_driver/config/rviz/multicam.rviz
[1.028s] -- Up-to-date symlink: /home/ugv/Desktop/OperationTouchdown/ugv_ws/install/depthai_ros_driver/share/depthai_ros_driver/config/rviz/rgbd.rviz
[1.028s] -- Up-to-date symlink: /home/ugv/Desktop/OperationTouchdown/ugv_ws/install/depthai_ros_driver/share/depthai_ros_driver/config/rviz/segmentation.rviz
[1.028s] -- Up-to-date symlink: /home/ugv/Desktop/OperationTouchdown/ugv_ws/install/depthai_ros_driver/share/depthai_ros_driver/config/segmentation.yaml
[1.028s] -- Up-to-date symlink: /home/ugv/Desktop/OperationTouchdown/ugv_ws/install/depthai_ros_driver/share/depthai_ros_driver/config/spatial_yolo.yaml
[1.028s] -- Up-to-date symlink: /home/ugv/Desktop/OperationTouchdown/ugv_ws/install/depthai_ros_driver/share/depthai_ros_driver/config/sr_poe_rgbd.yaml
[1.029s] -- Up-to-date symlink: /home/ugv/Desktop/OperationTouchdown/ugv_ws/install/depthai_ros_driver/share/depthai_ros_driver/config/sr_rgbd.yaml
[1.029s] -- Up-to-date symlink: /home/ugv/Desktop/OperationTouchdown/ugv_ws/install/depthai_ros_driver/share/depthai_ros_driver/config/stereo_from_rosbag.yaml
[1.030s] -- Up-to-date symlink: /home/ugv/Desktop/OperationTouchdown/ugv_ws/install/depthai_ros_driver/lib/depthai_ros_driver/camera_node
[1.030s] -- Up-to-date symlink: /home/ugv/Desktop/OperationTouchdown/ugv_ws/install/depthai_ros_driver/share/depthai_ros_driver/environment/pythonpath.sh
[1.032s] -- Up-to-date symlink: /home/ugv/Desktop/OperationTouchdown/ugv_ws/install/depthai_ros_driver/share/depthai_ros_driver/environment/pythonpath.dsv
[1.032s] -- Up-to-date symlink: /home/ugv/Desktop/OperationTouchdown/ugv_ws/install/depthai_ros_driver/lib/python3.12/site-packages/depthai_ros_driver-2.12.2-py3.12.egg-info/PKG-INFO
[1.032s] -- Up-to-date symlink: /home/ugv/Desktop/OperationTouchdown/ugv_ws/install/depthai_ros_driver/lib/python3.12/site-packages/depthai_ros_driver-2.12.2-py3.12.egg-info/SOURCES.txt
[1.032s] -- Up-to-date symlink: /home/ugv/Desktop/OperationTouchdown/ugv_ws/install/depthai_ros_driver/lib/python3.12/site-packages/depthai_ros_driver-2.12.2-py3.12.egg-info/dependency_links.txt
[1.033s] -- Up-to-date symlink: /home/ugv/Desktop/OperationTouchdown/ugv_ws/install/depthai_ros_driver/lib/python3.12/site-packages/depthai_ros_driver-2.12.2-py3.12.egg-info/top_level.txt
[1.033s] -- Up-to-date symlink: /home/ugv/Desktop/OperationTouchdown/ugv_ws/install/depthai_ros_driver/lib/python3.12/site-packages/depthai_ros_driver/__init__.py
[1.034s] -- Up-to-date symlink: /home/ugv/Desktop/OperationTouchdown/ugv_ws/install/depthai_ros_driver/lib/depthai_ros_driver/obj_pub.py
[1.034s] -- Up-to-date symlink: /home/ugv/Desktop/OperationTouchdown/ugv_ws/install/depthai_ros_driver/include/depthai_ros_driver/camera.hpp
[1.034s] -- Up-to-date symlink: /home/ugv/Desktop/OperationTouchdown/ugv_ws/install/depthai_ros_driver/include/depthai_ros_driver/dai_nodes/base_node.hpp
[1.035s] -- Up-to-date symlink: /home/ugv/Desktop/OperationTouchdown/ugv_ws/install/depthai_ros_driver/include/depthai_ros_driver/dai_nodes/nn/detection.hpp
[1.035s] -- Up-to-date symlink: /home/ugv/Desktop/OperationTouchdown/ugv_ws/install/depthai_ros_driver/include/depthai_ros_driver/dai_nodes/nn/nn_helpers.hpp
[1.035s] -- Up-to-date symlink: /home/ugv/Desktop/OperationTouchdown/ugv_ws/install/depthai_ros_driver/include/depthai_ros_driver/dai_nodes/nn/nn_wrapper.hpp
[1.036s] -- Up-to-date symlink: /home/ugv/Desktop/OperationTouchdown/ugv_ws/install/depthai_ros_driver/include/depthai_ros_driver/dai_nodes/nn/segmentation.hpp
[1.036s] -- Up-to-date symlink: /home/ugv/Desktop/OperationTouchdown/ugv_ws/install/depthai_ros_driver/include/depthai_ros_driver/dai_nodes/nn/spatial_detection.hpp
[1.037s] -- Up-to-date symlink: /home/ugv/Desktop/OperationTouchdown/ugv_ws/install/depthai_ros_driver/include/depthai_ros_driver/dai_nodes/nn/spatial_nn_wrapper.hpp
[1.037s] -- Up-to-date symlink: /home/ugv/Desktop/OperationTouchdown/ugv_ws/install/depthai_ros_driver/include/depthai_ros_driver/dai_nodes/sensors/feature_tracker.hpp
[1.037s] -- Up-to-date symlink: /home/ugv/Desktop/OperationTouchdown/ugv_ws/install/depthai_ros_driver/include/depthai_ros_driver/dai_nodes/sensors/img_pub.hpp
[1.038s] -- Up-to-date symlink: /home/ugv/Desktop/OperationTouchdown/ugv_ws/install/depthai_ros_driver/include/depthai_ros_driver/dai_nodes/sensors/imu.hpp
[1.038s] -- Up-to-date symlink: /home/ugv/Desktop/OperationTouchdown/ugv_ws/install/depthai_ros_driver/include/depthai_ros_driver/dai_nodes/sensors/mono.hpp
[1.039s] -- Up-to-date symlink: /home/ugv/Desktop/OperationTouchdown/ugv_ws/install/depthai_ros_driver/include/depthai_ros_driver/dai_nodes/sensors/rgb.hpp
[1.039s] -- Up-to-date symlink: /home/ugv/Desktop/OperationTouchdown/ugv_ws/install/depthai_ros_driver/include/depthai_ros_driver/dai_nodes/sensors/sensor_helpers.hpp
[1.039s] -- Up-to-date symlink: /home/ugv/Desktop/OperationTouchdown/ugv_ws/install/depthai_ros_driver/include/depthai_ros_driver/dai_nodes/sensors/sensor_wrapper.hpp
[1.040s] -- Up-to-date symlink: /home/ugv/Desktop/OperationTouchdown/ugv_ws/install/depthai_ros_driver/include/depthai_ros_driver/dai_nodes/sensors/stereo.hpp
[1.043s] -- Up-to-date symlink: /home/ugv/Desktop/OperationTouchdown/ugv_ws/install/depthai_ros_driver/include/depthai_ros_driver/dai_nodes/sensors/sync.hpp
[1.044s] -- Up-to-date symlink: /home/ugv/Desktop/OperationTouchdown/ugv_ws/install/depthai_ros_driver/include/depthai_ros_driver/dai_nodes/sensors/thermal.hpp
[1.044s] -- Up-to-date symlink: /home/ugv/Desktop/OperationTouchdown/ugv_ws/install/depthai_ros_driver/include/depthai_ros_driver/dai_nodes/sensors/tof.hpp
[1.044s] -- Up-to-date symlink: /home/ugv/Desktop/OperationTouchdown/ugv_ws/install/depthai_ros_driver/include/depthai_ros_driver/dai_nodes/stereo.hpp
[1.044s] -- Up-to-date symlink: /home/ugv/Desktop/OperationTouchdown/ugv_ws/install/depthai_ros_driver/include/depthai_ros_driver/dai_nodes/sys_logger.hpp
[1.044s] -- Up-to-date symlink: /home/ugv/Desktop/OperationTouchdown/ugv_ws/install/depthai_ros_driver/include/depthai_ros_driver/param_handlers/base_param_handler.hpp
[1.044s] -- Up-to-date symlink: /home/ugv/Desktop/OperationTouchdown/ugv_ws/install/depthai_ros_driver/include/depthai_ros_driver/param_handlers/camera_param_handler.hpp
[1.045s] -- Up-to-date symlink: /home/ugv/Desktop/OperationTouchdown/ugv_ws/install/depthai_ros_driver/include/depthai_ros_driver/param_handlers/feature_tracker_param_handler.hpp
[1.045s] -- Up-to-date symlink: /home/ugv/Desktop/OperationTouchdown/ugv_ws/install/depthai_ros_driver/include/depthai_ros_driver/param_handlers/imu_param_handler.hpp
[1.046s] -- Up-to-date symlink: /home/ugv/Desktop/OperationTouchdown/ugv_ws/install/depthai_ros_driver/include/depthai_ros_driver/param_handlers/nn_param_handler.hpp
[1.046s] -- Up-to-date symlink: /home/ugv/Desktop/OperationTouchdown/ugv_ws/install/depthai_ros_driver/include/depthai_ros_driver/param_handlers/pipeline_gen_param_handler.hpp
[1.046s] -- Up-to-date symlink: /home/ugv/Desktop/OperationTouchdown/ugv_ws/install/depthai_ros_driver/include/depthai_ros_driver/param_handlers/sensor_param_handler.hpp
[1.047s] -- Up-to-date symlink: /home/ugv/Desktop/OperationTouchdown/ugv_ws/install/depthai_ros_driver/include/depthai_ros_driver/param_handlers/stereo_param_handler.hpp
[1.047s] -- Up-to-date symlink: /home/ugv/Desktop/OperationTouchdown/ugv_ws/install/depthai_ros_driver/include/depthai_ros_driver/param_handlers/sync_param_handler.hpp
[1.047s] -- Up-to-date symlink: /home/ugv/Desktop/OperationTouchdown/ugv_ws/install/depthai_ros_driver/include/depthai_ros_driver/param_handlers/tof_param_handler.hpp
[1.048s] -- Up-to-date symlink: /home/ugv/Desktop/OperationTouchdown/ugv_ws/install/depthai_ros_driver/include/depthai_ros_driver/pipeline/base_pipeline.hpp
[1.048s] -- Up-to-date symlink: /home/ugv/Desktop/OperationTouchdown/ugv_ws/install/depthai_ros_driver/include/depthai_ros_driver/pipeline/base_types.hpp
[1.048s] -- Up-to-date symlink: /home/ugv/Desktop/OperationTouchdown/ugv_ws/install/depthai_ros_driver/include/depthai_ros_driver/pipeline/pipeline_generator.hpp
[1.049s] -- Up-to-date symlink: /home/ugv/Desktop/OperationTouchdown/ugv_ws/install/depthai_ros_driver/include/depthai_ros_driver/utils.hpp
[1.049s] -- Up-to-date symlink: /home/ugv/Desktop/OperationTouchdown/ugv_ws/install/depthai_ros_driver/share/ament_index/resource_index/package_run_dependencies/depthai_ros_driver
[1.050s] -- Up-to-date symlink: /home/ugv/Desktop/OperationTouchdown/ugv_ws/install/depthai_ros_driver/share/ament_index/resource_index/parent_prefix_path/depthai_ros_driver
[1.050s] -- Up-to-date symlink: /home/ugv/Desktop/OperationTouchdown/ugv_ws/install/depthai_ros_driver/share/depthai_ros_driver/environment/ament_prefix_path.sh
[1.051s] -- Up-to-date symlink: /home/ugv/Desktop/OperationTouchdown/ugv_ws/install/depthai_ros_driver/share/depthai_ros_driver/environment/ament_prefix_path.dsv
[1.051s] -- Up-to-date symlink: /home/ugv/Desktop/OperationTouchdown/ugv_ws/install/depthai_ros_driver/share/depthai_ros_driver/environment/path.sh
[1.051s] -- Up-to-date symlink: /home/ugv/Desktop/OperationTouchdown/ugv_ws/install/depthai_ros_driver/share/depthai_ros_driver/environment/path.dsv
[1.051s] -- Up-to-date symlink: /home/ugv/Desktop/OperationTouchdown/ugv_ws/install/depthai_ros_driver/share/depthai_ros_driver/local_setup.bash
[1.052s] -- Up-to-date symlink: /home/ugv/Desktop/OperationTouchdown/ugv_ws/install/depthai_ros_driver/share/depthai_ros_driver/local_setup.sh
[1.053s] -- Up-to-date symlink: /home/ugv/Desktop/OperationTouchdown/ugv_ws/install/depthai_ros_driver/share/depthai_ros_driver/local_setup.zsh
[1.053s] -- Up-to-date symlink: /home/ugv/Desktop/OperationTouchdown/ugv_ws/install/depthai_ros_driver/share/depthai_ros_driver/local_setup.dsv
[1.053s] -- Symlinking: /home/ugv/Desktop/OperationTouchdown/ugv_ws/install/depthai_ros_driver/share/depthai_ros_driver/package.dsv
[1.062s] -- Up-to-date symlink: /home/ugv/Desktop/OperationTouchdown/ugv_ws/install/depthai_ros_driver/share/ament_index/resource_index/packages/depthai_ros_driver
[1.062s] -- Up-to-date symlink: /home/ugv/Desktop/OperationTouchdown/ugv_ws/install/depthai_ros_driver/share/ament_index/resource_index/rclcpp_components/depthai_ros_driver
[1.064s] -- Up-to-date symlink: /home/ugv/Desktop/OperationTouchdown/ugv_ws/install/depthai_ros_driver/share/ament_index/resource_index/depthai_ros_driver__pluginlib__plugin/depthai_ros_driver
[1.064s] -- Up-to-date symlink: /home/ugv/Desktop/OperationTouchdown/ugv_ws/install/depthai_ros_driver/share/depthai_ros_driver/cmake/ament_cmake_export_include_directories-extras.cmake
[1.064s] -- Up-to-date symlink: /home/ugv/Desktop/OperationTouchdown/ugv_ws/install/depthai_ros_driver/share/depthai_ros_driver/cmake/ament_cmake_export_targets-extras.cmake
[1.064s] -- Up-to-date symlink: /home/ugv/Desktop/OperationTouchdown/ugv_ws/install/depthai_ros_driver/share/depthai_ros_driver/cmake/ament_cmake_export_libraries-extras.cmake
[1.064s] -- Up-to-date symlink: /home/ugv/Desktop/OperationTouchdown/ugv_ws/install/depthai_ros_driver/share/depthai_ros_driver/cmake/ament_cmake_export_dependencies-extras.cmake
[1.064s] -- Up-to-date symlink: /home/ugv/Desktop/OperationTouchdown/ugv_ws/install/depthai_ros_driver/share/depthai_ros_driver/cmake/depthai_ros_driverConfig.cmake
[1.064s] -- Up-to-date symlink: /home/ugv/Desktop/OperationTouchdown/ugv_ws/install/depthai_ros_driver/share/depthai_ros_driver/cmake/depthai_ros_driverConfig-version.cmake
[1.065s] -- Up-to-date symlink: /home/ugv/Desktop/OperationTouchdown/ugv_ws/install/depthai_ros_driver/share/depthai_ros_driver/package.xml
[1.066s] -- Up-to-date: /home/ugv/Desktop/OperationTouchdown/ugv_ws/install/depthai_ros_driver/lib/libdepthai_ros_driver.so
[1.066s] -- Up-to-date: /home/ugv/Desktop/OperationTouchdown/ugv_ws/install/depthai_ros_driver/lib/libdepthai_ros_driver_sensor_nodes.so
[1.066s] -- Up-to-date: /home/ugv/Desktop/OperationTouchdown/ugv_ws/install/depthai_ros_driver/lib/libdepthai_ros_driver_nn_nodes.so
[1.067s] -- Up-to-date: /home/ugv/Desktop/OperationTouchdown/ugv_ws/install/depthai_ros_driver/lib/libdepthai_ros_driver_common.so
[1.067s] -- Up-to-date: /home/ugv/Desktop/OperationTouchdown/ugv_ws/install/depthai_ros_driver/share/depthai_ros_driver/cmake/depthai_ros_driverTargets.cmake
[1.068s] -- Up-to-date: /home/ugv/Desktop/OperationTouchdown/ugv_ws/install/depthai_ros_driver/share/depthai_ros_driver/cmake/depthai_ros_driverTargets-noconfig.cmake
[1.140s] Listing '/home/ugv/Desktop/OperationTouchdown/ugv_ws/install/depthai_ros_driver/lib/python3.12/site-packages/depthai_ros_driver'...
[1.158s] -- Up-to-date: /home/ugv/Desktop/OperationTouchdown/ugv_ws/install/depthai_ros_driver/share/depthai_ros_driver/cmake/depthai_ros_driverTargetsExport.cmake
[1.158s] -- Up-to-date: /home/ugv/Desktop/OperationTouchdown/ugv_ws/install/depthai_ros_driver/share/depthai_ros_driver/cmake/depthai_ros_driverTargetsExport-noconfig.cmake
[1.161s] Invoked command in '/home/ugv/Desktop/OperationTouchdown/ugv_ws/build/depthai_ros_driver' returned '0': AMENT_PREFIX_PATH=/home/ugv/Desktop/OperationTouchdown/ugv_ws/install/depthai_examples:/home/ugv/Desktop/OperationTouchdown/ugv_ws/install/depthai_bridge:/home/ugv/Desktop/OperationTouchdown/ugv_ws/install/depthai_ros_msgs:/home/ugv/Desktop/OperationTouchdown/ugv_ws/install/depthai_descriptions:${AMENT_PREFIX_PATH} CMAKE_PREFIX_PATH=/home/ugv/Desktop/OperationTouchdown/ugv_ws/install/depthai_examples:/home/ugv/Desktop/OperationTouchdown/ugv_ws/install/depthai_bridge:/home/ugv/Desktop/OperationTouchdown/ugv_ws/install/depthai_ros_msgs:/home/ugv/Desktop/OperationTouchdown/ugv_ws/install/depthai_descriptions:/opt/ros/jazzy/opt/gz_sim_vendor:/opt/ros/jazzy/opt/gz_sensors_vendor:/opt/ros/jazzy/opt/gz_physics_vendor:/opt/ros/jazzy/opt/sdformat_vendor:/opt/ros/jazzy/opt/gz_gui_vendor:/opt/ros/jazzy/opt/gz_transport_vendor:/opt/ros/jazzy/opt/gz_rendering_vendor:/opt/ros/jazzy/opt/gz_plugin_vendor:/opt/ros/jazzy/opt/gz_fuel_tools_vendor:/opt/ros/jazzy/opt/gz_msgs_vendor:/opt/ros/jazzy/opt/gz_common_vendor:/opt/ros/jazzy/opt/gz_math_vendor:/opt/ros/jazzy/opt/gz_utils_vendor:/opt/ros/jazzy/opt/gz_tools_vendor:/opt/ros/jazzy/opt/gz_ogre_next_vendor:/opt/ros/jazzy/opt/gz_dartsim_vendor:/opt/ros/jazzy/opt/gz_cmake_vendor:/opt/ros/jazzy GAZEBO_MODEL_PATH=/home/ugv/Desktop/OperationTouchdown/ugv_ws/install/depthai_descriptions:${GAZEBO_MODEL_PATH} GAZEBO_RESOURCE_PATH=/home/ugv/Desktop/OperationTouchdown/ugv_ws/install/depthai_descriptions:${GAZEBO_RESOURCE_PATH} IGN_GAZEBO_MODEL_PATH=/home/ugv/Desktop/OperationTouchdown/ugv_ws/install/depthai_descriptions:${IGN_GAZEBO_MODEL_PATH} IGN_GAZEBO_RESOURCE_PATH=/home/ugv/Desktop/OperationTouchdown/ugv_ws/install/depthai_descriptions:${IGN_GAZEBO_RESOURCE_PATH} LD_LIBRARY_PATH=/home/ugv/Desktop/OperationTouchdown/ugv_ws/install/depthai_bridge/lib:/home/ugv/Desktop/OperationTouchdown/ugv_ws/install/depthai_ros_msgs/lib:${LD_LIBRARY_PATH} PYTHONPATH=/home/ugv/Desktop/OperationTouchdown/ugv_ws/install/depthai_ros_msgs/lib/python3.12/site-packages:${PYTHONPATH} /usr/bin/cmake --install /home/ugv/Desktop/OperationTouchdown/ugv_ws/build/depthai_ros_driver
