[0.000000] (-) TimerEvent: {}
[0.000177] (-) JobUnselected: {'identifier': 'depthai-ros'}
[0.000212] (-) JobUnselected: {'identifier': 'depthai_bridge'}
[0.000232] (-) JobUnselected: {'identifier': 'depthai_descriptions'}
[0.000249] (-) JobUnselected: {'identifier': 'depthai_examples'}
[0.000265] (-) JobUnselected: {'identifier': 'depthai_filters'}
[0.000281] (-) JobUnselected: {'identifier': 'depthai_ros_driver'}
[0.000296] (-) JobUnselected: {'identifier': 'depthai_ros_msgs'}
[0.000310] (-) JobUnselected: {'identifier': 'dual_laser_merger'}
[0.000325] (-) JobUnselected: {'identifier': 'my_ugv_bringup'}
[0.000339] (-) JobUnselected: {'identifier': 'my_ugv_description'}
[0.000354] (-) JobUnselected: {'identifier': 'my_ugv_hardware'}
[0.000369] (-) JobUnselected: {'identifier': 'rplidar_ros'}
[0.000386] (roboteq_ros2_driver) JobQueued: {'identifier': 'roboteq_ros2_driver', 'dependencies': OrderedDict()}
[0.000643] (roboteq_ros2_driver) JobStarted: {'identifier': 'roboteq_ros2_driver'}
[0.007153] (roboteq_ros2_driver) JobProgress: {'identifier': 'roboteq_ros2_driver', 'progress': 'cmake'}
[0.008010] (roboteq_ros2_driver) JobProgress: {'identifier': 'roboteq_ros2_driver', 'progress': 'build'}
[0.008850] (roboteq_ros2_driver) Command: {'cmd': ['/usr/bin/cmake', '--build', '/home/ugv/Desktop/OperationTouchdown/ugv_ws/build/roboteq_ros2_driver', '--', '-j4', '-l4'], 'cwd': '/home/ugv/Desktop/OperationTouchdown/ugv_ws/build/roboteq_ros2_driver', 'env': OrderedDict({'USER': 'ugv', 'SSH_CLIENT': '100.96.142.123 59280 22', 'XDG_SESSION_TYPE': 'tty', 'SHLVL': '1', 'HOME': '/home/ugv', 'OLDPWD': '/home/ugv', 'DBUS_SESSION_BUS_ADDRESS': 'unix:path=/run/user/1000/bus', 'LOGNAME': 'ugv', '_': '/usr/bin/colcon', 'XDG_SESSION_CLASS': 'user', 'XDG_SESSION_ID': '43', 'PATH': '/usr/local/sbin:/usr/local/bin:/usr/sbin:/usr/bin:/sbin:/bin:/usr/games:/usr/local/games:/snap/bin', 'XDG_RUNTIME_DIR': '/run/user/1000', 'LANG': 'en_US.UTF-8', 'SHELL': '/bin/bash', 'PWD': '/home/ugv/Desktop/OperationTouchdown/ugv_ws/build/roboteq_ros2_driver', 'LC_ALL': 'en_US.UTF-8', 'SSH_CONNECTION': '100.96.142.123 59280 100.81.31.74 22', 'COLCON': '1'}), 'shell': False}
[0.078341] (roboteq_ros2_driver) CommandEnded: {'returncode': 0}
[0.079068] (roboteq_ros2_driver) JobProgress: {'identifier': 'roboteq_ros2_driver', 'progress': 'install'}
[0.094201] (roboteq_ros2_driver) Command: {'cmd': ['/usr/bin/cmake', '--install', '/home/ugv/Desktop/OperationTouchdown/ugv_ws/build/roboteq_ros2_driver'], 'cwd': '/home/ugv/Desktop/OperationTouchdown/ugv_ws/build/roboteq_ros2_driver', 'env': OrderedDict({'USER': 'ugv', 'SSH_CLIENT': '100.96.142.123 59280 22', 'XDG_SESSION_TYPE': 'tty', 'SHLVL': '1', 'HOME': '/home/ugv', 'OLDPWD': '/home/ugv', 'DBUS_SESSION_BUS_ADDRESS': 'unix:path=/run/user/1000/bus', 'LOGNAME': 'ugv', '_': '/usr/bin/colcon', 'XDG_SESSION_CLASS': 'user', 'XDG_SESSION_ID': '43', 'PATH': '/usr/local/sbin:/usr/local/bin:/usr/sbin:/usr/bin:/sbin:/bin:/usr/games:/usr/local/games:/snap/bin', 'XDG_RUNTIME_DIR': '/run/user/1000', 'LANG': 'en_US.UTF-8', 'SHELL': '/bin/bash', 'PWD': '/home/ugv/Desktop/OperationTouchdown/ugv_ws/build/roboteq_ros2_driver', 'LC_ALL': 'en_US.UTF-8', 'SSH_CONNECTION': '100.96.142.123 59280 100.81.31.74 22', 'COLCON': '1'}), 'shell': False}
[0.099613] (-) TimerEvent: {}
[0.106466] (roboteq_ros2_driver) StdoutLine: {'line': b'-- Install configuration: ""\n'}
[0.107055] (roboteq_ros2_driver) StdoutLine: {'line': b'-- Execute custom install script\n'}
[0.107363] (roboteq_ros2_driver) StdoutLine: {'line': b'-- Up-to-date symlink: /home/ugv/Desktop/OperationTouchdown/ugv_ws/install/roboteq_ros2_driver/lib/roboteq_ros2_driver/roboteq_bridge.py\n'}
[0.107661] (roboteq_ros2_driver) StdoutLine: {'line': b'-- Up-to-date symlink: /home/ugv/Desktop/OperationTouchdown/ugv_ws/install/roboteq_ros2_driver/share/ament_index/resource_index/package_run_dependencies/roboteq_ros2_driver\n'}
[0.107906] (roboteq_ros2_driver) StdoutLine: {'line': b'-- Up-to-date symlink: /home/ugv/Desktop/OperationTouchdown/ugv_ws/install/roboteq_ros2_driver/share/ament_index/resource_index/parent_prefix_path/roboteq_ros2_driver\n'}
[0.108129] (roboteq_ros2_driver) StdoutLine: {'line': b'-- Up-to-date symlink: /home/ugv/Desktop/OperationTouchdown/ugv_ws/install/roboteq_ros2_driver/share/roboteq_ros2_driver/environment/ament_prefix_path.sh\n'}
[0.108341] (roboteq_ros2_driver) StdoutLine: {'line': b'-- Up-to-date symlink: /home/ugv/Desktop/OperationTouchdown/ugv_ws/install/roboteq_ros2_driver/share/roboteq_ros2_driver/environment/ament_prefix_path.dsv\n'}
[0.108564] (roboteq_ros2_driver) StdoutLine: {'line': b'-- Up-to-date symlink: /home/ugv/Desktop/OperationTouchdown/ugv_ws/install/roboteq_ros2_driver/share/roboteq_ros2_driver/environment/path.sh\n'}
[0.108765] (roboteq_ros2_driver) StdoutLine: {'line': b'-- Up-to-date symlink: /home/ugv/Desktop/OperationTouchdown/ugv_ws/install/roboteq_ros2_driver/share/roboteq_ros2_driver/environment/path.dsv\n'}
[0.109064] (roboteq_ros2_driver) StdoutLine: {'line': b'-- Up-to-date symlink: /home/ugv/Desktop/OperationTouchdown/ugv_ws/install/roboteq_ros2_driver/share/roboteq_ros2_driver/local_setup.bash\n'}
[0.109267] (roboteq_ros2_driver) StdoutLine: {'line': b'-- Up-to-date symlink: /home/ugv/Desktop/OperationTouchdown/ugv_ws/install/roboteq_ros2_driver/share/roboteq_ros2_driver/local_setup.sh\n'}
[0.109462] (roboteq_ros2_driver) StdoutLine: {'line': b'-- Up-to-date symlink: /home/ugv/Desktop/OperationTouchdown/ugv_ws/install/roboteq_ros2_driver/share/roboteq_ros2_driver/local_setup.zsh\n'}
[0.109662] (roboteq_ros2_driver) StdoutLine: {'line': b'-- Up-to-date symlink: /home/ugv/Desktop/OperationTouchdown/ugv_ws/install/roboteq_ros2_driver/share/roboteq_ros2_driver/local_setup.dsv\n'}
[0.109798] (roboteq_ros2_driver) StdoutLine: {'line': b'-- Symlinking: /home/ugv/Desktop/OperationTouchdown/ugv_ws/install/roboteq_ros2_driver/share/roboteq_ros2_driver/package.dsv\n'}
[0.126180] (roboteq_ros2_driver) StdoutLine: {'line': b'-- Up-to-date symlink: /home/ugv/Desktop/OperationTouchdown/ugv_ws/install/roboteq_ros2_driver/share/ament_index/resource_index/packages/roboteq_ros2_driver\n'}
[0.126429] (roboteq_ros2_driver) StdoutLine: {'line': b'-- Up-to-date symlink: /home/ugv/Desktop/OperationTouchdown/ugv_ws/install/roboteq_ros2_driver/share/roboteq_ros2_driver/cmake/ament_cmake_export_dependencies-extras.cmake\n'}
[0.126626] (roboteq_ros2_driver) StdoutLine: {'line': b'-- Up-to-date symlink: /home/ugv/Desktop/OperationTouchdown/ugv_ws/install/roboteq_ros2_driver/share/roboteq_ros2_driver/cmake/roboteq_ros2_driverConfig.cmake\n'}
[0.126802] (roboteq_ros2_driver) StdoutLine: {'line': b'-- Up-to-date symlink: /home/ugv/Desktop/OperationTouchdown/ugv_ws/install/roboteq_ros2_driver/share/roboteq_ros2_driver/cmake/roboteq_ros2_driverConfig-version.cmake\n'}
[0.127057] (roboteq_ros2_driver) StdoutLine: {'line': b'-- Up-to-date symlink: /home/ugv/Desktop/OperationTouchdown/ugv_ws/install/roboteq_ros2_driver/share/roboteq_ros2_driver/package.xml\n'}
[0.129691] (roboteq_ros2_driver) CommandEnded: {'returncode': 0}
[0.156346] (roboteq_ros2_driver) JobEnded: {'identifier': 'roboteq_ros2_driver', 'rc': 0}
[0.157207] (-) EventReactorShutdown: {}
