[1.378s] Invoking command in '/home/ugv/Desktop/OperationTouchdown/ugv_ws/build/my_ugv_vision': DEBUGINFOD_URLS=https://debuginfod.ubuntu.com PYTHONPATH=/home/ugv/Desktop/OperationTouchdown/ugv_ws/build/my_ugv_vision/prefix_override:/usr/lib/python3/dist-packages/colcon_core/task/python/colcon_distutils_commands:/home/ugv/Desktop/OperationTouchdown/ugv_ws/install/my_ugv_vision/lib/python3.12/site-packages:${PYTHONPATH} /usr/bin/python3 -W ignore:setup.py install is deprecated -W ignore:easy_install command is deprecated setup.py develop --editable --build-directory /home/ugv/Desktop/OperationTouchdown/ugv_ws/build/my_ugv_vision/build --no-deps symlink_data
[1.854s] running develop
[2.139s] running egg_info
[2.167s] writing my_ugv_vision.egg-info/PKG-INFO
[2.167s] writing dependency_links to my_ugv_vision.egg-info/dependency_links.txt
[2.170s] writing entry points to my_ugv_vision.egg-info/entry_points.txt
[2.170s] writing requirements to my_ugv_vision.egg-info/requires.txt
[2.171s] writing top-level names to my_ugv_vision.egg-info/top_level.txt
[2.229s] reading manifest file 'my_ugv_vision.egg-info/SOURCES.txt'
[2.231s] writing manifest file 'my_ugv_vision.egg-info/SOURCES.txt'
[2.259s] running build_ext
[2.259s] Creating /home/ugv/Desktop/OperationTouchdown/ugv_ws/install/my_ugv_vision/lib/python3.12/site-packages/my-ugv-vision.egg-link (link to .)
[2.260s] Installing akida_yolo_node script to /home/ugv/Desktop/OperationTouchdown/ugv_ws/install/my_ugv_vision/lib/my_ugv_vision
[2.261s] Installing landmark_tracker_node script to /home/ugv/Desktop/OperationTouchdown/ugv_ws/install/my_ugv_vision/lib/my_ugv_vision
[2.261s] Installing object_localizer_node script to /home/ugv/Desktop/OperationTouchdown/ugv_ws/install/my_ugv_vision/lib/my_ugv_vision
[2.261s] Installing obstacle_publisher_node script to /home/ugv/Desktop/OperationTouchdown/ugv_ws/install/my_ugv_vision/lib/my_ugv_vision
[2.261s] 
[2.262s] Installed /home/ugv/Desktop/OperationTouchdown/ugv_ws/build/my_ugv_vision
[2.262s] running symlink_data
[2.372s] Invoked command in '/home/ugv/Desktop/OperationTouchdown/ugv_ws/build/my_ugv_vision' returned '0': DEBUGINFOD_URLS=https://debuginfod.ubuntu.com PYTHONPATH=/home/ugv/Desktop/OperationTouchdown/ugv_ws/build/my_ugv_vision/prefix_override:/usr/lib/python3/dist-packages/colcon_core/task/python/colcon_distutils_commands:/home/ugv/Desktop/OperationTouchdown/ugv_ws/install/my_ugv_vision/lib/python3.12/site-packages:${PYTHONPATH} /usr/bin/python3 -W ignore:setup.py install is deprecated -W ignore:easy_install command is deprecated setup.py develop --editable --build-directory /home/ugv/Desktop/OperationTouchdown/ugv_ws/build/my_ugv_vision/build --no-deps symlink_data
