[0.000000] (-) TimerEvent: {}
[0.000223] (-) JobUnselected: {'identifier': 'depthai-ros'}
[0.000293] (-) JobUnselected: {'identifier': 'depthai_bridge'}
[0.000330] (-) JobUnselected: {'identifier': 'depthai_descriptions'}
[0.000353] (-) JobUnselected: {'identifier': 'depthai_examples'}
[0.000372] (-) JobUnselected: {'identifier': 'depthai_filters'}
[0.000390] (-) JobUnselected: {'identifier': 'depthai_ros_driver'}
[0.000408] (-) JobUnselected: {'identifier': 'depthai_ros_msgs'}
[0.000422] (-) JobUnselected: {'identifier': 'dual_laser_merger'}
[0.000439] (-) JobUnselected: {'identifier': 'my_ugv_bringup'}
[0.000456] (-) JobUnselected: {'identifier': 'my_ugv_description'}
[0.000474] (-) JobUnselected: {'identifier': 'my_ugv_hardware'}
[0.000512] (-) JobUnselected: {'identifier': 'rplidar_ros'}
[0.000556] (roboteq_ros2_driver) JobQueued: {'identifier': 'roboteq_ros2_driver', 'dependencies': OrderedDict()}
[0.000590] (roboteq_ros2_driver) JobStarted: {'identifier': 'roboteq_ros2_driver'}
[0.009077] (roboteq_ros2_driver) JobProgress: {'identifier': 'roboteq_ros2_driver', 'progress': 'cmake'}
[0.010030] (roboteq_ros2_driver) JobProgress: {'identifier': 'roboteq_ros2_driver', 'progress': 'build'}
[0.011277] (roboteq_ros2_driver) Command: {'cmd': ['/usr/bin/cmake', '--build', '/home/ugv/Desktop/OperationTouchdown/ugv_ws/build/roboteq_ros2_driver', '--', '-j4', '-l4'], 'cwd': '/home/ugv/Desktop/OperationTouchdown/ugv_ws/build/roboteq_ros2_driver', 'env': OrderedDict({'USER': 'ugv', 'SSH_CLIENT': '100.96.142.123 59174 22', 'XDG_SESSION_TYPE': 'tty', 'SHLVL': '1', 'HOME': '/home/ugv', 'OLDPWD': '/home/ugv', 'DBUS_SESSION_BUS_ADDRESS': 'unix:path=/run/user/1000/bus', 'LOGNAME': 'ugv', '_': '/usr/bin/colcon', 'XDG_SESSION_CLASS': 'user', 'XDG_SESSION_ID': '40', 'PATH': '/usr/local/sbin:/usr/local/bin:/usr/sbin:/usr/bin:/sbin:/bin:/usr/games:/usr/local/games:/snap/bin', 'XDG_RUNTIME_DIR': '/run/user/1000', 'LANG': 'en_US.UTF-8', 'SHELL': '/bin/bash', 'PWD': '/home/ugv/Desktop/OperationTouchdown/ugv_ws/build/roboteq_ros2_driver', 'LC_ALL': 'en_US.UTF-8', 'SSH_CONNECTION': '100.96.142.123 59174 100.81.31.74 22', 'COLCON': '1'}), 'shell': False}
[0.096644] (-) TimerEvent: {}
[0.111211] (roboteq_ros2_driver) CommandEnded: {'returncode': 0}
[0.113204] (roboteq_ros2_driver) JobProgress: {'identifier': 'roboteq_ros2_driver', 'progress': 'install'}
[0.132374] (roboteq_ros2_driver) Command: {'cmd': ['/usr/bin/cmake', '--install', '/home/ugv/Desktop/OperationTouchdown/ugv_ws/build/roboteq_ros2_driver'], 'cwd': '/home/ugv/Desktop/OperationTouchdown/ugv_ws/build/roboteq_ros2_driver', 'env': OrderedDict({'USER': 'ugv', 'SSH_CLIENT': '100.96.142.123 59174 22', 'XDG_SESSION_TYPE': 'tty', 'SHLVL': '1', 'HOME': '/home/ugv', 'OLDPWD': '/home/ugv', 'DBUS_SESSION_BUS_ADDRESS': 'unix:path=/run/user/1000/bus', 'LOGNAME': 'ugv', '_': '/usr/bin/colcon', 'XDG_SESSION_CLASS': 'user', 'XDG_SESSION_ID': '40', 'PATH': '/usr/local/sbin:/usr/local/bin:/usr/sbin:/usr/bin:/sbin:/bin:/usr/games:/usr/local/games:/snap/bin', 'XDG_RUNTIME_DIR': '/run/user/1000', 'LANG': 'en_US.UTF-8', 'SHELL': '/bin/bash', 'PWD': '/home/ugv/Desktop/OperationTouchdown/ugv_ws/build/roboteq_ros2_driver', 'LC_ALL': 'en_US.UTF-8', 'SSH_CONNECTION': '100.96.142.123 59174 100.81.31.74 22', 'COLCON': '1'}), 'shell': False}
[0.149383] (roboteq_ros2_driver) StdoutLine: {'line': b'-- Install configuration: ""\n'}
[0.149991] (roboteq_ros2_driver) StdoutLine: {'line': b'-- Execute custom install script\n'}
[0.150686] (roboteq_ros2_driver) StdoutLine: {'line': b'-- Up-to-date symlink: /home/ugv/Desktop/OperationTouchdown/ugv_ws/install/roboteq_ros2_driver/lib/roboteq_ros2_driver/roboteq_bridge.py\n'}
[0.151622] (roboteq_ros2_driver) StdoutLine: {'line': b'-- Up-to-date symlink: /home/ugv/Desktop/OperationTouchdown/ugv_ws/install/roboteq_ros2_driver/share/ament_index/resource_index/package_run_dependencies/roboteq_ros2_driver\n'}
[0.151845] (roboteq_ros2_driver) StdoutLine: {'line': b'-- Up-to-date symlink: /home/ugv/Desktop/OperationTouchdown/ugv_ws/install/roboteq_ros2_driver/share/ament_index/resource_index/parent_prefix_path/roboteq_ros2_driver\n'}
[0.151982] (roboteq_ros2_driver) StdoutLine: {'line': b'-- Up-to-date symlink: /home/ugv/Desktop/OperationTouchdown/ugv_ws/install/roboteq_ros2_driver/share/roboteq_ros2_driver/environment/ament_prefix_path.sh\n'}
[0.152220] (roboteq_ros2_driver) StdoutLine: {'line': b'-- Up-to-date symlink: /home/ugv/Desktop/OperationTouchdown/ugv_ws/install/roboteq_ros2_driver/share/roboteq_ros2_driver/environment/ament_prefix_path.dsv\n'}
[0.152367] (roboteq_ros2_driver) StdoutLine: {'line': b'-- Up-to-date symlink: /home/ugv/Desktop/OperationTouchdown/ugv_ws/install/roboteq_ros2_driver/share/roboteq_ros2_driver/environment/path.sh\n'}
[0.152558] (roboteq_ros2_driver) StdoutLine: {'line': b'-- Up-to-date symlink: /home/ugv/Desktop/OperationTouchdown/ugv_ws/install/roboteq_ros2_driver/share/roboteq_ros2_driver/environment/path.dsv\n'}
[0.152733] (roboteq_ros2_driver) StdoutLine: {'line': b'-- Up-to-date symlink: /home/ugv/Desktop/OperationTouchdown/ugv_ws/install/roboteq_ros2_driver/share/roboteq_ros2_driver/local_setup.bash\n'}
[0.152901] (roboteq_ros2_driver) StdoutLine: {'line': b'-- Up-to-date symlink: /home/ugv/Desktop/OperationTouchdown/ugv_ws/install/roboteq_ros2_driver/share/roboteq_ros2_driver/local_setup.sh\n'}
[0.153118] (roboteq_ros2_driver) StdoutLine: {'line': b'-- Up-to-date symlink: /home/ugv/Desktop/OperationTouchdown/ugv_ws/install/roboteq_ros2_driver/share/roboteq_ros2_driver/local_setup.zsh\n'}
[0.153342] (roboteq_ros2_driver) StdoutLine: {'line': b'-- Up-to-date symlink: /home/ugv/Desktop/OperationTouchdown/ugv_ws/install/roboteq_ros2_driver/share/roboteq_ros2_driver/local_setup.dsv\n'}
[0.153538] (roboteq_ros2_driver) StdoutLine: {'line': b'-- Symlinking: /home/ugv/Desktop/OperationTouchdown/ugv_ws/install/roboteq_ros2_driver/share/roboteq_ros2_driver/package.dsv\n'}
[0.176884] (roboteq_ros2_driver) StdoutLine: {'line': b'-- Up-to-date symlink: /home/ugv/Desktop/OperationTouchdown/ugv_ws/install/roboteq_ros2_driver/share/ament_index/resource_index/packages/roboteq_ros2_driver\n'}
[0.177226] (roboteq_ros2_driver) StdoutLine: {'line': b'-- Up-to-date symlink: /home/ugv/Desktop/OperationTouchdown/ugv_ws/install/roboteq_ros2_driver/share/roboteq_ros2_driver/cmake/ament_cmake_export_dependencies-extras.cmake\n'}
[0.177735] (roboteq_ros2_driver) StdoutLine: {'line': b'-- Up-to-date symlink: /home/ugv/Desktop/OperationTouchdown/ugv_ws/install/roboteq_ros2_driver/share/roboteq_ros2_driver/cmake/roboteq_ros2_driverConfig.cmake\n'}
[0.177868] (roboteq_ros2_driver) StdoutLine: {'line': b'-- Up-to-date symlink: /home/ugv/Desktop/OperationTouchdown/ugv_ws/install/roboteq_ros2_driver/share/roboteq_ros2_driver/cmake/roboteq_ros2_driverConfig-version.cmake\n'}
[0.177952] (roboteq_ros2_driver) StdoutLine: {'line': b'-- Up-to-date symlink: /home/ugv/Desktop/OperationTouchdown/ugv_ws/install/roboteq_ros2_driver/share/roboteq_ros2_driver/package.xml\n'}
[0.181760] (roboteq_ros2_driver) CommandEnded: {'returncode': 0}
[0.196730] (-) TimerEvent: {}
[0.218756] (roboteq_ros2_driver) JobEnded: {'identifier': 'roboteq_ros2_driver', 'rc': 0}
[0.220802] (-) EventReactorShutdown: {}
