[0.918s] DEBUG:colcon:Command line arguments: ['/usr/bin/colcon', 'build', '--symlink-install']
[0.919s] DEBUG:colcon:Parsed command line arguments: Namespace(log_base=None, log_level=None, verb_name='build', build_base='build', install_base='install', merge_install=False, symlink_install=True, test_result_base=None, continue_on_error=False, executor='parallel', parallel_workers=4, event_handlers=None, ignore_user_meta=False, metas=['./colcon.meta'], base_paths=['.'], packages_ignore=None, packages_ignore_regex=None, paths=None, packages_up_to=None, packages_up_to_regex=None, packages_above=None, packages_above_and_dependencies=None, packages_above_depth=None, packages_select_by_dep=None, packages_skip_by_dep=None, packages_skip_up_to=None, packages_select_build_failed=False, packages_skip_build_finished=False, packages_select_test_failures=False, packages_skip_test_passed=False, packages_select=None, packages_skip=None, packages_select_regex=None, packages_skip_regex=None, packages_start=None, packages_end=None, allow_overriding=[], cmake_args=None, cmake_target=None, cmake_target_skip_unavailable=False, cmake_clean_cache=False, cmake_clean_first=False, cmake_force_configure=False, ament_cmake_args=None, catkin_cmake_args=None, catkin_skip_building_tests=False, mixin_files=None, mixin=None, verb_parser=<colcon_mixin.mixin.mixin_argument.MixinArgumentDecorator object at 0xffff9b99c410>, verb_extension=<colcon_core.verb.build.BuildVerb object at 0xffff9bb4c8c0>, main=<bound method BuildVerb.main of <colcon_core.verb.build.BuildVerb object at 0xffff9bb4c8c0>>, mixin_verb=('build',))
[1.153s] Level 1:colcon.colcon_core.package_discovery:discover_packages(colcon_meta) check parameters
[1.153s] Level 1:colcon.colcon_core.package_discovery:discover_packages(recursive) check parameters
[1.153s] Level 1:colcon.colcon_core.package_discovery:discover_packages(ignore) check parameters
[1.153s] Level 1:colcon.colcon_core.package_discovery:discover_packages(path) check parameters
[1.153s] Level 1:colcon.colcon_core.package_discovery:discover_packages(colcon_meta) discover
[1.153s] Level 1:colcon.colcon_core.package_discovery:discover_packages(recursive) discover
[1.153s] INFO:colcon.colcon_core.package_discovery:Crawling recursively for packages in '/home/ugv/Desktop/OperationTouchdown/ugv_ws'
[1.154s] Level 1:colcon.colcon_core.package_identification:_identify(.) by extensions ['ignore', 'ignore_ament_install']
[1.154s] Level 1:colcon.colcon_core.package_identification:_identify(.) by extension 'ignore'
[1.154s] Level 1:colcon.colcon_core.package_identification:_identify(.) by extension 'ignore_ament_install'
[1.154s] Level 1:colcon.colcon_core.package_identification:_identify(.) by extensions ['colcon_pkg']
[1.154s] Level 1:colcon.colcon_core.package_identification:_identify(.) by extension 'colcon_pkg'
[1.154s] Level 1:colcon.colcon_core.package_identification:_identify(.) by extensions ['colcon_meta']
[1.154s] Level 1:colcon.colcon_core.package_identification:_identify(.) by extension 'colcon_meta'
[1.154s] Level 1:colcon.colcon_core.package_identification:_identify(.) by extensions ['ros']
[1.154s] Level 1:colcon.colcon_core.package_identification:_identify(.) by extension 'ros'
[1.242s] Level 1:colcon.colcon_core.package_identification:_identify(.) by extensions ['cmake', 'python']
[1.243s] Level 1:colcon.colcon_core.package_identification:_identify(.) by extension 'cmake'
[1.243s] Level 1:colcon.colcon_core.package_identification:_identify(.) by extension 'python'
[1.243s] Level 1:colcon.colcon_core.package_identification:_identify(.) by extensions ['python_setup_py']
[1.243s] Level 1:colcon.colcon_core.package_identification:_identify(.) by extension 'python_setup_py'
[1.243s] Level 1:colcon.colcon_core.package_identification:_identify(build) by extensions ['ignore', 'ignore_ament_install']
[1.244s] Level 1:colcon.colcon_core.package_identification:_identify(build) by extension 'ignore'
[1.244s] Level 1:colcon.colcon_core.package_identification:_identify(build) ignored
[1.244s] Level 1:colcon.colcon_core.package_identification:_identify(install) by extensions ['ignore', 'ignore_ament_install']
[1.244s] Level 1:colcon.colcon_core.package_identification:_identify(install) by extension 'ignore'
[1.245s] Level 1:colcon.colcon_core.package_identification:_identify(install) ignored
[1.245s] Level 1:colcon.colcon_core.package_identification:_identify(log) by extensions ['ignore', 'ignore_ament_install']
[1.245s] Level 1:colcon.colcon_core.package_identification:_identify(log) by extension 'ignore'
[1.245s] Level 1:colcon.colcon_core.package_identification:_identify(log) ignored
[1.245s] Level 1:colcon.colcon_core.package_identification:_identify(src) by extensions ['ignore', 'ignore_ament_install']
[1.245s] Level 1:colcon.colcon_core.package_identification:_identify(src) by extension 'ignore'
[1.246s] Level 1:colcon.colcon_core.package_identification:_identify(src) by extension 'ignore_ament_install'
[1.246s] Level 1:colcon.colcon_core.package_identification:_identify(src) by extensions ['colcon_pkg']
[1.246s] Level 1:colcon.colcon_core.package_identification:_identify(src) by extension 'colcon_pkg'
[1.246s] Level 1:colcon.colcon_core.package_identification:_identify(src) by extensions ['colcon_meta']
[1.246s] Level 1:colcon.colcon_core.package_identification:_identify(src) by extension 'colcon_meta'
[1.246s] Level 1:colcon.colcon_core.package_identification:_identify(src) by extensions ['ros']
[1.246s] Level 1:colcon.colcon_core.package_identification:_identify(src) by extension 'ros'
[1.246s] Level 1:colcon.colcon_core.package_identification:_identify(src) by extensions ['cmake', 'python']
[1.246s] Level 1:colcon.colcon_core.package_identification:_identify(src) by extension 'cmake'
[1.246s] Level 1:colcon.colcon_core.package_identification:_identify(src) by extension 'python'
[1.246s] Level 1:colcon.colcon_core.package_identification:_identify(src) by extensions ['python_setup_py']
[1.246s] Level 1:colcon.colcon_core.package_identification:_identify(src) by extension 'python_setup_py'
[1.247s] Level 1:colcon.colcon_core.package_identification:_identify(src/depthai-ros) by extensions ['ignore', 'ignore_ament_install']
[1.247s] Level 1:colcon.colcon_core.package_identification:_identify(src/depthai-ros) by extension 'ignore'
[1.247s] Level 1:colcon.colcon_core.package_identification:_identify(src/depthai-ros) by extension 'ignore_ament_install'
[1.247s] Level 1:colcon.colcon_core.package_identification:_identify(src/depthai-ros) by extensions ['colcon_pkg']
[1.247s] Level 1:colcon.colcon_core.package_identification:_identify(src/depthai-ros) by extension 'colcon_pkg'
[1.247s] Level 1:colcon.colcon_core.package_identification:_identify(src/depthai-ros) by extensions ['colcon_meta']
[1.247s] Level 1:colcon.colcon_core.package_identification:_identify(src/depthai-ros) by extension 'colcon_meta'
[1.247s] Level 1:colcon.colcon_core.package_identification:_identify(src/depthai-ros) by extensions ['ros']
[1.247s] Level 1:colcon.colcon_core.package_identification:_identify(src/depthai-ros) by extension 'ros'
[1.247s] Level 1:colcon.colcon_core.package_identification:_identify(src/depthai-ros) by extensions ['cmake', 'python']
[1.247s] Level 1:colcon.colcon_core.package_identification:_identify(src/depthai-ros) by extension 'cmake'
[1.247s] Level 1:colcon.colcon_core.package_identification:_identify(src/depthai-ros) by extension 'python'
[1.247s] Level 1:colcon.colcon_core.package_identification:_identify(src/depthai-ros) by extensions ['python_setup_py']
[1.247s] Level 1:colcon.colcon_core.package_identification:_identify(src/depthai-ros) by extension 'python_setup_py'
[1.248s] Level 1:colcon.colcon_core.package_identification:_identify(src/dual_laser_merger) by extensions ['ignore', 'ignore_ament_install']
[1.248s] Level 1:colcon.colcon_core.package_identification:_identify(src/dual_laser_merger) by extension 'ignore'
[1.248s] Level 1:colcon.colcon_core.package_identification:_identify(src/dual_laser_merger) by extension 'ignore_ament_install'
[1.249s] Level 1:colcon.colcon_core.package_identification:_identify(src/dual_laser_merger) by extensions ['colcon_pkg']
[1.249s] Level 1:colcon.colcon_core.package_identification:_identify(src/dual_laser_merger) by extension 'colcon_pkg'
[1.249s] Level 1:colcon.colcon_core.package_identification:_identify(src/dual_laser_merger) by extensions ['colcon_meta']
[1.249s] Level 1:colcon.colcon_core.package_identification:_identify(src/dual_laser_merger) by extension 'colcon_meta'
[1.249s] Level 1:colcon.colcon_core.package_identification:_identify(src/dual_laser_merger) by extensions ['ros']
[1.249s] Level 1:colcon.colcon_core.package_identification:_identify(src/dual_laser_merger) by extension 'ros'
[1.257s] DEBUG:colcon.colcon_core.package_identification:Package 'src/dual_laser_merger' with type 'ros.ament_cmake' and name 'dual_laser_merger'
[1.259s] Level 1:colcon.colcon_core.package_identification:_identify(src/my_ugv_bringup) by extensions ['ignore', 'ignore_ament_install']
[1.260s] Level 1:colcon.colcon_core.package_identification:_identify(src/my_ugv_bringup) by extension 'ignore'
[1.260s] Level 1:colcon.colcon_core.package_identification:_identify(src/my_ugv_bringup) by extension 'ignore_ament_install'
[1.260s] Level 1:colcon.colcon_core.package_identification:_identify(src/my_ugv_bringup) by extensions ['colcon_pkg']
[1.260s] Level 1:colcon.colcon_core.package_identification:_identify(src/my_ugv_bringup) by extension 'colcon_pkg'
[1.260s] Level 1:colcon.colcon_core.package_identification:_identify(src/my_ugv_bringup) by extensions ['colcon_meta']
[1.260s] Level 1:colcon.colcon_core.package_identification:_identify(src/my_ugv_bringup) by extension 'colcon_meta'
[1.260s] Level 1:colcon.colcon_core.package_identification:_identify(src/my_ugv_bringup) by extensions ['ros']
[1.260s] Level 1:colcon.colcon_core.package_identification:_identify(src/my_ugv_bringup) by extension 'ros'
[1.262s] DEBUG:colcon.colcon_core.package_identification:Package 'src/my_ugv_bringup' with type 'ros.ament_cmake' and name 'my_ugv_bringup'
[1.262s] Level 1:colcon.colcon_core.package_identification:_identify(src/roboteq_ros2_driver) by extensions ['ignore', 'ignore_ament_install']
[1.262s] Level 1:colcon.colcon_core.package_identification:_identify(src/roboteq_ros2_driver) by extension 'ignore'
[1.262s] Level 1:colcon.colcon_core.package_identification:_identify(src/roboteq_ros2_driver) by extension 'ignore_ament_install'
[1.262s] Level 1:colcon.colcon_core.package_identification:_identify(src/roboteq_ros2_driver) by extensions ['colcon_pkg']
[1.262s] Level 1:colcon.colcon_core.package_identification:_identify(src/roboteq_ros2_driver) by extension 'colcon_pkg'
[1.264s] Level 1:colcon.colcon_core.package_identification:_identify(src/roboteq_ros2_driver) by extensions ['colcon_meta']
[1.264s] Level 1:colcon.colcon_core.package_identification:_identify(src/roboteq_ros2_driver) by extension 'colcon_meta'
[1.264s] Level 1:colcon.colcon_core.package_identification:_identify(src/roboteq_ros2_driver) by extensions ['ros']
[1.264s] Level 1:colcon.colcon_core.package_identification:_identify(src/roboteq_ros2_driver) by extension 'ros'
[1.266s] DEBUG:colcon.colcon_core.package_identification:Package 'src/roboteq_ros2_driver' with type 'ros.ament_cmake' and name 'roboteq_ros2_driver'
[1.267s] Level 1:colcon.colcon_core.package_identification:_identify(src/rplidar_ros) by extensions ['ignore', 'ignore_ament_install']
[1.267s] Level 1:colcon.colcon_core.package_identification:_identify(src/rplidar_ros) by extension 'ignore'
[1.267s] Level 1:colcon.colcon_core.package_identification:_identify(src/rplidar_ros) by extension 'ignore_ament_install'
[1.267s] Level 1:colcon.colcon_core.package_identification:_identify(src/rplidar_ros) by extensions ['colcon_pkg']
[1.267s] Level 1:colcon.colcon_core.package_identification:_identify(src/rplidar_ros) by extension 'colcon_pkg'
[1.267s] Level 1:colcon.colcon_core.package_identification:_identify(src/rplidar_ros) by extensions ['colcon_meta']
[1.267s] Level 1:colcon.colcon_core.package_identification:_identify(src/rplidar_ros) by extension 'colcon_meta'
[1.267s] Level 1:colcon.colcon_core.package_identification:_identify(src/rplidar_ros) by extensions ['ros']
[1.267s] Level 1:colcon.colcon_core.package_identification:_identify(src/rplidar_ros) by extension 'ros'
[1.267s] Level 1:colcon.colcon_core.package_identification:_identify(src/rplidar_ros) by extensions ['cmake', 'python']
[1.268s] Level 1:colcon.colcon_core.package_identification:_identify(src/rplidar_ros) by extension 'cmake'
[1.268s] Level 1:colcon.colcon_core.package_identification:_identify(src/rplidar_ros) by extension 'python'
[1.268s] Level 1:colcon.colcon_core.package_identification:_identify(src/rplidar_ros) by extensions ['python_setup_py']
[1.268s] Level 1:colcon.colcon_core.package_identification:_identify(src/rplidar_ros) by extension 'python_setup_py'
[1.268s] Level 1:colcon.colcon_core.package_discovery:discover_packages(recursive) using defaults
[1.268s] Level 1:colcon.colcon_core.package_discovery:discover_packages(ignore) discover
[1.268s] Level 1:colcon.colcon_core.package_discovery:discover_packages(ignore) using defaults
[1.268s] Level 1:colcon.colcon_core.package_discovery:discover_packages(path) discover
[1.268s] Level 1:colcon.colcon_core.package_discovery:discover_packages(path) using defaults
[1.363s] Level 1:colcon.colcon_core.package_discovery:discover_packages(prefix_path) check parameters
[1.363s] Level 1:colcon.colcon_core.package_discovery:discover_packages(prefix_path) discover
[1.379s] DEBUG:colcon.colcon_installed_package_information.package_discovery:Found 415 installed packages in /opt/ros/jazzy
[1.384s] Level 1:colcon.colcon_core.package_discovery:discover_packages(prefix_path) using defaults
[1.502s] Level 5:colcon.colcon_core.verb:set package 'dual_laser_merger' build argument 'cmake_args' from command line to 'None'
[1.503s] Level 5:colcon.colcon_core.verb:set package 'dual_laser_merger' build argument 'cmake_target' from command line to 'None'
[1.503s] Level 5:colcon.colcon_core.verb:set package 'dual_laser_merger' build argument 'cmake_target_skip_unavailable' from command line to 'False'
[1.503s] Level 5:colcon.colcon_core.verb:set package 'dual_laser_merger' build argument 'cmake_clean_cache' from command line to 'False'
[1.503s] Level 5:colcon.colcon_core.verb:set package 'dual_laser_merger' build argument 'cmake_clean_first' from command line to 'False'
[1.503s] Level 5:colcon.colcon_core.verb:set package 'dual_laser_merger' build argument 'cmake_force_configure' from command line to 'False'
[1.503s] Level 5:colcon.colcon_core.verb:set package 'dual_laser_merger' build argument 'ament_cmake_args' from command line to 'None'
[1.503s] Level 5:colcon.colcon_core.verb:set package 'dual_laser_merger' build argument 'catkin_cmake_args' from command line to 'None'
[1.503s] Level 5:colcon.colcon_core.verb:set package 'dual_laser_merger' build argument 'catkin_skip_building_tests' from command line to 'False'
[1.503s] DEBUG:colcon.colcon_core.verb:Building package 'dual_laser_merger' with the following arguments: {'ament_cmake_args': None, 'build_base': '/home/ugv/Desktop/OperationTouchdown/ugv_ws/build/dual_laser_merger', 'catkin_cmake_args': None, 'catkin_skip_building_tests': False, 'cmake_args': None, 'cmake_clean_cache': False, 'cmake_clean_first': False, 'cmake_force_configure': False, 'cmake_target': None, 'cmake_target_skip_unavailable': False, 'install_base': '/home/ugv/Desktop/OperationTouchdown/ugv_ws/install/dual_laser_merger', 'merge_install': False, 'path': '/home/ugv/Desktop/OperationTouchdown/ugv_ws/src/dual_laser_merger', 'symlink_install': True, 'test_result_base': None}
[1.504s] Level 5:colcon.colcon_core.verb:set package 'my_ugv_bringup' build argument 'cmake_args' from command line to 'None'
[1.504s] Level 5:colcon.colcon_core.verb:set package 'my_ugv_bringup' build argument 'cmake_target' from command line to 'None'
[1.504s] Level 5:colcon.colcon_core.verb:set package 'my_ugv_bringup' build argument 'cmake_target_skip_unavailable' from command line to 'False'
[1.504s] Level 5:colcon.colcon_core.verb:set package 'my_ugv_bringup' build argument 'cmake_clean_cache' from command line to 'False'
[1.504s] Level 5:colcon.colcon_core.verb:set package 'my_ugv_bringup' build argument 'cmake_clean_first' from command line to 'False'
[1.504s] Level 5:colcon.colcon_core.verb:set package 'my_ugv_bringup' build argument 'cmake_force_configure' from command line to 'False'
[1.504s] Level 5:colcon.colcon_core.verb:set package 'my_ugv_bringup' build argument 'ament_cmake_args' from command line to 'None'
[1.504s] Level 5:colcon.colcon_core.verb:set package 'my_ugv_bringup' build argument 'catkin_cmake_args' from command line to 'None'
[1.504s] Level 5:colcon.colcon_core.verb:set package 'my_ugv_bringup' build argument 'catkin_skip_building_tests' from command line to 'False'
[1.504s] DEBUG:colcon.colcon_core.verb:Building package 'my_ugv_bringup' with the following arguments: {'ament_cmake_args': None, 'build_base': '/home/ugv/Desktop/OperationTouchdown/ugv_ws/build/my_ugv_bringup', 'catkin_cmake_args': None, 'catkin_skip_building_tests': False, 'cmake_args': None, 'cmake_clean_cache': False, 'cmake_clean_first': False, 'cmake_force_configure': False, 'cmake_target': None, 'cmake_target_skip_unavailable': False, 'install_base': '/home/ugv/Desktop/OperationTouchdown/ugv_ws/install/my_ugv_bringup', 'merge_install': False, 'path': '/home/ugv/Desktop/OperationTouchdown/ugv_ws/src/my_ugv_bringup', 'symlink_install': True, 'test_result_base': None}
[1.504s] Level 5:colcon.colcon_core.verb:set package 'roboteq_ros2_driver' build argument 'cmake_args' from command line to 'None'
[1.504s] Level 5:colcon.colcon_core.verb:set package 'roboteq_ros2_driver' build argument 'cmake_target' from command line to 'None'
[1.504s] Level 5:colcon.colcon_core.verb:set package 'roboteq_ros2_driver' build argument 'cmake_target_skip_unavailable' from command line to 'False'
[1.504s] Level 5:colcon.colcon_core.verb:set package 'roboteq_ros2_driver' build argument 'cmake_clean_cache' from command line to 'False'
[1.504s] Level 5:colcon.colcon_core.verb:set package 'roboteq_ros2_driver' build argument 'cmake_clean_first' from command line to 'False'
[1.504s] Level 5:colcon.colcon_core.verb:set package 'roboteq_ros2_driver' build argument 'cmake_force_configure' from command line to 'False'
[1.504s] Level 5:colcon.colcon_core.verb:set package 'roboteq_ros2_driver' build argument 'ament_cmake_args' from command line to 'None'
[1.505s] Level 5:colcon.colcon_core.verb:set package 'roboteq_ros2_driver' build argument 'catkin_cmake_args' from command line to 'None'
[1.505s] Level 5:colcon.colcon_core.verb:set package 'roboteq_ros2_driver' build argument 'catkin_skip_building_tests' from command line to 'False'
[1.505s] DEBUG:colcon.colcon_core.verb:Building package 'roboteq_ros2_driver' with the following arguments: {'ament_cmake_args': None, 'build_base': '/home/ugv/Desktop/OperationTouchdown/ugv_ws/build/roboteq_ros2_driver', 'catkin_cmake_args': None, 'catkin_skip_building_tests': False, 'cmake_args': None, 'cmake_clean_cache': False, 'cmake_clean_first': False, 'cmake_force_configure': False, 'cmake_target': None, 'cmake_target_skip_unavailable': False, 'install_base': '/home/ugv/Desktop/OperationTouchdown/ugv_ws/install/roboteq_ros2_driver', 'merge_install': False, 'path': '/home/ugv/Desktop/OperationTouchdown/ugv_ws/src/roboteq_ros2_driver', 'symlink_install': True, 'test_result_base': None}
[1.505s] INFO:colcon.colcon_core.executor:Executing jobs using 'parallel' executor
[1.507s] DEBUG:colcon.colcon_parallel_executor.executor.parallel:run_until_complete
[1.509s] INFO:colcon.colcon_ros.task.ament_cmake.build:Building ROS package in '/home/ugv/Desktop/OperationTouchdown/ugv_ws/src/dual_laser_merger' with build type 'ament_cmake'
[1.510s] INFO:colcon.colcon_cmake.task.cmake.build:Building CMake package in '/home/ugv/Desktop/OperationTouchdown/ugv_ws/src/dual_laser_merger'
[1.563s] INFO:colcon.colcon_core.plugin_system:Skipping extension 'colcon_core.shell.bat': Not used on non-Windows systems
[1.564s] INFO:colcon.colcon_core.shell:Skip shell extension 'powershell' for command environment: Not usable outside of PowerShell
[1.564s] DEBUG:colcon.colcon_core.shell:Skip shell extension 'dsv' for command environment
[1.574s] INFO:colcon.colcon_ros.task.ament_cmake.build:Building ROS package in '/home/ugv/Desktop/OperationTouchdown/ugv_ws/src/my_ugv_bringup' with build type 'ament_cmake'
[1.574s] INFO:colcon.colcon_cmake.task.cmake.build:Building CMake package in '/home/ugv/Desktop/OperationTouchdown/ugv_ws/src/my_ugv_bringup'
[1.577s] INFO:colcon.colcon_core.shell:Skip shell extension 'powershell' for command environment: Not usable outside of PowerShell
[1.578s] DEBUG:colcon.colcon_core.shell:Skip shell extension 'dsv' for command environment
[1.590s] INFO:colcon.colcon_ros.task.ament_cmake.build:Building ROS package in '/home/ugv/Desktop/OperationTouchdown/ugv_ws/src/roboteq_ros2_driver' with build type 'ament_cmake'
[1.590s] INFO:colcon.colcon_cmake.task.cmake.build:Building CMake package in '/home/ugv/Desktop/OperationTouchdown/ugv_ws/src/roboteq_ros2_driver'
[1.591s] INFO:colcon.colcon_core.shell:Skip shell extension 'powershell' for command environment: Not usable outside of PowerShell
[1.591s] DEBUG:colcon.colcon_core.shell:Skip shell extension 'dsv' for command environment
[1.615s] DEBUG:colcon.colcon_core.event_handler.log_command:Invoking command in '/home/ugv/Desktop/OperationTouchdown/ugv_ws/build/dual_laser_merger': CMAKE_PREFIX_PATH=${CMAKE_PREFIX_PATH}:/opt/ros/jazzy DEBUGINFOD_URLS=https://debuginfod.ubuntu.com /usr/bin/cmake /home/ugv/Desktop/OperationTouchdown/ugv_ws/src/dual_laser_merger -DAMENT_CMAKE_SYMLINK_INSTALL=1 -DCMAKE_INSTALL_PREFIX=/home/ugv/Desktop/OperationTouchdown/ugv_ws/install/dual_laser_merger
[1.640s] DEBUG:colcon.colcon_core.event_handler.log_command:Invoking command in '/home/ugv/Desktop/OperationTouchdown/ugv_ws/build/my_ugv_bringup': CMAKE_PREFIX_PATH=${CMAKE_PREFIX_PATH}:/opt/ros/jazzy DEBUGINFOD_URLS=https://debuginfod.ubuntu.com /usr/bin/cmake /home/ugv/Desktop/OperationTouchdown/ugv_ws/src/my_ugv_bringup -DAMENT_CMAKE_SYMLINK_INSTALL=1 -DCMAKE_INSTALL_PREFIX=/home/ugv/Desktop/OperationTouchdown/ugv_ws/install/my_ugv_bringup
[1.643s] DEBUG:colcon.colcon_core.event_handler.log_command:Invoking command in '/home/ugv/Desktop/OperationTouchdown/ugv_ws/build/roboteq_ros2_driver': CMAKE_PREFIX_PATH=${CMAKE_PREFIX_PATH}:/opt/ros/jazzy DEBUGINFOD_URLS=https://debuginfod.ubuntu.com /usr/bin/cmake /home/ugv/Desktop/OperationTouchdown/ugv_ws/src/roboteq_ros2_driver -DAMENT_CMAKE_SYMLINK_INSTALL=1 -DCMAKE_INSTALL_PREFIX=/home/ugv/Desktop/OperationTouchdown/ugv_ws/install/roboteq_ros2_driver
[6.572s] DEBUG:colcon.colcon_core.event_handler.log_command:Invoked command in '/home/ugv/Desktop/OperationTouchdown/ugv_ws/build/my_ugv_bringup' returned '0': CMAKE_PREFIX_PATH=${CMAKE_PREFIX_PATH}:/opt/ros/jazzy DEBUGINFOD_URLS=https://debuginfod.ubuntu.com /usr/bin/cmake /home/ugv/Desktop/OperationTouchdown/ugv_ws/src/my_ugv_bringup -DAMENT_CMAKE_SYMLINK_INSTALL=1 -DCMAKE_INSTALL_PREFIX=/home/ugv/Desktop/OperationTouchdown/ugv_ws/install/my_ugv_bringup
[6.581s] DEBUG:colcon.colcon_core.event_handler.log_command:Invoking command in '/home/ugv/Desktop/OperationTouchdown/ugv_ws/build/my_ugv_bringup': CMAKE_PREFIX_PATH=${CMAKE_PREFIX_PATH}:/opt/ros/jazzy DEBUGINFOD_URLS=https://debuginfod.ubuntu.com /usr/bin/cmake --build /home/ugv/Desktop/OperationTouchdown/ugv_ws/build/my_ugv_bringup -- -j4 -l4
[6.742s] DEBUG:colcon.colcon_core.event_handler.log_command:Invoked command in '/home/ugv/Desktop/OperationTouchdown/ugv_ws/build/my_ugv_bringup' returned '0': CMAKE_PREFIX_PATH=${CMAKE_PREFIX_PATH}:/opt/ros/jazzy DEBUGINFOD_URLS=https://debuginfod.ubuntu.com /usr/bin/cmake --build /home/ugv/Desktop/OperationTouchdown/ugv_ws/build/my_ugv_bringup -- -j4 -l4
[6.801s] DEBUG:colcon.colcon_core.event_handler.log_command:Invoking command in '/home/ugv/Desktop/OperationTouchdown/ugv_ws/build/my_ugv_bringup': CMAKE_PREFIX_PATH=${CMAKE_PREFIX_PATH}:/opt/ros/jazzy DEBUGINFOD_URLS=https://debuginfod.ubuntu.com /usr/bin/cmake --install /home/ugv/Desktop/OperationTouchdown/ugv_ws/build/my_ugv_bringup
[7.688s] Level 1:colcon.colcon_core.environment:create_environment_scripts_only(my_ugv_bringup)
[7.690s] DEBUG:colcon.colcon_core.event_handler.log_command:Invoked command in '/home/ugv/Desktop/OperationTouchdown/ugv_ws/build/my_ugv_bringup' returned '0': CMAKE_PREFIX_PATH=${CMAKE_PREFIX_PATH}:/opt/ros/jazzy DEBUGINFOD_URLS=https://debuginfod.ubuntu.com /usr/bin/cmake --install /home/ugv/Desktop/OperationTouchdown/ugv_ws/build/my_ugv_bringup
[7.726s] Level 1:colcon.colcon_core.environment:checking '/home/ugv/Desktop/OperationTouchdown/ugv_ws/install/my_ugv_bringup' for CMake module files
[7.728s] Level 1:colcon.colcon_core.environment:checking '/home/ugv/Desktop/OperationTouchdown/ugv_ws/install/my_ugv_bringup' for CMake config files
[7.732s] Level 1:colcon.colcon_core.shell:create_environment_hook('my_ugv_bringup', 'cmake_prefix_path')
[7.733s] INFO:colcon.colcon_core.shell:Creating environment hook '/home/ugv/Desktop/OperationTouchdown/ugv_ws/install/my_ugv_bringup/share/my_ugv_bringup/hook/cmake_prefix_path.ps1'
[7.739s] INFO:colcon.colcon_core.shell:Creating environment descriptor '/home/ugv/Desktop/OperationTouchdown/ugv_ws/install/my_ugv_bringup/share/my_ugv_bringup/hook/cmake_prefix_path.dsv'
[7.743s] INFO:colcon.colcon_core.shell:Creating environment hook '/home/ugv/Desktop/OperationTouchdown/ugv_ws/install/my_ugv_bringup/share/my_ugv_bringup/hook/cmake_prefix_path.sh'
[7.746s] Level 1:colcon.colcon_core.environment:checking '/home/ugv/Desktop/OperationTouchdown/ugv_ws/install/my_ugv_bringup/bin'
[7.748s] Level 1:colcon.colcon_core.environment:checking '/home/ugv/Desktop/OperationTouchdown/ugv_ws/install/my_ugv_bringup/lib/pkgconfig/my_ugv_bringup.pc'
[7.749s] Level 1:colcon.colcon_core.environment:checking '/home/ugv/Desktop/OperationTouchdown/ugv_ws/install/my_ugv_bringup/lib/python3.12/site-packages'
[7.750s] Level 1:colcon.colcon_core.environment:checking '/home/ugv/Desktop/OperationTouchdown/ugv_ws/install/my_ugv_bringup/bin'
[7.752s] INFO:colcon.colcon_core.shell:Creating package script '/home/ugv/Desktop/OperationTouchdown/ugv_ws/install/my_ugv_bringup/share/my_ugv_bringup/package.ps1'
[7.755s] INFO:colcon.colcon_core.shell:Creating package descriptor '/home/ugv/Desktop/OperationTouchdown/ugv_ws/install/my_ugv_bringup/share/my_ugv_bringup/package.dsv'
[7.762s] INFO:colcon.colcon_core.shell:Creating package script '/home/ugv/Desktop/OperationTouchdown/ugv_ws/install/my_ugv_bringup/share/my_ugv_bringup/package.sh'
[7.767s] INFO:colcon.colcon_core.shell:Creating package script '/home/ugv/Desktop/OperationTouchdown/ugv_ws/install/my_ugv_bringup/share/my_ugv_bringup/package.bash'
[7.773s] INFO:colcon.colcon_core.shell:Creating package script '/home/ugv/Desktop/OperationTouchdown/ugv_ws/install/my_ugv_bringup/share/my_ugv_bringup/package.zsh'
[7.778s] Level 1:colcon.colcon_core.environment:create_file_with_runtime_dependencies(/home/ugv/Desktop/OperationTouchdown/ugv_ws/install/my_ugv_bringup/share/colcon-core/packages/my_ugv_bringup)
[7.780s] Level 1:colcon.colcon_core.environment:create_environment_scripts_only(my_ugv_bringup)
[7.781s] Level 1:colcon.colcon_core.environment:checking '/home/ugv/Desktop/OperationTouchdown/ugv_ws/install/my_ugv_bringup' for CMake module files
[7.783s] Level 1:colcon.colcon_core.environment:checking '/home/ugv/Desktop/OperationTouchdown/ugv_ws/install/my_ugv_bringup' for CMake config files
[7.784s] Level 1:colcon.colcon_core.shell:create_environment_hook('my_ugv_bringup', 'cmake_prefix_path')
[7.784s] INFO:colcon.colcon_core.shell:Creating environment hook '/home/ugv/Desktop/OperationTouchdown/ugv_ws/install/my_ugv_bringup/share/my_ugv_bringup/hook/cmake_prefix_path.ps1'
[7.786s] INFO:colcon.colcon_core.shell:Creating environment descriptor '/home/ugv/Desktop/OperationTouchdown/ugv_ws/install/my_ugv_bringup/share/my_ugv_bringup/hook/cmake_prefix_path.dsv'
[7.790s] INFO:colcon.colcon_core.shell:Creating environment hook '/home/ugv/Desktop/OperationTouchdown/ugv_ws/install/my_ugv_bringup/share/my_ugv_bringup/hook/cmake_prefix_path.sh'
[7.792s] Level 1:colcon.colcon_core.environment:checking '/home/ugv/Desktop/OperationTouchdown/ugv_ws/install/my_ugv_bringup/bin'
[7.792s] Level 1:colcon.colcon_core.environment:checking '/home/ugv/Desktop/OperationTouchdown/ugv_ws/install/my_ugv_bringup/lib/pkgconfig/my_ugv_bringup.pc'
[7.793s] Level 1:colcon.colcon_core.environment:checking '/home/ugv/Desktop/OperationTouchdown/ugv_ws/install/my_ugv_bringup/lib/python3.12/site-packages'
[7.794s] Level 1:colcon.colcon_core.environment:checking '/home/ugv/Desktop/OperationTouchdown/ugv_ws/install/my_ugv_bringup/bin'
[7.795s] INFO:colcon.colcon_core.shell:Creating package script '/home/ugv/Desktop/OperationTouchdown/ugv_ws/install/my_ugv_bringup/share/my_ugv_bringup/package.ps1'
[7.799s] INFO:colcon.colcon_core.shell:Creating package descriptor '/home/ugv/Desktop/OperationTouchdown/ugv_ws/install/my_ugv_bringup/share/my_ugv_bringup/package.dsv'
[7.800s] INFO:colcon.colcon_core.shell:Creating package script '/home/ugv/Desktop/OperationTouchdown/ugv_ws/install/my_ugv_bringup/share/my_ugv_bringup/package.sh'
[7.802s] INFO:colcon.colcon_core.shell:Creating package script '/home/ugv/Desktop/OperationTouchdown/ugv_ws/install/my_ugv_bringup/share/my_ugv_bringup/package.bash'
[7.806s] INFO:colcon.colcon_core.shell:Creating package script '/home/ugv/Desktop/OperationTouchdown/ugv_ws/install/my_ugv_bringup/share/my_ugv_bringup/package.zsh'
[7.811s] Level 1:colcon.colcon_core.environment:create_file_with_runtime_dependencies(/home/ugv/Desktop/OperationTouchdown/ugv_ws/install/my_ugv_bringup/share/colcon-core/packages/my_ugv_bringup)
[9.705s] DEBUG:colcon.colcon_core.event_handler.log_command:Invoked command in '/home/ugv/Desktop/OperationTouchdown/ugv_ws/build/roboteq_ros2_driver' returned '0': CMAKE_PREFIX_PATH=${CMAKE_PREFIX_PATH}:/opt/ros/jazzy DEBUGINFOD_URLS=https://debuginfod.ubuntu.com /usr/bin/cmake /home/ugv/Desktop/OperationTouchdown/ugv_ws/src/roboteq_ros2_driver -DAMENT_CMAKE_SYMLINK_INSTALL=1 -DCMAKE_INSTALL_PREFIX=/home/ugv/Desktop/OperationTouchdown/ugv_ws/install/roboteq_ros2_driver
[9.706s] DEBUG:colcon.colcon_core.event_handler.log_command:Invoking command in '/home/ugv/Desktop/OperationTouchdown/ugv_ws/build/roboteq_ros2_driver': CMAKE_PREFIX_PATH=${CMAKE_PREFIX_PATH}:/opt/ros/jazzy DEBUGINFOD_URLS=https://debuginfod.ubuntu.com /usr/bin/cmake --build /home/ugv/Desktop/OperationTouchdown/ugv_ws/build/roboteq_ros2_driver -- -j4 -l4
[9.880s] DEBUG:colcon.colcon_core.event_handler.log_command:Invoked command in '/home/ugv/Desktop/OperationTouchdown/ugv_ws/build/roboteq_ros2_driver' returned '0': CMAKE_PREFIX_PATH=${CMAKE_PREFIX_PATH}:/opt/ros/jazzy DEBUGINFOD_URLS=https://debuginfod.ubuntu.com /usr/bin/cmake --build /home/ugv/Desktop/OperationTouchdown/ugv_ws/build/roboteq_ros2_driver -- -j4 -l4
[9.881s] DEBUG:colcon.colcon_core.event_handler.log_command:Invoking command in '/home/ugv/Desktop/OperationTouchdown/ugv_ws/build/roboteq_ros2_driver': CMAKE_PREFIX_PATH=${CMAKE_PREFIX_PATH}:/opt/ros/jazzy DEBUGINFOD_URLS=https://debuginfod.ubuntu.com /usr/bin/cmake --install /home/ugv/Desktop/OperationTouchdown/ugv_ws/build/roboteq_ros2_driver
[10.466s] Level 1:colcon.colcon_core.environment:create_environment_scripts_only(roboteq_ros2_driver)
[10.467s] Level 1:colcon.colcon_core.environment:checking '/home/ugv/Desktop/OperationTouchdown/ugv_ws/install/roboteq_ros2_driver' for CMake module files
[10.468s] Level 1:colcon.colcon_core.environment:checking '/home/ugv/Desktop/OperationTouchdown/ugv_ws/install/roboteq_ros2_driver' for CMake config files
[10.469s] DEBUG:colcon.colcon_core.event_handler.log_command:Invoked command in '/home/ugv/Desktop/OperationTouchdown/ugv_ws/build/roboteq_ros2_driver' returned '0': CMAKE_PREFIX_PATH=${CMAKE_PREFIX_PATH}:/opt/ros/jazzy DEBUGINFOD_URLS=https://debuginfod.ubuntu.com /usr/bin/cmake --install /home/ugv/Desktop/OperationTouchdown/ugv_ws/build/roboteq_ros2_driver
[10.470s] Level 1:colcon.colcon_core.shell:create_environment_hook('roboteq_ros2_driver', 'cmake_prefix_path')
[10.471s] INFO:colcon.colcon_core.shell:Creating environment hook '/home/ugv/Desktop/OperationTouchdown/ugv_ws/install/roboteq_ros2_driver/share/roboteq_ros2_driver/hook/cmake_prefix_path.ps1'
[10.480s] INFO:colcon.colcon_core.shell:Creating environment descriptor '/home/ugv/Desktop/OperationTouchdown/ugv_ws/install/roboteq_ros2_driver/share/roboteq_ros2_driver/hook/cmake_prefix_path.dsv'
[10.480s] INFO:colcon.colcon_core.shell:Creating environment hook '/home/ugv/Desktop/OperationTouchdown/ugv_ws/install/roboteq_ros2_driver/share/roboteq_ros2_driver/hook/cmake_prefix_path.sh'
[10.483s] Level 1:colcon.colcon_core.environment:checking '/home/ugv/Desktop/OperationTouchdown/ugv_ws/install/roboteq_ros2_driver/lib'
[10.484s] Level 1:colcon.colcon_core.environment:checking '/home/ugv/Desktop/OperationTouchdown/ugv_ws/install/roboteq_ros2_driver/bin'
[10.484s] Level 1:colcon.colcon_core.environment:checking '/home/ugv/Desktop/OperationTouchdown/ugv_ws/install/roboteq_ros2_driver/lib/pkgconfig/roboteq_ros2_driver.pc'
[10.484s] Level 1:colcon.colcon_core.environment:checking '/home/ugv/Desktop/OperationTouchdown/ugv_ws/install/roboteq_ros2_driver/lib/python3.12/site-packages'
[10.485s] Level 1:colcon.colcon_core.environment:checking '/home/ugv/Desktop/OperationTouchdown/ugv_ws/install/roboteq_ros2_driver/bin'
[10.487s] INFO:colcon.colcon_core.shell:Creating package script '/home/ugv/Desktop/OperationTouchdown/ugv_ws/install/roboteq_ros2_driver/share/roboteq_ros2_driver/package.ps1'
[10.489s] INFO:colcon.colcon_core.shell:Creating package descriptor '/home/ugv/Desktop/OperationTouchdown/ugv_ws/install/roboteq_ros2_driver/share/roboteq_ros2_driver/package.dsv'
[10.491s] INFO:colcon.colcon_core.shell:Creating package script '/home/ugv/Desktop/OperationTouchdown/ugv_ws/install/roboteq_ros2_driver/share/roboteq_ros2_driver/package.sh'
[10.492s] INFO:colcon.colcon_core.shell:Creating package script '/home/ugv/Desktop/OperationTouchdown/ugv_ws/install/roboteq_ros2_driver/share/roboteq_ros2_driver/package.bash'
[10.495s] INFO:colcon.colcon_core.shell:Creating package script '/home/ugv/Desktop/OperationTouchdown/ugv_ws/install/roboteq_ros2_driver/share/roboteq_ros2_driver/package.zsh'
[10.497s] Level 1:colcon.colcon_core.environment:create_file_with_runtime_dependencies(/home/ugv/Desktop/OperationTouchdown/ugv_ws/install/roboteq_ros2_driver/share/colcon-core/packages/roboteq_ros2_driver)
[10.500s] Level 1:colcon.colcon_core.environment:create_environment_scripts_only(roboteq_ros2_driver)
[10.501s] Level 1:colcon.colcon_core.environment:checking '/home/ugv/Desktop/OperationTouchdown/ugv_ws/install/roboteq_ros2_driver' for CMake module files
[10.503s] Level 1:colcon.colcon_core.environment:checking '/home/ugv/Desktop/OperationTouchdown/ugv_ws/install/roboteq_ros2_driver' for CMake config files
[10.505s] Level 1:colcon.colcon_core.shell:create_environment_hook('roboteq_ros2_driver', 'cmake_prefix_path')
[10.507s] INFO:colcon.colcon_core.shell:Creating environment hook '/home/ugv/Desktop/OperationTouchdown/ugv_ws/install/roboteq_ros2_driver/share/roboteq_ros2_driver/hook/cmake_prefix_path.ps1'
[10.509s] INFO:colcon.colcon_core.shell:Creating environment descriptor '/home/ugv/Desktop/OperationTouchdown/ugv_ws/install/roboteq_ros2_driver/share/roboteq_ros2_driver/hook/cmake_prefix_path.dsv'
[10.511s] INFO:colcon.colcon_core.shell:Creating environment hook '/home/ugv/Desktop/OperationTouchdown/ugv_ws/install/roboteq_ros2_driver/share/roboteq_ros2_driver/hook/cmake_prefix_path.sh'
[10.515s] Level 1:colcon.colcon_core.environment:checking '/home/ugv/Desktop/OperationTouchdown/ugv_ws/install/roboteq_ros2_driver/lib'
[10.516s] Level 1:colcon.colcon_core.environment:checking '/home/ugv/Desktop/OperationTouchdown/ugv_ws/install/roboteq_ros2_driver/bin'
[10.516s] Level 1:colcon.colcon_core.environment:checking '/home/ugv/Desktop/OperationTouchdown/ugv_ws/install/roboteq_ros2_driver/lib/pkgconfig/roboteq_ros2_driver.pc'
[10.517s] Level 1:colcon.colcon_core.environment:checking '/home/ugv/Desktop/OperationTouchdown/ugv_ws/install/roboteq_ros2_driver/lib/python3.12/site-packages'
[10.518s] Level 1:colcon.colcon_core.environment:checking '/home/ugv/Desktop/OperationTouchdown/ugv_ws/install/roboteq_ros2_driver/bin'
[10.519s] INFO:colcon.colcon_core.shell:Creating package script '/home/ugv/Desktop/OperationTouchdown/ugv_ws/install/roboteq_ros2_driver/share/roboteq_ros2_driver/package.ps1'
[10.521s] INFO:colcon.colcon_core.shell:Creating package descriptor '/home/ugv/Desktop/OperationTouchdown/ugv_ws/install/roboteq_ros2_driver/share/roboteq_ros2_driver/package.dsv'
[10.523s] INFO:colcon.colcon_core.shell:Creating package script '/home/ugv/Desktop/OperationTouchdown/ugv_ws/install/roboteq_ros2_driver/share/roboteq_ros2_driver/package.sh'
[10.525s] INFO:colcon.colcon_core.shell:Creating package script '/home/ugv/Desktop/OperationTouchdown/ugv_ws/install/roboteq_ros2_driver/share/roboteq_ros2_driver/package.bash'
[10.527s] INFO:colcon.colcon_core.shell:Creating package script '/home/ugv/Desktop/OperationTouchdown/ugv_ws/install/roboteq_ros2_driver/share/roboteq_ros2_driver/package.zsh'
[10.529s] Level 1:colcon.colcon_core.environment:create_file_with_runtime_dependencies(/home/ugv/Desktop/OperationTouchdown/ugv_ws/install/roboteq_ros2_driver/share/colcon-core/packages/roboteq_ros2_driver)
[20.559s] DEBUG:colcon.colcon_core.event_handler.log_command:Invoked command in '/home/ugv/Desktop/OperationTouchdown/ugv_ws/build/dual_laser_merger' returned '0': CMAKE_PREFIX_PATH=${CMAKE_PREFIX_PATH}:/opt/ros/jazzy DEBUGINFOD_URLS=https://debuginfod.ubuntu.com /usr/bin/cmake /home/ugv/Desktop/OperationTouchdown/ugv_ws/src/dual_laser_merger -DAMENT_CMAKE_SYMLINK_INSTALL=1 -DCMAKE_INSTALL_PREFIX=/home/ugv/Desktop/OperationTouchdown/ugv_ws/install/dual_laser_merger
[20.562s] DEBUG:colcon.colcon_core.event_handler.log_command:Invoking command in '/home/ugv/Desktop/OperationTouchdown/ugv_ws/build/dual_laser_merger': CMAKE_PREFIX_PATH=${CMAKE_PREFIX_PATH}:/opt/ros/jazzy DEBUGINFOD_URLS=https://debuginfod.ubuntu.com /usr/bin/cmake --build /home/ugv/Desktop/OperationTouchdown/ugv_ws/build/dual_laser_merger -- -j4 -l4
[58.802s] DEBUG:colcon.colcon_core.event_handler.log_command:Invoked command in '/home/ugv/Desktop/OperationTouchdown/ugv_ws/build/dual_laser_merger' returned '0': CMAKE_PREFIX_PATH=${CMAKE_PREFIX_PATH}:/opt/ros/jazzy DEBUGINFOD_URLS=https://debuginfod.ubuntu.com /usr/bin/cmake --build /home/ugv/Desktop/OperationTouchdown/ugv_ws/build/dual_laser_merger -- -j4 -l4
[58.804s] DEBUG:colcon.colcon_core.event_handler.log_command:Invoking command in '/home/ugv/Desktop/OperationTouchdown/ugv_ws/build/dual_laser_merger': CMAKE_PREFIX_PATH=${CMAKE_PREFIX_PATH}:/opt/ros/jazzy DEBUGINFOD_URLS=https://debuginfod.ubuntu.com /usr/bin/cmake --install /home/ugv/Desktop/OperationTouchdown/ugv_ws/build/dual_laser_merger
[59.393s] Level 1:colcon.colcon_core.environment:create_environment_scripts_only(dual_laser_merger)
[59.393s] Level 1:colcon.colcon_core.environment:checking '/home/ugv/Desktop/OperationTouchdown/ugv_ws/install/dual_laser_merger' for CMake module files
[59.394s] DEBUG:colcon.colcon_core.event_handler.log_command:Invoked command in '/home/ugv/Desktop/OperationTouchdown/ugv_ws/build/dual_laser_merger' returned '0': CMAKE_PREFIX_PATH=${CMAKE_PREFIX_PATH}:/opt/ros/jazzy DEBUGINFOD_URLS=https://debuginfod.ubuntu.com /usr/bin/cmake --install /home/ugv/Desktop/OperationTouchdown/ugv_ws/build/dual_laser_merger
[59.394s] Level 1:colcon.colcon_core.environment:checking '/home/ugv/Desktop/OperationTouchdown/ugv_ws/install/dual_laser_merger' for CMake config files
[59.395s] Level 1:colcon.colcon_core.shell:create_environment_hook('dual_laser_merger', 'cmake_prefix_path')
[59.395s] INFO:colcon.colcon_core.shell:Creating environment hook '/home/ugv/Desktop/OperationTouchdown/ugv_ws/install/dual_laser_merger/share/dual_laser_merger/hook/cmake_prefix_path.ps1'
[59.396s] INFO:colcon.colcon_core.shell:Creating environment descriptor '/home/ugv/Desktop/OperationTouchdown/ugv_ws/install/dual_laser_merger/share/dual_laser_merger/hook/cmake_prefix_path.dsv'
[59.396s] INFO:colcon.colcon_core.shell:Creating environment hook '/home/ugv/Desktop/OperationTouchdown/ugv_ws/install/dual_laser_merger/share/dual_laser_merger/hook/cmake_prefix_path.sh'
[59.397s] Level 1:colcon.colcon_core.environment:checking '/home/ugv/Desktop/OperationTouchdown/ugv_ws/install/dual_laser_merger/lib'
[59.397s] Level 1:colcon.colcon_core.shell:create_environment_hook('dual_laser_merger', 'ld_library_path_lib')
[59.397s] INFO:colcon.colcon_core.shell:Creating environment hook '/home/ugv/Desktop/OperationTouchdown/ugv_ws/install/dual_laser_merger/share/dual_laser_merger/hook/ld_library_path_lib.ps1'
[59.398s] INFO:colcon.colcon_core.shell:Creating environment descriptor '/home/ugv/Desktop/OperationTouchdown/ugv_ws/install/dual_laser_merger/share/dual_laser_merger/hook/ld_library_path_lib.dsv'
[59.398s] INFO:colcon.colcon_core.shell:Creating environment hook '/home/ugv/Desktop/OperationTouchdown/ugv_ws/install/dual_laser_merger/share/dual_laser_merger/hook/ld_library_path_lib.sh'
[59.398s] Level 1:colcon.colcon_core.environment:checking '/home/ugv/Desktop/OperationTouchdown/ugv_ws/install/dual_laser_merger/bin'
[59.398s] Level 1:colcon.colcon_core.environment:checking '/home/ugv/Desktop/OperationTouchdown/ugv_ws/install/dual_laser_merger/lib/pkgconfig/dual_laser_merger.pc'
[59.399s] Level 1:colcon.colcon_core.environment:checking '/home/ugv/Desktop/OperationTouchdown/ugv_ws/install/dual_laser_merger/lib/python3.12/site-packages'
[59.399s] Level 1:colcon.colcon_core.environment:checking '/home/ugv/Desktop/OperationTouchdown/ugv_ws/install/dual_laser_merger/bin'
[59.400s] INFO:colcon.colcon_core.shell:Creating package script '/home/ugv/Desktop/OperationTouchdown/ugv_ws/install/dual_laser_merger/share/dual_laser_merger/package.ps1'
[59.400s] INFO:colcon.colcon_core.shell:Creating package descriptor '/home/ugv/Desktop/OperationTouchdown/ugv_ws/install/dual_laser_merger/share/dual_laser_merger/package.dsv'
[59.401s] INFO:colcon.colcon_core.shell:Creating package script '/home/ugv/Desktop/OperationTouchdown/ugv_ws/install/dual_laser_merger/share/dual_laser_merger/package.sh'
[59.401s] INFO:colcon.colcon_core.shell:Creating package script '/home/ugv/Desktop/OperationTouchdown/ugv_ws/install/dual_laser_merger/share/dual_laser_merger/package.bash'
[59.402s] INFO:colcon.colcon_core.shell:Creating package script '/home/ugv/Desktop/OperationTouchdown/ugv_ws/install/dual_laser_merger/share/dual_laser_merger/package.zsh'
[59.402s] Level 1:colcon.colcon_core.environment:create_file_with_runtime_dependencies(/home/ugv/Desktop/OperationTouchdown/ugv_ws/install/dual_laser_merger/share/colcon-core/packages/dual_laser_merger)
[59.403s] Level 1:colcon.colcon_core.environment:create_environment_scripts_only(dual_laser_merger)
[59.404s] Level 1:colcon.colcon_core.environment:checking '/home/ugv/Desktop/OperationTouchdown/ugv_ws/install/dual_laser_merger' for CMake module files
[59.404s] Level 1:colcon.colcon_core.environment:checking '/home/ugv/Desktop/OperationTouchdown/ugv_ws/install/dual_laser_merger' for CMake config files
[59.405s] Level 1:colcon.colcon_core.shell:create_environment_hook('dual_laser_merger', 'cmake_prefix_path')
[59.405s] INFO:colcon.colcon_core.shell:Creating environment hook '/home/ugv/Desktop/OperationTouchdown/ugv_ws/install/dual_laser_merger/share/dual_laser_merger/hook/cmake_prefix_path.ps1'
[59.449s] INFO:colcon.colcon_core.shell:Creating environment descriptor '/home/ugv/Desktop/OperationTouchdown/ugv_ws/install/dual_laser_merger/share/dual_laser_merger/hook/cmake_prefix_path.dsv'
[59.449s] INFO:colcon.colcon_core.shell:Creating environment hook '/home/ugv/Desktop/OperationTouchdown/ugv_ws/install/dual_laser_merger/share/dual_laser_merger/hook/cmake_prefix_path.sh'
[59.450s] Level 1:colcon.colcon_core.environment:checking '/home/ugv/Desktop/OperationTouchdown/ugv_ws/install/dual_laser_merger/lib'
[59.450s] Level 1:colcon.colcon_core.shell:create_environment_hook('dual_laser_merger', 'ld_library_path_lib')
[59.451s] INFO:colcon.colcon_core.shell:Creating environment hook '/home/ugv/Desktop/OperationTouchdown/ugv_ws/install/dual_laser_merger/share/dual_laser_merger/hook/ld_library_path_lib.ps1'
[59.451s] INFO:colcon.colcon_core.shell:Creating environment descriptor '/home/ugv/Desktop/OperationTouchdown/ugv_ws/install/dual_laser_merger/share/dual_laser_merger/hook/ld_library_path_lib.dsv'
[59.452s] INFO:colcon.colcon_core.shell:Creating environment hook '/home/ugv/Desktop/OperationTouchdown/ugv_ws/install/dual_laser_merger/share/dual_laser_merger/hook/ld_library_path_lib.sh'
[59.452s] Level 1:colcon.colcon_core.environment:checking '/home/ugv/Desktop/OperationTouchdown/ugv_ws/install/dual_laser_merger/bin'
[59.452s] Level 1:colcon.colcon_core.environment:checking '/home/ugv/Desktop/OperationTouchdown/ugv_ws/install/dual_laser_merger/lib/pkgconfig/dual_laser_merger.pc'
[59.453s] Level 1:colcon.colcon_core.environment:checking '/home/ugv/Desktop/OperationTouchdown/ugv_ws/install/dual_laser_merger/lib/python3.12/site-packages'
[59.453s] Level 1:colcon.colcon_core.environment:checking '/home/ugv/Desktop/OperationTouchdown/ugv_ws/install/dual_laser_merger/bin'
[59.454s] INFO:colcon.colcon_core.shell:Creating package script '/home/ugv/Desktop/OperationTouchdown/ugv_ws/install/dual_laser_merger/share/dual_laser_merger/package.ps1'
[59.454s] INFO:colcon.colcon_core.shell:Creating package descriptor '/home/ugv/Desktop/OperationTouchdown/ugv_ws/install/dual_laser_merger/share/dual_laser_merger/package.dsv'
[59.455s] INFO:colcon.colcon_core.shell:Creating package script '/home/ugv/Desktop/OperationTouchdown/ugv_ws/install/dual_laser_merger/share/dual_laser_merger/package.sh'
[59.456s] INFO:colcon.colcon_core.shell:Creating package script '/home/ugv/Desktop/OperationTouchdown/ugv_ws/install/dual_laser_merger/share/dual_laser_merger/package.bash'
[59.457s] INFO:colcon.colcon_core.shell:Creating package script '/home/ugv/Desktop/OperationTouchdown/ugv_ws/install/dual_laser_merger/share/dual_laser_merger/package.zsh'
[59.457s] Level 1:colcon.colcon_core.environment:create_file_with_runtime_dependencies(/home/ugv/Desktop/OperationTouchdown/ugv_ws/install/dual_laser_merger/share/colcon-core/packages/dual_laser_merger)
[59.458s] DEBUG:colcon.colcon_parallel_executor.executor.parallel:closing loop
[59.459s] DEBUG:colcon.colcon_parallel_executor.executor.parallel:loop closed
[59.459s] DEBUG:colcon.colcon_parallel_executor.executor.parallel:run_until_complete finished with '0'
[59.459s] DEBUG:colcon.colcon_core.event_reactor:joining thread
[59.460s] DEBUG:colcon.colcon_core.event_reactor:joined thread
[59.460s] INFO:colcon.colcon_core.shell:Creating prefix script '/home/ugv/Desktop/OperationTouchdown/ugv_ws/install/local_setup.ps1'
[59.462s] INFO:colcon.colcon_core.shell:Creating prefix util module '/home/ugv/Desktop/OperationTouchdown/ugv_ws/install/_local_setup_util_ps1.py'
[59.464s] INFO:colcon.colcon_core.shell:Creating prefix chain script '/home/ugv/Desktop/OperationTouchdown/ugv_ws/install/setup.ps1'
[59.465s] INFO:colcon.colcon_core.shell:Creating prefix script '/home/ugv/Desktop/OperationTouchdown/ugv_ws/install/local_setup.sh'
[59.466s] INFO:colcon.colcon_core.shell:Creating prefix util module '/home/ugv/Desktop/OperationTouchdown/ugv_ws/install/_local_setup_util_sh.py'
[59.467s] INFO:colcon.colcon_core.shell:Creating prefix chain script '/home/ugv/Desktop/OperationTouchdown/ugv_ws/install/setup.sh'
[59.469s] INFO:colcon.colcon_core.shell:Creating prefix script '/home/ugv/Desktop/OperationTouchdown/ugv_ws/install/local_setup.bash'
[59.469s] INFO:colcon.colcon_core.shell:Creating prefix chain script '/home/ugv/Desktop/OperationTouchdown/ugv_ws/install/setup.bash'
[59.471s] INFO:colcon.colcon_core.shell:Creating prefix script '/home/ugv/Desktop/OperationTouchdown/ugv_ws/install/local_setup.zsh'
[59.472s] INFO:colcon.colcon_core.shell:Creating prefix chain script '/home/ugv/Desktop/OperationTouchdown/ugv_ws/install/setup.zsh'
