[0.024s] Invoking command in '/home/ugv/Desktop/OperationTouchdown/ugv_ws/build/depthai_examples': AMENT_PREFIX_PATH=/home/ugv/Desktop/OperationTouchdown/ugv_ws/install/depthai_bridge:/home/ugv/Desktop/OperationTouchdown/ugv_ws/install/depthai_ros_msgs:/home/ugv/Desktop/OperationTouchdown/ugv_ws/install/depthai_descriptions:${AMENT_PREFIX_PATH} CMAKE_PREFIX_PATH=/home/ugv/Desktop/OperationTouchdown/ugv_ws/install/depthai_bridge:/home/ugv/Desktop/OperationTouchdown/ugv_ws/install/depthai_ros_msgs:/home/ugv/Desktop/OperationTouchdown/ugv_ws/install/depthai_descriptions:/home/ugv/Desktop/OperationTouchdown/ugv_ws/src/install/roboteq_ros2_driver:/home/ugv/Desktop/OperationTouchdown/ugv_ws/src/install/my_ugv_bringup:/home/ugv/Desktop/OperationTouchdown/ugv_ws/src/install/dual_laser_merger:/home/ugv/Desktop/OperationTouchdown/ugv_ws/install/roboteq_ros2_driver:/home/ugv/Desktop/OperationTouchdown/ugv_ws/install/my_ugv_bringup:/home/ugv/Desktop/OperationTouchdown/ugv_ws/install/dual_laser_merger:/opt/ros/jazzy/opt/gz_sim_vendor:/opt/ros/jazzy/opt/gz_sensors_vendor:/opt/ros/jazzy/opt/gz_physics_vendor:/opt/ros/jazzy/opt/sdformat_vendor:/opt/ros/jazzy/opt/gz_gui_vendor:/opt/ros/jazzy/opt/gz_transport_vendor:/opt/ros/jazzy/opt/gz_rendering_vendor:/opt/ros/jazzy/opt/gz_plugin_vendor:/opt/ros/jazzy/opt/gz_fuel_tools_vendor:/opt/ros/jazzy/opt/gz_msgs_vendor:/opt/ros/jazzy/opt/gz_common_vendor:/opt/ros/jazzy/opt/gz_math_vendor:/opt/ros/jazzy/opt/gz_utils_vendor:/opt/ros/jazzy/opt/gz_tools_vendor:/opt/ros/jazzy/opt/gz_ogre_next_vendor:/opt/ros/jazzy/opt/gz_dartsim_vendor:/opt/ros/jazzy/opt/gz_cmake_vendor:/home/ugv/Desktop/OperationTouchdown/ugv_ws/src/install/my_ugv_vision:/home/ugv/Desktop/OperationTouchdown/ugv_ws/install/my_ugv_vision:/opt/ros/jazzy DEBUGINFOD_URLS=https://debuginfod.ubuntu.com GAZEBO_MODEL_PATH=/home/ugv/Desktop/OperationTouchdown/ugv_ws/install/depthai_descriptions:${GAZEBO_MODEL_PATH} GAZEBO_RESOURCE_PATH=/home/ugv/Desktop/OperationTouchdown/ugv_ws/install/depthai_descriptions:${GAZEBO_RESOURCE_PATH} IGN_GAZEBO_MODEL_PATH=/home/ugv/Desktop/OperationTouchdown/ugv_ws/install/depthai_descriptions:${IGN_GAZEBO_MODEL_PATH} IGN_GAZEBO_RESOURCE_PATH=/home/ugv/Desktop/OperationTouchdown/ugv_ws/install/depthai_descriptions:${IGN_GAZEBO_RESOURCE_PATH} LD_LIBRARY_PATH=/home/ugv/Desktop/OperationTouchdown/ugv_ws/install/depthai_bridge/lib:/home/ugv/Desktop/OperationTouchdown/ugv_ws/install/depthai_ros_msgs/lib:${LD_LIBRARY_PATH} PYTHONPATH=/home/ugv/Desktop/OperationTouchdown/ugv_ws/install/depthai_ros_msgs/lib/python3.12/site-packages:${PYTHONPATH} /usr/bin/cmake /home/ugv/Desktop/OperationTouchdown/ugv_ws/src/depthai-ros/depthai_examples -DAMENT_CMAKE_SYMLINK_INSTALL=1 -DCMAKE_INSTALL_PREFIX=/home/ugv/Desktop/OperationTouchdown/ugv_ws/install/depthai_examples
[0.155s] -- The CXX compiler identification is GNU 13.3.0
[0.243s] -- The C compiler identification is GNU 13.3.0
[0.274s] -- Detecting CXX compiler ABI info
[0.475s] -- Detecting CXX compiler ABI info - done
[0.491s] -- Check for working CXX compiler: /usr/bin/c++ - skipped
[0.491s] -- Detecting CXX compile features
[0.492s] -- Detecting CXX compile features - done
[0.508s] -- Detecting C compiler ABI info
[0.696s] -- Detecting C compiler ABI info - done
[0.711s] -- Check for working C compiler: /usr/bin/cc - skipped
[0.711s] -- Detecting C compile features
[0.712s] -- Detecting C compile features - done
[6.409s] -- Found ament_cmake: 2.5.6 (/opt/ros/jazzy/share/ament_cmake/cmake)
[6.732s] -- Found Python3: /usr/bin/python3 (found version "3.12.3") found components: Interpreter 
[6.885s] -- Override CMake install command with custom implementation using symlinks instead of copying resources
[6.991s] -- ------------------------------------------
[6.991s] -- Depthai Bridge is being built using AMENT.
[6.991s] -- ------------------------------------------
[6.998s] -- Found camera_info_manager: 5.1.7 (/opt/ros/jazzy/share/camera_info_manager/cmake)
[7.121s] -- Found rosidl_generator_c: 4.6.7 (/opt/ros/jazzy/share/rosidl_generator_c/cmake)
[7.157s] -- Found rosidl_generator_cpp: 4.6.7 (/opt/ros/jazzy/share/rosidl_generator_cpp/cmake)
[7.196s] -- Using all available rosidl_typesupport_c: rosidl_typesupport_fastrtps_c;rosidl_typesupport_introspection_c
[7.239s] -- Using all available rosidl_typesupport_cpp: rosidl_typesupport_fastrtps_cpp;rosidl_typesupport_introspection_cpp
[7.397s] -- Found rmw_implementation_cmake: 7.3.3 (/opt/ros/jazzy/share/rmw_implementation_cmake/cmake)
[7.407s] -- Found rmw_fastrtps_cpp: 8.4.3 (/opt/ros/jazzy/share/rmw_fastrtps_cpp/cmake)
[7.593s] -- Found OpenSSL: /usr/lib/aarch64-linux-gnu/libcrypto.so (found version "3.0.13")  
[7.626s] -- Found FastRTPS: /opt/ros/jazzy/include (Required is at least version "2.13") 
[7.668s] -- Using RMW implementation 'rmw_fastrtps_cpp' as default
[7.907s] -- Setting yaml-cpp_DIR to: '/opt/ros/jazzy/share/yaml_cpp_vendor/cmake/../../../opt/yaml_cpp_vendor/share/cmake/yaml-cpp'
[7.983s] -- Found cv_bridge: 4.1.0 (/opt/ros/jazzy/share/cv_bridge/cmake)
[8.192s] -- Found depthai_ros_msgs: 2.12.2 (/home/ugv/Desktop/OperationTouchdown/ugv_ws/install/depthai_ros_msgs/share/depthai_ros_msgs/cmake)
[8.270s] -- Found depthai_bridge: 2.12.2 (/home/ugv/Desktop/OperationTouchdown/ugv_ws/install/depthai_bridge/share/depthai_bridge/cmake)
[8.634s] -- Found eigen3_cmake_module: 0.3.0 (/opt/ros/jazzy/share/eigen3_cmake_module/cmake)
[8.637s] -- Found Eigen3: TRUE (found version "3.4.0") 
[8.637s] -- Ensuring Eigen3 include directory is part of orocos-kdl CMake target
[8.923s] -- Configuring done (8.9s)
[9.097s] -- Generating done (0.1s)
[9.148s] -- Build files have been written to: /home/ugv/Desktop/OperationTouchdown/ugv_ws/build/depthai_examples
[9.183s] Invoked command in '/home/ugv/Desktop/OperationTouchdown/ugv_ws/build/depthai_examples' returned '0': AMENT_PREFIX_PATH=/home/ugv/Desktop/OperationTouchdown/ugv_ws/install/depthai_bridge:/home/ugv/Desktop/OperationTouchdown/ugv_ws/install/depthai_ros_msgs:/home/ugv/Desktop/OperationTouchdown/ugv_ws/install/depthai_descriptions:${AMENT_PREFIX_PATH} CMAKE_PREFIX_PATH=/home/ugv/Desktop/OperationTouchdown/ugv_ws/install/depthai_bridge:/home/ugv/Desktop/OperationTouchdown/ugv_ws/install/depthai_ros_msgs:/home/ugv/Desktop/OperationTouchdown/ugv_ws/install/depthai_descriptions:/home/ugv/Desktop/OperationTouchdown/ugv_ws/src/install/roboteq_ros2_driver:/home/ugv/Desktop/OperationTouchdown/ugv_ws/src/install/my_ugv_bringup:/home/ugv/Desktop/OperationTouchdown/ugv_ws/src/install/dual_laser_merger:/home/ugv/Desktop/OperationTouchdown/ugv_ws/install/roboteq_ros2_driver:/home/ugv/Desktop/OperationTouchdown/ugv_ws/install/my_ugv_bringup:/home/ugv/Desktop/OperationTouchdown/ugv_ws/install/dual_laser_merger:/opt/ros/jazzy/opt/gz_sim_vendor:/opt/ros/jazzy/opt/gz_sensors_vendor:/opt/ros/jazzy/opt/gz_physics_vendor:/opt/ros/jazzy/opt/sdformat_vendor:/opt/ros/jazzy/opt/gz_gui_vendor:/opt/ros/jazzy/opt/gz_transport_vendor:/opt/ros/jazzy/opt/gz_rendering_vendor:/opt/ros/jazzy/opt/gz_plugin_vendor:/opt/ros/jazzy/opt/gz_fuel_tools_vendor:/opt/ros/jazzy/opt/gz_msgs_vendor:/opt/ros/jazzy/opt/gz_common_vendor:/opt/ros/jazzy/opt/gz_math_vendor:/opt/ros/jazzy/opt/gz_utils_vendor:/opt/ros/jazzy/opt/gz_tools_vendor:/opt/ros/jazzy/opt/gz_ogre_next_vendor:/opt/ros/jazzy/opt/gz_dartsim_vendor:/opt/ros/jazzy/opt/gz_cmake_vendor:/home/ugv/Desktop/OperationTouchdown/ugv_ws/src/install/my_ugv_vision:/home/ugv/Desktop/OperationTouchdown/ugv_ws/install/my_ugv_vision:/opt/ros/jazzy DEBUGINFOD_URLS=https://debuginfod.ubuntu.com GAZEBO_MODEL_PATH=/home/ugv/Desktop/OperationTouchdown/ugv_ws/install/depthai_descriptions:${GAZEBO_MODEL_PATH} GAZEBO_RESOURCE_PATH=/home/ugv/Desktop/OperationTouchdown/ugv_ws/install/depthai_descriptions:${GAZEBO_RESOURCE_PATH} IGN_GAZEBO_MODEL_PATH=/home/ugv/Desktop/OperationTouchdown/ugv_ws/install/depthai_descriptions:${IGN_GAZEBO_MODEL_PATH} IGN_GAZEBO_RESOURCE_PATH=/home/ugv/Desktop/OperationTouchdown/ugv_ws/install/depthai_descriptions:${IGN_GAZEBO_RESOURCE_PATH} LD_LIBRARY_PATH=/home/ugv/Desktop/OperationTouchdown/ugv_ws/install/depthai_bridge/lib:/home/ugv/Desktop/OperationTouchdown/ugv_ws/install/depthai_ros_msgs/lib:${LD_LIBRARY_PATH} PYTHONPATH=/home/ugv/Desktop/OperationTouchdown/ugv_ws/install/depthai_ros_msgs/lib/python3.12/site-packages:${PYTHONPATH} /usr/bin/cmake /home/ugv/Desktop/OperationTouchdown/ugv_ws/src/depthai-ros/depthai_examples -DAMENT_CMAKE_SYMLINK_INSTALL=1 -DCMAKE_INSTALL_PREFIX=/home/ugv/Desktop/OperationTouchdown/ugv_ws/install/depthai_examples
[9.185s] Invoking command in '/home/ugv/Desktop/OperationTouchdown/ugv_ws/build/depthai_examples': AMENT_PREFIX_PATH=/home/ugv/Desktop/OperationTouchdown/ugv_ws/install/depthai_bridge:/home/ugv/Desktop/OperationTouchdown/ugv_ws/install/depthai_ros_msgs:/home/ugv/Desktop/OperationTouchdown/ugv_ws/install/depthai_descriptions:${AMENT_PREFIX_PATH} CMAKE_PREFIX_PATH=/home/ugv/Desktop/OperationTouchdown/ugv_ws/install/depthai_bridge:/home/ugv/Desktop/OperationTouchdown/ugv_ws/install/depthai_ros_msgs:/home/ugv/Desktop/OperationTouchdown/ugv_ws/install/depthai_descriptions:/home/ugv/Desktop/OperationTouchdown/ugv_ws/src/install/roboteq_ros2_driver:/home/ugv/Desktop/OperationTouchdown/ugv_ws/src/install/my_ugv_bringup:/home/ugv/Desktop/OperationTouchdown/ugv_ws/src/install/dual_laser_merger:/home/ugv/Desktop/OperationTouchdown/ugv_ws/install/roboteq_ros2_driver:/home/ugv/Desktop/OperationTouchdown/ugv_ws/install/my_ugv_bringup:/home/ugv/Desktop/OperationTouchdown/ugv_ws/install/dual_laser_merger:/opt/ros/jazzy/opt/gz_sim_vendor:/opt/ros/jazzy/opt/gz_sensors_vendor:/opt/ros/jazzy/opt/gz_physics_vendor:/opt/ros/jazzy/opt/sdformat_vendor:/opt/ros/jazzy/opt/gz_gui_vendor:/opt/ros/jazzy/opt/gz_transport_vendor:/opt/ros/jazzy/opt/gz_rendering_vendor:/opt/ros/jazzy/opt/gz_plugin_vendor:/opt/ros/jazzy/opt/gz_fuel_tools_vendor:/opt/ros/jazzy/opt/gz_msgs_vendor:/opt/ros/jazzy/opt/gz_common_vendor:/opt/ros/jazzy/opt/gz_math_vendor:/opt/ros/jazzy/opt/gz_utils_vendor:/opt/ros/jazzy/opt/gz_tools_vendor:/opt/ros/jazzy/opt/gz_ogre_next_vendor:/opt/ros/jazzy/opt/gz_dartsim_vendor:/opt/ros/jazzy/opt/gz_cmake_vendor:/home/ugv/Desktop/OperationTouchdown/ugv_ws/src/install/my_ugv_vision:/home/ugv/Desktop/OperationTouchdown/ugv_ws/install/my_ugv_vision:/opt/ros/jazzy DEBUGINFOD_URLS=https://debuginfod.ubuntu.com GAZEBO_MODEL_PATH=/home/ugv/Desktop/OperationTouchdown/ugv_ws/install/depthai_descriptions:${GAZEBO_MODEL_PATH} GAZEBO_RESOURCE_PATH=/home/ugv/Desktop/OperationTouchdown/ugv_ws/install/depthai_descriptions:${GAZEBO_RESOURCE_PATH} IGN_GAZEBO_MODEL_PATH=/home/ugv/Desktop/OperationTouchdown/ugv_ws/install/depthai_descriptions:${IGN_GAZEBO_MODEL_PATH} IGN_GAZEBO_RESOURCE_PATH=/home/ugv/Desktop/OperationTouchdown/ugv_ws/install/depthai_descriptions:${IGN_GAZEBO_RESOURCE_PATH} LD_LIBRARY_PATH=/home/ugv/Desktop/OperationTouchdown/ugv_ws/install/depthai_bridge/lib:/home/ugv/Desktop/OperationTouchdown/ugv_ws/install/depthai_ros_msgs/lib:${LD_LIBRARY_PATH} PYTHONPATH=/home/ugv/Desktop/OperationTouchdown/ugv_ws/install/depthai_ros_msgs/lib/python3.12/site-packages:${PYTHONPATH} /usr/bin/cmake --build /home/ugv/Desktop/OperationTouchdown/ugv_ws/build/depthai_examples -- -j4 -l4
[9.310s] [  5%] [32mBuilding CXX object CMakeFiles/crop_control_service.dir/src/crop_control_service.cpp.o[0m
[9.313s] [ 10%] [32mBuilding CXX object CMakeFiles/stereo_inertial_node.dir/src/stereo_inertial_publisher.cpp.o[0m
[9.317s] [ 15%] [32mBuilding CXX object CMakeFiles/mobilenet_node.dir/src/mobilenet_publisher.cpp.o[0m
[9.354s] [ 20%] [32mBuilding CXX object CMakeFiles/rgb_stereo_node.dir/src/rgb_stereo_node.cpp.o[0m
[23.821s] [ 25%] [32m[1mLinking CXX executable crop_control_service[0m
[24.727s] [ 25%] Built target crop_control_service
[24.814s] [ 30%] [32mBuilding CXX object CMakeFiles/feature_tracker.dir/src/feature_tracker_publisher.cpp.o[0m
[43.013s] [ 35%] [32m[1mLinking CXX executable rgb_stereo_node[0m
[49.633s] [ 35%] Built target rgb_stereo_node
[52.896s] [ 40%] [32m[1mLinking CXX executable mobilenet_node[0m
[57.012s] [ 40%] Built target mobilenet_node
[62.556s] [ 45%] [32m[1mLinking CXX executable stereo_inertial_node[0m
[66.078s] [ 45%] Built target stereo_inertial_node
[71.163s] [ 50%] [32m[1mLinking CXX executable feature_tracker[0m
[74.029s] [ 50%] Built target feature_tracker
[74.074s] [ 55%] [32mBuilding CXX object CMakeFiles/yolov4_node.dir/src/yolov4_publisher.cpp.o[0m
[94.066s] [ 60%] [32m[1mLinking CXX executable yolov4_node[0m
[96.584s] [ 60%] Built target yolov4_node
[96.628s] [ 65%] [32mBuilding CXX object CMakeFiles/tracker_yolov4_node.dir/src/tracker_yolov4_publisher.cpp.o[0m
[119.008s] [ 70%] [32m[1mLinking CXX executable tracker_yolov4_node[0m
[121.520s] [ 70%] Built target tracker_yolov4_node
[121.565s] [ 85%] [32mBuilding CXX object CMakeFiles/stereo_node.dir/src/stereo_publisher.cpp.o[0m
[121.566s] [ 85%] [32mBuilding CXX object CMakeFiles/yolov4_spatial_node.dir/src/yolov4_spatial_publisher.cpp.o[0m
[121.566s] [ 85%] [32mBuilding CXX object CMakeFiles/tracker_yolov4_spatial_node.dir/src/tracker_yolov4_spatial_publisher.cpp.o[0m
[146.908s] [ 90%] [32m[1mLinking CXX executable stereo_node[0m
[148.980s] [ 95%] [32m[1mLinking CXX executable yolov4_spatial_node[0m
[150.849s] [ 95%] Built target stereo_node
[150.854s] [100%] [32m[1mLinking CXX executable tracker_yolov4_spatial_node[0m
[152.970s] [100%] Built target yolov4_spatial_node
[153.906s] [100%] Built target tracker_yolov4_spatial_node
[153.930s] Invoked command in '/home/ugv/Desktop/OperationTouchdown/ugv_ws/build/depthai_examples' returned '0': AMENT_PREFIX_PATH=/home/ugv/Desktop/OperationTouchdown/ugv_ws/install/depthai_bridge:/home/ugv/Desktop/OperationTouchdown/ugv_ws/install/depthai_ros_msgs:/home/ugv/Desktop/OperationTouchdown/ugv_ws/install/depthai_descriptions:${AMENT_PREFIX_PATH} CMAKE_PREFIX_PATH=/home/ugv/Desktop/OperationTouchdown/ugv_ws/install/depthai_bridge:/home/ugv/Desktop/OperationTouchdown/ugv_ws/install/depthai_ros_msgs:/home/ugv/Desktop/OperationTouchdown/ugv_ws/install/depthai_descriptions:/home/ugv/Desktop/OperationTouchdown/ugv_ws/src/install/roboteq_ros2_driver:/home/ugv/Desktop/OperationTouchdown/ugv_ws/src/install/my_ugv_bringup:/home/ugv/Desktop/OperationTouchdown/ugv_ws/src/install/dual_laser_merger:/home/ugv/Desktop/OperationTouchdown/ugv_ws/install/roboteq_ros2_driver:/home/ugv/Desktop/OperationTouchdown/ugv_ws/install/my_ugv_bringup:/home/ugv/Desktop/OperationTouchdown/ugv_ws/install/dual_laser_merger:/opt/ros/jazzy/opt/gz_sim_vendor:/opt/ros/jazzy/opt/gz_sensors_vendor:/opt/ros/jazzy/opt/gz_physics_vendor:/opt/ros/jazzy/opt/sdformat_vendor:/opt/ros/jazzy/opt/gz_gui_vendor:/opt/ros/jazzy/opt/gz_transport_vendor:/opt/ros/jazzy/opt/gz_rendering_vendor:/opt/ros/jazzy/opt/gz_plugin_vendor:/opt/ros/jazzy/opt/gz_fuel_tools_vendor:/opt/ros/jazzy/opt/gz_msgs_vendor:/opt/ros/jazzy/opt/gz_common_vendor:/opt/ros/jazzy/opt/gz_math_vendor:/opt/ros/jazzy/opt/gz_utils_vendor:/opt/ros/jazzy/opt/gz_tools_vendor:/opt/ros/jazzy/opt/gz_ogre_next_vendor:/opt/ros/jazzy/opt/gz_dartsim_vendor:/opt/ros/jazzy/opt/gz_cmake_vendor:/home/ugv/Desktop/OperationTouchdown/ugv_ws/src/install/my_ugv_vision:/home/ugv/Desktop/OperationTouchdown/ugv_ws/install/my_ugv_vision:/opt/ros/jazzy DEBUGINFOD_URLS=https://debuginfod.ubuntu.com GAZEBO_MODEL_PATH=/home/ugv/Desktop/OperationTouchdown/ugv_ws/install/depthai_descriptions:${GAZEBO_MODEL_PATH} GAZEBO_RESOURCE_PATH=/home/ugv/Desktop/OperationTouchdown/ugv_ws/install/depthai_descriptions:${GAZEBO_RESOURCE_PATH} IGN_GAZEBO_MODEL_PATH=/home/ugv/Desktop/OperationTouchdown/ugv_ws/install/depthai_descriptions:${IGN_GAZEBO_MODEL_PATH} IGN_GAZEBO_RESOURCE_PATH=/home/ugv/Desktop/OperationTouchdown/ugv_ws/install/depthai_descriptions:${IGN_GAZEBO_RESOURCE_PATH} LD_LIBRARY_PATH=/home/ugv/Desktop/OperationTouchdown/ugv_ws/install/depthai_bridge/lib:/home/ugv/Desktop/OperationTouchdown/ugv_ws/install/depthai_ros_msgs/lib:${LD_LIBRARY_PATH} PYTHONPATH=/home/ugv/Desktop/OperationTouchdown/ugv_ws/install/depthai_ros_msgs/lib/python3.12/site-packages:${PYTHONPATH} /usr/bin/cmake --build /home/ugv/Desktop/OperationTouchdown/ugv_ws/build/depthai_examples -- -j4 -l4
[153.932s] Invoking command in '/home/ugv/Desktop/OperationTouchdown/ugv_ws/build/depthai_examples': AMENT_PREFIX_PATH=/home/ugv/Desktop/OperationTouchdown/ugv_ws/install/depthai_bridge:/home/ugv/Desktop/OperationTouchdown/ugv_ws/install/depthai_ros_msgs:/home/ugv/Desktop/OperationTouchdown/ugv_ws/install/depthai_descriptions:${AMENT_PREFIX_PATH} CMAKE_PREFIX_PATH=/home/ugv/Desktop/OperationTouchdown/ugv_ws/install/depthai_bridge:/home/ugv/Desktop/OperationTouchdown/ugv_ws/install/depthai_ros_msgs:/home/ugv/Desktop/OperationTouchdown/ugv_ws/install/depthai_descriptions:/home/ugv/Desktop/OperationTouchdown/ugv_ws/src/install/roboteq_ros2_driver:/home/ugv/Desktop/OperationTouchdown/ugv_ws/src/install/my_ugv_bringup:/home/ugv/Desktop/OperationTouchdown/ugv_ws/src/install/dual_laser_merger:/home/ugv/Desktop/OperationTouchdown/ugv_ws/install/roboteq_ros2_driver:/home/ugv/Desktop/OperationTouchdown/ugv_ws/install/my_ugv_bringup:/home/ugv/Desktop/OperationTouchdown/ugv_ws/install/dual_laser_merger:/opt/ros/jazzy/opt/gz_sim_vendor:/opt/ros/jazzy/opt/gz_sensors_vendor:/opt/ros/jazzy/opt/gz_physics_vendor:/opt/ros/jazzy/opt/sdformat_vendor:/opt/ros/jazzy/opt/gz_gui_vendor:/opt/ros/jazzy/opt/gz_transport_vendor:/opt/ros/jazzy/opt/gz_rendering_vendor:/opt/ros/jazzy/opt/gz_plugin_vendor:/opt/ros/jazzy/opt/gz_fuel_tools_vendor:/opt/ros/jazzy/opt/gz_msgs_vendor:/opt/ros/jazzy/opt/gz_common_vendor:/opt/ros/jazzy/opt/gz_math_vendor:/opt/ros/jazzy/opt/gz_utils_vendor:/opt/ros/jazzy/opt/gz_tools_vendor:/opt/ros/jazzy/opt/gz_ogre_next_vendor:/opt/ros/jazzy/opt/gz_dartsim_vendor:/opt/ros/jazzy/opt/gz_cmake_vendor:/home/ugv/Desktop/OperationTouchdown/ugv_ws/src/install/my_ugv_vision:/home/ugv/Desktop/OperationTouchdown/ugv_ws/install/my_ugv_vision:/opt/ros/jazzy DEBUGINFOD_URLS=https://debuginfod.ubuntu.com GAZEBO_MODEL_PATH=/home/ugv/Desktop/OperationTouchdown/ugv_ws/install/depthai_descriptions:${GAZEBO_MODEL_PATH} GAZEBO_RESOURCE_PATH=/home/ugv/Desktop/OperationTouchdown/ugv_ws/install/depthai_descriptions:${GAZEBO_RESOURCE_PATH} IGN_GAZEBO_MODEL_PATH=/home/ugv/Desktop/OperationTouchdown/ugv_ws/install/depthai_descriptions:${IGN_GAZEBO_MODEL_PATH} IGN_GAZEBO_RESOURCE_PATH=/home/ugv/Desktop/OperationTouchdown/ugv_ws/install/depthai_descriptions:${IGN_GAZEBO_RESOURCE_PATH} LD_LIBRARY_PATH=/home/ugv/Desktop/OperationTouchdown/ugv_ws/install/depthai_bridge/lib:/home/ugv/Desktop/OperationTouchdown/ugv_ws/install/depthai_ros_msgs/lib:${LD_LIBRARY_PATH} PYTHONPATH=/home/ugv/Desktop/OperationTouchdown/ugv_ws/install/depthai_ros_msgs/lib/python3.12/site-packages:${PYTHONPATH} /usr/bin/cmake --install /home/ugv/Desktop/OperationTouchdown/ugv_ws/build/depthai_examples
[153.950s] -- Install configuration: ""
[153.951s] -- Execute custom install script
[153.952s] -- Symlinking: /home/ugv/Desktop/OperationTouchdown/ugv_ws/install/depthai_examples/share/depthai_examples/params/camera/color.yaml
[153.971s] -- Symlinking: /home/ugv/Desktop/OperationTouchdown/ugv_ws/install/depthai_examples/share/depthai_examples/params/camera/left.yaml
[153.991s] -- Symlinking: /home/ugv/Desktop/OperationTouchdown/ugv_ws/install/depthai_examples/share/depthai_examples/params/camera/right.yaml
[154.011s] -- Symlinking: /home/ugv/Desktop/OperationTouchdown/ugv_ws/install/depthai_examples/share/depthai_examples/rviz/pointCloud.rviz
[154.031s] -- Symlinking: /home/ugv/Desktop/OperationTouchdown/ugv_ws/install/depthai_examples/share/depthai_examples/rviz/rgb_camera.rviz
[154.051s] -- Symlinking: /home/ugv/Desktop/OperationTouchdown/ugv_ws/install/depthai_examples/share/depthai_examples/rviz/stereoInertial.rviz
[154.071s] -- Symlinking: /home/ugv/Desktop/OperationTouchdown/ugv_ws/install/depthai_examples/share/depthai_examples/rviz/stereoInertialDepthAlign.rviz
[154.091s] -- Symlinking: /home/ugv/Desktop/OperationTouchdown/ugv_ws/install/depthai_examples/share/depthai_examples/rviz/stereoInertialDepthAlignROS2.rviz
[154.110s] -- Symlinking: /home/ugv/Desktop/OperationTouchdown/ugv_ws/install/depthai_examples/share/depthai_examples/rviz/stereoInertialROS1.rviz
[154.130s] -- Symlinking: /home/ugv/Desktop/OperationTouchdown/ugv_ws/install/depthai_examples/share/depthai_examples/rviz/stereoPointCloud.rviz
[154.149s] -- Symlinking: /home/ugv/Desktop/OperationTouchdown/ugv_ws/install/depthai_examples/share/depthai_examples/rviz/stereoPointCloud_v1.rviz
[154.169s] -- Symlinking: /home/ugv/Desktop/OperationTouchdown/ugv_ws/install/depthai_examples/share/depthai_examples/rviz/stereo_config.rviz
[154.189s] -- Symlinking: /home/ugv/Desktop/OperationTouchdown/ugv_ws/install/depthai_examples/share/depthai_examples/rviz/stereo_nodelet.rviz
[154.209s] -- Symlinking: /home/ugv/Desktop/OperationTouchdown/ugv_ws/install/depthai_examples/share/depthai_examples/resources/deeplab_v3_plus_mnv2_decoder_256_openvino_2021.4.blob
[154.229s] -- Symlinking: /home/ugv/Desktop/OperationTouchdown/ugv_ws/install/depthai_examples/share/depthai_examples/resources/mobilenet-ssd_openvino_2021.2_6shave.blob
[154.249s] -- Symlinking: /home/ugv/Desktop/OperationTouchdown/ugv_ws/install/depthai_examples/share/depthai_examples/resources/yolov4_tiny_coco_416x416_openvino_2021.4_6shave_bgr.blob
[154.269s] -- Symlinking: /home/ugv/Desktop/OperationTouchdown/ugv_ws/install/depthai_examples/lib/depthai_examples/crop_control_service
[154.288s] -- Symlinking: /home/ugv/Desktop/OperationTouchdown/ugv_ws/install/depthai_examples/lib/depthai_examples/mobilenet_node
[154.308s] -- Symlinking: /home/ugv/Desktop/OperationTouchdown/ugv_ws/install/depthai_examples/lib/depthai_examples/rgb_stereo_node
[154.328s] -- Symlinking: /home/ugv/Desktop/OperationTouchdown/ugv_ws/install/depthai_examples/lib/depthai_examples/stereo_inertial_node
[154.348s] -- Symlinking: /home/ugv/Desktop/OperationTouchdown/ugv_ws/install/depthai_examples/lib/depthai_examples/stereo_node
[154.367s] -- Symlinking: /home/ugv/Desktop/OperationTouchdown/ugv_ws/install/depthai_examples/lib/depthai_examples/yolov4_spatial_node
[154.388s] -- Symlinking: /home/ugv/Desktop/OperationTouchdown/ugv_ws/install/depthai_examples/lib/depthai_examples/yolov4_node
[154.408s] -- Symlinking: /home/ugv/Desktop/OperationTouchdown/ugv_ws/install/depthai_examples/lib/depthai_examples/feature_tracker
[154.428s] -- Symlinking: /home/ugv/Desktop/OperationTouchdown/ugv_ws/install/depthai_examples/lib/depthai_examples/tracker_yolov4_node
[154.448s] -- Symlinking: /home/ugv/Desktop/OperationTouchdown/ugv_ws/install/depthai_examples/lib/depthai_examples/tracker_yolov4_spatial_node
[154.468s] -- Symlinking: /home/ugv/Desktop/OperationTouchdown/ugv_ws/install/depthai_examples/share/ament_index/resource_index/package_run_dependencies/depthai_examples
[154.488s] -- Symlinking: /home/ugv/Desktop/OperationTouchdown/ugv_ws/install/depthai_examples/share/ament_index/resource_index/parent_prefix_path/depthai_examples
[154.508s] -- Symlinking: /home/ugv/Desktop/OperationTouchdown/ugv_ws/install/depthai_examples/share/depthai_examples/environment/ament_prefix_path.sh
[154.527s] -- Symlinking: /home/ugv/Desktop/OperationTouchdown/ugv_ws/install/depthai_examples/share/depthai_examples/environment/ament_prefix_path.dsv
[154.547s] -- Symlinking: /home/ugv/Desktop/OperationTouchdown/ugv_ws/install/depthai_examples/share/depthai_examples/environment/path.sh
[154.567s] -- Symlinking: /home/ugv/Desktop/OperationTouchdown/ugv_ws/install/depthai_examples/share/depthai_examples/environment/path.dsv
[154.587s] -- Symlinking: /home/ugv/Desktop/OperationTouchdown/ugv_ws/install/depthai_examples/share/depthai_examples/local_setup.bash
[154.606s] -- Symlinking: /home/ugv/Desktop/OperationTouchdown/ugv_ws/install/depthai_examples/share/depthai_examples/local_setup.sh
[154.626s] -- Symlinking: /home/ugv/Desktop/OperationTouchdown/ugv_ws/install/depthai_examples/share/depthai_examples/local_setup.zsh
[154.646s] -- Symlinking: /home/ugv/Desktop/OperationTouchdown/ugv_ws/install/depthai_examples/share/depthai_examples/local_setup.dsv
[154.665s] -- Symlinking: /home/ugv/Desktop/OperationTouchdown/ugv_ws/install/depthai_examples/share/depthai_examples/package.dsv
[154.686s] -- Symlinking: /home/ugv/Desktop/OperationTouchdown/ugv_ws/install/depthai_examples/share/ament_index/resource_index/packages/depthai_examples
[154.705s] -- Symlinking: /home/ugv/Desktop/OperationTouchdown/ugv_ws/install/depthai_examples/share/depthai_examples/cmake/depthai_examplesConfig.cmake
[154.724s] -- Symlinking: /home/ugv/Desktop/OperationTouchdown/ugv_ws/install/depthai_examples/share/depthai_examples/cmake/depthai_examplesConfig-version.cmake
[154.744s] -- Symlinking: /home/ugv/Desktop/OperationTouchdown/ugv_ws/install/depthai_examples/share/depthai_examples/package.xml
[154.763s] -- Installing: /home/ugv/Desktop/OperationTouchdown/ugv_ws/install/depthai_examples/share/depthai_examples/launch
[154.764s] -- Installing: /home/ugv/Desktop/OperationTouchdown/ugv_ws/install/depthai_examples/share/depthai_examples/launch/rgb_stereo_node.launch.py
[154.764s] -- Installing: /home/ugv/Desktop/OperationTouchdown/ugv_ws/install/depthai_examples/share/depthai_examples/launch/tracker_yolov4_node.launch.py
[154.764s] -- Installing: /home/ugv/Desktop/OperationTouchdown/ugv_ws/install/depthai_examples/share/depthai_examples/launch/tracker_yolov4_spatial_node.launch.py
[154.764s] -- Installing: /home/ugv/Desktop/OperationTouchdown/ugv_ws/install/depthai_examples/share/depthai_examples/launch/mobile_publisher.launch.py
[154.764s] -- Installing: /home/ugv/Desktop/OperationTouchdown/ugv_ws/install/depthai_examples/share/depthai_examples/launch/yolov4_publisher.launch.py
[154.764s] -- Installing: /home/ugv/Desktop/OperationTouchdown/ugv_ws/install/depthai_examples/share/depthai_examples/launch/stereo_inertial_node.launch.py
[154.765s] -- Installing: /home/ugv/Desktop/OperationTouchdown/ugv_ws/install/depthai_examples/share/depthai_examples/launch/stereo.launch.py
[154.768s] Invoked command in '/home/ugv/Desktop/OperationTouchdown/ugv_ws/build/depthai_examples' returned '0': AMENT_PREFIX_PATH=/home/ugv/Desktop/OperationTouchdown/ugv_ws/install/depthai_bridge:/home/ugv/Desktop/OperationTouchdown/ugv_ws/install/depthai_ros_msgs:/home/ugv/Desktop/OperationTouchdown/ugv_ws/install/depthai_descriptions:${AMENT_PREFIX_PATH} CMAKE_PREFIX_PATH=/home/ugv/Desktop/OperationTouchdown/ugv_ws/install/depthai_bridge:/home/ugv/Desktop/OperationTouchdown/ugv_ws/install/depthai_ros_msgs:/home/ugv/Desktop/OperationTouchdown/ugv_ws/install/depthai_descriptions:/home/ugv/Desktop/OperationTouchdown/ugv_ws/src/install/roboteq_ros2_driver:/home/ugv/Desktop/OperationTouchdown/ugv_ws/src/install/my_ugv_bringup:/home/ugv/Desktop/OperationTouchdown/ugv_ws/src/install/dual_laser_merger:/home/ugv/Desktop/OperationTouchdown/ugv_ws/install/roboteq_ros2_driver:/home/ugv/Desktop/OperationTouchdown/ugv_ws/install/my_ugv_bringup:/home/ugv/Desktop/OperationTouchdown/ugv_ws/install/dual_laser_merger:/opt/ros/jazzy/opt/gz_sim_vendor:/opt/ros/jazzy/opt/gz_sensors_vendor:/opt/ros/jazzy/opt/gz_physics_vendor:/opt/ros/jazzy/opt/sdformat_vendor:/opt/ros/jazzy/opt/gz_gui_vendor:/opt/ros/jazzy/opt/gz_transport_vendor:/opt/ros/jazzy/opt/gz_rendering_vendor:/opt/ros/jazzy/opt/gz_plugin_vendor:/opt/ros/jazzy/opt/gz_fuel_tools_vendor:/opt/ros/jazzy/opt/gz_msgs_vendor:/opt/ros/jazzy/opt/gz_common_vendor:/opt/ros/jazzy/opt/gz_math_vendor:/opt/ros/jazzy/opt/gz_utils_vendor:/opt/ros/jazzy/opt/gz_tools_vendor:/opt/ros/jazzy/opt/gz_ogre_next_vendor:/opt/ros/jazzy/opt/gz_dartsim_vendor:/opt/ros/jazzy/opt/gz_cmake_vendor:/home/ugv/Desktop/OperationTouchdown/ugv_ws/src/install/my_ugv_vision:/home/ugv/Desktop/OperationTouchdown/ugv_ws/install/my_ugv_vision:/opt/ros/jazzy DEBUGINFOD_URLS=https://debuginfod.ubuntu.com GAZEBO_MODEL_PATH=/home/ugv/Desktop/OperationTouchdown/ugv_ws/install/depthai_descriptions:${GAZEBO_MODEL_PATH} GAZEBO_RESOURCE_PATH=/home/ugv/Desktop/OperationTouchdown/ugv_ws/install/depthai_descriptions:${GAZEBO_RESOURCE_PATH} IGN_GAZEBO_MODEL_PATH=/home/ugv/Desktop/OperationTouchdown/ugv_ws/install/depthai_descriptions:${IGN_GAZEBO_MODEL_PATH} IGN_GAZEBO_RESOURCE_PATH=/home/ugv/Desktop/OperationTouchdown/ugv_ws/install/depthai_descriptions:${IGN_GAZEBO_RESOURCE_PATH} LD_LIBRARY_PATH=/home/ugv/Desktop/OperationTouchdown/ugv_ws/install/depthai_bridge/lib:/home/ugv/Desktop/OperationTouchdown/ugv_ws/install/depthai_ros_msgs/lib:${LD_LIBRARY_PATH} PYTHONPATH=/home/ugv/Desktop/OperationTouchdown/ugv_ws/install/depthai_ros_msgs/lib/python3.12/site-packages:${PYTHONPATH} /usr/bin/cmake --install /home/ugv/Desktop/OperationTouchdown/ugv_ws/build/depthai_examples
