[0.000000] (-) TimerEvent: {}
[0.000319] (-) JobUnselected: {'identifier': 'depthai-ros'}
[0.000699] (-) JobUnselected: {'identifier': 'depthai_bridge'}
[0.000901] (-) JobUnselected: {'identifier': 'depthai_descriptions'}
[0.001175] (-) JobUnselected: {'identifier': 'depthai_examples'}
[0.001316] (-) JobUnselected: {'identifier': 'depthai_filters'}
[0.001367] (-) JobUnselected: {'identifier': 'depthai_ros_driver'}
[0.001390] (-) JobUnselected: {'identifier': 'depthai_ros_msgs'}
[0.001654] (-) JobUnselected: {'identifier': 'dual_laser_merger'}
[0.001673] (-) JobUnselected: {'identifier': 'rplidar_ros'}
[0.001695] (my_ugv_description) JobQueued: {'identifier': 'my_ugv_description', 'dependencies': OrderedDict()}
[0.001783] (my_ugv_hardware) JobQueued: {'identifier': 'my_ugv_hardware', 'dependencies': OrderedDict()}
[0.001807] (roboteq_ros2_driver) JobQueued: {'identifier': 'roboteq_ros2_driver', 'dependencies': OrderedDict()}
[0.001834] (my_ugv_bringup) JobQueued: {'identifier': 'my_ugv_bringup', 'dependencies': OrderedDict({'depthai_descriptions': '/home/ugv/Desktop/OperationTouchdown/ugv_ws/install/depthai_descriptions', 'depthai_ros_msgs': '/home/ugv/Desktop/OperationTouchdown/ugv_ws/install/depthai_ros_msgs', 'dual_laser_merger': '/home/ugv/Desktop/OperationTouchdown/ugv_ws/install/dual_laser_merger', 'my_ugv_description': '/home/ugv/Desktop/OperationTouchdown/ugv_ws/install/my_ugv_description', 'my_ugv_hardware': '/home/ugv/Desktop/OperationTouchdown/ugv_ws/install/my_ugv_hardware', 'roboteq_ros2_driver': '/home/ugv/Desktop/OperationTouchdown/ugv_ws/install/roboteq_ros2_driver', 'rplidar_ros': '/home/ugv/Desktop/OperationTouchdown/ugv_ws/install/rplidar_ros', 'depthai_bridge': '/home/ugv/Desktop/OperationTouchdown/ugv_ws/install/depthai_bridge', 'depthai_examples': '/home/ugv/Desktop/OperationTouchdown/ugv_ws/install/depthai_examples', 'depthai_ros_driver': '/home/ugv/Desktop/OperationTouchdown/ugv_ws/install/depthai_ros_driver'})}
[0.001909] (my_ugv_description) JobStarted: {'identifier': 'my_ugv_description'}
[0.009338] (my_ugv_hardware) JobStarted: {'identifier': 'my_ugv_hardware'}
[0.014851] (roboteq_ros2_driver) JobStarted: {'identifier': 'roboteq_ros2_driver'}
[0.023042] (my_ugv_description) JobProgress: {'identifier': 'my_ugv_description', 'progress': 'cmake'}
[0.024174] (my_ugv_description) Command: {'cmd': ['/usr/bin/cmake', '/home/ugv/Desktop/OperationTouchdown/ugv_ws/src/my_ugv_description', '-DAMENT_CMAKE_SYMLINK_INSTALL=1', '-DCMAKE_INSTALL_PREFIX=/home/ugv/Desktop/OperationTouchdown/ugv_ws/install/my_ugv_description'], 'cwd': '/home/ugv/Desktop/OperationTouchdown/ugv_ws/build/my_ugv_description', 'env': OrderedDict({'GZ_SIM_RESOURCE_PATH': '/opt/ros/jazzy/share', 'USER': 'ugv', 'SSH_CLIENT': '100.96.142.123 61617 22', 'GZ_CONFIG_PATH': '/opt/ros/jazzy/opt/gz_sim_vendor/share/gz:/opt/ros/jazzy/opt/sdformat_vendor/share/gz:/opt/ros/jazzy/opt/gz_gui_vendor/share/gz:/opt/ros/jazzy/opt/gz_transport_vendor/share/gz:/opt/ros/jazzy/opt/gz_rendering_vendor/share/gz:/opt/ros/jazzy/opt/gz_plugin_vendor/share/gz:/opt/ros/jazzy/opt/gz_fuel_tools_vendor/share/gz:/opt/ros/jazzy/opt/gz_msgs_vendor/share/gz:/opt/ros/jazzy/opt/gz_common_vendor/share/gz', 'XDG_SESSION_TYPE': 'tty', 'SHLVL': '1', 'LD_LIBRARY_PATH': '/opt/ros/jazzy/opt/gz_sim_vendor/lib:/opt/ros/jazzy/opt/gz_sensors_vendor/lib:/opt/ros/jazzy/opt/gz_physics_vendor/lib:/opt/ros/jazzy/opt/sdformat_vendor/lib:/opt/ros/jazzy/opt/rviz_ogre_vendor/lib:/opt/ros/jazzy/lib/aarch64-linux-gnu:/opt/ros/jazzy/opt/gz_gui_vendor/lib:/opt/ros/jazzy/opt/gz_transport_vendor/lib:/opt/ros/jazzy/opt/gz_rendering_vendor/lib:/opt/ros/jazzy/opt/gz_plugin_vendor/lib:/opt/ros/jazzy/opt/gz_fuel_tools_vendor/lib:/opt/ros/jazzy/opt/gz_msgs_vendor/lib:/opt/ros/jazzy/opt/gz_common_vendor/lib:/opt/ros/jazzy/opt/gz_math_vendor/lib:/opt/ros/jazzy/opt/gz_utils_vendor/lib:/opt/ros/jazzy/opt/gz_tools_vendor/lib:/opt/ros/jazzy/opt/gz_ogre_next_vendor/lib:/opt/ros/jazzy/opt/gz_dartsim_vendor/lib:/opt/ros/jazzy/opt/gz_cmake_vendor/lib:/opt/ros/jazzy/lib', 'HOME': '/home/ugv', 'OLDPWD': '/home/ugv', 'ROS_PYTHON_VERSION': '3', 'DBUS_SESSION_BUS_ADDRESS': 'unix:path=/run/user/1000/bus', 'ROS_DISTRO': 'jazzy', 'LOGNAME': 'ugv', 'IGN_GAZEBO_MODEL_PATH': '/opt/ros/jazzy/share', '_': '/usr/bin/colcon', 'ROS_VERSION': '2', 'XDG_SESSION_CLASS': 'user', 'XDG_SESSION_ID': '29', 'GAZEBO_MODEL_PATH': '/opt/ros/jazzy/share', 'PATH': '/opt/ros/jazzy/opt/gz_msgs_vendor/bin:/opt/ros/jazzy/opt/gz_tools_vendor/bin:/opt/ros/jazzy/opt/gz_ogre_next_vendor/bin:/opt/ros/jazzy/bin:/usr/local/sbin:/usr/local/bin:/usr/sbin:/usr/bin:/sbin:/bin:/usr/games:/usr/local/games:/snap/bin', 'XDG_RUNTIME_DIR': '/run/user/1000', 'LANG': 'en_US.UTF-8', 'AMENT_PREFIX_PATH': '/opt/ros/jazzy', 'SHELL': '/bin/bash', 'IGN_GAZEBO_RESOURCE_PATH': '/opt/ros/jazzy/share', 'GAZEBO_RESOURCE_PATH': '/opt/ros/jazzy/share', 'ROS_AUTOMATIC_DISCOVERY_RANGE': 'SUBNET', 'PWD': '/home/ugv/Desktop/OperationTouchdown/ugv_ws/build/my_ugv_description', 'LC_ALL': 'en_US.UTF-8', 'SSH_CONNECTION': '100.96.142.123 61617 100.81.31.74 22', 'PYTHONPATH': '/opt/ros/jazzy/lib/python3.12/site-packages', 'COLCON': '1', 'CMAKE_PREFIX_PATH': '/opt/ros/jazzy/opt/gz_sim_vendor:/opt/ros/jazzy/opt/gz_sensors_vendor:/opt/ros/jazzy/opt/gz_physics_vendor:/opt/ros/jazzy/opt/sdformat_vendor:/opt/ros/jazzy/opt/gz_gui_vendor:/opt/ros/jazzy/opt/gz_transport_vendor:/opt/ros/jazzy/opt/gz_rendering_vendor:/opt/ros/jazzy/opt/gz_plugin_vendor:/opt/ros/jazzy/opt/gz_fuel_tools_vendor:/opt/ros/jazzy/opt/gz_msgs_vendor:/opt/ros/jazzy/opt/gz_common_vendor:/opt/ros/jazzy/opt/gz_math_vendor:/opt/ros/jazzy/opt/gz_utils_vendor:/opt/ros/jazzy/opt/gz_tools_vendor:/opt/ros/jazzy/opt/gz_ogre_next_vendor:/opt/ros/jazzy/opt/gz_dartsim_vendor:/opt/ros/jazzy/opt/gz_cmake_vendor:/opt/ros/jazzy'}), 'shell': False}
[0.099683] (-) TimerEvent: {}
[0.199940] (-) TimerEvent: {}
[0.300182] (-) TimerEvent: {}
[0.400477] (-) TimerEvent: {}
[0.427860] (my_ugv_description) StdoutLine: {'line': b'-- Found ament_cmake: 2.5.6 (/opt/ros/jazzy/share/ament_cmake/cmake)\n'}
[0.428243] (my_ugv_description) StdoutLine: {'line': b'-- Override CMake install command with custom implementation using symlinks instead of copying resources\n'}
[0.428486] (roboteq_ros2_driver) JobProgress: {'identifier': 'roboteq_ros2_driver', 'progress': 'cmake'}
[0.429083] (roboteq_ros2_driver) JobProgress: {'identifier': 'roboteq_ros2_driver', 'progress': 'build'}
[0.430433] (roboteq_ros2_driver) Command: {'cmd': ['/usr/bin/cmake', '--build', '/home/ugv/Desktop/OperationTouchdown/ugv_ws/build/roboteq_ros2_driver', '--', '-j4', '-l4'], 'cwd': '/home/ugv/Desktop/OperationTouchdown/ugv_ws/build/roboteq_ros2_driver', 'env': OrderedDict({'GZ_SIM_RESOURCE_PATH': '/opt/ros/jazzy/share', 'USER': 'ugv', 'SSH_CLIENT': '100.96.142.123 61617 22', 'GZ_CONFIG_PATH': '/opt/ros/jazzy/opt/gz_sim_vendor/share/gz:/opt/ros/jazzy/opt/sdformat_vendor/share/gz:/opt/ros/jazzy/opt/gz_gui_vendor/share/gz:/opt/ros/jazzy/opt/gz_transport_vendor/share/gz:/opt/ros/jazzy/opt/gz_rendering_vendor/share/gz:/opt/ros/jazzy/opt/gz_plugin_vendor/share/gz:/opt/ros/jazzy/opt/gz_fuel_tools_vendor/share/gz:/opt/ros/jazzy/opt/gz_msgs_vendor/share/gz:/opt/ros/jazzy/opt/gz_common_vendor/share/gz', 'XDG_SESSION_TYPE': 'tty', 'SHLVL': '1', 'LD_LIBRARY_PATH': '/opt/ros/jazzy/opt/gz_sim_vendor/lib:/opt/ros/jazzy/opt/gz_sensors_vendor/lib:/opt/ros/jazzy/opt/gz_physics_vendor/lib:/opt/ros/jazzy/opt/sdformat_vendor/lib:/opt/ros/jazzy/opt/rviz_ogre_vendor/lib:/opt/ros/jazzy/lib/aarch64-linux-gnu:/opt/ros/jazzy/opt/gz_gui_vendor/lib:/opt/ros/jazzy/opt/gz_transport_vendor/lib:/opt/ros/jazzy/opt/gz_rendering_vendor/lib:/opt/ros/jazzy/opt/gz_plugin_vendor/lib:/opt/ros/jazzy/opt/gz_fuel_tools_vendor/lib:/opt/ros/jazzy/opt/gz_msgs_vendor/lib:/opt/ros/jazzy/opt/gz_common_vendor/lib:/opt/ros/jazzy/opt/gz_math_vendor/lib:/opt/ros/jazzy/opt/gz_utils_vendor/lib:/opt/ros/jazzy/opt/gz_tools_vendor/lib:/opt/ros/jazzy/opt/gz_ogre_next_vendor/lib:/opt/ros/jazzy/opt/gz_dartsim_vendor/lib:/opt/ros/jazzy/opt/gz_cmake_vendor/lib:/opt/ros/jazzy/lib', 'HOME': '/home/ugv', 'OLDPWD': '/home/ugv', 'ROS_PYTHON_VERSION': '3', 'DBUS_SESSION_BUS_ADDRESS': 'unix:path=/run/user/1000/bus', 'ROS_DISTRO': 'jazzy', 'LOGNAME': 'ugv', 'IGN_GAZEBO_MODEL_PATH': '/opt/ros/jazzy/share', '_': '/usr/bin/colcon', 'ROS_VERSION': '2', 'XDG_SESSION_CLASS': 'user', 'XDG_SESSION_ID': '29', 'GAZEBO_MODEL_PATH': '/opt/ros/jazzy/share', 'PATH': '/opt/ros/jazzy/opt/gz_msgs_vendor/bin:/opt/ros/jazzy/opt/gz_tools_vendor/bin:/opt/ros/jazzy/opt/gz_ogre_next_vendor/bin:/opt/ros/jazzy/bin:/usr/local/sbin:/usr/local/bin:/usr/sbin:/usr/bin:/sbin:/bin:/usr/games:/usr/local/games:/snap/bin', 'XDG_RUNTIME_DIR': '/run/user/1000', 'LANG': 'en_US.UTF-8', 'AMENT_PREFIX_PATH': '/opt/ros/jazzy', 'SHELL': '/bin/bash', 'IGN_GAZEBO_RESOURCE_PATH': '/opt/ros/jazzy/share', 'GAZEBO_RESOURCE_PATH': '/opt/ros/jazzy/share', 'ROS_AUTOMATIC_DISCOVERY_RANGE': 'SUBNET', 'PWD': '/home/ugv/Desktop/OperationTouchdown/ugv_ws/build/roboteq_ros2_driver', 'LC_ALL': 'en_US.UTF-8', 'SSH_CONNECTION': '100.96.142.123 61617 100.81.31.74 22', 'PYTHONPATH': '/opt/ros/jazzy/lib/python3.12/site-packages', 'COLCON': '1', 'CMAKE_PREFIX_PATH': '/opt/ros/jazzy/opt/gz_sim_vendor:/opt/ros/jazzy/opt/gz_sensors_vendor:/opt/ros/jazzy/opt/gz_physics_vendor:/opt/ros/jazzy/opt/sdformat_vendor:/opt/ros/jazzy/opt/gz_gui_vendor:/opt/ros/jazzy/opt/gz_transport_vendor:/opt/ros/jazzy/opt/gz_rendering_vendor:/opt/ros/jazzy/opt/gz_plugin_vendor:/opt/ros/jazzy/opt/gz_fuel_tools_vendor:/opt/ros/jazzy/opt/gz_msgs_vendor:/opt/ros/jazzy/opt/gz_common_vendor:/opt/ros/jazzy/opt/gz_math_vendor:/opt/ros/jazzy/opt/gz_utils_vendor:/opt/ros/jazzy/opt/gz_tools_vendor:/opt/ros/jazzy/opt/gz_ogre_next_vendor:/opt/ros/jazzy/opt/gz_dartsim_vendor:/opt/ros/jazzy/opt/gz_cmake_vendor:/opt/ros/jazzy'}), 'shell': False}
[0.501024] (-) TimerEvent: {}
[0.526481] (roboteq_ros2_driver) CommandEnded: {'returncode': 0}
[0.527070] (roboteq_ros2_driver) JobProgress: {'identifier': 'roboteq_ros2_driver', 'progress': 'install'}
[0.548389] (roboteq_ros2_driver) Command: {'cmd': ['/usr/bin/cmake', '--install', '/home/ugv/Desktop/OperationTouchdown/ugv_ws/build/roboteq_ros2_driver'], 'cwd': '/home/ugv/Desktop/OperationTouchdown/ugv_ws/build/roboteq_ros2_driver', 'env': OrderedDict({'GZ_SIM_RESOURCE_PATH': '/opt/ros/jazzy/share', 'USER': 'ugv', 'SSH_CLIENT': '100.96.142.123 61617 22', 'GZ_CONFIG_PATH': '/opt/ros/jazzy/opt/gz_sim_vendor/share/gz:/opt/ros/jazzy/opt/sdformat_vendor/share/gz:/opt/ros/jazzy/opt/gz_gui_vendor/share/gz:/opt/ros/jazzy/opt/gz_transport_vendor/share/gz:/opt/ros/jazzy/opt/gz_rendering_vendor/share/gz:/opt/ros/jazzy/opt/gz_plugin_vendor/share/gz:/opt/ros/jazzy/opt/gz_fuel_tools_vendor/share/gz:/opt/ros/jazzy/opt/gz_msgs_vendor/share/gz:/opt/ros/jazzy/opt/gz_common_vendor/share/gz', 'XDG_SESSION_TYPE': 'tty', 'SHLVL': '1', 'LD_LIBRARY_PATH': '/opt/ros/jazzy/opt/gz_sim_vendor/lib:/opt/ros/jazzy/opt/gz_sensors_vendor/lib:/opt/ros/jazzy/opt/gz_physics_vendor/lib:/opt/ros/jazzy/opt/sdformat_vendor/lib:/opt/ros/jazzy/opt/rviz_ogre_vendor/lib:/opt/ros/jazzy/lib/aarch64-linux-gnu:/opt/ros/jazzy/opt/gz_gui_vendor/lib:/opt/ros/jazzy/opt/gz_transport_vendor/lib:/opt/ros/jazzy/opt/gz_rendering_vendor/lib:/opt/ros/jazzy/opt/gz_plugin_vendor/lib:/opt/ros/jazzy/opt/gz_fuel_tools_vendor/lib:/opt/ros/jazzy/opt/gz_msgs_vendor/lib:/opt/ros/jazzy/opt/gz_common_vendor/lib:/opt/ros/jazzy/opt/gz_math_vendor/lib:/opt/ros/jazzy/opt/gz_utils_vendor/lib:/opt/ros/jazzy/opt/gz_tools_vendor/lib:/opt/ros/jazzy/opt/gz_ogre_next_vendor/lib:/opt/ros/jazzy/opt/gz_dartsim_vendor/lib:/opt/ros/jazzy/opt/gz_cmake_vendor/lib:/opt/ros/jazzy/lib', 'HOME': '/home/ugv', 'OLDPWD': '/home/ugv', 'ROS_PYTHON_VERSION': '3', 'DBUS_SESSION_BUS_ADDRESS': 'unix:path=/run/user/1000/bus', 'ROS_DISTRO': 'jazzy', 'LOGNAME': 'ugv', 'IGN_GAZEBO_MODEL_PATH': '/opt/ros/jazzy/share', '_': '/usr/bin/colcon', 'ROS_VERSION': '2', 'XDG_SESSION_CLASS': 'user', 'XDG_SESSION_ID': '29', 'GAZEBO_MODEL_PATH': '/opt/ros/jazzy/share', 'PATH': '/opt/ros/jazzy/opt/gz_msgs_vendor/bin:/opt/ros/jazzy/opt/gz_tools_vendor/bin:/opt/ros/jazzy/opt/gz_ogre_next_vendor/bin:/opt/ros/jazzy/bin:/usr/local/sbin:/usr/local/bin:/usr/sbin:/usr/bin:/sbin:/bin:/usr/games:/usr/local/games:/snap/bin', 'XDG_RUNTIME_DIR': '/run/user/1000', 'LANG': 'en_US.UTF-8', 'AMENT_PREFIX_PATH': '/opt/ros/jazzy', 'SHELL': '/bin/bash', 'IGN_GAZEBO_RESOURCE_PATH': '/opt/ros/jazzy/share', 'GAZEBO_RESOURCE_PATH': '/opt/ros/jazzy/share', 'ROS_AUTOMATIC_DISCOVERY_RANGE': 'SUBNET', 'PWD': '/home/ugv/Desktop/OperationTouchdown/ugv_ws/build/roboteq_ros2_driver', 'LC_ALL': 'en_US.UTF-8', 'SSH_CONNECTION': '100.96.142.123 61617 100.81.31.74 22', 'PYTHONPATH': '/opt/ros/jazzy/lib/python3.12/site-packages', 'COLCON': '1', 'CMAKE_PREFIX_PATH': '/opt/ros/jazzy/opt/gz_sim_vendor:/opt/ros/jazzy/opt/gz_sensors_vendor:/opt/ros/jazzy/opt/gz_physics_vendor:/opt/ros/jazzy/opt/sdformat_vendor:/opt/ros/jazzy/opt/gz_gui_vendor:/opt/ros/jazzy/opt/gz_transport_vendor:/opt/ros/jazzy/opt/gz_rendering_vendor:/opt/ros/jazzy/opt/gz_plugin_vendor:/opt/ros/jazzy/opt/gz_fuel_tools_vendor:/opt/ros/jazzy/opt/gz_msgs_vendor:/opt/ros/jazzy/opt/gz_common_vendor:/opt/ros/jazzy/opt/gz_math_vendor:/opt/ros/jazzy/opt/gz_utils_vendor:/opt/ros/jazzy/opt/gz_tools_vendor:/opt/ros/jazzy/opt/gz_ogre_next_vendor:/opt/ros/jazzy/opt/gz_dartsim_vendor:/opt/ros/jazzy/opt/gz_cmake_vendor:/opt/ros/jazzy'}), 'shell': False}
[0.569740] (roboteq_ros2_driver) StdoutLine: {'line': b'-- Install configuration: ""\n'}
[0.570462] (roboteq_ros2_driver) StdoutLine: {'line': b'-- Execute custom install script\n'}
[0.570910] (roboteq_ros2_driver) StdoutLine: {'line': b'-- Up-to-date symlink: /home/ugv/Desktop/OperationTouchdown/ugv_ws/install/roboteq_ros2_driver/lib/roboteq_ros2_driver/roboteq_bridge.py\n'}
[0.572926] (roboteq_ros2_driver) StdoutLine: {'line': b'-- Up-to-date symlink: /home/ugv/Desktop/OperationTouchdown/ugv_ws/install/roboteq_ros2_driver/share/ament_index/resource_index/package_run_dependencies/roboteq_ros2_driver\n'}
[0.573170] (roboteq_ros2_driver) StdoutLine: {'line': b'-- Up-to-date symlink: /home/ugv/Desktop/OperationTouchdown/ugv_ws/install/roboteq_ros2_driver/share/ament_index/resource_index/parent_prefix_path/roboteq_ros2_driver\n'}
[0.573505] (roboteq_ros2_driver) StdoutLine: {'line': b'-- Up-to-date symlink: /home/ugv/Desktop/OperationTouchdown/ugv_ws/install/roboteq_ros2_driver/share/roboteq_ros2_driver/environment/ament_prefix_path.sh\n'}
[0.573652] (roboteq_ros2_driver) StdoutLine: {'line': b'-- Up-to-date symlink: /home/ugv/Desktop/OperationTouchdown/ugv_ws/install/roboteq_ros2_driver/share/roboteq_ros2_driver/environment/ament_prefix_path.dsv\n'}
[0.573939] (roboteq_ros2_driver) StdoutLine: {'line': b'-- Up-to-date symlink: /home/ugv/Desktop/OperationTouchdown/ugv_ws/install/roboteq_ros2_driver/share/roboteq_ros2_driver/environment/path.sh\n'}
[0.574077] (roboteq_ros2_driver) StdoutLine: {'line': b'-- Up-to-date symlink: /home/ugv/Desktop/OperationTouchdown/ugv_ws/install/roboteq_ros2_driver/share/roboteq_ros2_driver/environment/path.dsv\n'}
[0.574197] (roboteq_ros2_driver) StdoutLine: {'line': b'-- Up-to-date symlink: /home/ugv/Desktop/OperationTouchdown/ugv_ws/install/roboteq_ros2_driver/share/roboteq_ros2_driver/local_setup.bash\n'}
[0.574554] (roboteq_ros2_driver) StdoutLine: {'line': b'-- Up-to-date symlink: /home/ugv/Desktop/OperationTouchdown/ugv_ws/install/roboteq_ros2_driver/share/roboteq_ros2_driver/local_setup.sh\n'}
[0.574874] (roboteq_ros2_driver) StdoutLine: {'line': b'-- Up-to-date symlink: /home/ugv/Desktop/OperationTouchdown/ugv_ws/install/roboteq_ros2_driver/share/roboteq_ros2_driver/local_setup.zsh\n'}
[0.575316] (roboteq_ros2_driver) StdoutLine: {'line': b'-- Up-to-date symlink: /home/ugv/Desktop/OperationTouchdown/ugv_ws/install/roboteq_ros2_driver/share/roboteq_ros2_driver/local_setup.dsv\n'}
[0.575847] (roboteq_ros2_driver) StdoutLine: {'line': b'-- Symlinking: /home/ugv/Desktop/OperationTouchdown/ugv_ws/install/roboteq_ros2_driver/share/roboteq_ros2_driver/package.dsv\n'}
[0.601582] (-) TimerEvent: {}
[0.602495] (roboteq_ros2_driver) StdoutLine: {'line': b'-- Up-to-date symlink: /home/ugv/Desktop/OperationTouchdown/ugv_ws/install/roboteq_ros2_driver/share/ament_index/resource_index/packages/roboteq_ros2_driver\n'}
[0.604536] (roboteq_ros2_driver) StdoutLine: {'line': b'-- Up-to-date symlink: /home/ugv/Desktop/OperationTouchdown/ugv_ws/install/roboteq_ros2_driver/share/roboteq_ros2_driver/cmake/ament_cmake_export_dependencies-extras.cmake\n'}
[0.604786] (roboteq_ros2_driver) StdoutLine: {'line': b'-- Up-to-date symlink: /home/ugv/Desktop/OperationTouchdown/ugv_ws/install/roboteq_ros2_driver/share/roboteq_ros2_driver/cmake/roboteq_ros2_driverConfig.cmake\n'}
[0.604911] (roboteq_ros2_driver) StdoutLine: {'line': b'-- Up-to-date symlink: /home/ugv/Desktop/OperationTouchdown/ugv_ws/install/roboteq_ros2_driver/share/roboteq_ros2_driver/cmake/roboteq_ros2_driverConfig-version.cmake\n'}
[0.605048] (roboteq_ros2_driver) StdoutLine: {'line': b'-- Up-to-date symlink: /home/ugv/Desktop/OperationTouchdown/ugv_ws/install/roboteq_ros2_driver/share/roboteq_ros2_driver/package.xml\n'}
[0.607478] (roboteq_ros2_driver) CommandEnded: {'returncode': 0}
[0.679702] (roboteq_ros2_driver) JobEnded: {'identifier': 'roboteq_ros2_driver', 'rc': 0}
[0.681267] (my_ugv_description) StdoutLine: {'line': b'-- Configuring done (0.6s)\n'}
[0.681862] (my_ugv_description) StdoutLine: {'line': b'-- Generating done (0.0s)\n'}
[0.682025] (my_ugv_description) StdoutLine: {'line': b'-- Build files have been written to: /home/ugv/Desktop/OperationTouchdown/ugv_ws/build/my_ugv_description\n'}
[0.682118] (my_ugv_description) CommandEnded: {'returncode': 0}
[0.682556] (my_ugv_description) JobProgress: {'identifier': 'my_ugv_description', 'progress': 'build'}
[0.682588] (my_ugv_description) Command: {'cmd': ['/usr/bin/cmake', '--build', '/home/ugv/Desktop/OperationTouchdown/ugv_ws/build/my_ugv_description', '--', '-j4', '-l4'], 'cwd': '/home/ugv/Desktop/OperationTouchdown/ugv_ws/build/my_ugv_description', 'env': OrderedDict({'GZ_SIM_RESOURCE_PATH': '/opt/ros/jazzy/share', 'USER': 'ugv', 'SSH_CLIENT': '100.96.142.123 61617 22', 'GZ_CONFIG_PATH': '/opt/ros/jazzy/opt/gz_sim_vendor/share/gz:/opt/ros/jazzy/opt/sdformat_vendor/share/gz:/opt/ros/jazzy/opt/gz_gui_vendor/share/gz:/opt/ros/jazzy/opt/gz_transport_vendor/share/gz:/opt/ros/jazzy/opt/gz_rendering_vendor/share/gz:/opt/ros/jazzy/opt/gz_plugin_vendor/share/gz:/opt/ros/jazzy/opt/gz_fuel_tools_vendor/share/gz:/opt/ros/jazzy/opt/gz_msgs_vendor/share/gz:/opt/ros/jazzy/opt/gz_common_vendor/share/gz', 'XDG_SESSION_TYPE': 'tty', 'SHLVL': '1', 'LD_LIBRARY_PATH': '/opt/ros/jazzy/opt/gz_sim_vendor/lib:/opt/ros/jazzy/opt/gz_sensors_vendor/lib:/opt/ros/jazzy/opt/gz_physics_vendor/lib:/opt/ros/jazzy/opt/sdformat_vendor/lib:/opt/ros/jazzy/opt/rviz_ogre_vendor/lib:/opt/ros/jazzy/lib/aarch64-linux-gnu:/opt/ros/jazzy/opt/gz_gui_vendor/lib:/opt/ros/jazzy/opt/gz_transport_vendor/lib:/opt/ros/jazzy/opt/gz_rendering_vendor/lib:/opt/ros/jazzy/opt/gz_plugin_vendor/lib:/opt/ros/jazzy/opt/gz_fuel_tools_vendor/lib:/opt/ros/jazzy/opt/gz_msgs_vendor/lib:/opt/ros/jazzy/opt/gz_common_vendor/lib:/opt/ros/jazzy/opt/gz_math_vendor/lib:/opt/ros/jazzy/opt/gz_utils_vendor/lib:/opt/ros/jazzy/opt/gz_tools_vendor/lib:/opt/ros/jazzy/opt/gz_ogre_next_vendor/lib:/opt/ros/jazzy/opt/gz_dartsim_vendor/lib:/opt/ros/jazzy/opt/gz_cmake_vendor/lib:/opt/ros/jazzy/lib', 'HOME': '/home/ugv', 'OLDPWD': '/home/ugv', 'ROS_PYTHON_VERSION': '3', 'DBUS_SESSION_BUS_ADDRESS': 'unix:path=/run/user/1000/bus', 'ROS_DISTRO': 'jazzy', 'LOGNAME': 'ugv', 'IGN_GAZEBO_MODEL_PATH': '/opt/ros/jazzy/share', '_': '/usr/bin/colcon', 'ROS_VERSION': '2', 'XDG_SESSION_CLASS': 'user', 'XDG_SESSION_ID': '29', 'GAZEBO_MODEL_PATH': '/opt/ros/jazzy/share', 'PATH': '/opt/ros/jazzy/opt/gz_msgs_vendor/bin:/opt/ros/jazzy/opt/gz_tools_vendor/bin:/opt/ros/jazzy/opt/gz_ogre_next_vendor/bin:/opt/ros/jazzy/bin:/usr/local/sbin:/usr/local/bin:/usr/sbin:/usr/bin:/sbin:/bin:/usr/games:/usr/local/games:/snap/bin', 'XDG_RUNTIME_DIR': '/run/user/1000', 'LANG': 'en_US.UTF-8', 'AMENT_PREFIX_PATH': '/opt/ros/jazzy', 'SHELL': '/bin/bash', 'IGN_GAZEBO_RESOURCE_PATH': '/opt/ros/jazzy/share', 'GAZEBO_RESOURCE_PATH': '/opt/ros/jazzy/share', 'ROS_AUTOMATIC_DISCOVERY_RANGE': 'SUBNET', 'PWD': '/home/ugv/Desktop/OperationTouchdown/ugv_ws/build/my_ugv_description', 'LC_ALL': 'en_US.UTF-8', 'SSH_CONNECTION': '100.96.142.123 61617 100.81.31.74 22', 'PYTHONPATH': '/opt/ros/jazzy/lib/python3.12/site-packages', 'COLCON': '1', 'CMAKE_PREFIX_PATH': '/opt/ros/jazzy/opt/gz_sim_vendor:/opt/ros/jazzy/opt/gz_sensors_vendor:/opt/ros/jazzy/opt/gz_physics_vendor:/opt/ros/jazzy/opt/sdformat_vendor:/opt/ros/jazzy/opt/gz_gui_vendor:/opt/ros/jazzy/opt/gz_transport_vendor:/opt/ros/jazzy/opt/gz_rendering_vendor:/opt/ros/jazzy/opt/gz_plugin_vendor:/opt/ros/jazzy/opt/gz_fuel_tools_vendor:/opt/ros/jazzy/opt/gz_msgs_vendor:/opt/ros/jazzy/opt/gz_common_vendor:/opt/ros/jazzy/opt/gz_math_vendor:/opt/ros/jazzy/opt/gz_utils_vendor:/opt/ros/jazzy/opt/gz_tools_vendor:/opt/ros/jazzy/opt/gz_ogre_next_vendor:/opt/ros/jazzy/opt/gz_dartsim_vendor:/opt/ros/jazzy/opt/gz_cmake_vendor:/opt/ros/jazzy'}), 'shell': False}
[0.701689] (-) TimerEvent: {}
[0.756460] (my_ugv_description) CommandEnded: {'returncode': 0}
[0.757236] (my_ugv_description) JobProgress: {'identifier': 'my_ugv_description', 'progress': 'install'}
[0.757610] (my_ugv_description) Command: {'cmd': ['/usr/bin/cmake', '--install', '/home/ugv/Desktop/OperationTouchdown/ugv_ws/build/my_ugv_description'], 'cwd': '/home/ugv/Desktop/OperationTouchdown/ugv_ws/build/my_ugv_description', 'env': OrderedDict({'GZ_SIM_RESOURCE_PATH': '/opt/ros/jazzy/share', 'USER': 'ugv', 'SSH_CLIENT': '100.96.142.123 61617 22', 'GZ_CONFIG_PATH': '/opt/ros/jazzy/opt/gz_sim_vendor/share/gz:/opt/ros/jazzy/opt/sdformat_vendor/share/gz:/opt/ros/jazzy/opt/gz_gui_vendor/share/gz:/opt/ros/jazzy/opt/gz_transport_vendor/share/gz:/opt/ros/jazzy/opt/gz_rendering_vendor/share/gz:/opt/ros/jazzy/opt/gz_plugin_vendor/share/gz:/opt/ros/jazzy/opt/gz_fuel_tools_vendor/share/gz:/opt/ros/jazzy/opt/gz_msgs_vendor/share/gz:/opt/ros/jazzy/opt/gz_common_vendor/share/gz', 'XDG_SESSION_TYPE': 'tty', 'SHLVL': '1', 'LD_LIBRARY_PATH': '/opt/ros/jazzy/opt/gz_sim_vendor/lib:/opt/ros/jazzy/opt/gz_sensors_vendor/lib:/opt/ros/jazzy/opt/gz_physics_vendor/lib:/opt/ros/jazzy/opt/sdformat_vendor/lib:/opt/ros/jazzy/opt/rviz_ogre_vendor/lib:/opt/ros/jazzy/lib/aarch64-linux-gnu:/opt/ros/jazzy/opt/gz_gui_vendor/lib:/opt/ros/jazzy/opt/gz_transport_vendor/lib:/opt/ros/jazzy/opt/gz_rendering_vendor/lib:/opt/ros/jazzy/opt/gz_plugin_vendor/lib:/opt/ros/jazzy/opt/gz_fuel_tools_vendor/lib:/opt/ros/jazzy/opt/gz_msgs_vendor/lib:/opt/ros/jazzy/opt/gz_common_vendor/lib:/opt/ros/jazzy/opt/gz_math_vendor/lib:/opt/ros/jazzy/opt/gz_utils_vendor/lib:/opt/ros/jazzy/opt/gz_tools_vendor/lib:/opt/ros/jazzy/opt/gz_ogre_next_vendor/lib:/opt/ros/jazzy/opt/gz_dartsim_vendor/lib:/opt/ros/jazzy/opt/gz_cmake_vendor/lib:/opt/ros/jazzy/lib', 'HOME': '/home/ugv', 'OLDPWD': '/home/ugv', 'ROS_PYTHON_VERSION': '3', 'DBUS_SESSION_BUS_ADDRESS': 'unix:path=/run/user/1000/bus', 'ROS_DISTRO': 'jazzy', 'LOGNAME': 'ugv', 'IGN_GAZEBO_MODEL_PATH': '/opt/ros/jazzy/share', '_': '/usr/bin/colcon', 'ROS_VERSION': '2', 'XDG_SESSION_CLASS': 'user', 'XDG_SESSION_ID': '29', 'GAZEBO_MODEL_PATH': '/opt/ros/jazzy/share', 'PATH': '/opt/ros/jazzy/opt/gz_msgs_vendor/bin:/opt/ros/jazzy/opt/gz_tools_vendor/bin:/opt/ros/jazzy/opt/gz_ogre_next_vendor/bin:/opt/ros/jazzy/bin:/usr/local/sbin:/usr/local/bin:/usr/sbin:/usr/bin:/sbin:/bin:/usr/games:/usr/local/games:/snap/bin', 'XDG_RUNTIME_DIR': '/run/user/1000', 'LANG': 'en_US.UTF-8', 'AMENT_PREFIX_PATH': '/opt/ros/jazzy', 'SHELL': '/bin/bash', 'IGN_GAZEBO_RESOURCE_PATH': '/opt/ros/jazzy/share', 'GAZEBO_RESOURCE_PATH': '/opt/ros/jazzy/share', 'ROS_AUTOMATIC_DISCOVERY_RANGE': 'SUBNET', 'PWD': '/home/ugv/Desktop/OperationTouchdown/ugv_ws/build/my_ugv_description', 'LC_ALL': 'en_US.UTF-8', 'SSH_CONNECTION': '100.96.142.123 61617 100.81.31.74 22', 'PYTHONPATH': '/opt/ros/jazzy/lib/python3.12/site-packages', 'COLCON': '1', 'CMAKE_PREFIX_PATH': '/opt/ros/jazzy/opt/gz_sim_vendor:/opt/ros/jazzy/opt/gz_sensors_vendor:/opt/ros/jazzy/opt/gz_physics_vendor:/opt/ros/jazzy/opt/sdformat_vendor:/opt/ros/jazzy/opt/gz_gui_vendor:/opt/ros/jazzy/opt/gz_transport_vendor:/opt/ros/jazzy/opt/gz_rendering_vendor:/opt/ros/jazzy/opt/gz_plugin_vendor:/opt/ros/jazzy/opt/gz_fuel_tools_vendor:/opt/ros/jazzy/opt/gz_msgs_vendor:/opt/ros/jazzy/opt/gz_common_vendor:/opt/ros/jazzy/opt/gz_math_vendor:/opt/ros/jazzy/opt/gz_utils_vendor:/opt/ros/jazzy/opt/gz_tools_vendor:/opt/ros/jazzy/opt/gz_ogre_next_vendor:/opt/ros/jazzy/opt/gz_dartsim_vendor:/opt/ros/jazzy/opt/gz_cmake_vendor:/opt/ros/jazzy'}), 'shell': False}
[0.773433] (my_ugv_description) StdoutLine: {'line': b'-- Install configuration: ""\n'}
[0.774092] (my_ugv_description) StdoutLine: {'line': b'-- Execute custom install script\n'}
[0.775027] (my_ugv_description) StdoutLine: {'line': b'-- Symlinking: /home/ugv/Desktop/OperationTouchdown/ugv_ws/install/my_ugv_description/share/my_ugv_description/urdf/ugv.urdf.xacro\n'}
[0.793412] (my_ugv_description) StdoutLine: {'line': b'-- Symlinking: /home/ugv/Desktop/OperationTouchdown/ugv_ws/install/my_ugv_description/share/my_ugv_description/package.xml\n'}
[0.801784] (-) TimerEvent: {}
[0.811821] (my_ugv_description) StdoutLine: {'line': b'-- Symlinking: /home/ugv/Desktop/OperationTouchdown/ugv_ws/install/my_ugv_description/share/ament_index/resource_index/package_run_dependencies/my_ugv_description\n'}
[0.830646] (my_ugv_description) StdoutLine: {'line': b'-- Symlinking: /home/ugv/Desktop/OperationTouchdown/ugv_ws/install/my_ugv_description/share/ament_index/resource_index/parent_prefix_path/my_ugv_description\n'}
[0.850021] (my_ugv_description) StdoutLine: {'line': b'-- Symlinking: /home/ugv/Desktop/OperationTouchdown/ugv_ws/install/my_ugv_description/share/my_ugv_description/environment/ament_prefix_path.sh\n'}
[0.870620] (my_ugv_description) StdoutLine: {'line': b'-- Symlinking: /home/ugv/Desktop/OperationTouchdown/ugv_ws/install/my_ugv_description/share/my_ugv_description/environment/ament_prefix_path.dsv\n'}
[0.889670] (my_ugv_description) StdoutLine: {'line': b'-- Symlinking: /home/ugv/Desktop/OperationTouchdown/ugv_ws/install/my_ugv_description/share/my_ugv_description/environment/path.sh\n'}
[0.901899] (-) TimerEvent: {}
[0.908587] (my_ugv_description) StdoutLine: {'line': b'-- Symlinking: /home/ugv/Desktop/OperationTouchdown/ugv_ws/install/my_ugv_description/share/my_ugv_description/environment/path.dsv\n'}
[0.927273] (my_ugv_description) StdoutLine: {'line': b'-- Symlinking: /home/ugv/Desktop/OperationTouchdown/ugv_ws/install/my_ugv_description/share/my_ugv_description/local_setup.bash\n'}
[0.945659] (my_ugv_description) StdoutLine: {'line': b'-- Symlinking: /home/ugv/Desktop/OperationTouchdown/ugv_ws/install/my_ugv_description/share/my_ugv_description/local_setup.sh\n'}
[0.964002] (my_ugv_description) StdoutLine: {'line': b'-- Symlinking: /home/ugv/Desktop/OperationTouchdown/ugv_ws/install/my_ugv_description/share/my_ugv_description/local_setup.zsh\n'}
[0.983052] (my_ugv_description) StdoutLine: {'line': b'-- Symlinking: /home/ugv/Desktop/OperationTouchdown/ugv_ws/install/my_ugv_description/share/my_ugv_description/local_setup.dsv\n'}
[1.002017] (-) TimerEvent: {}
[1.002415] (my_ugv_description) StdoutLine: {'line': b'-- Symlinking: /home/ugv/Desktop/OperationTouchdown/ugv_ws/install/my_ugv_description/share/my_ugv_description/package.dsv\n'}
[1.021563] (my_ugv_description) StdoutLine: {'line': b'-- Symlinking: /home/ugv/Desktop/OperationTouchdown/ugv_ws/install/my_ugv_description/share/ament_index/resource_index/packages/my_ugv_description\n'}
[1.040437] (my_ugv_description) StdoutLine: {'line': b'-- Symlinking: /home/ugv/Desktop/OperationTouchdown/ugv_ws/install/my_ugv_description/share/my_ugv_description/cmake/my_ugv_descriptionConfig.cmake\n'}
[1.058773] (my_ugv_description) StdoutLine: {'line': b'-- Symlinking: /home/ugv/Desktop/OperationTouchdown/ugv_ws/install/my_ugv_description/share/my_ugv_description/cmake/my_ugv_descriptionConfig-version.cmake\n'}
[1.077063] (my_ugv_description) StdoutLine: {'line': b'-- Up-to-date symlink: /home/ugv/Desktop/OperationTouchdown/ugv_ws/install/my_ugv_description/share/my_ugv_description/package.xml\n'}
[1.079790] (my_ugv_description) CommandEnded: {'returncode': 0}
[1.102098] (-) TimerEvent: {}
[1.140985] (my_ugv_description) JobEnded: {'identifier': 'my_ugv_description', 'rc': 0}
[1.202204] (-) TimerEvent: {}
[1.302396] (-) TimerEvent: {}
[1.402639] (-) TimerEvent: {}
[1.419493] (my_ugv_hardware) Command: {'cmd': ['/usr/bin/python3', '-W', 'ignore:setup.py install is deprecated', '-W', 'ignore:easy_install command is deprecated', 'setup.py', 'develop', '--editable', '--build-directory', '/home/ugv/Desktop/OperationTouchdown/ugv_ws/build/my_ugv_hardware/build', '--no-deps', 'symlink_data'], 'cwd': '/home/ugv/Desktop/OperationTouchdown/ugv_ws/build/my_ugv_hardware', 'env': {'GZ_SIM_RESOURCE_PATH': '/opt/ros/jazzy/share', 'USER': 'ugv', 'SSH_CLIENT': '100.96.142.123 61617 22', 'GZ_CONFIG_PATH': '/opt/ros/jazzy/opt/gz_sim_vendor/share/gz:/opt/ros/jazzy/opt/sdformat_vendor/share/gz:/opt/ros/jazzy/opt/gz_gui_vendor/share/gz:/opt/ros/jazzy/opt/gz_transport_vendor/share/gz:/opt/ros/jazzy/opt/gz_rendering_vendor/share/gz:/opt/ros/jazzy/opt/gz_plugin_vendor/share/gz:/opt/ros/jazzy/opt/gz_fuel_tools_vendor/share/gz:/opt/ros/jazzy/opt/gz_msgs_vendor/share/gz:/opt/ros/jazzy/opt/gz_common_vendor/share/gz', 'XDG_SESSION_TYPE': 'tty', 'SHLVL': '1', 'LD_LIBRARY_PATH': '/opt/ros/jazzy/opt/gz_sim_vendor/lib:/opt/ros/jazzy/opt/gz_sensors_vendor/lib:/opt/ros/jazzy/opt/gz_physics_vendor/lib:/opt/ros/jazzy/opt/sdformat_vendor/lib:/opt/ros/jazzy/opt/rviz_ogre_vendor/lib:/opt/ros/jazzy/lib/aarch64-linux-gnu:/opt/ros/jazzy/opt/gz_gui_vendor/lib:/opt/ros/jazzy/opt/gz_transport_vendor/lib:/opt/ros/jazzy/opt/gz_rendering_vendor/lib:/opt/ros/jazzy/opt/gz_plugin_vendor/lib:/opt/ros/jazzy/opt/gz_fuel_tools_vendor/lib:/opt/ros/jazzy/opt/gz_msgs_vendor/lib:/opt/ros/jazzy/opt/gz_common_vendor/lib:/opt/ros/jazzy/opt/gz_math_vendor/lib:/opt/ros/jazzy/opt/gz_utils_vendor/lib:/opt/ros/jazzy/opt/gz_tools_vendor/lib:/opt/ros/jazzy/opt/gz_ogre_next_vendor/lib:/opt/ros/jazzy/opt/gz_dartsim_vendor/lib:/opt/ros/jazzy/opt/gz_cmake_vendor/lib:/opt/ros/jazzy/lib', 'HOME': '/home/ugv', 'OLDPWD': '/home/ugv', 'ROS_PYTHON_VERSION': '3', 'DBUS_SESSION_BUS_ADDRESS': 'unix:path=/run/user/1000/bus', 'ROS_DISTRO': 'jazzy', 'LOGNAME': 'ugv', 'IGN_GAZEBO_MODEL_PATH': '/opt/ros/jazzy/share', '_': '/usr/bin/colcon', 'ROS_VERSION': '2', 'XDG_SESSION_CLASS': 'user', 'XDG_SESSION_ID': '29', 'GAZEBO_MODEL_PATH': '/opt/ros/jazzy/share', 'PATH': '/opt/ros/jazzy/opt/gz_msgs_vendor/bin:/opt/ros/jazzy/opt/gz_tools_vendor/bin:/opt/ros/jazzy/opt/gz_ogre_next_vendor/bin:/opt/ros/jazzy/bin:/usr/local/sbin:/usr/local/bin:/usr/sbin:/usr/bin:/sbin:/bin:/usr/games:/usr/local/games:/snap/bin', 'XDG_RUNTIME_DIR': '/run/user/1000', 'LANG': 'en_US.UTF-8', 'AMENT_PREFIX_PATH': '/opt/ros/jazzy', 'SHELL': '/bin/bash', 'IGN_GAZEBO_RESOURCE_PATH': '/opt/ros/jazzy/share', 'GAZEBO_RESOURCE_PATH': '/opt/ros/jazzy/share', 'ROS_AUTOMATIC_DISCOVERY_RANGE': 'SUBNET', 'PWD': '/home/ugv/Desktop/OperationTouchdown/ugv_ws/build/my_ugv_hardware', 'LC_ALL': 'en_US.UTF-8', 'SSH_CONNECTION': '100.96.142.123 61617 100.81.31.74 22', 'PYTHONPATH': '/home/ugv/Desktop/OperationTouchdown/ugv_ws/build/my_ugv_hardware/prefix_override:/usr/lib/python3/dist-packages/colcon_core/task/python/colcon_distutils_commands:/home/ugv/Desktop/OperationTouchdown/ugv_ws/install/my_ugv_hardware/lib/python3.12/site-packages:/opt/ros/jazzy/lib/python3.12/site-packages', 'COLCON': '1', 'CMAKE_PREFIX_PATH': '/opt/ros/jazzy/opt/gz_sim_vendor:/opt/ros/jazzy/opt/gz_sensors_vendor:/opt/ros/jazzy/opt/gz_physics_vendor:/opt/ros/jazzy/opt/sdformat_vendor:/opt/ros/jazzy/opt/gz_gui_vendor:/opt/ros/jazzy/opt/gz_transport_vendor:/opt/ros/jazzy/opt/gz_rendering_vendor:/opt/ros/jazzy/opt/gz_plugin_vendor:/opt/ros/jazzy/opt/gz_fuel_tools_vendor:/opt/ros/jazzy/opt/gz_msgs_vendor:/opt/ros/jazzy/opt/gz_common_vendor:/opt/ros/jazzy/opt/gz_math_vendor:/opt/ros/jazzy/opt/gz_utils_vendor:/opt/ros/jazzy/opt/gz_tools_vendor:/opt/ros/jazzy/opt/gz_ogre_next_vendor:/opt/ros/jazzy/opt/gz_dartsim_vendor:/opt/ros/jazzy/opt/gz_cmake_vendor'}, 'shell': False}
[1.502742] (-) TimerEvent: {}
[1.602936] (-) TimerEvent: {}
[1.703125] (-) TimerEvent: {}
[1.803326] (-) TimerEvent: {}
[1.871707] (my_ugv_hardware) StdoutLine: {'line': b'running develop\n'}
[1.903421] (-) TimerEvent: {}
[2.003605] (-) TimerEvent: {}
[2.103795] (-) TimerEvent: {}
[2.150193] (my_ugv_hardware) StdoutLine: {'line': b'running egg_info\n'}
[2.150471] (my_ugv_hardware) StdoutLine: {'line': b'creating my_ugv_hardware.egg-info\n'}
[2.176471] (my_ugv_hardware) StdoutLine: {'line': b'writing my_ugv_hardware.egg-info/PKG-INFO\n'}
[2.176893] (my_ugv_hardware) StdoutLine: {'line': b'writing dependency_links to my_ugv_hardware.egg-info/dependency_links.txt\n'}
[2.177150] (my_ugv_hardware) StdoutLine: {'line': b'writing entry points to my_ugv_hardware.egg-info/entry_points.txt\n'}
[2.177346] (my_ugv_hardware) StdoutLine: {'line': b'writing requirements to my_ugv_hardware.egg-info/requires.txt\n'}
[2.177610] (my_ugv_hardware) StdoutLine: {'line': b'writing top-level names to my_ugv_hardware.egg-info/top_level.txt\n'}
[2.177799] (my_ugv_hardware) StdoutLine: {'line': b"writing manifest file 'my_ugv_hardware.egg-info/SOURCES.txt'\n"}
[2.203892] (-) TimerEvent: {}
[2.205709] (my_ugv_hardware) StdoutLine: {'line': b"reading manifest file 'my_ugv_hardware.egg-info/SOURCES.txt'\n"}
[2.206469] (my_ugv_hardware) StdoutLine: {'line': b"writing manifest file 'my_ugv_hardware.egg-info/SOURCES.txt'\n"}
[2.234877] (my_ugv_hardware) StdoutLine: {'line': b'running build_ext\n'}
[2.262059] (my_ugv_hardware) StdoutLine: {'line': b'Creating /home/ugv/Desktop/OperationTouchdown/ugv_ws/install/my_ugv_hardware/lib/python3.12/site-packages/my-ugv-hardware.egg-link (link to .)\n'}
[2.262996] (my_ugv_hardware) StdoutLine: {'line': b'Installing kill_switch script to /home/ugv/Desktop/OperationTouchdown/ugv_ws/install/my_ugv_hardware/bin\n'}
[2.263319] (my_ugv_hardware) StdoutLine: {'line': b'Installing lora_bridge script to /home/ugv/Desktop/OperationTouchdown/ugv_ws/install/my_ugv_hardware/bin\n'}
[2.263535] (my_ugv_hardware) StdoutLine: {'line': b'Installing mission_controller script to /home/ugv/Desktop/OperationTouchdown/ugv_ws/install/my_ugv_hardware/bin\n'}
[2.263747] (my_ugv_hardware) StdoutLine: {'line': b'Installing motor_driver script to /home/ugv/Desktop/OperationTouchdown/ugv_ws/install/my_ugv_hardware/bin\n'}
[2.263941] (my_ugv_hardware) StdoutLine: {'line': b'Installing virtual_odom script to /home/ugv/Desktop/OperationTouchdown/ugv_ws/install/my_ugv_hardware/bin\n'}
[2.264115] (my_ugv_hardware) StdoutLine: {'line': b'\n'}
[2.264218] (my_ugv_hardware) StdoutLine: {'line': b'Installed /home/ugv/Desktop/OperationTouchdown/ugv_ws/build/my_ugv_hardware\n'}
[2.264404] (my_ugv_hardware) StdoutLine: {'line': b'running symlink_data\n'}
[2.264695] (my_ugv_hardware) StdoutLine: {'line': b'creating /home/ugv/Desktop/OperationTouchdown/ugv_ws/install/my_ugv_hardware/share\n'}
[2.264804] (my_ugv_hardware) StdoutLine: {'line': b'creating /home/ugv/Desktop/OperationTouchdown/ugv_ws/install/my_ugv_hardware/share/ament_index\n'}
[2.264898] (my_ugv_hardware) StdoutLine: {'line': b'creating /home/ugv/Desktop/OperationTouchdown/ugv_ws/install/my_ugv_hardware/share/ament_index/resource_index\n'}
[2.264983] (my_ugv_hardware) StdoutLine: {'line': b'creating /home/ugv/Desktop/OperationTouchdown/ugv_ws/install/my_ugv_hardware/share/ament_index/resource_index/packages\n'}
[2.265187] (my_ugv_hardware) StderrLine: {'line': b"error: can't copy '/home/ugv/Desktop/OperationTouchdown/ugv_ws/build/my_ugv_hardware/resource/my_ugv_hardware': doesn't exist or not a regular file\n"}
[2.304014] (-) TimerEvent: {}
[2.360068] (my_ugv_hardware) CommandEnded: {'returncode': 1}
[2.360505] (my_ugv_hardware) JobEnded: {'identifier': 'my_ugv_hardware', 'rc': 1}
[2.370637] (my_ugv_bringup) JobSkipped: {'identifier': 'my_ugv_bringup'}
[2.370693] (-) EventReactorShutdown: {}
