[0.027s] Invoking command in '/home/ugv/Desktop/OperationTouchdown/ugv_ws/build/rplidar_ros': CMAKE_PREFIX_PATH=${CMAKE_PREFIX_PATH}:/opt/ros/jazzy /usr/bin/cmake --build /home/ugv/Desktop/OperationTouchdown/ugv_ws/build/rplidar_ros -- -j4 -l4
[0.273s] [ 46%] Built target rplidar_node
[0.283s] [ 53%] Built target rplidar_client
[0.310s] [100%] Built target rplidar_composition
[0.368s] Invoked command in '/home/ugv/Desktop/OperationTouchdown/ugv_ws/build/rplidar_ros' returned '0': CMAKE_PREFIX_PATH=${CMAKE_PREFIX_PATH}:/opt/ros/jazzy /usr/bin/cmake --build /home/ugv/Desktop/OperationTouchdown/ugv_ws/build/rplidar_ros -- -j4 -l4
[0.375s] Invoking command in '/home/ugv/Desktop/OperationTouchdown/ugv_ws/build/rplidar_ros': CMAKE_PREFIX_PATH=${CMAKE_PREFIX_PATH}:/opt/ros/jazzy /usr/bin/cmake --install /home/ugv/Desktop/OperationTouchdown/ugv_ws/build/rplidar_ros
[0.395s] -- Install configuration: ""
[0.398s] -- Execute custom install script
[0.400s] -- Up-to-date symlink: /home/ugv/Desktop/OperationTouchdown/ugv_ws/install/rplidar_ros/share/rplidar_ros/launch/rplidar_a1_launch.py
[0.402s] -- Up-to-date symlink: /home/ugv/Desktop/OperationTouchdown/ugv_ws/install/rplidar_ros/share/rplidar_ros/launch/rplidar_a2m12_launch.py
[0.403s] -- Up-to-date symlink: /home/ugv/Desktop/OperationTouchdown/ugv_ws/install/rplidar_ros/share/rplidar_ros/launch/rplidar_a2m7_launch.py
[0.405s] -- Up-to-date symlink: /home/ugv/Desktop/OperationTouchdown/ugv_ws/install/rplidar_ros/share/rplidar_ros/launch/rplidar_a2m8_launch.py
[0.406s] -- Up-to-date symlink: /home/ugv/Desktop/OperationTouchdown/ugv_ws/install/rplidar_ros/share/rplidar_ros/launch/rplidar_a3_launch.py
[0.407s] -- Up-to-date symlink: /home/ugv/Desktop/OperationTouchdown/ugv_ws/install/rplidar_ros/share/rplidar_ros/launch/rplidar_s1_launch.py
[0.407s] -- Up-to-date symlink: /home/ugv/Desktop/OperationTouchdown/ugv_ws/install/rplidar_ros/share/rplidar_ros/launch/rplidar_s1_tcp_launch.py
[0.408s] -- Up-to-date symlink: /home/ugv/Desktop/OperationTouchdown/ugv_ws/install/rplidar_ros/share/rplidar_ros/launch/rplidar_s2_launch.py
[0.409s] -- Up-to-date symlink: /home/ugv/Desktop/OperationTouchdown/ugv_ws/install/rplidar_ros/share/rplidar_ros/launch/rplidar_s2e_launch.py
[0.409s] -- Up-to-date symlink: /home/ugv/Desktop/OperationTouchdown/ugv_ws/install/rplidar_ros/share/rplidar_ros/launch/rplidar_s3_launch.py
[0.409s] -- Up-to-date symlink: /home/ugv/Desktop/OperationTouchdown/ugv_ws/install/rplidar_ros/share/rplidar_ros/launch/rplidar_t1_launch.py
[0.409s] -- Up-to-date symlink: /home/ugv/Desktop/OperationTouchdown/ugv_ws/install/rplidar_ros/share/rplidar_ros/launch/view_rplidar_a1_launch.py
[0.410s] -- Up-to-date symlink: /home/ugv/Desktop/OperationTouchdown/ugv_ws/install/rplidar_ros/share/rplidar_ros/launch/view_rplidar_a2m12_launch.py
[0.410s] -- Up-to-date symlink: /home/ugv/Desktop/OperationTouchdown/ugv_ws/install/rplidar_ros/share/rplidar_ros/launch/view_rplidar_a2m7_launch.py
[0.415s] -- Up-to-date symlink: /home/ugv/Desktop/OperationTouchdown/ugv_ws/install/rplidar_ros/share/rplidar_ros/launch/view_rplidar_a2m8_launch.py
[0.417s] -- Up-to-date symlink: /home/ugv/Desktop/OperationTouchdown/ugv_ws/install/rplidar_ros/share/rplidar_ros/launch/view_rplidar_a3_launch.py
[0.417s] -- Up-to-date symlink: /home/ugv/Desktop/OperationTouchdown/ugv_ws/install/rplidar_ros/share/rplidar_ros/launch/view_rplidar_s1_launch.py
[0.417s] -- Up-to-date symlink: /home/ugv/Desktop/OperationTouchdown/ugv_ws/install/rplidar_ros/share/rplidar_ros/launch/view_rplidar_s1_tcp_launch.py
[0.417s] -- Up-to-date symlink: /home/ugv/Desktop/OperationTouchdown/ugv_ws/install/rplidar_ros/share/rplidar_ros/launch/view_rplidar_s2_launch.py
[0.418s] -- Up-to-date symlink: /home/ugv/Desktop/OperationTouchdown/ugv_ws/install/rplidar_ros/share/rplidar_ros/launch/view_rplidar_s2e_launch.py
[0.418s] -- Up-to-date symlink: /home/ugv/Desktop/OperationTouchdown/ugv_ws/install/rplidar_ros/share/rplidar_ros/launch/view_rplidar_s3_launch.py
[0.420s] -- Up-to-date symlink: /home/ugv/Desktop/OperationTouchdown/ugv_ws/install/rplidar_ros/share/rplidar_ros/launch/view_rplidar_t1_launch.py
[0.420s] -- Up-to-date symlink: /home/ugv/Desktop/OperationTouchdown/ugv_ws/install/rplidar_ros/share/rplidar_ros/rviz/rplidar_ros.rviz
[0.420s] -- Up-to-date symlink: /home/ugv/Desktop/OperationTouchdown/ugv_ws/install/rplidar_ros/lib/rplidar_ros/rplidar_node
[0.421s] -- Up-to-date symlink: /home/ugv/Desktop/OperationTouchdown/ugv_ws/install/rplidar_ros/lib/rplidar_ros/rplidar_composition
[0.421s] -- Up-to-date symlink: /home/ugv/Desktop/OperationTouchdown/ugv_ws/install/rplidar_ros/lib/rplidar_ros/rplidar_client
[0.421s] -- Up-to-date symlink: /home/ugv/Desktop/OperationTouchdown/ugv_ws/install/rplidar_ros/share/ament_index/resource_index/package_run_dependencies/rplidar_ros
[0.468s] -- Up-to-date symlink: /home/ugv/Desktop/OperationTouchdown/ugv_ws/install/rplidar_ros/share/ament_index/resource_index/parent_prefix_path/rplidar_ros
[0.483s] -- Up-to-date symlink: /home/ugv/Desktop/OperationTouchdown/ugv_ws/install/rplidar_ros/share/rplidar_ros/environment/ament_prefix_path.sh
[0.484s] -- Up-to-date symlink: /home/ugv/Desktop/OperationTouchdown/ugv_ws/install/rplidar_ros/share/rplidar_ros/environment/ament_prefix_path.dsv
[0.484s] -- Up-to-date symlink: /home/ugv/Desktop/OperationTouchdown/ugv_ws/install/rplidar_ros/share/rplidar_ros/environment/path.sh
[0.488s] -- Up-to-date symlink: /home/ugv/Desktop/OperationTouchdown/ugv_ws/install/rplidar_ros/share/rplidar_ros/environment/path.dsv
[0.490s] -- Up-to-date symlink: /home/ugv/Desktop/OperationTouchdown/ugv_ws/install/rplidar_ros/share/rplidar_ros/local_setup.bash
[0.492s] -- Up-to-date symlink: /home/ugv/Desktop/OperationTouchdown/ugv_ws/install/rplidar_ros/share/rplidar_ros/local_setup.sh
[0.492s] -- Up-to-date symlink: /home/ugv/Desktop/OperationTouchdown/ugv_ws/install/rplidar_ros/share/rplidar_ros/local_setup.zsh
[0.492s] -- Up-to-date symlink: /home/ugv/Desktop/OperationTouchdown/ugv_ws/install/rplidar_ros/share/rplidar_ros/local_setup.dsv
[0.492s] -- Symlinking: /home/ugv/Desktop/OperationTouchdown/ugv_ws/install/rplidar_ros/share/rplidar_ros/package.dsv
[0.492s] -- Up-to-date symlink: /home/ugv/Desktop/OperationTouchdown/ugv_ws/install/rplidar_ros/share/ament_index/resource_index/packages/rplidar_ros
[0.493s] -- Up-to-date symlink: /home/ugv/Desktop/OperationTouchdown/ugv_ws/install/rplidar_ros/share/rplidar_ros/cmake/ament_cmake_export_dependencies-extras.cmake
[0.493s] -- Up-to-date symlink: /home/ugv/Desktop/OperationTouchdown/ugv_ws/install/rplidar_ros/share/rplidar_ros/cmake/ament_cmake_export_include_directories-extras.cmake
[0.493s] -- Up-to-date symlink: /home/ugv/Desktop/OperationTouchdown/ugv_ws/install/rplidar_ros/share/rplidar_ros/cmake/rplidar_rosConfig.cmake
[0.493s] -- Up-to-date symlink: /home/ugv/Desktop/OperationTouchdown/ugv_ws/install/rplidar_ros/share/rplidar_ros/cmake/rplidar_rosConfig-version.cmake
[0.493s] -- Up-to-date symlink: /home/ugv/Desktop/OperationTouchdown/ugv_ws/install/rplidar_ros/share/rplidar_ros/package.xml
[0.493s] Invoked command in '/home/ugv/Desktop/OperationTouchdown/ugv_ws/build/rplidar_ros' returned '0': CMAKE_PREFIX_PATH=${CMAKE_PREFIX_PATH}:/opt/ros/jazzy /usr/bin/cmake --install /home/ugv/Desktop/OperationTouchdown/ugv_ws/build/rplidar_ros
